aienos_lock_source: /home/drakestapleton/workspace/cand3-campaign/cand2/wt-omega-chip/build/aienos-authority/bbad5e4250e57f8cbd1be4cf1390109aa65ef92c matches bbad5e4250e57f8cbd1be4cf1390109aa65ef92c for native/capability
cc -std=gnu11 -Wall -Wextra -Werror -MMD -MP -D_GNU_SOURCE -O2 -Isrc -I/home/drakestapleton/workspace/cand3-campaign/cand2/wt-physics-chip/m16 -I/home/drakestapleton/workspace/cand3-campaign/cand2/wt-physics-chip/nvrm -I/home/drakestapleton/workspace/cand3-campaign/cand2/wt-physics-chip/third_party/nvidia-open-580.173.02/src/common/sdk/nvidia/inc -I/home/drakestapleton/workspace/cand3-campaign/cand2/wt-physics-chip/third_party/nvidia-open-580.173.02/kernel-open/common/inc -I/home/drakestapleton/workspace/cand3-campaign/cand2/wt-physics-chip/third_party/nvidia-open-580.173.02/kernel-open/nvidia-uvm -I/home/drakestapleton/workspace/cand3-campaign/cand2/wt-physics-chip/third_party/nvidia-open-580.173.02/src/nvidia/arch/nvalloc/unix/include -pthread -o build/rx_r15_parity_host src/runtime/rx_caproot.c src/runtime/rx_world.c src/runtime/rx_coherent.c src/runtime/rx_native_bind.c src/runtime/rx_aegis.c src/runtime/rx_aien.c src/runtime/rx_omega.c src/runtime/rx_generation.c src/runtime/rx_living.c src/sha256.c src/omega_evidence.c src/omega_canonical.c src/omega_validate.c src/omega_core.c src/omega_codec.c src/aarch64_encoder.c src/aarch64_decoder.c src/omega_realize.c src/omega_realize_synth.c src/omega_program.c src/omega_machine.c src/omega_exec.c src/omega_verify.c src/omega_matvec.c src/omega_matvec_quad.c src/runtime/aien_machine_id.c src/runtime/rx_jspace.c src/runtime/rx_cortex.c src/runtime/rx_cortex_record.c src/runtime/rx_graph.c src/runtime/rx_capq.c src/runtime/rx_skillroute.c src/runtime/rx_compose.c src/runtime/rx_seq_reference.c tests/runtime/rx_r15_rig.c tests/runtime/rx_r15_parity.c \
	build/aienos-cap/bbad5e4250e57f8cbd1be4cf1390109aa65ef92c/libaienos_capability.a -lm
./build/rx_r15_parity_host
R15 SEQ parity: processor stand-in seat (host)
  detector control RES-1: starved 1 (workload.matvec.serve trigger 0: object 0 at version 2, last read 0), after slots restored 0
  detector control SEQ: starved 1 (workload.matvec.serve trigger 0: object 0 at version 2, last read 0), after slots restored 0
  pair 0 (RES-1 first, target 3606 ns)
    RES-1 goal status 2, plan action 1 reason 3, epoch 2, selected 3f6db775476a4f99 (verdict 1), evidence 16/1 trials, belief 1, generation 1 -> 2, in force 3f6db775476a4f99; measured: incumbent 6558 ns, selected 2695439 ps, reference 4778170 ps, served 2098, crumbs 4606
    SEQ   goal status 2, plan action 1 reason 3, epoch 2, selected 3f6db775476a4f99 (verdict 1), evidence 16/1 trials, belief 1, generation 1 -> 2, in force 3f6db775476a4f99; measured: incumbent 6684 ns, selected 2691146 ps, reference 4784804 ps, served 352, crumbs 895
  pair 1 (SEQ first, target 3697 ns)
    RES-1 goal status 2, plan action 1 reason 3, epoch 2, selected 3f6db775476a4f99 (verdict 1), evidence 16/1 trials, belief 1, generation 1 -> 2, in force 3f6db775476a4f99; measured: incumbent 6512 ns, selected 2696219 ps, reference 4772341 ps, served 2082, crumbs 4572
    SEQ   goal status 2, plan action 1 reason 3, epoch 2, selected 3f6db775476a4f99 (verdict 1), evidence 16/1 trials, belief 1, generation 1 -> 2, in force 3f6db775476a4f99; measured: incumbent 6723 ns, selected 2688000 ps, reference 4773878 ps, served 354, crumbs 899
  pair 2 (RES-1 first, target 3680 ns)
    RES-1 goal status 2, plan action 1 reason 3, epoch 2, selected 3f6db775476a4f99 (verdict 1), evidence 16/1 trials, belief 1, generation 1 -> 2, in force 3f6db775476a4f99; measured: incumbent 6691 ns, selected 2689195 ps, reference 4774658 ps, served 2256, crumbs 4947
    SEQ   goal status 2, plan action 1 reason 3, epoch 2, selected 3f6db775476a4f99 (verdict 1), evidence 16/1 trials, belief 1, generation 1 -> 2, in force 3f6db775476a4f99; measured: incumbent 6853 ns, selected 2695048 ps, reference 4774658 ps, served 354, crumbs 899
  pair 3 (SEQ first, target 3665 ns)
    RES-1 goal status 2, plan action 1 reason 3, epoch 2, selected 3f6db775476a4f99 (verdict 1), evidence 16/1 trials, belief 1, generation 1 -> 2, in force 3f6db775476a4f99; measured: incumbent 6595 ns, selected 2687243 ps, reference 4777000 ps, served 2050, crumbs 4503
    SEQ   goal status 2, plan action 1 reason 3, epoch 2, selected 3f6db775476a4f99 (verdict 1), evidence 16/1 trials, belief 1, generation 1 -> 2, in force 3f6db775476a4f99; measured: incumbent 6664 ns, selected 2695024 ps, reference 4768829 ps, served 355, crumbs 901
  pair 4 (RES-1 first, target 3616 ns)
    RES-1 goal status 2, plan action 1 reason 3, epoch 2, selected 3f6db775476a4f99 (verdict 1), evidence 16/1 trials, belief 1, generation 1 -> 2, in force 3f6db775476a4f99; measured: incumbent 6576 ns, selected 2692317 ps, reference 4771146 ps, served 2097, crumbs 4603
    SEQ   goal status 2, plan action 1 reason 3, epoch 2, selected 3f6db775476a4f99 (verdict 1), evidence 16/1 trials, belief 1, generation 1 -> 2, in force 3f6db775476a4f99; measured: incumbent 6660 ns, selected 2686829 ps, reference 4762170 ps, served 354, crumbs 899
R15 SEQ parity: 5 pairs, 0 failures
SEQ_SEMANTIC_PARITY=PASS
