aienos_lock_source: /home/drakestapleton/workspace/cand3-campaign/cand2/wt-omega-chip/build/aienos-authority/bbad5e4250e57f8cbd1be4cf1390109aa65ef92c matches bbad5e4250e57f8cbd1be4cf1390109aa65ef92c for native/capability
R16_CAP_LIB="build/aienos-cap/bbad5e4250e57f8cbd1be4cf1390109aa65ef92c/libaienos_capability.a" sh tests/r16_negative/mutate.sh "cc" "-std=gnu11 -Wall -Wextra -Werror -MMD -MP -D_GNU_SOURCE -O2 -Isrc -I/home/drakestapleton/workspace/cand3-campaign/cand2/wt-physics-chip/m16 -I/home/drakestapleton/workspace/cand3-campaign/cand2/wt-physics-chip/nvrm -I/home/drakestapleton/workspace/cand3-campaign/cand2/wt-physics-chip/third_party/nvidia-open-580.173.02/src/common/sdk/nvidia/inc -I/home/drakestapleton/workspace/cand3-campaign/cand2/wt-physics-chip/third_party/nvidia-open-580.173.02/kernel-open/common/inc -I/home/drakestapleton/workspace/cand3-campaign/cand2/wt-physics-chip/third_party/nvidia-open-580.173.02/kernel-open/nvidia-uvm -I/home/drakestapleton/workspace/cand3-campaign/cand2/wt-physics-chip/third_party/nvidia-open-580.173.02/src/nvidia/arch/nvalloc/unix/include" "build/aienos-authority/bbad5e4250e57f8cbd1be4cf1390109aa65ef92c" \
	src/runtime/rx_caproot.c src/runtime/rx_world.c src/runtime/rx_coherent.c src/runtime/rx_native_bind.c src/runtime/rx_aegis.c src/runtime/rx_aien.c src/runtime/rx_omega.c src/runtime/rx_generation.c src/runtime/rx_living.c src/sha256.c src/omega_evidence.c src/omega_canonical.c src/omega_validate.c src/omega_core.c src/omega_codec.c src/aarch64_encoder.c src/aarch64_decoder.c src/omega_realize.c src/omega_realize_synth.c src/omega_program.c src/omega_machine.c src/omega_exec.c src/omega_verify.c src/omega_matvec.c src/omega_matvec_quad.c src/runtime/aien_machine_id.c src/runtime/rx_jspace.c src/runtime/rx_cortex.c src/runtime/rx_cortex_record.c src/runtime/rx_graph.c src/runtime/rx_capq.c src/runtime/rx_skillroute.c src/runtime/rx_compose.c src/runtime/rx_seq_reference.c tests/runtime/rx_r15_rig.c tests/runtime/rx_r16_negative.c
R16-G4 control (no guard removed): PASS
R16-G4 mutant publish_external_cap: test red  KILLED  (R16 G4 FAIL: (1) belief: outside publication with a forged reference was NOT refused (rc 47))
R16-G4 mutant add_reaction_write_cover: test red  KILLED  (R16 G4 FAIL: (1) belief: reaction writing without a declared grant was NOT refused (rc 0))
R16-G4 mutant activation_cap_check: test red  KILLED  (R16 G4 FAIL: (1) belief: reaction holding a forged reference was NOT refused (rc 0))
R16-G4 mutant commit_cap_recheck: test red  KILLED  (R16 G4 FAIL: (1) belief: reaction whose real grant is revoked while it runs was NOT refused (rc 1))
R16-G4 mutant both_cap_checks: test red  KILLED  (R16 G4 FAIL: (1) belief: reaction holding a forged reference was NOT refused (rc 1))
R16-G4 mutant cognition_mint: test red  KILLED  (R16 G4 FAIL: (3) mint: cognition mint with a guessed token was NOT refused (rc 0))
R16-G4 mutant cognition_admin: test red  KILLED  (R16 G4 FAIL: (3) mint: cognition revoke of the external goal grant was NOT refused (rc 0))
R16-G4 mutant promote_self: test red  KILLED  (R16 G4 FAIL: (4) promote: self-promotion with a real promotion grant was NOT refused (rc 0))
R16-G4 mutant promote_rights: test red  KILLED  (R16 G4 FAIL: (4) promote: promotion asking a READ right it really holds was NOT refused (rc 0))
R16-G4 mutant promote_auth: test red  KILLED  (R16 G4 FAIL: (4) promote: promotion with the promoter's grant, another subject was NOT refused (rc 0))
R16-G4 mutant boundary_cap_identity: test red  KILLED  (R16 G4 FAIL: (5) boundary: publication descriptor with its own real grant on the output was NOT refused (rc 0))
R16-G4 mutant boundary_cap_validate: test red  KILLED  (R16 G4 FAIL: (5) boundary: publication descriptor with the writer's revoked grant was NOT refused (rc 0))
R16-G4 mutant boundary_diverged: test red  KILLED  (R16 G4 FAIL: (5) boundary: overwritten physical record was NOT refused (rc 0))
R16-G4 mutant seq_pulse_production: test red  KILLED  (R16 G4 FAIL: the SEQ reference drove the production world (0 -1))
R16-G4 mutant seq_activate_production: test red  KILLED  (R16 G4 FAIL: the SEQ reference drove the production world (-1 0))
R16-G4 mutant id_register: test red  KILLED  (R16 G4 FAIL: (6) promoter-subject reaction, no credential: register rc 0 (expected IDENTITY -27))
R16-G4 mutant id_activation_commit_recheck: test red  KILLED  (R16 G4 FAIL: identity: write of a reaction whose identity was revoked in flight: rc 0 (OK), expected 1 (other))
R16-G4 mutant id_secret_digest: test red  KILLED  (R16 G4 FAIL: (4) promoter-subject promotion, zero secret at the promoter's generation: rc 0 (expected IDENTITY -50))
R16-G4 mutant id_generation: test red  KILLED  (R16 G4 FAIL: identity: promoter subject, LEGACY's real credential: rc -5 (FORGED), expected -4 (STALE))
R16-G4 mutant id_revoked_check: test red  KILLED  (R16 G4 FAIL: identity: revoked credential replayed at the check: rc -5 (FORGED), expected -3 (REVOKED))
R16-G4 mutant id_revoked_still_live: test red  KILLED  (R16 G4 FAIL: identity: write of a reaction whose identity was revoked in flight: rc 0 (OK), expected 1 (other))
R16-G4 mutant id_revoke_takes_effect: test red  KILLED  (R16 G4 FAIL: identity: write of a reaction whose identity was revoked in flight: rc 0 (OK), expected 1 (other))
R16-G4 mutant id_revoke_needs_credential: test red  KILLED  (R16 G4 FAIL: identity: promoter still enrolled after the revoke attempts: rc -3 (REVOKED), expected 0 (OK))
R16-G4 mutant id_enroll_closed: test red  KILLED  (R16 G4 FAIL: identity: enroll after bind: rc 0 (OK), expected -6 (CLOSED))
R16-G4 mutant id_promote: test red  KILLED  (R16 G4 FAIL: identity: revoked credential replayed at promotion: rc -42 (other), expected -50 (other))
R16-G4 mutant id_propose: test red  KILLED  (R16 G4 FAIL: identity: propose as the prepare subject with no credential: rc 0 (OK), expected -50 (other))
R16-G4 mutant id_bound_authority: test red  KILLED  (R16 G4 FAIL: identity: permissive authority callback on a bound store: rc 0 (OK), expected -42 (other))
R16-G4 mutant c7_flip_recheck: test red  KILLED  (R16 G4 FAIL: identity: C7 P1: promotion whose promoter was revoked during the live barrier: rc 0 (OK), expected -50 (other))
R16-G4 mutant c7_revoke_serialized: test red  KILLED  (R16 G4 FAIL: identity: C7 P2: a revocation completed between the commit's identity check and its publish: rc 1 (other), expected 0 (OK))
R16-G4 mutant c7_prebind_check: test red  KILLED  (R16 G4 FAIL: identity: C7 P3: pre-bind registration, guessed generation and zero secret: rc 0 (OK), expected -27 (other))
R16-G4 mutant c7_bind_refuses_unauthenticated: test red  KILLED  (R16 G4 FAIL: identity: C7 P3: bind with an unauthenticated reaction registered: rc 0 (OK), expected -27 (other))
R16-G4 mutant c7_mutate_object_bound: test red  KILLED  (R16 G4 FAIL: identity: C7: rx_gen_mutate_object on a bound store: rc 0 (OK), expected -50 (other))
R16-G4 mutant c7_set_evidence_bound: test red  KILLED  (R16 G4 FAIL: identity: C7: rx_gen_set_evidence on a bound store: rc 0 (OK), expected -50 (other))
R16-G4 mutant c7_add_work_credential: test red  KILLED  (R16 G4 FAIL: identity: C7 P4: rx_gen_add_work (no credential) on a bound store: rc 0 (OK), expected -50 (other))
R16-G4 mutant c7_finish_work_credential: test red  KILLED  (R16 G4 FAIL: identity: C7 P4: rx_gen_finish_work (no credential) on a bound store: rc 0 (OK), expected -50 (other))
R16-G4 mutant c7_add_work_state: test red  KILLED  (R16 G4 FAIL: identity: C7 P4: a required evidence item added already done: rc 0 (OK), expected -40 (other))
R16 G4 mutants: 36 total, 36 killed, 0 survived, 0 broken
R16 gate: R16_G4_GUARDS_LOAD_BEARING=PASS
