=== R16 Qualification (schema revision 2): 20261005T180414Z-c62f47b5ac17 ===
Candidate commit: c62f47b5ac178311d7d8f91c4f52a298a1754ec8
[*] Capturing machine identity...
[*] R16-G1 / R16-G2: loop inventory...
    G1=PASS G2=PASS (unclassified=0 a_reachable=0)
[*] R16-G3: authpath host and silicon...
    G3=PASS (host PASS, silicon PASS)
[*] R16-G4: negative tests and mutants...
    G4=PASS
[*] R16-G5: surface check...
    G5=PASS
[*] R16-G7: ladder...
    R1_R6: PASS
    R7: PASS
    R8: PASS
    R9: PASS
    R10: PASS
    R11: PASS
    R12_host: PASS
    R12_silicon: PASS
    R13_host: PASS
    R13_silicon: PASS
    R14_host: PASS
    R14_silicon: PASS
    R15_parity_host: PASS
    R15_g7_host: PASS
    R15_parity_silicon: PASS
    R15_receipt: PASS
    G7=NOT_RUN (R15 acceptance receipt: NOT_RUN)
[*] R16-G6: protected things kept...
    known_good_fallback_present: PASS
    recovery_path_present: PASS
    deterministic_maintenance_controls_present: PASS
    trusted_capability_root_present: PASS
    generation_mechanism_present: PASS
    evidence_present: PASS
    r9_crash_recovery_passing: PASS
    r10_verifier_passing: PASS
    r12_seat_loss_handling_passing: PASS
    r14_recovery_paths_passing: PASS
    operator_emergency_controls_passing: MISSING_IMPLEMENTATION
    benchmark_reference_paths_seq_passing: PASS
    G6=MISSING_IMPLEMENTATION (items missing: 1)
[*] R16-G8: NOT_RUN (merge-commit part is outside this script; receipt preconditions met)
Gates: G1=PASS G2=PASS G3=PASS G4=PASS G5=PASS G6=MISSING_IMPLEMENTATION G7=NOT_RUN G8=NOT_RUN
Receipt (untracked): /home/drakestapleton/workspace/evidence-out/CAND2-LIVING-79a805d/R16-ladder/raw/receipts/40742fdee4bbc4714b4742a70ff127c6033a478e426baf32fc787f0080378d53.json
R16_QUALIFY_RESULT=NOT_RUN
