2026-10-01T14:23:24Z 1851312 46.5 test_osc_model
2026-10-01T14:23:26Z PROC make 1
2026-10-01T14:23:26Z PROC test_osc_model 1
2026-10-01T14:23:29Z 1851369 100.0 test_osc_model_
2026-10-01T14:23:32Z PROC make 1
2026-10-01T14:23:32Z PROC test_osc_model_ 1
2026-10-01T14:23:35Z 1851602 100.0 test_osc_backen
2026-10-01T14:23:37Z PROC make 1
2026-10-01T14:23:37Z PROC test_osc_backen 1
2026-10-01T14:23:40Z 1851602 100.0 test_osc_backen
2026-10-01T14:23:40Z 1710252 34.3 kworker/16:0-tpm_dev_wq
2026-10-01T14:23:40Z 1808985 26.4 kworker/19:0-events
2026-10-01T14:23:42Z PROC make 1
2026-10-01T14:23:42Z PROC test_osc_backen 1
2026-10-01T14:23:45Z 1851602 100.0 test_osc_backen
2026-10-01T14:23:47Z PROC make 1
2026-10-01T14:23:47Z PROC test_osc_backen 1
2026-10-01T14:23:50Z 1851602 100.0 test_osc_backen
2026-10-01T14:23:53Z PROC make 1
2026-10-01T14:23:53Z PROC test_osc_backen 1
2026-10-01T14:23:56Z 1852257 100.0 test_osc_compil
2026-10-01T14:23:58Z PROC make 1
2026-10-01T14:23:58Z PROC test_osc_compil 1
2026-10-01T14:24:01Z 1852257 99.5 test_osc_compil
2026-10-01T14:24:03Z PROC make 1
2026-10-01T14:24:03Z PROC test_osc_compil 1
2026-10-01T14:24:06Z 1852257 100.0 test_osc_compil
2026-10-01T14:24:06Z 1808985 39.1 kworker/19:0-mm_percpu_wq
2026-10-01T14:24:08Z PROC make 1
2026-10-01T14:24:08Z PROC test_osc_compil 1
