mkdir -p build
rustc --edition 2021 -O src/main.rs -o build/at1-eval
warning: method `is_even` is never used
   --> src/big.rs:388:12
    |
188 | impl Int {
    | -------- method in this implementation
...
388 |     pub fn is_even(&self) -> bool {
    |            ^^^^^^^
    |
    = note: `#[warn(dead_code)]` (part of `#[warn(unused)]`) on by default

warning: fields `name` and `control_positive` are never read
  --> src/case.rs:62:9
   |
61 | pub struct Case {
   |            ---- fields in this struct
62 |     pub name: String,
   |         ^^^^
...
75 |     pub control_positive: bool,
   |         ^^^^^^^^^^^^^^^^
   |
   = note: `Case` has derived impls for the traits `Debug` and `Clone`, but these are intentionally ignored during dead code analysis

warning: method `abs` is never used
  --> src/dd.rs:96:12
   |
43 | impl Dd {
   | ------- method in this implementation
...
96 |     pub fn abs(self) -> Dd {
   |            ^^^

warning: function `ideal_marginal` is never used
   --> src/model.rs:505:8
    |
505 | pub fn ideal_marginal(c: &Case) -> Q {
    |        ^^^^^^^^^^^^^^

warning: method `floor` is never used
  --> src/rat.rs:73:12
   |
14 | impl Q {
   | ------ method in this implementation
...
73 |     pub fn floor(&self) -> Int {
   |            ^^^^^

warning: method `sub` is never used
   --> src/rat.rs:151:12
    |
135 | impl Cq {
    | ------- method in this implementation
...
151 |     pub fn sub(&self, o: &Cq) -> Cq {
    |            ^^^

warning: function `none_bound` is never used
   --> src/synth.rs:259:8
    |
259 | pub fn none_bound() -> Scaled {
    |        ^^^^^^^^^^

warning: 7 warnings emitted

