09:24:13 machine-state preflight: 20 s sustained on one X925 core
09:24:33 machine-state preflight ok: median seconds 13-20: 3.899 GHz (cut-off 3.75)
09:24:33 R15 silicon run 20261001T142413Z-3108fc2f5d49-silicon started: 12 rounds, 5 Level-1 runs, 5 Level-2 runs
09:24:54 round 1 RES4 trial ok (21 s)
09:25:16 round 1 RES1 trial ok (22 s)
09:25:37 round 1 RES-1-NODIGEST trial ok (21 s)
09:25:59 round 1 SEQ trial ok (22 s)
09:26:21 round 2 RES1 trial ok (22 s)
09:26:43 round 2 SEQ trial ok (22 s)
09:27:05 round 2 RES4 trial ok (22 s)
09:27:26 round 2 RES-1-NODIGEST trial ok (21 s)
09:27:47 round 3 SEQ trial ok (21 s)
09:28:08 round 3 RES-1-NODIGEST trial ok (21 s)
09:28:30 round 3 RES1 trial ok (22 s)
09:28:51 round 3 RES4 trial ok (21 s)
09:29:13 round 4 RES-1-NODIGEST trial ok (22 s)
09:29:35 round 4 RES4 trial ok (22 s)
09:29:57 round 4 SEQ trial ok (22 s)
09:30:19 round 4 RES1 trial ok (22 s)
09:30:41 round 5 RES4 trial ok (22 s)
09:31:03 round 5 RES1 trial ok (22 s)
09:31:24 round 5 RES-1-NODIGEST trial ok (21 s)
09:31:46 round 5 SEQ trial ok (22 s)
09:32:08 round 6 RES1 trial ok (22 s)
09:32:30 round 6 SEQ trial ok (22 s)
09:32:52 round 6 RES4 trial ok (22 s)
09:33:13 round 6 RES-1-NODIGEST trial ok (21 s)
09:33:34 round 7 SEQ trial ok (21 s)
09:33:56 round 7 RES-1-NODIGEST trial ok (22 s)
09:34:18 round 7 RES1 trial ok (22 s)
09:34:39 round 7 RES4 trial ok (21 s)
09:35:00 round 8 RES-1-NODIGEST trial ok (21 s)
09:35:22 round 8 RES4 trial ok (22 s)
09:35:43 round 8 SEQ trial ok (21 s)
09:36:05 round 8 RES1 trial ok (22 s)
09:36:28 round 9 RES4 trial ok (23 s)
09:36:49 round 9 RES1 trial ok (21 s)
09:37:10 round 9 RES-1-NODIGEST trial ok (21 s)
09:37:32 round 9 SEQ trial ok (22 s)
09:37:55 round 10 RES1 trial ok (23 s)
09:38:16 round 10 SEQ trial ok (21 s)
09:38:38 round 10 RES4 trial ok (22 s)
09:38:59 round 10 RES-1-NODIGEST trial ok (21 s)
09:39:20 round 11 SEQ trial ok (21 s)
09:39:41 round 11 RES-1-NODIGEST trial ok (21 s)
09:40:03 round 11 RES1 trial ok (22 s)
09:40:24 round 11 RES4 trial ok (21 s)
09:40:44 round 12 RES-1-NODIGEST trial ok (20 s)
09:42:47 round 12 RES4 trial FAILED (exit 1); recorded, not rerun
09:43:09 round 12 SEQ trial ok (22 s)
09:43:31 round 12 RES1 trial ok (22 s)
09:43:31 Level 1 A RES1 run 1 ok (0 s)
09:43:31 Level 1 A SEQ run 1 ok (0 s)
09:43:32 Level 1 C RES1 run 1 ok (1 s)
09:44:53 Level 1 C SEQ run 1 ok (81 s)
09:44:53 Level 1 D RES1 run 1 ok (0 s)
09:44:54 Level 1 D SEQ run 1 ok (1 s)
09:44:54 Level 1 E RES1 run 1 ok (0 s)
09:44:54 Level 1 E SEQ run 1 ok (0 s)
09:45:07 Level 1 G RES1 run 1 ok (13 s)
09:45:17 Level 1 G SEQ run 1 ok (10 s)
09:45:26 Level 1 W0 RES1 run 1 ok (9 s)
09:45:34 Level 1 W0 SEQ run 1 ok (8 s)
09:45:43 Level 1 W1 RES1 run 1 ok (9 s)
09:45:51 Level 1 W1 SEQ run 1 ok (8 s)
09:46:22 Level 1 B RES1 run 1 ok (31 s)
09:46:22 Level 1 A SEQ run 2 ok (0 s)
09:46:22 Level 1 A RES1 run 2 ok (0 s)
09:47:45 Level 1 C SEQ run 2 ok (83 s)
09:47:46 Level 1 C RES1 run 2 ok (1 s)
09:47:46 Level 1 D SEQ run 2 ok (0 s)
09:47:47 Level 1 D RES1 run 2 ok (1 s)
09:47:47 Level 1 E SEQ run 2 ok (0 s)
09:47:47 Level 1 E RES1 run 2 ok (0 s)
09:47:57 Level 1 G SEQ run 2 ok (10 s)
09:48:08 Level 1 G RES1 run 2 ok (11 s)
09:48:16 Level 1 W0 SEQ run 2 ok (8 s)
09:48:25 Level 1 W0 RES1 run 2 ok (9 s)
09:48:33 Level 1 W1 SEQ run 2 ok (8 s)
09:48:42 Level 1 W1 RES1 run 2 ok (9 s)
09:49:11 Level 1 B RES1 run 2 ok (29 s)
09:49:11 Level 1 A RES1 run 3 ok (0 s)
09:49:11 Level 1 A SEQ run 3 ok (0 s)
09:49:12 Level 1 C RES1 run 3 ok (1 s)
09:50:31 Level 1 C SEQ run 3 ok (79 s)
09:50:31 Level 1 D RES1 run 3 ok (0 s)
09:50:32 Level 1 D SEQ run 3 ok (1 s)
09:50:32 Level 1 E RES1 run 3 ok (0 s)
09:50:32 Level 1 E SEQ run 3 ok (0 s)
09:50:42 Level 1 G RES1 run 3 ok (10 s)
09:50:52 Level 1 G SEQ run 3 ok (10 s)
09:51:01 Level 1 W0 RES1 run 3 ok (9 s)
09:51:09 Level 1 W0 SEQ run 3 ok (8 s)
09:51:18 Level 1 W1 RES1 run 3 ok (9 s)
09:51:26 Level 1 W1 SEQ run 3 ok (8 s)
09:51:55 Level 1 B RES1 run 3 ok (29 s)
09:51:55 Level 1 A SEQ run 4 ok (0 s)
09:51:55 Level 1 A RES1 run 4 ok (0 s)
09:53:13 Level 1 C SEQ run 4 ok (78 s)
09:53:14 Level 1 C RES1 run 4 ok (1 s)
09:53:14 Level 1 D SEQ run 4 ok (0 s)
09:53:15 Level 1 D RES1 run 4 ok (1 s)
09:53:15 Level 1 E SEQ run 4 ok (0 s)
09:53:15 Level 1 E RES1 run 4 ok (0 s)
09:53:25 Level 1 G SEQ run 4 ok (10 s)
09:53:36 Level 1 G RES1 run 4 ok (11 s)
09:53:44 Level 1 W0 SEQ run 4 ok (8 s)
09:53:53 Level 1 W0 RES1 run 4 ok (9 s)
09:54:01 Level 1 W1 SEQ run 4 ok (8 s)
09:54:10 Level 1 W1 RES1 run 4 ok (9 s)
09:54:39 Level 1 B RES1 run 4 ok (29 s)
09:54:39 Level 1 A RES1 run 5 ok (0 s)
09:54:39 Level 1 A SEQ run 5 ok (0 s)
09:54:40 Level 1 C RES1 run 5 ok (1 s)
09:56:14 Level 1 C SEQ run 5 ok (94 s)
09:56:14 Level 1 D RES1 run 5 ok (0 s)
09:56:14 Level 1 D SEQ run 5 ok (0 s)
09:56:14 Level 1 E RES1 run 5 ok (0 s)
09:56:14 Level 1 E SEQ run 5 ok (0 s)
09:56:25 Level 1 G RES1 run 5 ok (11 s)
09:56:35 Level 1 G SEQ run 5 ok (10 s)
09:56:43 Level 1 W0 RES1 run 5 ok (8 s)
09:56:52 Level 1 W0 SEQ run 5 ok (9 s)
09:57:00 Level 1 W1 RES1 run 5 ok (8 s)
09:57:10 Level 1 W1 SEQ run 5 ok (10 s)
09:57:39 Level 1 B RES1 run 5 ok (29 s)
09:57:41 Level 2 RES1 run 1 ok (2 s)
09:57:42 Level 2 SEQ run 1 ok (1 s)
09:57:44 Level 2 SEQ run 2 ok (2 s)
09:57:48 Level 2 RES1 run 2 ok (4 s)
09:57:50 Level 2 RES1 run 3 ok (2 s)
09:57:51 Level 2 SEQ run 3 ok (1 s)
09:57:53 Level 2 SEQ run 4 ok (2 s)
09:57:54 Level 2 RES1 run 4 ok (1 s)
09:57:56 Level 2 RES1 run 5 ok (2 s)
09:57:57 Level 2 SEQ run 5 ok (1 s)
09:57:58 finished: 1 process(es) failed; 14 of 16 gates pass (see summary.json)
all gates: FAIL
