PASS gqa_f32_tinyllama_32q4kv_ctx1 n=2048 rc=OK violations=0 worst_scaled_err=0.000495187 chip_ns=109185 call_ns=41143223 calls=1 unwritten=0 | mutants 0/0 
PASS gqa_f32_tinyllama_32q4kv_ctx17 n=2048 rc=OK violations=0 worst_scaled_err=0.00189431 chip_ns=207441 call_ns=37421126 calls=1 unwritten=0 | mutants 0/0 
PASS gqa_f32_tinyllama_32q4kv_ctx256 n=2048 rc=OK violations=0 worst_scaled_err=0.00189409 chip_ns=310257 call_ns=37141701 calls=1 unwritten=0 | mutants 0/0 
PASS gqa_f32_tinyllama_32q4kv_ctx2048 n=2048 rc=OK violations=0 worst_scaled_err=0.0028582 chip_ns=1239493 call_ns=40212930 calls=1 unwritten=0 | mutants 2/2 SLOT:CAUGHT(rc=OK,bad=2041) NO_RESCALE:CAUGHT(rc=OK,bad=1959)
PASS gqa_f32_llama32_1b_32q8kv_ctx1 n=2048 rc=OK violations=0 worst_scaled_err=0.000455236 chip_ns=105920 call_ns=36781380 calls=1 unwritten=0 | mutants 0/0 
PASS gqa_f32_llama32_1b_32q8kv_ctx17 n=2048 rc=OK violations=0 worst_scaled_err=0.00251076 chip_ns=207585 call_ns=36193121 calls=1 unwritten=0 | mutants 1/1 KV_HEAD:CAUGHT(rc=OK,bad=2047)
PASS gqa_f32_llama32_1b_32q8kv_ctx256 n=2048 rc=OK violations=0 worst_scaled_err=0.00165942 chip_ns=310034 call_ns=37264149 calls=1 unwritten=0 | mutants 0/0 
PASS gqa_f32_llama32_1b_32q8kv_ctx2048 n=2048 rc=OK violations=0 worst_scaled_err=0.00318634 chip_ns=1223558 call_ns=45992189 calls=1 unwritten=0 | mutants 2/2 SLOT:CAUGHT(rc=OK,bad=2041) NO_RESCALE:CAUGHT(rc=OK,bad=1963)
PASS gqa_f32_large_scores_32q4kv_ctx256 n=2048 rc=OK violations=0 worst_scaled_err=0.0410974 chip_ns=309554 call_ns=37522871 calls=1 unwritten=0 | mutants 1/1 NO_MAX:CAUGHT(rc=OK,bad=2048)
PASS paged_bf16_tinyllama_32q4kv_bs16_ctx1 n=2048 rc=OK violations=0 worst_scaled_err=0.000490321 chip_ns=105009 call_ns=36395362 calls=1 unwritten=0 | mutants 1/1 KV_HEAD:CAUGHT(rc=OK,bad=2048)
PASS paged_bf16_tinyllama_32q4kv_bs16_ctx17 n=2048 rc=OK violations=0 worst_scaled_err=0.00158196 chip_ns=206737 call_ns=37083749 calls=1 unwritten=0 | mutants 2/2 KV_HEAD:CAUGHT(rc=OK,bad=2048) SLOT:CAUGHT(rc=OK,bad=2044)
PASS paged_bf16_tinyllama_32q4kv_bs16_ctx256 n=2048 rc=OK violations=0 worst_scaled_err=0.00201058 chip_ns=312530 call_ns=36659987 calls=1 unwritten=0 | mutants 0/0 
PASS paged_bf16_tinyllama_32q4kv_bs16_ctx2048 n=2048 rc=OK violations=0 worst_scaled_err=0.00243619 chip_ns=1128613 call_ns=38340987 calls=1 unwritten=0 | mutants 3/3 KV_HEAD:CAUGHT(rc=OK,bad=2046) SLOT:CAUGHT(rc=OK,bad=2040) NO_RESCALE:CAUGHT(rc=OK,bad=1960)
PASS paged_bf16_llama32_1b_32q8kv_bs16_ctx1 n=2048 rc=OK violations=0 worst_scaled_err=0.00060889 chip_ns=104912 call_ns=36683508 calls=1 unwritten=0 | mutants 1/1 KV_HEAD:CAUGHT(rc=OK,bad=2048)
PASS paged_bf16_llama32_1b_32q8kv_bs16_ctx17 n=2048 rc=OK violations=0 worst_scaled_err=0.00185533 chip_ns=207825 call_ns=36325889 calls=1 unwritten=0 | mutants 2/2 KV_HEAD:CAUGHT(rc=OK,bad=2048) SLOT:CAUGHT(rc=OK,bad=2047)
PASS paged_bf16_llama32_1b_32q8kv_bs16_ctx256 n=2048 rc=OK violations=0 worst_scaled_err=0.00210424 chip_ns=310146 call_ns=37141670 calls=1 unwritten=0 | mutants 0/0 
PASS paged_bf16_llama32_1b_32q8kv_bs16_ctx2048 n=2048 rc=OK violations=0 worst_scaled_err=0.00375237 chip_ns=1026116 call_ns=38583772 calls=1 unwritten=0 | mutants 3/3 KV_HEAD:CAUGHT(rc=OK,bad=2044) SLOT:CAUGHT(rc=OK,bad=2041) NO_RESCALE:CAUGHT(rc=OK,bad=1953)
PASS paged_bf16_batch_3seq_32q8kv_ctx40_0_100 n=6144 rc=OK violations=0 worst_scaled_err=0.00185538 chip_ns=415569 call_ns=74977853 calls=2 unwritten=0 | mutants 2/2 KV_HEAD:CAUGHT(rc=OK,bad=4096) SLOT:CAUGHT(rc=OK,bad=4093)
mutant NO_MAX: caught 1 of 1
mutant KV_HEAD: caught 8 of 8
mutant SLOT: caught 7 of 7
mutant NO_RESCALE: caught 4 of 4
PASS: 45 checks, 0 failed
