2026-10-01T15:31:56Z S 505
2026-10-01T15:31:58Z S 504
2026-10-01T15:32:00Z S 502
2026-10-01T15:32:02Z S 502
2026-10-01T15:32:04Z S 502
2026-10-01T15:32:06Z S 500
2026-10-01T15:32:08Z S 506
2026-10-01T15:32:10Z S 504
2026-10-01T15:32:10Z HIGHCPU 2060029 100 radicle-node
2026-10-01T15:32:12Z S 504
2026-10-01T15:32:14Z S 504
2026-10-01T15:32:16Z S 504
2026-10-01T15:32:16Z HIGHCPU 2060264 100 ps
2026-10-01T15:32:18Z S 502
2026-10-01T15:32:20Z S 502
2026-10-01T15:32:22Z S 507
2026-10-01T15:32:25Z S 504
2026-10-01T15:32:27Z S 504
2026-10-01T15:32:29Z S 504
2026-10-01T15:32:31Z S 504
2026-10-01T15:32:33Z S 503
2026-10-01T15:32:35Z S 507
2026-10-01T15:32:37Z S 505
2026-10-01T15:32:39Z S 505
2026-10-01T15:32:41Z S 505
2026-10-01T15:32:43Z S 505
2026-10-01T15:32:45Z S 502
2026-10-01T15:32:47Z S 507
2026-10-01T15:32:49Z S 505
2026-10-01T15:32:51Z S 505
2026-10-01T15:32:53Z S 505
2026-10-01T15:32:55Z S 505
2026-10-01T15:32:57Z S 501
2026-10-01T15:32:57Z HIGHCPU 2061614 100 radicle-node
2026-10-01T15:32:59Z S 503
2026-10-01T15:33:01Z S 507
2026-10-01T15:33:01Z HIGHCPU 2061721 34.3 (sd-mkdcreds)
2026-10-01T15:33:04Z S 505
2026-10-01T15:33:06Z S 505
2026-10-01T15:33:08Z S 505
2026-10-01T15:33:10Z S 505
2026-10-01T15:33:12Z S 503
2026-10-01T15:33:14Z S 507
2026-10-01T15:33:16Z S 505
2026-10-01T15:33:18Z S 505
2026-10-01T15:33:20Z S 505
2026-10-01T15:33:22Z S 505
2026-10-01T15:33:24Z S 503
2026-10-01T15:33:26Z S 503
2026-10-01T15:33:28Z S 507
2026-10-01T15:33:30Z S 505
2026-10-01T15:33:32Z S 505
2026-10-01T15:33:34Z S 507
2026-10-01T15:33:36Z S 507
2026-10-01T15:33:38Z S 505
2026-10-01T15:33:41Z S 509
2026-10-01T15:33:43Z S 507
2026-10-01T15:33:45Z S 507
2026-10-01T15:33:47Z S 508
2026-10-01T15:33:49Z S 508
2026-10-01T15:33:51Z S 506
2026-10-01T15:33:53Z S 510
2026-10-01T15:33:55Z S 506
2026-10-01T15:33:57Z S 506
2026-10-01T15:33:59Z S 506
2026-10-01T15:34:01Z S 506
2026-10-01T15:34:03Z S 504
2026-10-01T15:34:05Z S 504
2026-10-01T15:34:07Z S 509
2026-10-01T15:34:07Z HIGHCPU 2064011 27.8 (sd-mkdcreds)
2026-10-01T15:34:09Z S 507
2026-10-01T15:34:11Z S 507
2026-10-01T15:34:13Z S 507
2026-10-01T15:34:15Z S 507
2026-10-01T15:34:17Z S 505
2026-10-01T15:34:20Z S 509
2026-10-01T15:34:20Z HIGHCPU 2064424 100 ps
2026-10-01T15:34:22Z S 508
2026-10-01T15:34:24Z S 508
2026-10-01T15:34:26Z S 508
2026-10-01T15:34:28Z S 508
2026-10-01T15:34:30Z S 506
2026-10-01T15:34:30Z HIGHCPU 2064721 100 ps
2026-10-01T15:34:32Z S 506
2026-10-01T15:34:34Z S 508
2026-10-01T15:34:36Z S 507
2026-10-01T15:34:38Z S 507
2026-10-01T15:34:40Z S 507
2026-10-01T15:34:42Z S 519
2026-10-01T15:34:44Z S 520
2026-10-01T15:34:46Z S 511
2026-10-01T15:34:46Z HIGHCPU 2066014 31.1 (sd-mkdcreds)
2026-10-01T15:34:46Z HIGHCPU 2066030 100 apt
2026-10-01T15:34:48Z S 509
2026-10-01T15:34:48Z HIGHCPU 2066424 100 ps
2026-10-01T15:34:50Z S 509
2026-10-01T15:34:52Z S 509
2026-10-01T15:34:52Z HIGHCPU 2070891 100 ps
2026-10-01T15:34:54Z S 510
2026-10-01T15:34:56Z S 507
2026-10-01T15:34:59Z S 512
2026-10-01T15:34:59Z HIGHCPU 2076022 71.8 kworker/14:2-events
2026-10-01T15:35:01Z S 510
2026-10-01T15:35:01Z HIGHCPU 2076022 27.4 kworker/14:2-events
2026-10-01T15:35:03Z S 510
2026-10-01T15:35:05Z S 510
2026-10-01T15:35:07Z S 511
2026-10-01T15:35:09Z S 508
2026-10-01T15:35:11Z S 507
2026-10-01T15:35:13Z S 512
2026-10-01T15:35:15Z S 509
2026-10-01T15:35:17Z S 508
2026-10-01T15:35:19Z S 508
2026-10-01T15:35:21Z S 508
2026-10-01T15:35:23Z S 506
2026-10-01T15:35:25Z S 510
2026-10-01T15:35:27Z S 508
2026-10-01T15:35:29Z S 508
2026-10-01T15:35:31Z S 508
2026-10-01T15:35:33Z S 508
2026-10-01T15:35:35Z S 507
2026-10-01T15:35:38Z S 507
2026-10-01T15:35:40Z S 507
2026-10-01T15:35:42Z S 507
2026-10-01T15:35:44Z S 507
2026-10-01T15:35:46Z S 507
2026-10-01T15:35:48Z S 505
2026-10-01T15:35:50Z S 505
2026-10-01T15:35:52Z S 509
2026-10-01T15:35:54Z S 506
2026-10-01T15:35:56Z S 504
2026-10-01T15:35:58Z S 503
2026-10-01T15:36:00Z S 506
2026-10-01T15:36:02Z S 504
2026-10-01T15:36:04Z S 509
2026-10-01T15:36:06Z S 507
2026-10-01T15:36:08Z S 506
2026-10-01T15:36:10Z S 507
2026-10-01T15:36:12Z S 507
2026-10-01T15:36:14Z S 504
2026-10-01T15:36:16Z S 504
2026-10-01T15:36:18Z S 506
2026-10-01T15:36:21Z S 504
2026-10-01T15:36:23Z S 504
2026-10-01T15:36:25Z S 504
2026-10-01T15:36:27Z S 504
2026-10-01T15:36:29Z S 502
2026-10-01T15:36:31Z S 507
2026-10-01T15:36:33Z S 505
2026-10-01T15:36:35Z S 505
2026-10-01T15:36:37Z S 505
2026-10-01T15:36:39Z S 505
2026-10-01T15:36:41Z S 505
2026-10-01T15:36:43Z S 505
2026-10-01T15:36:45Z S 507
2026-10-01T15:36:47Z S 503
2026-10-01T15:36:49Z S 503
2026-10-01T15:36:51Z S 503
2026-10-01T15:36:53Z S 501
2026-10-01T15:36:55Z S 502
2026-10-01T15:36:57Z S 508
2026-10-01T15:36:57Z HIGHCPU 2096104 100 ps
2026-10-01T15:36:59Z S 506
2026-10-01T15:37:02Z S 506
2026-10-01T15:37:04Z S 506
2026-10-01T15:37:06Z S 506
2026-10-01T15:37:08Z S 504
2026-10-01T15:37:10Z S 508
2026-10-01T15:37:10Z HIGHCPU 2096477 100 ps
2026-10-01T15:37:12Z S 506
2026-10-01T15:37:14Z S 506
2026-10-01T15:37:16Z S 506
2026-10-01T15:37:18Z S 506
2026-10-01T15:37:20Z S 505
2026-10-01T15:37:22Z S 504
2026-10-01T15:37:22Z HIGHCPU 2096912 100 ps
2026-10-01T15:37:24Z S 508
2026-10-01T15:37:26Z S 506
2026-10-01T15:37:28Z S 506
2026-10-01T15:37:30Z S 506
2026-10-01T15:37:32Z S 506
2026-10-01T15:37:34Z S 504
2026-10-01T15:37:36Z S 509
2026-10-01T15:37:38Z S 507
2026-10-01T15:37:41Z S 507
2026-10-01T15:37:43Z S 507
2026-10-01T15:37:45Z S 507
2026-10-01T15:37:47Z S 503
2026-10-01T15:37:49Z S 503
2026-10-01T15:37:51Z S 506
2026-10-01T15:37:53Z S 504
2026-10-01T15:37:55Z S 504
2026-10-01T15:37:57Z S 504
2026-10-01T15:37:59Z S 504
2026-10-01T15:38:01Z S 504
2026-10-01T15:38:03Z S 508
2026-10-01T15:38:05Z S 506
2026-10-01T15:38:07Z S 506
2026-10-01T15:38:09Z S 502
2026-10-01T15:38:11Z S 502
2026-10-01T15:38:11Z HIGHCPU 2098438 100 ps
2026-10-01T15:38:13Z S 504
2026-10-01T15:38:13Z HIGHCPU 2098522 100 ps
2026-10-01T15:38:16Z S 508
2026-10-01T15:38:18Z S 507
2026-10-01T15:38:20Z S 507
2026-10-01T15:38:22Z S 507
2026-10-01T15:38:24Z S 507
2026-10-01T15:38:26Z S 506
2026-10-01T15:38:28Z S 506
2026-10-01T15:38:30Z S 511
2026-10-01T15:38:32Z S 510
2026-10-01T15:38:34Z S 510
2026-10-01T15:38:36Z S 510
2026-10-01T15:38:38Z S 508
2026-10-01T15:38:40Z S 506
2026-10-01T15:38:42Z S 510
2026-10-01T15:38:44Z S 509
2026-10-01T15:38:46Z S 508
2026-10-01T15:38:48Z S 509
2026-10-01T15:38:51Z S 507
2026-10-01T15:38:53Z S 506
2026-10-01T15:38:55Z S 510
2026-10-01T15:38:55Z HIGHCPU 2099816 70.5 (sd-mkdcreds)
2026-10-01T15:38:57Z S 508
2026-10-01T15:38:59Z S 507
2026-10-01T15:39:01Z S 507
2026-10-01T15:39:03Z S 505
2026-10-01T15:39:05Z S 504
2026-10-01T15:39:07Z S 504
2026-10-01T15:39:09Z S 508
2026-10-01T15:39:11Z S 508
2026-10-01T15:39:13Z S 508
2026-10-01T15:39:15Z S 508
2026-10-01T15:39:17Z S 508
2026-10-01T15:39:19Z S 506
2026-10-01T15:39:21Z S 511
2026-10-01T15:39:23Z S 508
2026-10-01T15:39:26Z S 508
2026-10-01T15:39:28Z S 508
2026-10-01T15:39:30Z S 508
2026-10-01T15:39:32Z S 504
2026-10-01T15:39:34Z S 504
2026-10-01T15:39:34Z HIGHCPU 2101022 100 ps
2026-10-01T15:39:36Z S 508
2026-10-01T15:39:38Z S 508
2026-10-01T15:39:40Z S 508
2026-10-01T15:39:42Z S 508
2026-10-01T15:39:44Z S 506
2026-10-01T15:39:46Z S 506
2026-10-01T15:39:48Z S 510
2026-10-01T15:39:48Z HIGHCPU 2101439 31.1 (sd-mkdcreds)
2026-10-01T15:39:50Z S 507
2026-10-01T15:39:52Z S 507
2026-10-01T15:39:54Z S 507
2026-10-01T15:39:56Z S 507
2026-10-01T15:39:58Z S 504
2026-10-01T15:40:01Z S 508
2026-10-01T15:40:01Z HIGHCPU 2101788 27.9 (sd-mkdcreds)
2026-10-01T15:40:03Z S 506
2026-10-01T15:40:05Z S 506
2026-10-01T15:40:07Z S 506
2026-10-01T15:40:09Z S 506
2026-10-01T15:40:11Z S 504
2026-10-01T15:40:13Z S 504
2026-10-01T15:40:15Z S 509
2026-10-01T15:40:17Z S 507
2026-10-01T15:40:19Z S 507
2026-10-01T15:40:21Z S 507
2026-10-01T15:40:23Z S 507
2026-10-01T15:40:25Z S 506
2026-10-01T15:40:27Z S 511
2026-10-01T15:40:29Z S 509
2026-10-01T15:40:31Z S 509
2026-10-01T15:40:33Z S 509
2026-10-01T15:40:33Z HIGHCPU 2102787 100 ps
2026-10-01T15:40:35Z S 508
2026-10-01T15:40:38Z S 506
2026-10-01T15:40:40Z S 510
2026-10-01T15:40:42Z S 509
2026-10-01T15:40:44Z S 510
2026-10-01T15:40:46Z S 510
2026-10-01T15:40:48Z S 510
2026-10-01T15:40:50Z S 508
2026-10-01T15:40:52Z S 509
2026-10-01T15:40:54Z S 515
2026-10-01T15:40:54Z HIGHCPU 2103356 28.9 (sd-mkdcreds)
2026-10-01T15:40:56Z S 512
2026-10-01T15:40:58Z S 512
2026-10-01T15:41:00Z S 512
2026-10-01T15:41:02Z S 512
2026-10-01T15:41:04Z S 510
2026-10-01T15:41:06Z S 514
2026-10-01T15:41:06Z HIGHCPU 2103745 30.0 (sd-mkdcreds)
2026-10-01T15:41:08Z S 512
2026-10-01T15:41:10Z S 511
2026-10-01T15:41:12Z S 512
2026-10-01T15:41:14Z S 513
2026-10-01T15:41:16Z S 509
2026-10-01T15:41:19Z S 509
2026-10-01T15:41:21Z S 513
2026-10-01T15:41:23Z S 511
2026-10-01T15:41:25Z S 511
2026-10-01T15:41:27Z S 510
2026-10-01T15:41:27Z HIGHCPU 2104383 83.3 radicle-node
2026-10-01T15:41:29Z S 509
2026-10-01T15:41:31Z S 507
2026-10-01T15:41:33Z S 511
2026-10-01T15:41:35Z S 509
2026-10-01T15:41:37Z S 510
2026-10-01T15:41:39Z S 510
2026-10-01T15:41:41Z S 509
2026-10-01T15:41:43Z S 507
2026-10-01T15:41:45Z S 508
2026-10-01T15:41:47Z S 511
2026-10-01T15:41:49Z S 510
2026-10-01T15:41:51Z S 511
2026-10-01T15:41:53Z S 511
2026-10-01T15:41:55Z S 510
2026-10-01T15:41:55Z HIGHCPU 2105367 100 ps
2026-10-01T15:41:57Z S 509
2026-10-01T15:41:59Z S 512
2026-10-01T15:42:02Z S 510
2026-10-01T15:42:04Z S 512
2026-10-01T15:42:06Z S 512
2026-10-01T15:42:08Z S 512
2026-10-01T15:42:10Z S 510
2026-10-01T15:42:12Z S 516
2026-10-01T15:42:14Z S 512
2026-10-01T15:42:14Z HIGHCPU 2106054 100 ps
2026-10-01T15:42:16Z S 512
2026-10-01T15:42:18Z S 512
2026-10-01T15:42:20Z S 512
2026-10-01T15:42:22Z S 510
2026-10-01T15:42:24Z S 510
2026-10-01T15:42:26Z S 514
2026-10-01T15:42:26Z HIGHCPU 2106391 32.7 (sd-mkdcreds)
2026-10-01T15:42:28Z S 512
2026-10-01T15:42:30Z S 512
2026-10-01T15:42:32Z S 512
2026-10-01T15:42:34Z S 512
2026-10-01T15:42:37Z S 510
2026-10-01T15:42:39Z S 514
2026-10-01T15:42:41Z S 512
2026-10-01T15:42:43Z S 512
2026-10-01T15:42:45Z S 512
2026-10-01T15:42:47Z S 512
2026-10-01T15:42:49Z S 510
2026-10-01T15:42:51Z S 514
2026-10-01T15:42:51Z HIGHCPU 2107160 100 ps
2026-10-01T15:42:53Z S 512
2026-10-01T15:42:53Z HIGHCPU 2107212 100 ps
2026-10-01T15:42:55Z S 512
2026-10-01T15:42:57Z S 512
2026-10-01T15:42:59Z S 512
2026-10-01T15:43:01Z S 511
2026-10-01T15:43:03Z S 509
2026-10-01T15:43:05Z S 513
2026-10-01T15:43:05Z HIGHCPU 2107508 40.5 (sd-mkdcreds)
2026-10-01T15:43:07Z S 512
2026-10-01T15:43:09Z S 512
2026-10-01T15:43:12Z S 512
2026-10-01T15:43:14Z S 512
2026-10-01T15:43:16Z S 510
2026-10-01T15:43:18Z S 514
2026-10-01T15:43:18Z HIGHCPU 2107920 43.2 (sd-mkdcreds)
2026-10-01T15:43:20Z S 511
2026-10-01T15:43:22Z S 511
2026-10-01T15:43:24Z S 511
2026-10-01T15:43:26Z S 511
2026-10-01T15:43:28Z S 511
2026-10-01T15:43:30Z S 511
2026-10-01T15:43:30Z HIGHCPU 2108297 100 ps
2026-10-01T15:43:32Z S 513
2026-10-01T15:43:34Z S 513
2026-10-01T15:43:36Z S 513
2026-10-01T15:43:38Z S 513
2026-10-01T15:43:40Z S 510
2026-10-01T15:43:42Z S 511
2026-10-01T15:43:44Z S 513
2026-10-01T15:43:46Z S 511
2026-10-01T15:43:48Z S 513
2026-10-01T15:43:48Z HIGHCPU 2108836 80.0 radicle-node
2026-10-01T15:43:50Z S 512
2026-10-01T15:43:50Z HIGHCPU 2108901 100 ps
2026-10-01T15:43:53Z S 512
2026-10-01T15:43:55Z S 510
2026-10-01T15:43:57Z S 514
2026-10-01T15:43:59Z S 512
2026-10-01T15:44:01Z S 512
2026-10-01T15:44:03Z S 512
2026-10-01T15:44:05Z S 512
2026-10-01T15:44:07Z S 510
2026-10-01T15:44:09Z S 510
2026-10-01T15:44:11Z S 514
2026-10-01T15:44:13Z S 512
2026-10-01T15:44:15Z S 512
2026-10-01T15:44:17Z S 512
2026-10-01T15:44:19Z S 512
2026-10-01T15:44:21Z S 509
2026-10-01T15:44:23Z S 513
2026-10-01T15:44:23Z HIGHCPU 2109839 100 ps
2026-10-01T15:44:25Z S 510
2026-10-01T15:44:27Z S 509
2026-10-01T15:44:29Z S 510
2026-10-01T15:44:32Z S 511
2026-10-01T15:44:34Z S 509
2026-10-01T15:44:36Z S 507
2026-10-01T15:44:38Z S 509
2026-10-01T15:44:40Z S 509
2026-10-01T15:44:42Z S 509
2026-10-01T15:44:44Z S 509
2026-10-01T15:44:46Z S 507
2026-10-01T15:44:48Z S 507
2026-10-01T15:44:50Z S 511
2026-10-01T15:44:52Z S 510
2026-10-01T15:44:54Z S 510
2026-10-01T15:44:56Z S 510
2026-10-01T15:44:58Z S 510
2026-10-01T15:45:00Z S 508
2026-10-01T15:45:02Z S 512
2026-10-01T15:45:04Z S 510
2026-10-01T15:45:06Z S 510
2026-10-01T15:45:08Z S 510
2026-10-01T15:45:08Z HIGHCPU 2111147 100 ps
2026-10-01T15:45:10Z S 510
2026-10-01T15:45:13Z S 508
2026-10-01T15:45:15Z S 505
2026-10-01T15:45:17Z S 509
2026-10-01T15:45:19Z S 509
2026-10-01T15:45:21Z S 509
2026-10-01T15:45:23Z S 509
2026-10-01T15:45:23Z HIGHCPU 2111593 100 ps
2026-10-01T15:45:25Z S 509
2026-10-01T15:45:27Z S 504
2026-10-01T15:45:29Z S 509
2026-10-01T15:45:31Z S 506
2026-10-01T15:45:33Z S 506
2026-10-01T15:45:35Z S 506
2026-10-01T15:45:37Z S 506
2026-10-01T15:45:39Z S 504
2026-10-01T15:45:41Z S 504
2026-10-01T15:45:43Z S 505
2026-10-01T15:45:45Z S 505
2026-10-01T15:45:47Z S 505
2026-10-01T15:45:49Z S 505
2026-10-01T15:45:52Z S 503
2026-10-01T15:45:54Z S 503
2026-10-01T15:45:56Z S 509
2026-10-01T15:45:58Z S 507
2026-10-01T15:46:00Z S 505
2026-10-01T15:46:02Z S 502
2026-10-01T15:46:04Z S 502
2026-10-01T15:46:06Z S 500
2026-10-01T15:46:08Z S 504
2026-10-01T15:46:10Z S 503
2026-10-01T15:46:12Z S 503
2026-10-01T15:46:14Z S 499
2026-10-01T15:46:16Z S 503
2026-10-01T15:46:16Z HIGHCPU 2113277 100 ps
2026-10-01T15:46:18Z S 502
2026-10-01T15:46:20Z S 500
2026-10-01T15:46:22Z S 506
2026-10-01T15:46:24Z S 504
2026-10-01T15:46:26Z S 504
2026-10-01T15:46:28Z S 505
2026-10-01T15:46:30Z S 505
2026-10-01T15:46:33Z S 503
2026-10-01T15:46:35Z S 508
2026-10-01T15:46:35Z HIGHCPU 2113860 47.1 kworker/11:1-tpm_dev_wq
2026-10-01T15:46:37Z S 506
2026-10-01T15:46:39Z S 507
2026-10-01T15:46:41Z S 505
2026-10-01T15:46:43Z S 507
2026-10-01T15:46:45Z S 507
2026-10-01T15:46:47Z S 508
2026-10-01T15:46:49Z S 510
2026-10-01T15:46:51Z S 510
2026-10-01T15:46:53Z S 510
2026-10-01T15:46:55Z S 510
2026-10-01T15:46:57Z S 507
2026-10-01T15:46:59Z S 507
2026-10-01T15:47:01Z S 511
2026-10-01T15:47:03Z S 509
2026-10-01T15:47:03Z HIGHCPU 2114714 100 ps
2026-10-01T15:47:05Z S 509
2026-10-01T15:47:07Z S 509
2026-10-01T15:47:09Z S 507
2026-10-01T15:47:11Z S 505
2026-10-01T15:47:13Z S 509
2026-10-01T15:47:16Z S 507
2026-10-01T15:47:18Z S 507
2026-10-01T15:47:20Z S 508
2026-10-01T15:47:22Z S 508
2026-10-01T15:47:24Z S 507
2026-10-01T15:47:24Z HIGHCPU 2115314 83.3 radicle-node
2026-10-01T15:47:26Z S 506
2026-10-01T15:47:28Z S 506
2026-10-01T15:47:30Z S 504
2026-10-01T15:47:32Z S 506
2026-10-01T15:47:34Z S 506
2026-10-01T15:47:36Z S 506
2026-10-01T15:47:38Z S 504
2026-10-01T15:47:40Z S 508
2026-10-01T15:47:42Z S 506
2026-10-01T15:47:44Z S 506
2026-10-01T15:47:46Z S 506
2026-10-01T15:47:48Z S 506
2026-10-01T15:47:50Z S 504
2026-10-01T15:47:52Z S 504
2026-10-01T15:47:55Z S 506
2026-10-01T15:47:57Z S 506
2026-10-01T15:47:59Z S 505
2026-10-01T15:48:01Z S 506
2026-10-01T15:48:03Z S 504
2026-10-01T15:48:05Z S 504
2026-10-01T15:48:07Z S 509
2026-10-01T15:48:09Z S 507
2026-10-01T15:48:11Z S 506
2026-10-01T15:48:13Z S 507
2026-10-01T15:48:15Z S 505
2026-10-01T15:48:17Z S 504
2026-10-01T15:48:19Z S 510
2026-10-01T15:48:19Z HIGHCPU 2117004 53.8 (sd-mkdcreds)
2026-10-01T15:48:21Z S 506
2026-10-01T15:48:23Z S 506
2026-10-01T15:48:23Z HIGHCPU 2117169 100 ps
2026-10-01T15:48:25Z S 508
2026-10-01T15:48:27Z S 508
2026-10-01T15:48:30Z S 508
2026-10-01T15:48:32Z S 506
2026-10-01T15:48:34Z S 510
2026-10-01T15:48:34Z HIGHCPU 2117469 29.3 (sd-mkdcreds)
2026-10-01T15:48:36Z S 508
2026-10-01T15:48:38Z S 508
2026-10-01T15:48:40Z S 508
2026-10-01T15:48:42Z S 508
2026-10-01T15:48:44Z S 506
2026-10-01T15:48:46Z S 510
2026-10-01T15:48:48Z S 506
2026-10-01T15:48:50Z S 506
2026-10-01T15:48:52Z S 506
2026-10-01T15:48:54Z S 505
2026-10-01T15:48:56Z S 504
2026-10-01T15:48:58Z S 508
2026-10-01T15:49:00Z S 506
2026-10-01T15:49:02Z S 505
2026-10-01T15:49:04Z S 506
2026-10-01T15:49:06Z S 506
2026-10-01T15:49:09Z S 504
2026-10-01T15:49:11Z S 504
2026-10-01T15:49:13Z S 508
2026-10-01T15:49:15Z S 507
2026-10-01T15:49:17Z S 507
2026-10-01T15:49:19Z S 507
2026-10-01T15:49:21Z S 506
2026-10-01T15:49:23Z S 505
2026-10-01T15:49:25Z S 510
2026-10-01T15:49:27Z S 507
2026-10-01T15:49:29Z S 507
2026-10-01T15:49:31Z S 507
2026-10-01T15:49:33Z S 507
2026-10-01T15:49:35Z S 506
2026-10-01T15:49:37Z S 506
2026-10-01T15:49:39Z S 510
2026-10-01T15:49:41Z S 508
2026-10-01T15:49:43Z S 508
2026-10-01T15:49:45Z S 509
2026-10-01T15:49:45Z HIGHCPU 2119720 100 ps
2026-10-01T15:49:48Z S 508
2026-10-01T15:49:50Z S 506
2026-10-01T15:49:52Z S 510
2026-10-01T15:49:52Z HIGHCPU 2119874 100 ps
2026-10-01T15:49:54Z S 507
2026-10-01T15:49:56Z S 507
2026-10-01T15:49:58Z S 507
2026-10-01T15:50:00Z S 508
2026-10-01T15:50:02Z S 504
2026-10-01T15:50:02Z HIGHCPU 2120250 100 ps
2026-10-01T15:50:04Z S 508
2026-10-01T15:50:06Z S 508
2026-10-01T15:50:08Z S 511
2026-10-01T15:50:08Z HIGHCPU 2120469 28.5 gh
2026-10-01T15:50:10Z S 511
2026-10-01T15:50:12Z S 511
2026-10-01T15:50:14Z S 509
2026-10-01T15:50:16Z S 506
2026-10-01T15:50:18Z S 510
2026-10-01T15:50:20Z S 508
2026-10-01T15:50:22Z S 508
2026-10-01T15:50:24Z S 508
2026-10-01T15:50:26Z S 506
2026-10-01T15:50:29Z S 504
2026-10-01T15:50:31Z S 508
2026-10-01T15:50:33Z S 506
2026-10-01T15:50:33Z HIGHCPU 2121478 100 radicle-node
2026-10-01T15:50:35Z S 507
2026-10-01T15:50:37Z S 507
2026-10-01T15:50:39Z S 507
2026-10-01T15:50:41Z S 505
2026-10-01T15:50:43Z S 503
2026-10-01T15:50:45Z S 507
2026-10-01T15:50:47Z S 505
2026-10-01T15:50:47Z HIGHCPU 2121919 100 ps
2026-10-01T15:50:49Z S 504
2026-10-01T15:50:51Z S 505
2026-10-01T15:50:53Z S 505
2026-10-01T15:50:55Z S 503
2026-10-01T15:50:57Z S 507
2026-10-01T15:50:59Z S 503
2026-10-01T15:51:01Z S 504
2026-10-01T15:51:03Z S 503
2026-10-01T15:51:05Z S 504
2026-10-01T15:51:08Z S 502
2026-10-01T15:51:10Z S 506
2026-10-01T15:51:12Z S 504
2026-10-01T15:51:14Z S 504
2026-10-01T15:51:14Z HIGHCPU 2122717 100 ps
2026-10-01T15:51:16Z S 504
2026-10-01T15:51:18Z S 504
2026-10-01T15:51:20Z S 503
2026-10-01T15:51:22Z S 504
2026-10-01T15:51:24Z S 508
2026-10-01T15:51:26Z S 506
2026-10-01T15:51:28Z S 506
2026-10-01T15:51:30Z S 506
2026-10-01T15:51:32Z S 500
2026-10-01T15:51:34Z S 499
2026-10-01T15:51:36Z S 503
2026-10-01T15:51:38Z S 501
2026-10-01T15:51:40Z S 501
2026-10-01T15:51:42Z S 501
2026-10-01T15:51:44Z S 501
2026-10-01T15:51:47Z S 498
2026-10-01T15:51:49Z S 498
2026-10-01T15:51:51Z S 502
2026-10-01T15:51:53Z S 500
2026-10-01T15:51:55Z S 500
2026-10-01T15:51:57Z S 500
2026-10-01T15:51:59Z S 501
2026-10-01T15:52:01Z S 499
2026-10-01T15:52:03Z S 503
2026-10-01T15:52:05Z S 498
2026-10-01T15:52:07Z S 498
2026-10-01T15:52:09Z S 500
2026-10-01T15:52:11Z S 500
2026-10-01T15:52:13Z S 498
2026-10-01T15:52:15Z S 504
2026-10-01T15:52:17Z S 502
2026-10-01T15:52:19Z S 502
2026-10-01T15:52:21Z S 502
2026-10-01T15:52:23Z S 502
2026-10-01T15:52:26Z S 500
2026-10-01T15:52:28Z S 500
2026-10-01T15:52:30Z S 505
2026-10-01T15:52:32Z S 502
2026-10-01T15:52:34Z S 502
2026-10-01T15:52:36Z S 503
2026-10-01T15:52:38Z S 502
2026-10-01T15:52:40Z S 500
2026-10-01T15:52:42Z S 504
2026-10-01T15:52:42Z HIGHCPU 2125328 32.2 (sd-mkdcreds)
2026-10-01T15:52:44Z S 502
2026-10-01T15:52:46Z S 502
2026-10-01T15:52:48Z S 502
2026-10-01T15:52:50Z S 502
2026-10-01T15:52:52Z S 500
2026-10-01T15:52:54Z S 500
2026-10-01T15:52:54Z HIGHCPU 2125721 100 ps
2026-10-01T15:52:56Z S 502
2026-10-01T15:52:58Z S 502
2026-10-01T15:53:00Z S 502
2026-10-01T15:53:03Z S 502
2026-10-01T15:53:05Z S 500
2026-10-01T15:53:07Z S 500
2026-10-01T15:53:09Z S 503
2026-10-01T15:53:11Z S 501
2026-10-01T15:53:13Z S 501
2026-10-01T15:53:15Z S 501
2026-10-01T15:53:17Z S 501
2026-10-01T15:53:19Z S 499
2026-10-01T15:53:21Z S 503
2026-10-01T15:53:23Z S 501
2026-10-01T15:53:25Z S 501
2026-10-01T15:53:27Z S 501
2026-10-01T15:53:29Z S 501
2026-10-01T15:53:31Z S 499
2026-10-01T15:53:31Z HIGHCPU 2126811 100 ps
2026-10-01T15:53:33Z S 499
2026-10-01T15:53:35Z S 503
2026-10-01T15:53:37Z S 501
2026-10-01T15:53:39Z S 501
2026-10-01T15:53:42Z S 501
2026-10-01T15:53:44Z S 500
2026-10-01T15:53:46Z S 498
2026-10-01T15:53:48Z S 502
2026-10-01T15:53:50Z S 500
2026-10-01T15:53:52Z S 499
2026-10-01T15:53:54Z S 500
2026-10-01T15:53:56Z S 500
2026-10-01T15:53:58Z S 498
2026-10-01T15:54:00Z S 498
2026-10-01T15:54:02Z S 500
2026-10-01T15:54:04Z S 501
2026-10-01T15:54:06Z S 501
2026-10-01T15:54:08Z S 501
2026-10-01T15:54:10Z S 500
2026-10-01T15:54:12Z S 500
2026-10-01T15:54:14Z S 503
2026-10-01T15:54:16Z S 497
2026-10-01T15:54:18Z S 497
2026-10-01T15:54:21Z S 501
2026-10-01T15:54:23Z S 501
2026-10-01T15:54:25Z S 499
2026-10-01T15:54:27Z S 503
2026-10-01T15:54:27Z HIGHCPU 2128438 27.2 (sd-mkdcreds)
2026-10-01T15:54:29Z S 501
2026-10-01T15:54:31Z S 501
2026-10-01T15:54:33Z S 501
2026-10-01T15:54:35Z S 501
2026-10-01T15:54:37Z S 497
2026-10-01T15:54:39Z S 497
2026-10-01T15:54:41Z S 502
2026-10-01T15:54:43Z S 500
2026-10-01T15:54:45Z S 500
2026-10-01T15:54:47Z S 500
2026-10-01T15:54:49Z S 499
2026-10-01T15:54:51Z S 497
2026-10-01T15:54:53Z S 501
2026-10-01T15:54:53Z HIGHCPU 2129207 28.9 (sd-mkdcreds)
2026-10-01T15:54:55Z S 500
2026-10-01T15:54:58Z S 500
2026-10-01T15:55:00Z S 500
2026-10-01T15:55:02Z S 500
2026-10-01T15:55:04Z S 498
2026-10-01T15:55:06Z S 498
2026-10-01T15:55:06Z HIGHCPU 2129574 71.4 radicle-node
2026-10-01T15:55:08Z S 499
2026-10-01T15:55:10Z S 500
2026-10-01T15:55:12Z S 500
2026-10-01T15:55:14Z S 500
2026-10-01T15:55:16Z S 498
2026-10-01T15:55:18Z S 498
2026-10-01T15:55:20Z S 503
2026-10-01T15:55:22Z S 501
2026-10-01T15:55:24Z S 501
2026-10-01T15:55:26Z S 501
2026-10-01T15:55:28Z S 501
2026-10-01T15:55:30Z S 499
2026-10-01T15:55:32Z S 503
2026-10-01T15:55:32Z HIGHCPU 2130383 30.3 (sd-mkdcreds)
2026-10-01T15:55:34Z S 502
2026-10-01T15:55:36Z S 502
2026-10-01T15:55:38Z S 502
2026-10-01T15:55:41Z S 502
2026-10-01T15:55:43Z S 501
2026-10-01T15:55:45Z S 501
2026-10-01T15:55:47Z S 505
2026-10-01T15:55:49Z S 504
2026-10-01T15:55:49Z HIGHCPU 2130877 100 ps
2026-10-01T15:55:51Z S 504
2026-10-01T15:55:53Z S 502
2026-10-01T15:55:55Z S 504
2026-10-01T15:55:57Z S 502
2026-10-01T15:55:59Z S 506
2026-10-01T15:56:01Z S 504
2026-10-01T15:56:03Z S 504
2026-10-01T15:56:05Z S 504
2026-10-01T15:56:07Z S 504
2026-10-01T15:56:09Z S 502
2026-10-01T15:56:11Z S 502
2026-10-01T15:56:13Z S 504
2026-10-01T15:56:15Z S 504
2026-10-01T15:56:17Z S 504
2026-10-01T15:56:19Z S 504
2026-10-01T15:56:22Z S 503
2026-10-01T15:56:24Z S 501
2026-10-01T15:56:26Z S 506
2026-10-01T15:56:28Z S 503
2026-10-01T15:56:30Z S 504
2026-10-01T15:56:32Z S 503
2026-10-01T15:56:34Z S 503
2026-10-01T15:56:36Z S 501
2026-10-01T15:56:38Z S 505
2026-10-01T15:56:38Z HIGHCPU 2132350 29.6 (sd-mkdcreds)
2026-10-01T15:56:40Z S 503
2026-10-01T15:56:42Z S 503
2026-10-01T15:56:44Z S 503
2026-10-01T15:56:44Z HIGHCPU 2132559 100 ps
2026-10-01T15:56:46Z S 503
2026-10-01T15:56:48Z S 501
2026-10-01T15:56:50Z S 501
2026-10-01T15:56:52Z S 505
2026-10-01T15:56:54Z S 503
2026-10-01T15:56:56Z S 503
2026-10-01T15:56:58Z S 501
2026-10-01T15:57:00Z S 502
2026-10-01T15:57:03Z S 498
2026-10-01T15:57:05Z S 504
2026-10-01T15:57:05Z HIGHCPU 2133151 42.2 (sd-mkdcreds)
2026-10-01T15:57:07Z S 503
2026-10-01T15:57:09Z S 503
2026-10-01T15:57:09Z HIGHCPU 2133306 100 ps
2026-10-01T15:57:11Z S 501
2026-10-01T15:57:13Z S 501
2026-10-01T15:57:15Z S 499
2026-10-01T15:57:17Z S 500
2026-10-01T15:57:17Z HIGHCPU 2133535 100 radicle-node
2026-10-01T15:57:19Z S 502
2026-10-01T15:57:21Z S 502
2026-10-01T15:57:23Z S 502
2026-10-01T15:57:25Z S 502
2026-10-01T15:57:27Z S 500
2026-10-01T15:57:29Z S 500
2026-10-01T15:57:31Z S 504
2026-10-01T15:57:31Z HIGHCPU 2133945 26.2 (sd-mkdcreds)
2026-10-01T15:57:33Z S 503
2026-10-01T15:57:35Z S 501
2026-10-01T15:57:38Z S 503
2026-10-01T15:57:40Z S 502
2026-10-01T15:57:42Z S 500
2026-10-01T15:57:44Z S 506
2026-10-01T15:57:46Z S 505
2026-10-01T15:57:48Z S 505
2026-10-01T15:57:50Z S 505
2026-10-01T15:57:52Z S 505
2026-10-01T15:57:54Z S 503
2026-10-01T15:57:56Z S 503
2026-10-01T15:57:58Z S 508
2026-10-01T15:58:00Z S 505
2026-10-01T15:58:02Z S 505
2026-10-01T15:58:04Z S 505
2026-10-01T15:58:06Z S 505
2026-10-01T15:58:08Z S 503
2026-10-01T15:58:10Z S 508
2026-10-01T15:58:12Z S 508
2026-10-01T15:58:14Z S 508
2026-10-01T15:58:16Z S 509
2026-10-01T15:58:18Z S 509
2026-10-01T15:58:21Z S 507
2026-10-01T15:58:23Z S 507
2026-10-01T15:58:25Z S 507
2026-10-01T15:58:27Z S 507
2026-10-01T15:58:29Z S 507
2026-10-01T15:58:31Z S 507
2026-10-01T15:58:33Z S 505
2026-10-01T15:58:35Z S 505
2026-10-01T15:58:37Z S 509
2026-10-01T15:58:37Z HIGHCPU 2135974 100 ps
2026-10-01T15:58:39Z S 507
2026-10-01T15:58:41Z S 507
2026-10-01T15:58:41Z HIGHCPU 2136090 100 ps
2026-10-01T15:58:43Z S 507
2026-10-01T15:58:45Z S 507
2026-10-01T15:58:47Z S 504
2026-10-01T15:58:49Z S 509
2026-10-01T15:58:49Z HIGHCPU 2136318 35.4 (sd-mkdcreds)
2026-10-01T15:58:51Z S 508
2026-10-01T15:58:53Z S 506
2026-10-01T15:58:55Z S 506
2026-10-01T15:58:57Z S 506
2026-10-01T15:58:59Z S 504
2026-10-01T15:59:01Z S 504
2026-10-01T15:59:04Z S 508
2026-10-01T15:59:06Z S 506
2026-10-01T15:59:08Z S 506
2026-10-01T15:59:10Z S 505
2026-10-01T15:59:12Z S 505
2026-10-01T15:59:14Z S 504
2026-10-01T15:59:16Z S 508
2026-10-01T15:59:18Z S 506
2026-10-01T15:59:20Z S 506
2026-10-01T15:59:22Z S 506
2026-10-01T15:59:24Z S 506
2026-10-01T15:59:26Z S 504
2026-10-01T15:59:28Z S 505
2026-10-01T15:59:28Z HIGHCPU 2137504 100 radicle-node
2026-10-01T15:59:30Z S 506
2026-10-01T15:59:32Z S 506
2026-10-01T15:59:34Z S 506
2026-10-01T15:59:36Z S 506
2026-10-01T15:59:38Z S 504
2026-10-01T15:59:40Z S 504
2026-10-01T15:59:43Z S 505
2026-10-01T15:59:45Z S 504
2026-10-01T15:59:47Z S 504
2026-10-01T15:59:49Z S 504
2026-10-01T15:59:51Z S 504
2026-10-01T15:59:53Z S 502
2026-10-01T15:59:55Z S 506
2026-10-01T15:59:57Z S 504
2026-10-01T15:59:59Z S 504
2026-10-01T16:00:01Z S 504
2026-10-01T16:00:03Z S 504
2026-10-01T16:00:05Z S 502
2026-10-01T16:00:07Z S 502
2026-10-01T16:00:09Z S 506
2026-10-01T16:00:11Z S 504
2026-10-01T16:00:13Z S 504
2026-10-01T16:00:15Z S 504
2026-10-01T16:00:15Z HIGHCPU 2138911 75.0 radicle-node
2026-10-01T16:00:17Z S 503
2026-10-01T16:00:20Z S 501
2026-10-01T16:00:22Z S 507
2026-10-01T16:00:24Z S 505
2026-10-01T16:00:26Z S 505
2026-10-01T16:00:28Z S 505
2026-10-01T16:00:30Z S 505
2026-10-01T16:00:32Z S 503
2026-10-01T16:00:34Z S 503
2026-10-01T16:00:36Z S 505
2026-10-01T16:00:38Z S 505
2026-10-01T16:00:40Z S 505
2026-10-01T16:00:40Z HIGHCPU 2139644 100 ps
2026-10-01T16:00:42Z S 505
2026-10-01T16:00:44Z S 502
2026-10-01T16:00:46Z S 502
2026-10-01T16:00:48Z S 504
2026-10-01T16:00:48Z HIGHCPU 2139847 37.6 (sd-mkdcreds)
2026-10-01T16:00:50Z S 502
2026-10-01T16:00:52Z S 503
2026-10-01T16:00:54Z S 503
2026-10-01T16:00:56Z S 503
2026-10-01T16:00:59Z S 501
2026-10-01T16:01:01Z S 505
2026-10-01T16:01:03Z S 503
2026-10-01T16:01:03Z HIGHCPU 2140290 100 radicle-node
2026-10-01T16:01:05Z S 503
2026-10-01T16:01:07Z S 503
2026-10-01T16:01:09Z S 504
2026-10-01T16:01:11Z S 502
2026-10-01T16:01:13Z S 503
2026-10-01T16:01:15Z S 507
2026-10-01T16:01:17Z S 505
2026-10-01T16:01:19Z S 505
2026-10-01T16:01:21Z S 503
2026-10-01T16:01:23Z S 505
2026-10-01T16:01:25Z S 500
2026-10-01T16:01:27Z S 503
2026-10-01T16:01:29Z S 501
2026-10-01T16:01:31Z S 502
2026-10-01T16:01:33Z S 502
2026-10-01T16:01:35Z S 500
2026-10-01T16:01:38Z S 498
2026-10-01T16:01:40Z S 503
2026-10-01T16:01:42Z S 501
2026-10-01T16:01:44Z S 501
2026-10-01T16:01:46Z S 501
2026-10-01T16:01:48Z S 501
2026-10-01T16:01:50Z S 499
2026-10-01T16:01:52Z S 499
2026-10-01T16:01:52Z HIGHCPU 2141749 100 ps
2026-10-01T16:01:54Z S 503
2026-10-01T16:01:56Z S 501
2026-10-01T16:01:58Z S 501
2026-10-01T16:02:00Z S 501
2026-10-01T16:02:02Z S 501
2026-10-01T16:02:04Z S 499
2026-10-01T16:02:06Z S 501
2026-10-01T16:02:08Z S 499
2026-10-01T16:02:10Z S 499
2026-10-01T16:02:12Z S 501
2026-10-01T16:02:14Z S 501
2026-10-01T16:02:16Z S 499
2026-10-01T16:02:19Z S 500
2026-10-01T16:02:21Z S 500
2026-10-01T16:02:23Z S 502
2026-10-01T16:02:25Z S 503
2026-10-01T16:02:27Z S 502
2026-10-01T16:02:29Z S 501
2026-10-01T16:02:31Z S 499
2026-10-01T16:02:33Z S 503
2026-10-01T16:02:35Z S 501
2026-10-01T16:02:37Z S 501
2026-10-01T16:02:39Z S 502
2026-10-01T16:02:41Z S 502
2026-10-01T16:02:43Z S 500
2026-10-01T16:02:45Z S 504
2026-10-01T16:02:47Z S 502
2026-10-01T16:02:49Z S 502
2026-10-01T16:02:51Z S 503
2026-10-01T16:02:53Z S 503
2026-10-01T16:02:55Z S 501
2026-10-01T16:02:58Z S 501
2026-10-01T16:03:00Z S 502
2026-10-01T16:03:02Z S 500
2026-10-01T16:03:04Z S 500
2026-10-01T16:03:06Z S 500
2026-10-01T16:03:08Z S 500
2026-10-01T16:03:10Z S 497
2026-10-01T16:03:12Z S 501
2026-10-01T16:03:14Z S 500
2026-10-01T16:03:14Z HIGHCPU 2144249 83.3 radicle-node
2026-10-01T16:03:16Z S 498
2026-10-01T16:03:18Z S 499
2026-10-01T16:03:20Z S 499
2026-10-01T16:03:22Z S 500
2026-10-01T16:03:24Z S 500
2026-10-01T16:03:26Z S 505
2026-10-01T16:03:28Z S 503
2026-10-01T16:03:30Z S 503
2026-10-01T16:03:32Z S 502
2026-10-01T16:03:34Z S 500
2026-10-01T16:03:36Z S 500
2026-10-01T16:03:36Z HIGHCPU 2144960 100 ps
2026-10-01T16:03:39Z S 504
2026-10-01T16:03:41Z S 502
2026-10-01T16:03:43Z S 502
2026-10-01T16:03:45Z S 502
2026-10-01T16:03:47Z S 500
2026-10-01T16:03:49Z S 500
2026-10-01T16:03:51Z S 504
2026-10-01T16:03:53Z S 502
2026-10-01T16:03:55Z S 502
2026-10-01T16:03:57Z S 502
2026-10-01T16:03:59Z S 502
2026-10-01T16:04:01Z S 500
2026-10-01T16:04:03Z S 501
2026-10-01T16:04:05Z S 504
2026-10-01T16:04:05Z HIGHCPU 2145759 29.9 (sd-mkdcreds)
2026-10-01T16:04:07Z S 502
2026-10-01T16:04:09Z S 502
2026-10-01T16:04:11Z S 502
2026-10-01T16:04:13Z S 502
2026-10-01T16:04:15Z S 500
2026-10-01T16:04:18Z S 504
2026-10-01T16:04:20Z S 503
2026-10-01T16:04:22Z S 503
2026-10-01T16:04:24Z S 503
2026-10-01T16:04:26Z S 503
2026-10-01T16:04:28Z S 501
2026-10-01T16:04:30Z S 501
2026-10-01T16:04:32Z S 505
2026-10-01T16:04:34Z S 504
2026-10-01T16:04:36Z S 504
2026-10-01T16:04:38Z S 504
2026-10-01T16:04:40Z S 504
2026-10-01T16:04:42Z S 502
2026-10-01T16:04:44Z S 507
2026-10-01T16:04:46Z S 504
2026-10-01T16:04:48Z S 503
2026-10-01T16:04:50Z S 504
2026-10-01T16:04:52Z S 504
2026-10-01T16:04:54Z S 503
2026-10-01T16:04:57Z S 507
2026-10-01T16:04:59Z S 505
2026-10-01T16:05:01Z S 505
2026-10-01T16:05:03Z S 505
2026-10-01T16:05:05Z S 505
2026-10-01T16:05:07Z S 504
2026-10-01T16:05:09Z S 504
2026-10-01T16:05:11Z S 509
2026-10-01T16:05:13Z S 507
2026-10-01T16:05:15Z S 508
2026-10-01T16:05:17Z S 508
2026-10-01T16:05:19Z S 508
2026-10-01T16:05:21Z S 506
2026-10-01T16:05:23Z S 510
2026-10-01T16:05:25Z S 505
2026-10-01T16:05:27Z S 506
2026-10-01T16:05:29Z S 507
2026-10-01T16:05:31Z S 507
2026-10-01T16:05:33Z S 505
2026-10-01T16:05:36Z S 505
2026-10-01T16:05:36Z HIGHCPU 2148433 100 ps
2026-10-01T16:05:38Z S 510
2026-10-01T16:05:40Z S 508
2026-10-01T16:05:42Z S 508
2026-10-01T16:05:44Z S 508
2026-10-01T16:05:46Z S 506
2026-10-01T16:05:46Z HIGHCPU 2148746 100 ps
2026-10-01T16:05:48Z S 506
2026-10-01T16:05:50Z S 510
2026-10-01T16:05:52Z S 507
2026-10-01T16:05:54Z S 507
2026-10-01T16:05:56Z S 508
2026-10-01T16:05:58Z S 508
2026-10-01T16:06:00Z S 506
2026-10-01T16:06:02Z S 510
2026-10-01T16:06:02Z HIGHCPU 2149169 34.2 (sd-mkdcreds)
2026-10-01T16:06:04Z S 508
2026-10-01T16:06:06Z S 508
2026-10-01T16:06:08Z S 508
2026-10-01T16:06:10Z S 508
2026-10-01T16:06:12Z S 504
2026-10-01T16:06:15Z S 504
2026-10-01T16:06:17Z S 508
2026-10-01T16:06:19Z S 506
2026-10-01T16:06:21Z S 506
2026-10-01T16:06:23Z S 506
2026-10-01T16:06:25Z S 506
2026-10-01T16:06:27Z S 505
2026-10-01T16:06:29Z S 511
2026-10-01T16:06:29Z HIGHCPU 2150033 100 ps
2026-10-01T16:06:31Z S 509
2026-10-01T16:06:33Z S 509
2026-10-01T16:06:35Z S 507
2026-10-01T16:06:37Z S 507
2026-10-01T16:06:39Z S 507
2026-10-01T16:06:41Z S 506
2026-10-01T16:06:43Z S 510
2026-10-01T16:06:45Z S 508
2026-10-01T16:06:47Z S 508
2026-10-01T16:06:49Z S 506
2026-10-01T16:06:51Z S 507
2026-10-01T16:06:53Z S 506
2026-10-01T16:06:56Z S 510
2026-10-01T16:06:58Z S 508
2026-10-01T16:07:00Z S 509
2026-10-01T16:07:00Z HIGHCPU 2151030 50.0 radicle-node
2026-10-01T16:07:02Z S 509
2026-10-01T16:07:04Z S 509
2026-10-01T16:07:06Z S 507
2026-10-01T16:07:08Z S 511
2026-10-01T16:07:10Z S 509
2026-10-01T16:07:12Z S 509
2026-10-01T16:07:14Z S 509
2026-10-01T16:07:16Z S 509
2026-10-01T16:07:18Z S 507
2026-10-01T16:07:20Z S 507
2026-10-01T16:07:22Z S 511
2026-10-01T16:07:24Z S 509
2026-10-01T16:07:26Z S 508
2026-10-01T16:07:28Z S 508
2026-10-01T16:07:30Z S 508
2026-10-01T16:07:32Z S 506
2026-10-01T16:07:34Z S 510
2026-10-01T16:07:37Z S 508
2026-10-01T16:07:39Z S 506
2026-10-01T16:07:41Z S 506
2026-10-01T16:07:43Z S 507
2026-10-01T16:07:45Z S 505
2026-10-01T16:07:47Z S 504
2026-10-01T16:07:49Z S 509
2026-10-01T16:07:51Z S 507
2026-10-01T16:07:53Z S 508
2026-10-01T16:07:55Z S 507
2026-10-01T16:07:57Z S 505
2026-10-01T16:07:59Z S 506
2026-10-01T16:08:01Z S 510
2026-10-01T16:08:03Z S 507
2026-10-01T16:08:05Z S 509
2026-10-01T16:08:07Z S 510
2026-10-01T16:08:09Z S 510
2026-10-01T16:08:11Z S 508
2026-10-01T16:08:13Z S 512
2026-10-01T16:08:15Z S 511
2026-10-01T16:08:17Z S 510
2026-10-01T16:08:20Z S 511
2026-10-01T16:08:22Z S 511
2026-10-01T16:08:24Z S 509
2026-10-01T16:08:26Z S 509
2026-10-01T16:08:28Z S 510
2026-10-01T16:08:30Z S 508
2026-10-01T16:08:32Z S 509
2026-10-01T16:08:32Z HIGHCPU 2153760 100 ps
2026-10-01T16:08:34Z S 508
2026-10-01T16:08:34Z HIGHCPU 2153825 100 ps
2026-10-01T16:08:36Z S 509
2026-10-01T16:08:38Z S 507
2026-10-01T16:08:40Z S 512
2026-10-01T16:08:42Z S 510
2026-10-01T16:08:44Z S 510
2026-10-01T16:08:44Z HIGHCPU 2154124 100 ps
2026-10-01T16:08:46Z S 509
2026-10-01T16:08:48Z S 510
2026-10-01T16:08:48Z HIGHCPU 2154289 100 ps
2026-10-01T16:08:50Z S 508
2026-10-01T16:08:52Z S 508
2026-10-01T16:08:54Z S 512
2026-10-01T16:08:56Z S 510
2026-10-01T16:08:58Z S 510
2026-10-01T16:09:01Z S 510
2026-10-01T16:09:03Z S 510
2026-10-01T16:09:03Z HIGHCPU 2154681 100 ps
2026-10-01T16:09:05Z S 508
2026-10-01T16:09:07Z S 513
2026-10-01T16:09:09Z S 510
2026-10-01T16:09:11Z S 510
2026-10-01T16:09:13Z S 510
2026-10-01T16:09:15Z S 510
2026-10-01T16:09:17Z S 508
2026-10-01T16:09:19Z S 512
2026-10-01T16:09:21Z S 510
2026-10-01T16:09:23Z S 510
2026-10-01T16:09:25Z S 510
2026-10-01T16:09:25Z HIGHCPU 2155384 100 ps
2026-10-01T16:09:27Z S 510
2026-10-01T16:09:29Z S 508
2026-10-01T16:09:31Z S 508
2026-10-01T16:09:33Z S 510
2026-10-01T16:09:35Z S 508
2026-10-01T16:09:37Z S 508
2026-10-01T16:09:39Z S 509
2026-10-01T16:09:42Z S 508
2026-10-01T16:09:44Z S 506
2026-10-01T16:09:46Z S 511
2026-10-01T16:09:48Z S 510
2026-10-01T16:09:48Z HIGHCPU 2156031 85.7 radicle-node
2026-10-01T16:09:50Z S 509
2026-10-01T16:09:52Z S 509
2026-10-01T16:09:54Z S 507
2026-10-01T16:09:56Z S 505
2026-10-01T16:09:58Z S 505
2026-10-01T16:10:00Z S 509
2026-10-01T16:10:02Z S 507
2026-10-01T16:10:02Z HIGHCPU 2156430 100 ps
2026-10-01T16:10:04Z S 507
2026-10-01T16:10:06Z S 507
2026-10-01T16:10:08Z S 507
2026-10-01T16:10:10Z S 505
2026-10-01T16:10:12Z S 509
2026-10-01T16:10:14Z S 505
2026-10-01T16:10:16Z S 505
2026-10-01T16:10:18Z S 505
2026-10-01T16:10:20Z S 505
2026-10-01T16:10:23Z S 499
2026-10-01T16:10:25Z S 503
2026-10-01T16:10:27Z S 505
2026-10-01T16:10:27Z HIGHCPU 2157207 100 ps
2026-10-01T16:10:29Z S 505
2026-10-01T16:10:31Z S 507
2026-10-01T16:10:33Z S 507
2026-10-01T16:10:35Z S 505
2026-10-01T16:10:37Z S 505
2026-10-01T16:10:39Z S 506
2026-10-01T16:10:41Z S 504
2026-10-01T16:10:43Z S 504
2026-10-01T16:10:45Z S 505
2026-10-01T16:10:47Z S 505
2026-10-01T16:10:49Z S 504
2026-10-01T16:10:51Z S 508
2026-10-01T16:10:53Z S 506
2026-10-01T16:10:55Z S 506
2026-10-01T16:10:57Z S 505
2026-10-01T16:10:59Z S 505
2026-10-01T16:11:02Z S 503
2026-10-01T16:11:04Z S 503
2026-10-01T16:11:06Z S 507
2026-10-01T16:11:08Z S 506
2026-10-01T16:11:10Z S 506
2026-10-01T16:11:12Z S 505
2026-10-01T16:11:14Z S 505
2026-10-01T16:11:16Z S 503
2026-10-01T16:11:18Z S 507
2026-10-01T16:11:20Z S 505
2026-10-01T16:11:22Z S 505
2026-10-01T16:11:24Z S 506
2026-10-01T16:11:26Z S 506
2026-10-01T16:11:28Z S 503
2026-10-01T16:11:30Z S 507
2026-10-01T16:11:30Z HIGHCPU 2159034 62.5 (sd-mkdcreds)
2026-10-01T16:11:32Z S 505
2026-10-01T16:11:34Z S 504
2026-10-01T16:11:36Z S 505
2026-10-01T16:11:38Z S 505
2026-10-01T16:11:40Z S 501
2026-10-01T16:11:43Z S 501
2026-10-01T16:11:45Z S 503
2026-10-01T16:11:47Z S 501
2026-10-01T16:11:49Z S 501
2026-10-01T16:11:51Z S 501
2026-10-01T16:11:53Z S 501
2026-10-01T16:11:55Z S 499
2026-10-01T16:11:57Z S 503
2026-10-01T16:11:57Z HIGHCPU 2159833 100 ps
2026-10-01T16:11:59Z S 501
2026-10-01T16:12:01Z S 501
2026-10-01T16:12:03Z S 501
2026-10-01T16:12:05Z S 501
2026-10-01T16:12:05Z HIGHCPU 2160069 100 ps
2026-10-01T16:12:07Z S 499
2026-10-01T16:12:09Z S 499
2026-10-01T16:12:11Z S 501
2026-10-01T16:12:13Z S 501
2026-10-01T16:12:16Z S 500
2026-10-01T16:12:18Z S 500
2026-10-01T16:12:20Z S 498
2026-10-01T16:12:22Z S 501
2026-10-01T16:12:24Z S 505
2026-10-01T16:12:24Z HIGHCPU 2160607 36.2 (sd-mkdcreds)
2026-10-01T16:12:26Z S 503
2026-10-01T16:12:28Z S 503
2026-10-01T16:12:30Z S 503
2026-10-01T16:12:32Z S 503
2026-10-01T16:12:34Z S 501
2026-10-01T16:12:36Z S 505
2026-10-01T16:12:38Z S 503
2026-10-01T16:12:40Z S 503
2026-10-01T16:12:42Z S 503
2026-10-01T16:12:44Z S 503
2026-10-01T16:12:46Z S 501
2026-10-01T16:12:48Z S 501
2026-10-01T16:12:51Z S 504
2026-10-01T16:12:53Z S 502
2026-10-01T16:12:55Z S 503
2026-10-01T16:12:57Z S 504
2026-10-01T16:12:57Z HIGHCPU 2161590 100 radicle-node
2026-10-01T16:12:59Z S 503
2026-10-01T16:13:01Z S 501
2026-10-01T16:13:03Z S 504
2026-10-01T16:13:05Z S 502
2026-10-01T16:13:07Z S 502
2026-10-01T16:13:09Z S 501
2026-10-01T16:13:11Z S 501
2026-10-01T16:13:13Z S 500
2026-10-01T16:13:15Z S 504
2026-10-01T16:13:17Z S 503
2026-10-01T16:13:19Z S 504
2026-10-01T16:13:21Z S 504
2026-10-01T16:13:23Z S 502
2026-10-01T16:13:25Z S 501
2026-10-01T16:13:27Z S 501
2026-10-01T16:13:30Z S 506
2026-10-01T16:13:32Z S 504
2026-10-01T16:13:34Z S 504
2026-10-01T16:13:36Z S 502
2026-10-01T16:13:38Z S 502
2026-10-01T16:13:40Z S 500
2026-10-01T16:13:42Z S 504
2026-10-01T16:13:44Z S 502
2026-10-01T16:13:46Z S 502
2026-10-01T16:13:48Z S 502
2026-10-01T16:13:50Z S 502
2026-10-01T16:13:52Z S 500
2026-10-01T16:13:54Z S 500
2026-10-01T16:13:56Z S 502
2026-10-01T16:13:58Z S 500
2026-10-01T16:14:00Z S 500
2026-10-01T16:14:02Z S 500
2026-10-01T16:14:04Z S 500
2026-10-01T16:14:06Z S 500
2026-10-01T16:14:08Z S 505
2026-10-01T16:14:10Z S 503
2026-10-01T16:14:13Z S 503
2026-10-01T16:14:15Z S 503
2026-10-01T16:14:17Z S 503
2026-10-01T16:14:19Z S 501
2026-10-01T16:14:21Z S 503
2026-10-01T16:14:23Z S 504
2026-10-01T16:14:25Z S 503
2026-10-01T16:14:27Z S 503
2026-10-01T16:14:27Z HIGHCPU 2164281 100 ps
2026-10-01T16:14:29Z S 503
2026-10-01T16:14:31Z S 501
2026-10-01T16:14:33Z S 501
2026-10-01T16:14:35Z S 505
2026-10-01T16:14:37Z S 503
2026-10-01T16:14:39Z S 503
2026-10-01T16:14:41Z S 503
2026-10-01T16:14:43Z S 503
2026-10-01T16:14:45Z S 501
2026-10-01T16:14:47Z S 505
2026-10-01T16:14:49Z S 504
2026-10-01T16:14:51Z S 504
2026-10-01T16:14:53Z S 504
2026-10-01T16:14:56Z S 504
2026-10-01T16:14:58Z S 500
2026-10-01T16:15:00Z S 502
2026-10-01T16:15:02Z S 505
2026-10-01T16:15:04Z S 503
2026-10-01T16:15:06Z S 503
2026-10-01T16:15:08Z S 503
2026-10-01T16:15:10Z S 503
2026-10-01T16:15:12Z S 501
2026-10-01T16:15:14Z S 505
2026-10-01T16:15:14Z HIGHCPU 2165619 28.3 (sd-mkdcreds)
2026-10-01T16:15:16Z S 503
2026-10-01T16:15:18Z S 503
2026-10-01T16:15:20Z S 503
2026-10-01T16:15:22Z S 503
2026-10-01T16:15:24Z S 501
2026-10-01T16:15:26Z S 501
2026-10-01T16:15:28Z S 504
2026-10-01T16:15:30Z S 504
2026-10-01T16:15:32Z S 504
2026-10-01T16:15:34Z S 503
2026-10-01T16:15:36Z S 501
2026-10-01T16:15:38Z S 501
2026-10-01T16:15:41Z S 505
2026-10-01T16:15:43Z S 503
2026-10-01T16:15:45Z S 504
2026-10-01T16:15:47Z S 504
2026-10-01T16:15:49Z S 504
2026-10-01T16:15:51Z S 502
2026-10-01T16:15:53Z S 506
2026-10-01T16:15:55Z S 504
2026-10-01T16:15:57Z S 505
2026-10-01T16:15:59Z S 504
2026-10-01T16:16:01Z S 502
2026-10-01T16:16:03Z S 500
2026-10-01T16:16:05Z S 502
2026-10-01T16:16:07Z S 505
2026-10-01T16:16:09Z S 501
2026-10-01T16:16:11Z S 503
2026-10-01T16:16:13Z S 503
2026-10-01T16:16:15Z S 502
2026-10-01T16:16:17Z S 501
2026-10-01T16:16:19Z S 505
2026-10-01T16:16:22Z S 503
2026-10-01T16:16:22Z HIGHCPU 2167556 30.3 kworker/1:0-cgwb_release
2026-10-01T16:16:24Z S 503
2026-10-01T16:16:26Z S 503
2026-10-01T16:16:28Z S 504
2026-10-01T16:16:30Z S 503
2026-10-01T16:16:32Z S 503
2026-10-01T16:16:34Z S 505
2026-10-01T16:16:34Z HIGHCPU 2167947 29.2 kworker/10:3-events
2026-10-01T16:16:36Z S 505
2026-10-01T16:16:38Z S 504
2026-10-01T16:16:40Z S 505
2026-10-01T16:16:42Z S 503
2026-10-01T16:16:44Z S 503
2026-10-01T16:16:46Z S 507
2026-10-01T16:16:48Z S 505
2026-10-01T16:16:50Z S 505
2026-10-01T16:16:52Z S 505
2026-10-01T16:16:55Z S 506
2026-10-01T16:16:57Z S 503
