cc -std=gnu11 -Wall -Wextra -Werror -MMD -MP -D_GNU_SOURCE -O2 -Isrc -I/home/drakestapleton/workspace/cand3-campaign/cand2/wt-physics-chip/m16 -I/home/drakestapleton/workspace/cand3-campaign/cand2/wt-physics-chip/nvrm -I/home/drakestapleton/workspace/cand3-campaign/cand2/wt-physics-chip/third_party/nvidia-open-580.173.02/src/common/sdk/nvidia/inc -I/home/drakestapleton/workspace/cand3-campaign/cand2/wt-physics-chip/third_party/nvidia-open-580.173.02/kernel-open/common/inc -I/home/drakestapleton/workspace/cand3-campaign/cand2/wt-physics-chip/third_party/nvidia-open-580.173.02/kernel-open/nvidia-uvm -I/home/drakestapleton/workspace/cand3-campaign/cand2/wt-physics-chip/third_party/nvidia-open-580.173.02/src/nvidia/arch/nvalloc/unix/include -c -o build/rx_cortex.o src/runtime/rx_cortex.c
cc -std=gnu11 -Wall -Wextra -Werror -MMD -MP -D_GNU_SOURCE -O2 -Isrc -I/home/drakestapleton/workspace/cand3-campaign/cand2/wt-physics-chip/m16 -I/home/drakestapleton/workspace/cand3-campaign/cand2/wt-physics-chip/nvrm -I/home/drakestapleton/workspace/cand3-campaign/cand2/wt-physics-chip/third_party/nvidia-open-580.173.02/src/common/sdk/nvidia/inc -I/home/drakestapleton/workspace/cand3-campaign/cand2/wt-physics-chip/third_party/nvidia-open-580.173.02/kernel-open/common/inc -I/home/drakestapleton/workspace/cand3-campaign/cand2/wt-physics-chip/third_party/nvidia-open-580.173.02/kernel-open/nvidia-uvm -I/home/drakestapleton/workspace/cand3-campaign/cand2/wt-physics-chip/third_party/nvidia-open-580.173.02/src/nvidia/arch/nvalloc/unix/include -DRXC_GATE_GPU -Itests/runtime -pthread -o build/rx_composition_gate_gpu src/runtime/rx_compose.c src/runtime/rx_jspace.c src/runtime/rx_caproot.c src/runtime/rx_world.c src/runtime/rx_coherent.c src/runtime/rx_native_bind.c src/runtime/rx_aegis.c src/runtime/rx_cortex_record.c src/runtime/aien_machine_id.c src/sha256.c src/omega_evidence.c src/omega_core.c src/omega_canonical.c \
	src/omega_blackwell_submit.c src/omega_blackwell_engine.c src/omega_gpu_engine.c src/omega_blackwell_matmul.c src/omega_blackwell_codegen.c src/omega_blackwell_encoder.c src/omega_blackwell_qmd.c src/omega_blackwell_realize.c src/omega_vector.c src/omega_validate.c src/omega_gpu_wait.c /home/drakestapleton/workspace/cand3-campaign/cand2/wt-physics-chip/m16/m16_native.c /home/drakestapleton/workspace/cand3-campaign/cand2/wt-physics-chip/nvrm/nvrm.c tests/runtime/rx_composition_gate.c build/rx_cortex.o build/rx_skillroute.o build/rx_capq.o build/rx_graph.o build/aienos-cap/bbad5e4250e57f8cbd1be4cf1390109aa65ef92c/libaienos_capability.a -lm -ldl
./build/rx_composition_gate_gpu "$(git rev-parse HEAD)" build/composition_gate_gpu_receipt.json
  step  1 canonical_machine_id                   PASS / PASS  stored=1 foreign_open=-27
  step  2 register_capability_and_pinned_skill   PASS / PASS  skill_a_caps=1 skill_b_caps=1
  step  3 create_world                           PASS / PASS  state_ref=0/0 attached=1
  step  4 goal_needs_capability                  PASS / PASS  alternatives=2 skills=7,8 goal_crumb=6
  step  5 fork_alternatives                      PASS / PASS  cand0=1/0 cand1=2/0
  step  6 one_fails_contract                     PASS / PASS  passmask=2 (bit k = candidate k met the contract)
  step  7 select_survivor                        PASS / PASS  winner=1 result=16
  step  8 commit_world                           PASS / PASS  outcome=1 new_ref=2/0
  step  9 loser_not_externalized                 PASS / PASS  loser_stale=1 loser_promotions=0 loser_admission=20
  step 10 seal_winner_reclaim_losers             PASS / PASS  winner_sealed=1 old_stale=1 reclaimed=1 live=1
  step 11 recorded_in_cortex                     PASS / PASS  claims=16,17 evidence=18 promotion=19
  step 12 close_reopen_replay                    PASS / PASS  records=25 state=2/0 content_match=1 rolled_back=0
  step 13 recall_and_provenance                  PASS / PASS  recalled=1 provenance=13 goal=1 candidate=1
  step 14 deterministic_rerun                    PASS / PASS  record_digest_equal=1 winner_digest_equal=1 both_runs_pass=1
  chip: skill_a=2 skill_b=2 failures=0 out_of_range=0 elapsed_ns=382803 chip_ok=1
COMPOSITION-2 gate (GPU tier): PASS
