POLYGLOT_COMMIT=$(git rev-parse HEAD) POLYGLOT_DIRTY=$(git status --porcelain -- src tests mk Makefile spec | grep -c .) POLYGLOT_BENCH_SHA=$(sha256sum build/polyglot/bench_polyglot | cut -c1-64) POLYGLOT_CFLAGS_O2='-std=c11 -O2 -march=armv8.6-a+dotprod+i8mm+sve' POLYGLOT_CFLAGS_O3='-std=c11 -O3 -march=armv8.6-a+dotprod+i8mm+sve -mcpu=native' POLYGLOT_CFLAGS_LANE='-Wall -Wextra -Werror -O2 -march=armv8.6-a+dotprod+i8mm+sve -Isrc ' ./build/polyglot/bench_polyglot --manifest build/polyglot/manifest.tsv --spec spec/polyglot-0.md \
	--out evidence/POLYGLOT 
bench_polyglot 20260929T191231Z-071bfdbd76c7: 18 candidates, cpu 7 (Cortex-X925, capacity 997, performance, 3900000 kHz), N=21
  S1 sp=0.00 R1_plain         median         79.8 ns  mad       0.1  min         79.1  reps  16384  pack/w 0.637 ns  retakes 1
  S1 sp=0.00 R1_sdot          median         37.2 ns  mad       0.0  min         37.0  reps  65536  pack/w 0.641 ns  retakes 0
  S1 sp=0.00 R1_sdot_il       median         92.7 ns  mad       0.1  min         92.4  reps  16384  pack/w 0.844 ns  retakes 0
  S1 sp=0.00 R1_smmla         median        105.4 ns  mad       0.1  min        105.2  reps  16384  pack/w 1.160 ns  retakes 0
  S1 sp=0.00 R2c_crumb        median        110.3 ns  mad       2.1  min        102.6  reps  16384  pack/w 0.848 ns  retakes 1
  S1 sp=0.00 R2_bitplane      median         87.5 ns  mad       0.1  min         87.3  reps  16384  pack/w 1.227 ns  retakes 0
  S1 sp=0.00 R1_plain@O3      median         86.3 ns  mad       0.1  min         86.2  reps  16384  pack/w 0.594 ns  retakes 0
  S1 sp=0.00 R1_sdot@O3       median         36.8 ns  mad       0.0  min         36.7  reps  65536  pack/w 0.590 ns  retakes 0
  S1 sp=0.00 R1_sdot_il@O3    median         92.0 ns  mad       0.1  min         91.9  reps  16384  pack/w 0.805 ns  retakes 0
  S1 sp=0.00 R1_smmla@O3      median         82.8 ns  mad       0.1  min         82.6  reps  16384  pack/w 0.855 ns  retakes 0
  S1 sp=0.00 R2c_crumb@O3     median         56.7 ns  mad       0.0  min         56.7  reps  32768  pack/w 0.586 ns  retakes 0
  S1 sp=0.00 R2_bitplane@O3   median         84.7 ns  mad       0.1  min         84.6  reps  16384  pack/w 0.945 ns  retakes 0
  S1 sp=0.00 asm_sdot         median         36.0 ns  mad       0.0  min         36.0  reps  65536  pack/w 0.641 ns  retakes 0
  S1 sp=0.00 asm_crumb        median         55.0 ns  mad       0.0  min         54.9  reps  32768  pack/w 0.895 ns  retakes 0
  S1 sp=0.00 enc_sdot         median         36.1 ns  mad       0.0  min         36.1  reps  65536  pack/w 0.641 ns  retakes 0
  S1 sp=0.00 enc_crumb        median         55.2 ns  mad       0.0  min         55.1  reps  32768  pack/w 0.852 ns  retakes 0
  S1 sp=0.00 MJ1_sdot         median         41.1 ns  mad       0.0  min         41.0  reps  32768  pack/w 0.074 ns  retakes 0
  S1 sp=0.00 MJ2c_crumb       median         58.9 ns  mad       0.1  min         58.8  reps  32768  pack/w 0.602 ns  retakes 0
  S1 sp=0.33 R1_plain         median         79.7 ns  mad       0.0  min         79.7  reps  16384  pack/w 0.633 ns  retakes 0
  S1 sp=0.33 R1_sdot          median         37.2 ns  mad       0.1  min         37.1  reps  65536  pack/w 0.645 ns  retakes 1
  S1 sp=0.33 R1_sdot_il       median         88.4 ns  mad       0.0  min         88.2  reps  16384  pack/w 0.844 ns  retakes 0
  S1 sp=0.33 R1_smmla         median        105.4 ns  mad       0.1  min        105.3  reps  16384  pack/w 1.160 ns  retakes 0
  S1 sp=0.33 R2c_crumb        median        109.1 ns  mad       2.2  min        104.4  reps  16384  pack/w 0.852 ns  retakes 1
  S1 sp=0.33 R2_bitplane      median         87.4 ns  mad       0.1  min         87.2  reps  16384  pack/w 1.938 ns  retakes 2
  S1 sp=0.33 R1_plain@O3      median         86.3 ns  mad       0.0  min         86.1  reps  16384  pack/w 0.594 ns  retakes 1
  S1 sp=0.33 R1_sdot@O3       median         38.5 ns  mad       0.0  min         38.4  reps  32768  pack/w 0.590 ns  retakes 0
  S1 sp=0.33 R1_sdot_il@O3    median         88.6 ns  mad       0.1  min         88.4  reps  16384  pack/w 0.797 ns  retakes 1
  S1 sp=0.33 R1_smmla@O3      median         82.7 ns  mad       0.1  min         82.4  reps  16384  pack/w 0.855 ns  retakes 0
  S1 sp=0.33 R2c_crumb@O3     median         56.6 ns  mad       0.0  min         56.6  reps  32768  pack/w 0.582 ns  retakes 1
  S1 sp=0.33 R2_bitplane@O3   median         84.7 ns  mad       0.0  min         84.6  reps  16384  pack/w 0.941 ns  retakes 0
  S1 sp=0.33 asm_sdot         median         35.9 ns  mad       0.0  min         35.9  reps  65536  pack/w 0.598 ns  retakes 1
  S1 sp=0.33 asm_crumb        median         54.9 ns  mad       0.0  min         54.8  reps  32768  pack/w 0.891 ns  retakes 0
  S1 sp=0.33 enc_sdot         median         36.0 ns  mad       0.0  min         36.0  reps  65536  pack/w 0.645 ns  retakes 1
  S1 sp=0.33 enc_crumb        median         55.1 ns  mad       0.0  min         55.1  reps  32768  pack/w 0.891 ns  retakes 0
  S1 sp=0.33 MJ1_sdot         median         40.9 ns  mad       0.0  min         40.8  reps  32768  pack/w 0.086 ns  retakes 1
  S1 sp=0.33 MJ2c_crumb       median         58.8 ns  mad       0.0  min         58.7  reps  32768  pack/w 0.602 ns  retakes 0
  S1 sp=0.66 R1_plain         median         79.8 ns  mad       0.0  min         79.6  reps  16384  pack/w 0.598 ns  retakes 0
  S1 sp=0.66 R1_sdot          median         37.2 ns  mad       0.1  min         37.1  reps  65536  pack/w 0.641 ns  retakes 1
  S1 sp=0.66 R1_sdot_il       median         92.5 ns  mad       0.0  min         92.4  reps  16384  pack/w 0.844 ns  retakes 1
  S1 sp=0.66 R1_smmla         median        105.4 ns  mad       0.1  min        105.2  reps  16384  pack/w 1.156 ns  retakes 0
  S1 sp=0.66 R2c_crumb        median        110.4 ns  mad       2.1  min        104.4  reps  16384  pack/w 0.848 ns  retakes 0
  S1 sp=0.66 R2_bitplane      median         87.4 ns  mad       0.1  min         87.2  reps  16384  pack/w 1.371 ns  retakes 0
  S1 sp=0.66 R1_plain@O3      median         86.3 ns  mad       0.0  min         86.2  reps  16384  pack/w 0.598 ns  retakes 0
  S1 sp=0.66 R1_sdot@O3       median         36.8 ns  mad       0.0  min         36.7  reps  65536  pack/w 0.594 ns  retakes 1
  S1 sp=0.66 R1_sdot_il@O3    median         91.8 ns  mad       0.1  min         91.7  reps  16384  pack/w 0.809 ns  retakes 0
  S1 sp=0.66 R1_smmla@O3      median         84.4 ns  mad       0.1  min         84.0  reps  16384  pack/w 0.855 ns  retakes 0
  S1 sp=0.66 R2c_crumb@O3     median         56.7 ns  mad       0.0  min         56.6  reps  32768  pack/w 0.578 ns  retakes 0
  S1 sp=0.66 R2_bitplane@O3   median         84.6 ns  mad       0.0  min         84.5  reps  16384  pack/w 0.941 ns  retakes 0
  S1 sp=0.66 asm_sdot         median         36.0 ns  mad       0.1  min         35.9  reps  65536  pack/w 0.641 ns  retakes 0
  S1 sp=0.66 asm_crumb        median         54.9 ns  mad       0.0  min         54.8  reps  32768  pack/w 0.852 ns  retakes 0
  S1 sp=0.66 enc_sdot         median         37.4 ns  mad       0.0  min         37.4  reps  65536  pack/w 0.641 ns  retakes 0
  S1 sp=0.66 enc_crumb        median         55.1 ns  mad       0.0  min         55.1  reps  32768  pack/w 0.848 ns  retakes 0
  S1 sp=0.66 MJ1_sdot         median         41.1 ns  mad       0.0  min         41.0  reps  32768  pack/w 0.074 ns  retakes 0
  S1 sp=0.66 MJ2c_crumb       median         58.8 ns  mad       0.0  min         58.7  reps  32768  pack/w 0.602 ns  retakes 0
  S2 sp=0.00 R1_plain         median       4475.9 ns  mad       3.6  min       4466.2  reps    512  pack/w 0.632 ns  retakes 0
  S2 sp=0.00 R1_sdot          median       2277.4 ns  mad       1.2  min       2276.0  reps   1024  pack/w 0.586 ns  retakes 0
  S2 sp=0.00 R1_sdot_il       median       2193.0 ns  mad       1.5  min       2189.7  reps   1024  pack/w 0.791 ns  retakes 1
  S2 sp=0.00 R1_smmla         median       2257.7 ns  mad       1.1  min       2254.0  reps   1024  pack/w 0.741 ns  retakes 2
  S2 sp=0.00 R2c_crumb        median       2720.7 ns  mad       2.8  min       2713.8  reps    512  pack/w 0.845 ns  retakes 0
  S2 sp=0.00 R2_bitplane      median       3591.9 ns  mad       1.2  min       3586.1  reps    512  pack/w 2.449 ns  retakes 1
  S2 sp=0.00 R1_plain@O3      median       4492.3 ns  mad       3.2  min       4480.1  reps    512  pack/w 0.586 ns  retakes 1
  S2 sp=0.00 R1_sdot@O3       median       2282.4 ns  mad       2.8  min       2277.9  reps   1024  pack/w 0.586 ns  retakes 0
  S2 sp=0.00 R1_sdot_il@O3    median       2191.2 ns  mad       1.0  min       2189.2  reps   1024  pack/w 0.788 ns  retakes 1
  S2 sp=0.00 R1_smmla@O3      median       2253.5 ns  mad       1.6  min       2250.2  reps   1024  pack/w 0.604 ns  retakes 1
  S2 sp=0.00 R2c_crumb@O3     median       2743.3 ns  mad       2.7  min       2735.0  reps    512  pack/w 0.578 ns  retakes 0
  S2 sp=0.00 R2_bitplane@O3   median       3552.7 ns  mad       2.1  min       3547.7  reps    512  pack/w 0.937 ns  retakes 0
  S2 sp=0.00 asm_sdot         median       2191.2 ns  mad       1.9  min       2186.4  reps   1024  pack/w 0.584 ns  retakes 0
  S2 sp=0.00 asm_crumb        median       2615.5 ns  mad       1.3  min       2611.4  reps    512  pack/w 0.894 ns  retakes 1
  S2 sp=0.00 enc_sdot         median       2191.7 ns  mad       1.7  min       2188.1  reps   1024  pack/w 0.583 ns  retakes 2
  S2 sp=0.00 enc_crumb        median       2613.3 ns  mad       2.3  min       2594.7  reps    512  pack/w 0.893 ns  retakes 0
  S2 sp=0.00 MJ1_sdot         median       2224.2 ns  mad       2.0  min       2221.8  reps   1024  pack/w 0.067 ns  retakes 0
  S2 sp=0.00 MJ2c_crumb       median       2260.3 ns  mad       2.1  min       2257.5  reps   1024  pack/w 0.600 ns  retakes 0
  S2 sp=0.33 R1_plain         median       4480.9 ns  mad       8.2  min       4470.7  reps    512  pack/w 0.584 ns  retakes 1
  S2 sp=0.33 R1_sdot          median       2284.6 ns  mad       2.1  min       2280.1  reps   1024  pack/w 0.634 ns  retakes 0
  S2 sp=0.33 R1_sdot_il       median       2189.8 ns  mad       1.8  min       2187.1  reps   1024  pack/w 0.801 ns  retakes 1
  S2 sp=0.33 R1_smmla         median       2251.2 ns  mad       1.4  min       2248.7  reps   1024  pack/w 0.718 ns  retakes 0
  S2 sp=0.33 R2c_crumb        median       2716.5 ns  mad       2.1  min       2710.2  reps    512  pack/w 0.829 ns  retakes 0
  S2 sp=0.33 R2_bitplane      median       3590.1 ns  mad       2.7  min       3584.2  reps    512  pack/w 2.994 ns  retakes 0
  S2 sp=0.33 R1_plain@O3      median       4487.4 ns  mad       3.8  min       4471.6  reps    512  pack/w 0.585 ns  retakes 0
  S2 sp=0.33 R1_sdot@O3       median       2276.6 ns  mad       2.6  min       2269.9  reps   1024  pack/w 0.586 ns  retakes 1
  S2 sp=0.33 R1_sdot_il@O3    median       2190.8 ns  mad       0.9  min       2188.4  reps   1024  pack/w 0.790 ns  retakes 1
  S2 sp=0.33 R1_smmla@O3      median       2250.3 ns  mad       0.9  min       2246.3  reps   1024  pack/w 0.603 ns  retakes 0
  S2 sp=0.33 R2c_crumb@O3     median       2742.8 ns  mad       4.5  min       2733.0  reps    512  pack/w 0.579 ns  retakes 0
  S2 sp=0.33 R2_bitplane@O3   median       3549.1 ns  mad       3.5  min       3542.2  reps    512  pack/w 0.934 ns  retakes 0
  S2 sp=0.33 asm_sdot         median       2192.6 ns  mad       1.7  min       2186.4  reps   1024  pack/w 0.583 ns  retakes 0
  S2 sp=0.33 asm_crumb        median       2614.4 ns  mad       1.2  min       2611.6  reps    512  pack/w 0.888 ns  retakes 0
  S2 sp=0.33 enc_sdot         median       2192.6 ns  mad       2.6  min       2187.7  reps   1024  pack/w 0.630 ns  retakes 1
  S2 sp=0.33 enc_crumb        median       2613.9 ns  mad       3.2  min       2598.8  reps    512  pack/w 0.894 ns  retakes 0
  S2 sp=0.33 MJ1_sdot         median       2227.5 ns  mad       2.7  min       2218.5  reps   1024  pack/w 0.067 ns  retakes 0
  S2 sp=0.33 MJ2c_crumb       median       2260.6 ns  mad       1.2  min       2256.9  reps   1024  pack/w 0.599 ns  retakes 0
  S2 sp=0.66 R1_plain         median       4478.7 ns  mad       2.3  min       4471.2  reps    512  pack/w 0.584 ns  retakes 1
  S2 sp=0.66 R1_sdot          median       2284.1 ns  mad       1.7  min       2282.3  reps   1024  pack/w 0.587 ns  retakes 0
  S2 sp=0.66 R1_sdot_il       median       2191.0 ns  mad       1.4  min       2188.2  reps   1024  pack/w 0.786 ns  retakes 1
  S2 sp=0.66 R1_smmla         median       2252.7 ns  mad       1.5  min       2249.9  reps   1024  pack/w 0.740 ns  retakes 0
  S2 sp=0.66 R2c_crumb        median       2719.8 ns  mad       1.7  min       2715.1  reps    512  pack/w 0.845 ns  retakes 0
  S2 sp=0.66 R2_bitplane      median       3592.3 ns  mad       2.6  min       3588.7  reps    512  pack/w 2.211 ns  retakes 1
  S2 sp=0.66 R1_plain@O3      median       4500.9 ns  mad       5.2  min       4492.2  reps    512  pack/w 0.586 ns  retakes 1
  S2 sp=0.66 R1_sdot@O3       median       2276.7 ns  mad       1.6  min       2271.6  reps   1024  pack/w 0.584 ns  retakes 1
  S2 sp=0.66 R1_sdot_il@O3    median       2191.2 ns  mad       1.5  min       2188.3  reps   1024  pack/w 0.794 ns  retakes 1
  S2 sp=0.66 R1_smmla@O3      median       2252.1 ns  mad       0.9  min       2248.7  reps   1024  pack/w 0.604 ns  retakes 0
  S2 sp=0.66 R2c_crumb@O3     median       2743.6 ns  mad       2.1  min       2737.8  reps    512  pack/w 0.579 ns  retakes 0
  S2 sp=0.66 R2_bitplane@O3   median       3550.5 ns  mad       1.6  min       3546.8  reps    512  pack/w 0.937 ns  retakes 0
  S2 sp=0.66 asm_sdot         median       2191.5 ns  mad       1.7  min       2184.8  reps   1024  pack/w 0.584 ns  retakes 1
  S2 sp=0.66 asm_crumb        median       2615.0 ns  mad       1.2  min       2612.6  reps    512  pack/w 0.892 ns  retakes 0
  S2 sp=0.66 enc_sdot         median       2191.2 ns  mad       2.9  min       2186.3  reps   1024  pack/w 0.632 ns  retakes 1
  S2 sp=0.66 enc_crumb        median       2613.3 ns  mad       4.1  min       2596.9  reps    512  pack/w 0.850 ns  retakes 0
  S2 sp=0.66 MJ1_sdot         median       2230.7 ns  mad       2.9  min       2220.1  reps   1024  pack/w 0.067 ns  retakes 0
  S2 sp=0.66 MJ2c_crumb       median       2260.8 ns  mad       1.2  min       2257.7  reps   1024  pack/w 0.600 ns  retakes 0
  S3 sp=0.00 R1_plain         median     531808.0 ns  mad     848.0  min     529252.0  reps      4  pack/w 0.626 ns  retakes 0
  S3 sp=0.00 R1_sdot          median     552376.0 ns  mad    1364.0  min     494892.0  reps      4  pack/w 0.624 ns  retakes 1
  S3 sp=0.00 R1_sdot_il       median     470692.0 ns  mad    1336.0  min     427498.0  reps      8  pack/w 0.797 ns  retakes 1
  S3 sp=0.00 R1_smmla         median     476428.0 ns  mad    1126.0  min     473970.0  reps      8  pack/w 0.758 ns  retakes 0
  S3 sp=0.00 R2c_crumb        median     170478.0 ns  mad     226.0  min     170074.0  reps      8  pack/w 0.850 ns  retakes 0
  S3 sp=0.00 R2_bitplane      median     222454.0 ns  mad     178.0  min     221618.0  reps      8  pack/w 2.476 ns  retakes 0
  S3 sp=0.00 R1_plain@O3      median     529088.0 ns  mad    1136.0  min     527056.0  reps      4  pack/w 0.639 ns  retakes 0
  S3 sp=0.00 R1_sdot@O3       median     544304.0 ns  mad    1344.0  min     476224.0  reps      4  pack/w 0.635 ns  retakes 2
  S3 sp=0.00 R1_sdot_il@O3    median     468532.0 ns  mad    1852.0  min     419734.0  reps      8  pack/w 0.797 ns  retakes 2
  S3 sp=0.00 R1_smmla@O3      median     517744.0 ns  mad    1488.0  min     427260.0  reps      4  pack/w 0.629 ns  retakes 1
  S3 sp=0.00 R2c_crumb@O3     median     163588.0 ns  mad    1330.0  min     161102.0  reps      8  pack/w 0.588 ns  retakes 0
  S3 sp=0.00 R2_bitplane@O3   median     217368.0 ns  mad     342.0  min     216796.0  reps      8  pack/w 0.945 ns  retakes 0
  S3 sp=0.00 asm_sdot         median     545176.0 ns  mad    1812.0  min     539976.0  reps      4  pack/w 0.635 ns  retakes 0
  S3 sp=0.00 asm_crumb        median     160404.0 ns  mad    1060.0  min     157621.0  reps     16  pack/w 0.848 ns  retakes 0
  S3 sp=0.00 enc_sdot         median     590540.0 ns  mad    6372.0  min     582312.0  reps      4  pack/w 0.632 ns  retakes 0
  S3 sp=0.00 enc_crumb        median     167166.0 ns  mad     164.0  min     166474.0  reps      8  pack/w 0.851 ns  retakes 0
  S3 sp=0.00 MJ1_sdot         median     550732.0 ns  mad    8456.0  min     429112.0  reps      4  pack/w 0.081 ns  retakes 2
  S3 sp=0.00 MJ2c_crumb       median     139262.0 ns  mad     101.0  min     138534.0  reps     16  pack/w 0.599 ns  retakes 2
  S3 sp=0.33 R1_plain         median     531824.0 ns  mad    1196.0  min     529872.0  reps      4  pack/w 0.624 ns  retakes 0
  S3 sp=0.33 R1_sdot          median     553416.0 ns  mad    1492.0  min     550432.0  reps      4  pack/w 0.626 ns  retakes 0
  S3 sp=0.33 R1_sdot_il       median     470040.0 ns  mad    1158.0  min     466652.0  reps      8  pack/w 0.795 ns  retakes 0
  S3 sp=0.33 R1_smmla         median     524816.0 ns  mad    2056.0  min     520312.0  reps      4  pack/w 0.766 ns  retakes 0
  S3 sp=0.33 R2c_crumb        median     170448.0 ns  mad     288.0  min     169662.0  reps      8  pack/w 0.852 ns  retakes 0
  S3 sp=0.33 R2_bitplane      median     222646.0 ns  mad     210.0  min     221324.0  reps      8  pack/w 3.046 ns  retakes 1
  S3 sp=0.33 R1_plain@O3      median     529408.0 ns  mad     640.0  min     527500.0  reps      4  pack/w 0.637 ns  retakes 0
  S3 sp=0.33 R1_sdot@O3       median     545536.0 ns  mad    1384.0  min     481368.0  reps      4  pack/w 0.632 ns  retakes 1
  S3 sp=0.33 R1_sdot_il@O3    median     469852.0 ns  mad    1726.0  min     427792.0  reps      8  pack/w 0.797 ns  retakes 1
  S3 sp=0.33 R1_smmla@O3      median     517076.0 ns  mad    1212.0  min     515840.0  reps      4  pack/w 0.625 ns  retakes 0
  S3 sp=0.33 R2c_crumb@O3     median     163122.0 ns  mad     626.0  min     161038.0  reps      8  pack/w 0.587 ns  retakes 0
  S3 sp=0.33 R2_bitplane@O3   median     217516.0 ns  mad     286.0  min     217044.0  reps      8  pack/w 0.942 ns  retakes 0
  S3 sp=0.33 asm_sdot         median     549408.0 ns  mad    2768.0  min     454884.0  reps      4  pack/w 0.636 ns  retakes 1
  S3 sp=0.33 asm_crumb        median     158946.0 ns  mad     904.0  min     156748.0  reps     16  pack/w 0.849 ns  retakes 1
  S3 sp=0.33 enc_sdot         median     543576.0 ns  mad    1484.0  min     540020.0  reps      4  pack/w 0.632 ns  retakes 0
  S3 sp=0.33 enc_crumb        median     162982.0 ns  mad     636.0  min     159546.0  reps      8  pack/w 0.850 ns  retakes 0
  S3 sp=0.33 MJ1_sdot         median     584752.0 ns  mad   18748.0  min     551904.0  reps      4  pack/w 0.080 ns  retakes 0
  S3 sp=0.33 MJ2c_crumb       median     139479.0 ns  mad     260.0  min     138559.0  reps     16  pack/w 0.600 ns  retakes 1
  S3 sp=0.66 R1_plain         median     532728.0 ns  mad    1504.0  min     529636.0  reps      4  pack/w 0.626 ns  retakes 0
  S3 sp=0.66 R1_sdot          median     552808.0 ns  mad    1904.0  min     497048.0  reps      4  pack/w 0.632 ns  retakes 2
  S3 sp=0.66 R1_sdot_il       median     471440.0 ns  mad    1612.0  min     432446.0  reps      8  pack/w 0.800 ns  retakes 1
  S3 sp=0.66 R1_smmla         median     525384.0 ns  mad     636.0  min     430996.0  reps      4  pack/w 0.760 ns  retakes 2
  S3 sp=0.66 R2c_crumb        median     170336.0 ns  mad     158.0  min     169800.0  reps      8  pack/w 0.850 ns  retakes 0
  S3 sp=0.66 R2_bitplane      median     222318.0 ns  mad     250.0  min     221850.0  reps      8  pack/w 2.204 ns  retakes 0
  S3 sp=0.66 R1_plain@O3      median     529868.0 ns  mad    1688.0  min     526084.0  reps      4  pack/w 0.641 ns  retakes 0
  S3 sp=0.66 R1_sdot@O3       median     546004.0 ns  mad    1516.0  min     484416.0  reps      4  pack/w 0.636 ns  retakes 1
  S3 sp=0.66 R1_sdot_il@O3    median     469114.0 ns  mad    2190.0  min     466370.0  reps      8  pack/w 0.797 ns  retakes 0
  S3 sp=0.66 R1_smmla@O3      median     519148.0 ns  mad    1404.0  min     428296.0  reps      4  pack/w 0.627 ns  retakes 1
  S3 sp=0.66 R2c_crumb@O3     median     163292.0 ns  mad    1076.0  min     161082.0  reps      8  pack/w 0.587 ns  retakes 0
  S3 sp=0.66 R2_bitplane@O3   median     217450.0 ns  mad     382.0  min     216596.0  reps      8  pack/w 0.943 ns  retakes 1
  S3 sp=0.66 asm_sdot         median     546476.0 ns  mad    1372.0  min     543328.0  reps      4  pack/w 0.640 ns  retakes 0
  S3 sp=0.66 asm_crumb        median     161312.0 ns  mad    1020.0  min     159412.0  reps      8  pack/w 0.850 ns  retakes 1
  S3 sp=0.66 enc_sdot         median     545692.0 ns  mad     844.0  min     541996.0  reps      4  pack/w 0.635 ns  retakes 0
  S3 sp=0.66 enc_crumb        median     161990.0 ns  mad     916.0  min     159342.0  reps      8  pack/w 0.850 ns  retakes 0
  S3 sp=0.66 MJ1_sdot         median     564404.0 ns  mad    4888.0  min     536136.0  reps      4  pack/w 0.081 ns  retakes 0
  S3 sp=0.66 MJ2c_crumb       median     139441.0 ns  mad     158.0  min     139154.0  reps     16  pack/w 0.599 ns  retakes 0
  S4 sp=0.00 R1_plain         median       1137.4 ns  mad       0.6  min       1135.9  reps   2048  pack/w 0.583 ns  retakes 0
  S4 sp=0.00 R1_sdot          median        536.9 ns  mad       0.4  min        536.0  reps   4096  pack/w 0.634 ns  retakes 1
  S4 sp=0.00 R1_sdot_il       median        426.8 ns  mad       0.5  min        425.1  reps   4096  pack/w 0.793 ns  retakes 0
  S4 sp=0.00 R1_smmla         median        418.2 ns  mad       0.5  min        417.1  reps   4096  pack/w 0.742 ns  retakes 1
  S4 sp=0.00 R2c_crumb        median        678.2 ns  mad       0.7  min        676.9  reps   2048  pack/w 0.851 ns  retakes 0
  S4 sp=0.00 R2_bitplane      median        890.5 ns  mad       0.4  min        889.9  reps   2048  pack/w 2.340 ns  retakes 1
  S4 sp=0.00 R1_plain@O3      median       1125.9 ns  mad       1.4  min       1123.6  reps   2048  pack/w 0.583 ns  retakes 0
  S4 sp=0.00 R1_sdot@O3       median        537.0 ns  mad       0.5  min        535.9  reps   4096  pack/w 0.586 ns  retakes 1
  S4 sp=0.00 R1_sdot_il@O3    median        426.8 ns  mad       0.3  min        425.9  reps   4096  pack/w 0.792 ns  retakes 0
  S4 sp=0.00 R1_smmla@O3      median        418.8 ns  mad       0.7  min        417.0  reps   4096  pack/w 0.607 ns  retakes 1
  S4 sp=0.00 R2c_crumb@O3     median        685.7 ns  mad       0.3  min        653.4  reps   2048  pack/w 0.580 ns  retakes 1
  S4 sp=0.00 R2_bitplane@O3   median        879.9 ns  mad       0.3  min        879.2  reps   2048  pack/w 0.937 ns  retakes 0
  S4 sp=0.00 asm_sdot         median        413.9 ns  mad       0.5  min        412.5  reps   4096  pack/w 0.630 ns  retakes 0
  S4 sp=0.00 asm_crumb        median        648.3 ns  mad       0.2  min        648.0  reps   2048  pack/w 0.895 ns  retakes 0
  S4 sp=0.00 enc_sdot         median        414.2 ns  mad       0.9  min        412.0  reps   4096  pack/w 0.639 ns  retakes 0
  S4 sp=0.00 enc_crumb        median        648.3 ns  mad       0.4  min        647.5  reps   2048  pack/w 0.902 ns  retakes 1
  S4 sp=0.00 MJ1_sdot         median        419.3 ns  mad       0.5  min        418.4  reps   4096  pack/w 0.067 ns  retakes 0
  S4 sp=0.00 MJ2c_crumb       median        562.1 ns  mad       0.2  min        561.7  reps   4096  pack/w 0.599 ns  retakes 1
  S4 sp=0.33 R1_plain         median       1135.4 ns  mad       0.7  min       1133.8  reps   2048  pack/w 0.563 ns  retakes 0
  S4 sp=0.33 R1_sdot          median        536.6 ns  mad       0.4  min        535.3  reps   4096  pack/w 0.567 ns  retakes 1
  S4 sp=0.33 R1_sdot_il       median        426.0 ns  mad       0.4  min        425.1  reps   4096  pack/w 0.849 ns  retakes 0
  S4 sp=0.33 R1_smmla         median        418.1 ns  mad       0.5  min        416.6  reps   4096  pack/w 0.742 ns  retakes 1
  S4 sp=0.33 R2c_crumb        median        679.1 ns  mad       0.5  min        678.4  reps   2048  pack/w 0.848 ns  retakes 0
  S4 sp=0.33 R2_bitplane      median        890.6 ns  mad       0.5  min        889.8  reps   2048  pack/w 2.972 ns  retakes 1
  S4 sp=0.33 R1_plain@O3      median       1124.8 ns  mad       0.5  min       1122.8  reps   2048  pack/w 0.566 ns  retakes 0
  S4 sp=0.33 R1_sdot@O3       median        535.9 ns  mad       0.6  min        534.4  reps   4096  pack/w 0.557 ns  retakes 1
  S4 sp=0.33 R1_sdot_il@O3    median        426.2 ns  mad       0.4  min        425.2  reps   4096  pack/w 0.769 ns  retakes 0
  S4 sp=0.33 R1_smmla@O3      median        418.6 ns  mad       0.5  min        417.6  reps   4096  pack/w 0.581 ns  retakes 0
  S4 sp=0.33 R2c_crumb@O3     median        685.4 ns  mad       0.5  min        683.7  reps   2048  pack/w 0.556 ns  retakes 0
  S4 sp=0.33 R2_bitplane@O3   median        880.3 ns  mad       0.7  min        879.1  reps   2048  pack/w 0.913 ns  retakes 0
  S4 sp=0.33 asm_sdot         median        413.0 ns  mad       0.4  min        411.9  reps   4096  pack/w 0.639 ns  retakes 0
  S4 sp=0.33 asm_crumb        median        648.6 ns  mad       0.3  min        648.1  reps   2048  pack/w 0.902 ns  retakes 0
  S4 sp=0.33 enc_sdot         median        414.1 ns  mad       1.0  min        411.9  reps   4096  pack/w 0.595 ns  retakes 0
  S4 sp=0.33 enc_crumb        median        647.9 ns  mad       0.3  min        647.5  reps   2048  pack/w 0.896 ns  retakes 0
  S4 sp=0.33 MJ1_sdot         median        418.6 ns  mad       0.4  min        417.5  reps   4096  pack/w 0.067 ns  retakes 0
  S4 sp=0.33 MJ2c_crumb       median        562.1 ns  mad       0.2  min        561.6  reps   4096  pack/w 0.600 ns  retakes 1
  S4 sp=0.66 R1_plain         median       1136.5 ns  mad       0.6  min       1134.0  reps   2048  pack/w 0.588 ns  retakes 0
  S4 sp=0.66 R1_sdot          median        536.9 ns  mad       0.8  min        535.8  reps   4096  pack/w 0.587 ns  retakes 1
  S4 sp=0.66 R1_sdot_il       median        427.8 ns  mad       0.4  min        426.0  reps   4096  pack/w 0.839 ns  retakes 0
  S4 sp=0.66 R1_smmla         median        418.1 ns  mad       0.4  min        416.7  reps   4096  pack/w 0.741 ns  retakes 0
  S4 sp=0.66 R2c_crumb        median        679.5 ns  mad       0.4  min        678.7  reps   2048  pack/w 0.849 ns  retakes 0
  S4 sp=0.66 R2_bitplane      median        891.3 ns  mad       0.8  min        890.0  reps   2048  pack/w 2.161 ns  retakes 0
  S4 sp=0.66 R1_plain@O3      median       1125.9 ns  mad       0.9  min       1123.4  reps   2048  pack/w 0.584 ns  retakes 0
  S4 sp=0.66 R1_sdot@O3       median        536.7 ns  mad       0.9  min        534.9  reps   4096  pack/w 0.584 ns  retakes 1
  S4 sp=0.66 R1_sdot_il@O3    median        427.7 ns  mad       0.8  min        426.0  reps   4096  pack/w 0.792 ns  retakes 0
  S4 sp=0.66 R1_smmla@O3      median        419.7 ns  mad       0.9  min        418.0  reps   4096  pack/w 0.607 ns  retakes 1
  S4 sp=0.66 R2c_crumb@O3     median        685.4 ns  mad       0.7  min        668.8  reps   2048  pack/w 0.582 ns  retakes 0
  S4 sp=0.66 R2_bitplane@O3   median        880.5 ns  mad       0.3  min        879.1  reps   2048  pack/w 0.942 ns  retakes 0
  S4 sp=0.66 asm_sdot         median        415.9 ns  mad       0.8  min        413.7  reps   4096  pack/w 0.634 ns  retakes 0
  S4 sp=0.66 asm_crumb        median        648.8 ns  mad       0.5  min        648.0  reps   2048  pack/w 0.896 ns  retakes 0
  S4 sp=0.66 enc_sdot         median        414.7 ns  mad       0.6  min        411.9  reps   4096  pack/w 0.621 ns  retakes 1
  S4 sp=0.66 enc_crumb        median        648.2 ns  mad       0.4  min        647.5  reps   2048  pack/w 0.897 ns  retakes 0
  S4 sp=0.66 MJ1_sdot         median        419.3 ns  mad       0.4  min        418.7  reps   4096  pack/w 0.067 ns  retakes 0
  S4 sp=0.66 MJ2c_crumb       median        562.2 ns  mad       0.3  min        561.8  reps   4096  pack/w 0.601 ns  retakes 1
bench_polyglot DONE: 72 receipts in evidence/POLYGLOT (0 write errors), timed wall 14.8 s, peak RSS 227188 KiB, contract 4b9034ae795cbcc1
