./build/rx_r14_recovery_host
R14 F BEFORE_CANDIDATE_WRITE: first process exit 86; recovered OLD generation 1; restore REFERENCE; 200 served after restart, adapted again
R14 F DURING_CANDIDATE_WRITE: first process exit 86; recovered OLD generation 1; restore REFERENCE; 201 served after restart, adapted again
R14 F AFTER_CANDIDATE_WRITE: first process exit 86; recovered OLD generation 1; restore REFERENCE; 202 served after restart, adapted again
R14 F BEFORE_ROOT_FLIP: first process exit 86; recovered OLD generation 1; restore REFERENCE; 200 served after restart, adapted again
R14 F DURING_ROOT_FLIP: first process exit 86; recovered OLD generation 1; restore REFERENCE; 200 served after restart, adapted again
R14 F AFTER_ROOT_FLIP: first process exit 86; recovered NEW generation 2; restore RESTORED; 200 served after restart
R14 F BEFORE_RECEIPT: first process exit 86; recovered NEW generation 2; restore RESTORED; 201 served after restart
R14 F AFTER_RECEIPT: first process exit 86; recovered NEW generation 2; restore RESTORED; 200 served after restart
R14 A tamper: verdict REFUSED reason 2; generation 1 -> 2 holds verified quad4; 957 served during, 101 after
R14 A semantic: verdict REFUSED reason 4; generation 1 -> 2 holds verified quad4; 988 served during, 101 after
R14 A crash: verdict REFUSED reason 5; generation 1 -> 2 holds verified quad4; 9397 served during, 100 after
R14 B: forged/borrowed/revoked/stale/GPU refused, slot stuffing contained, forged decisions minted nothing, promotion forgery refused; renewed grant, lanes 112 published, production 3701 during, 101 after
R14 C: cycles contained in 6 ms (max 256 activations), 3 containment crumbs, organism untouched; production 4384 during, 100 after
R14 D: 3200 lane requests, at most 4 claims at once (cap 4), up to 12 waiting; 3200 published once, 0 lost, 0 duplicated; production 908 during, 101 after
R14 E: seat killed holding lane claim 235; lost once, seat generation 1 -> 2, retry published once, stale claim refused; production 12 during, 101 after
R14 A_corrupt_candidate    PASS
R14 B_forged_capability    PASS
R14 C_reaction_cycle       PASS
R14 D_gpu_saturation       PASS
R14 E_gpu_seat_kill        PASS
R14 F_checkpoint_crash     PASS
R14 gate: R14_LIVING_RECOVERY=HOST_PASS_NON_SILICON
R14 receipt: build/qual-runs/20261001T010916Z-850fc5457705/R14/rx_recovery_receipt.json
