sh tools/r16_authpath.sh host build/rx_r13_living_host build/rx_r14_recovery_host \
	build/r16/authpath/host-20261001T010359Z src/runtime/rx_caproot.c src/runtime/rx_world.c src/runtime/rx_coherent.c src/runtime/rx_native_bind.c src/runtime/rx_aegis.c src/runtime/rx_aien.c src/runtime/rx_omega.c src/runtime/rx_generation.c src/runtime/rx_living.c src/sha256.c src/omega_evidence.c src/omega_canonical.c src/omega_validate.c src/omega_core.c src/omega_codec.c src/aarch64_encoder.c src/aarch64_decoder.c src/omega_realize.c src/omega_realize_synth.c src/omega_program.c src/omega_machine.c src/omega_exec.c src/omega_verify.c src/omega_matvec.c src/omega_matvec_quad.c tests/runtime/rx_r13_living.c build/aienos-authority/d39dd5b/native/capability/out/libaienos_capability.a
R16-G3 sources: 27 files, omega and the native AIENOS capability library only
R16-G3 link map rx_r13_living_host: no legacy orchestrator symbol; C runtime libraries only; SEQ world hooks present (reference, refused on production worlds): 5
R16-G3 link map rx_r14_recovery_host: no legacy orchestrator symbol; C runtime libraries only; SEQ world hooks present (reference, refused on production worlds): 5
R16-G3 strings: no legacy program name embedded
R16-G3 exec trace r13: /bin/sh x3, build/rx_r13_living_host x1, /usr/bin/git x3, no legacy exec
R16-G3   R13 costs: incumbent 6892 ns, target 3790 ns, selected 2690627 ps, reference on new cores 4570069 ps, AIEN now expects 2816 ns, goal status 2
R16-G3   R13 costs: incumbent 6844 ns, target 3764 ns, selected 2696023 ps, reference on new cores 4571833 ps, AIEN now expects 2849 ns, goal status 2
R16-G3   R13 control E episode: generation 1 -> 2, recovered 2; served 15072 (139 after promotion), crumbs 32722, GPU claims 16, durable links 11
R16-G3   R13 gate: R13_LIVING_SYSTEM=HOST_PASS_NON_SILICON
R16-G3 exec trace r14: /bin/sh x18, build/rx_r14_recovery_host x1, /usr/bin/git x3, /usr/bin/rm x15, no legacy exec
R16-G3   R14 A_corrupt_candidate    PASS
R16-G3   R14 B_forged_capability    PASS
R16-G3   R14 C_reaction_cycle       PASS
R16-G3   R14 D_gpu_saturation       PASS
R16-G3   R14 E_gpu_seat_kill        PASS
R16-G3   R14 F_checkpoint_crash     PASS
R16-G3   R14 gate: R14_LIVING_RECOVERY=HOST_PASS_NON_SILICON
R16 gate: R16_G3_AUTHPATH=HOST_PASS_NON_SILICON (host stand-in seat; the gate needs the silicon run)
R16-G3 evidence: build/r16/authpath/host-20261001T010359Z
