Note: switching to '40d1ea378617403727f35868742dc4dd3d60515b'.

You are in 'detached HEAD' state. You can look around, make experimental
changes and commit them, and you can discard any commits you make in this
state without impacting any branches by switching back to a branch.

If you want to create a new branch to retain commits you create, you may
do so (now or later) by using -c with the switch command. Example:

  git switch -c <new-branch-name>

Or undo this operation with:

  git switch -

Turn off this advice by setting config variable advice.detachedHead to false

================================================================================
    AIEN OMEGA SUBSTRATE: MILESTONE 19: ACCELERATOR WORLD QUALIFICATION GATES
================================================================================
  [PASS] OMEGA_ACCEL_RESIDENT_WORLD_CREATE_PASS        : Creation and deterministic initialization of persistent substrate
  [PASS] OMEGA_ACCEL_RESIDENT_CONTEXT_REUSE_PASS       : Reuse of persistent RM client, GPU device, and VAS aperture
  [PASS] OMEGA_ACCEL_RESIDENT_CHANNEL_REUSE_PASS       : Reuse of GPFIFO channel, USERD, and doorbell mapping across dispatches
  [PASS] OMEGA_ACCEL_RESIDENT_CODE_REGISTRY_PASS       : Resident code registry registration, lookup, deduplication, and execution
  [PASS] OMEGA_ACCEL_RESIDENT_BUFFER_REGISTRY_PASS     : Resident buffer registry allocation, permissions, and bounds checking
  [PASS] OMEGA_ACCEL_RESIDENT_MIXED_WORKLOAD_PASS      : Alternating execution of mixed workloads with CPU oracle verification
  [FAIL] OMEGA_ACCEL_RESIDENT_QUEUE_WRAP_PASS          : GPFIFO pushbuffer ring wraparound verified under continuous dispatch
  [PASS] OMEGA_ACCEL_RESIDENT_1000_OP_PASS             : Sustained continuous execution of >= 1,000 heterogeneous operations on GB10
  [PASS] OMEGA_ACCEL_RESIDENT_GENERATION_PASS          : Monotonic generation counters and two-level ABA handle validation
  [PASS] OMEGA_ACCEL_RESIDENT_STALE_HANDLE_REFUSAL_PASS : Fail-closed refusal when attempting dispatch with expired/stale handles
  [PASS] OMEGA_ACCEL_RESIDENT_REVOCATION_PASS          : Deterministic capability revocation immediately invalidating handles
  [PASS] OMEGA_ACCEL_RESIDENT_FAULT_RECOVERY_PASS      : Bounded channel fault recovery & channel generation advance
  [PASS] OMEGA_ACCEL_RESIDENT_MEMORY_BOUND_PASS        : Flat bounded resident memory consumption measured across 1,000 operations
  [PASS] OMEGA_ACCEL_RESIDENT_STATE_DIGEST_PASS        : Deterministic rolling SHA-256 state digest verifying execution integrity
  [PASS] OMEGA_ACCEL_RESIDENT_ZERO_LIBCUDA_PASS        : Zero foreign userspace runtime verification (linkage, symbols, maps)
  [FAIL] OMEGA_ACCEL_RESIDENT_CLEAN_CLONE_PASS         : Clean-clone isolated reproduction on DGX Spark silicon from scratch
================================================================================
    AIEN OMEGA SUBSTRATE — MILESTONE 4: OMEGA_SEMANTICS QUALIFICATION GATES
================================================================================
  [PASS] OMEGA_OBJECT_MODEL_PASS                  : 11 first-class categories instantiated and typed
  [PASS] OMEGA_TYPE_SYSTEM_PASS                   : Bounded widths enforced, invalid widths refused
  [PASS] OMEGA_GRAPH_VALIDATION_PASS              : DAG validation and dangling reference refusal
  [PASS] OMEGA_CANONICAL_ENCODING_PASS            : OMG0 wire header and lexicographical attribute sorting
  [PASS] OMEGA_SEMANTIC_ID_DETERMINISM_PASS       : Cross-allocation bit-for-bit SHA-256 identity
  [PASS] OMEGA_REPRESENTATION_INDEPENDENCE_PASS   : 4 independent representations collapse to identical ID
  [PASS] OMEGA_SEMANTIC_DIFFERENCE_PASS           : ADD -> SUB produces distinct SEMANTIC_ID
  [PASS] OMEGA_RELATION_PASS                      : Relation ordering independence confirmed
  [PASS] OMEGA_CONSTRAINT_PASS                    : Constraint ordering independence confirmed
  [PASS] OMEGA_PURE_EFFECT_SEPARATION_PASS        : Pure computation decoupled from physical effect tokens
  [PASS] OMEGA_MALFORMED_OBJECT_REFUSAL_PASS      : Structural cycles and corrupt wire packets rejected
  [PASS] OMEGA_CROSS_BUILD_DETERMINISM_PASS       : Known-answer test evaluation matches specification
================================================================================
  TOTAL GATES: 12 | PASSED: 12 | FAILED: 0
================================================================================
================================================================================
    AIEN OMEGA SUBSTRATE — MILESTONE 5: OMEGA_AARCH64 QUALIFICATION GATES
================================================================================
  [PASS] OMEGA_AARCH64_PROFILE_PASS               : AArch64 bare-metal target profile and registers valid
  [PASS] OMEGA_AARCH64_ENCODER_PASS               : Direct instruction encoder synthesized expected machine words
  [PASS] OMEGA_AARCH64_DECODER_SEAM_PASS          : Independent decoder Seam 1 validated instructions and refused corrupt opcode
  [PASS] OMEGA_AARCH64_LOWERING_PASS              : G_S pure operations lowered to AArch64 code buffer
  [PASS] OMEGA_AARCH64_REALIZATION_ID_PASS        : REALIZATION_ID deterministically binds machine code to SEMANTIC_ID
  [PASS] OMEGA_AARCH64_NATIVE_EXECUTION_PASS      : Native in-memory execution observed result 15 matches semantic evaluation
  [PASS] OMEGA_AARCH64_QEMU_EXECUTION_PASS        : Bare-metal QEMU execution observed result 15 on PL011 UART
  [PASS] OMEGA_AARCH64_ADVERSARIAL_MUTATION_PASS  : Single-bit machine code mutation detected and refused fail-closed
  [PASS] OMEGA_AARCH64_CROSS_BUILD_DETERMINISM_PASS : Byte-for-byte deterministic realization across runs
================================================================================
  TOTAL GATES: 9 | PASSED: 9 | FAILED: 0
================================================================================
================================================================================
    AIEN OMEGA SUBSTRATE — MILESTONE 6: OMEGA_SELF_HOST QUALIFICATION GATES
================================================================================
  [PASS] OMEGA_SELF_HOST_GRAPH_PASS               : Semantic compiler graph G_C constructed and validated
  [PASS] OMEGA_SELF_HOST_C1_EMISSION_PASS         : Reference lowering C0(G_C) -> C1 emitted machine bytes
  [PASS] OMEGA_SELF_HOST_DECODER_SEAM_PASS        : Independent decoder verified all C1 instructions
  [PASS] OMEGA_SELF_HOST_C2_REPRODUCTION_PASS     : Native compiler C1(G_C) -> C2 emitted machine bytes
  [PASS] OMEGA_SELF_HOST_C3_REPRODUCTION_PASS     : Native compiler C2(G_C) -> C3 emitted machine bytes
  [PASS] OMEGA_SELF_HOST_FIXED_POINT_PASS         : Exact bit-for-bit identity C1 == C2 == C3 verified
  [PASS] OMEGA_SELF_HOST_REALIZATION_ID_PASS      : REALIZATION_ID matching across C1, C2, and C3
  [PASS] OMEGA_SELF_HOST_M5_PARITY_PASS           : Reproduced compiler reproduces exact M5 machine code bytes
  [PASS] OMEGA_SELF_HOST_NATIVE_EXECUTION_PASS    : Reproduced compiler output executes natively to 15
  [PASS] OMEGA_SELF_HOST_ADVERSARIAL_MUTATION_PASS : Single-bit mutations in G_C wire or C1 refused fail-closed
================================================================================
  TOTAL GATES: 10 | PASSED: 10 | FAILED: 0
================================================================================
================================================================================
    AIEN OMEGA SUBSTRATE — MILESTONE 7: OMEGA_VERIFY QUALIFICATION GATES
================================================================================
  [PASS] OMEGA_VERIFY_V0_TYPE_PASS                : V0 accepted well-typed graph and rejected ill-typed graph
  [PASS] OMEGA_VERIFY_V0_DAG_PASS                 : V0 rejected graph with dangling reference
  [PASS] OMEGA_VERIFY_V0_CODE_BOUNDS_PASS         : V0 enforced 4-byte alignment and buffer length bounds
  [PASS] OMEGA_VERIFY_V0_INSN_DECODE_PASS         : V0 validated instruction opcodes and refused illegal instruction
  [PASS] OMEGA_VERIFY_V0_TERMINAL_RET_PASS        : V0 rejected non-terminating / non-RET execution buffer
  [PASS] OMEGA_VERIFY_V1_DIFFERENTIAL_PASS        : V1 confirmed exact bit-for-bit parity across test corpus
  [PASS] OMEGA_VERIFY_V1_DIVERGENCE_REFUSAL_PASS  : V1 detected and refused mutated realization divergence
  [PASS] OMEGA_VERIFY_V2_COMMUTATIVITY_PASS       : V2 proved commutativity on declared commutative ops
  [PASS] OMEGA_VERIFY_V2_IDENTITY_PASS            : V2 proved identity elements on ADD, MUL, AND, OR
  [PASS] OMEGA_VERIFY_V2_OVERFLOW_PASS            : V2 validated modular overflow wrapping semantics
================================================================================
  TOTAL GATES: 10 | PASSED: 10 | FAILED: 0
================================================================================
================================================================================
    AIEN OMEGA SUBSTRATE — MILESTONE 8: OMEGA_PROGRAM_CORE QUALIFICATION GATES
================================================================================
  [PASS] OMEGA_PROGRAM_OBJECT_PASS                : OMEGA_PROGRAM created with contracts, cost, and realization
  [PASS] OMEGA_PROGRAM_CONTRACT_VALIDATION_PASS   : Contract validation enforced, invalid types rejected
  [PASS] OMEGA_PROGRAM_COMPOSITION_PASS           : Algebraic composition C = A o B with contract propagation
  [PASS] OMEGA_PROGRAM_TYPE_MISMATCH_REFUSAL_PASS : Incompatible composition refused fail-closed
  [PASS] OMEGA_PROGRAM_COST_ACCOUNTING_PASS       : Composite cost monotonically verified (insns, latency)
  [PASS] OMEGA_PROGRAM_REALIZATION_PASS           : Composite program lowered to native AArch64 machine bytes
  [PASS] OMEGA_PROGRAM_V0_STRUCTURAL_PASS         : Composite program passes M7 V0 structural verification
  [PASS] OMEGA_PROGRAM_V1_DIFFERENTIAL_PASS       : Composite program passes M7 V1 differential evaluation (2x+1)
  [PASS] OMEGA_PROGRAM_V2_PROPERTY_PASS           : Composite program passes M7 V2 property verification
  [PASS] OMEGA_PROGRAM_SYNTHESIS_TASK_PASS        : SYNTHESIS_TASK evaluation harness ready for M9 search
================================================================================
  TOTAL GATES: 10 | PASSED: 10 | FAILED: 0
================================================================================
================================================================================
    AIEN OMEGA SUBSTRATE — MILESTONE 9: OMEGA_SYNTHESIS_V0 QUALIFICATION GATES
================================================================================
  [PASS] OMEGA_SYNTHESIS_PRIMITIVES_PASS          : Base primitive program bank constructed and verified
  [PASS] OMEGA_SYNTHESIS_SEARCH_ORDERING_PASS     : Deterministic search generates multi-level candidates
  [PASS] OMEGA_SYNTHESIS_TYPE_PRUNING_PASS        : Incompatible typed candidates pruned fail-closed
  [PASS] OMEGA_SYNTHESIS_EQUIV_PRUNING_PASS       : Observational equivalence table detects duplicate functions
  [PASS] OMEGA_SYNTHESIS_V0_STRUCTURAL_PASS       : Synthesized candidate passes M7 V0 structural verification
  [PASS] OMEGA_SYNTHESIS_V1_IO_FILTERING_PASS     : Non-conforming candidate rejected by test suite filter
  [PASS] OMEGA_SYNTHESIS_V2_PROPERTY_PASS         : Synthesized candidate passes M7 V2 property verification
  [PASS] OMEGA_SYNTHESIS_TARGET_AFFINE_PASS       : Synthesized 2x + 1 passes holdout tests on native hardware
  [PASS] OMEGA_SYNTHESIS_TARGET_COMPOSED_PASS     : Synthesized 3x - 2 passes holdout tests on native hardware
  [PASS] OMEGA_SYNTHESIS_RECEIPT_PASS             : Cryptographic identity binding Task, Program, and Realization
================================================================================
  TOTAL GATES: 10 | PASSED: 10 | FAILED: 0
================================================================================
================================================================================
    AIEN OMEGA SUBSTRATE — MILESTONE 10: OMEGA_LIBRARY_V1 QUALIFICATION GATES
================================================================================
  [PASS] OMEGA_LIBRARY_INIT_PASS                  : Catalog initialization and capacity management
  [PASS] OMEGA_LIBRARY_INSERT_PASS                : Content-addressed program insertion and state digest update
  [PASS] OMEGA_LIBRARY_INDEXING_PASS              : Retrieval by SEMANTIC_ID, REALIZATION_ID, and name
  [PASS] OMEGA_LIBRARY_QUERY_PASS                 : Semantic type query filtering (U64 -> U64)
  [PASS] OMEGA_LIBRARY_DEP_DAG_PASS               : Direct and transitive dependency DAG tracking
  [PASS] OMEGA_LIBRARY_IMMUTABILITY_PASS          : Version advancement and cryptographic digest evolution
  [PASS] OMEGA_LIBRARY_UNVERIFIED_REFUSAL_PASS    : Unverified program insertion rejected fail-closed
  [PASS] OMEGA_LIBRARY_DUPLICATE_REFUSAL_PASS     : Duplicate SEMANTIC_ID insertion rejected fail-closed
  [PASS] OMEGA_LIBRARY_SYNTHESIS_REUSE_PASS       : Synthesis engine discovering composite by reusing verified library component
  [PASS] OMEGA_LIBRARY_RECEIPT_PASS               : Cryptographic state digest and provenance accounting
================================================================================
  TOTAL GATES: 10 | PASSED: 10 | FAILED: 0
================================================================================
================================================================================
    AIEN OMEGA SUBSTRATE — MILESTONE 11: OMEGA_LIBRARY_DISCOVERY QUALIFICATION GATES
================================================================================
  [PASS] OMEGA_DISCOVERY_CORPUS_MINING_PASS       : Common sub-expression slices mined across corpus
  [PASS] OMEGA_DISCOVERY_NONTRIVIAL_PASS          : Candidate abstraction is non-trivial and composite
  [PASS] OMEGA_DISCOVERY_COMPRESSION_PASS         : Positive description length reduction and instruction savings across corpus
  [PASS] OMEGA_DISCOVERY_SEMANTIC_PRESERVATION_PASS : Behavioral equivalence strictly preserved after program refactoring
  [PASS] OMEGA_DISCOVERY_V0_STRUCTURAL_PASS       : M7 V0 structural verification passed on discovered abstraction
  [PASS] OMEGA_DISCOVERY_V1_DIFFERENTIAL_PASS     : M7 V1 differential evaluation passed on native hardware
  [PASS] OMEGA_DISCOVERY_V2_PROPERTY_PASS         : M7 V2 property verification passed on discovered abstraction
  [PASS] OMEGA_DISCOVERY_LIBRARY_ADMISSION_PASS   : Discovered abstraction admitted into OmegaLibrary catalog
  [PASS] OMEGA_DISCOVERY_SEARCH_ACCELERATION_PASS : Held-out synthesis task solved with reduced search candidates
  [PASS] OMEGA_DISCOVERY_RECEIPT_PASS             : Full cryptographic evidence receipt accounting for discovery and acceleration
================================================================================
  TOTAL GATES: 10 | PASSED: 10 | FAILED: 0
================================================================================
================================================================================
    AIEN OMEGA SUBSTRATE — MILESTONE 12: OMEGA_LIVING_MATVEC QUALIFICATION GATES
================================================================================
  [PASS] OMEGA_MATVEC_SEMANTIC_SPEC_PASS          : Pure mathematical MatVec specification instantiated with canonical SemanticId
  [PASS] OMEGA_MATVEC_MULTI_REALIZATION_PASS      : Synthesis engine generates 3 distinct machine-code realizations
  [PASS] OMEGA_MATVEC_TRIPLE_ID_PASS              : Cryptographic triple identity binding SEMANTIC_ID, MACHINE_ID, and code bytes
  [PASS] OMEGA_MATVEC_V0_STRUCTURAL_PASS          : M7 V0 structural verification passed on all realizations with mutation refusal
  [PASS] OMEGA_MATVEC_V1_NUMERICAL_PARITY_PASS    : Exact bit-for-bit numerical parity against mathematical Oracle across dimensions
  [PASS] OMEGA_MATVEC_REGIME_INFLECTION_PASS      : Empirical benchmark measures execution latency across small and medium regimes
  [PASS] OMEGA_MATVEC_ADAPTIVE_DISPATCH_PASS      : Living kernel dynamically adapts and dispatches optimal realization
  [PASS] OMEGA_MATVEC_SPEEDUP_PASS                : Multi-accumulator unrolled schedule achieves measured hardware speedup
  [PASS] OMEGA_MATVEC_ZERO_TOOLCHAIN_PASS         : All realizations emitted via direct AArch64 machine byte encoders without foreign toolchain
  [PASS] OMEGA_MATVEC_RECEIPT_PASS                : Full qualification receipt generated and verified
================================================================================
  TOTAL GATES: 10 | PASSED: 10 | FAILED: 0
================================================================================
================================================================================
    AIEN OMEGA SUBSTRATE — MILESTONE 13: OMEGA_MACHINE_GRAPH QUALIFICATION GATES
================================================================================
  [PASS] OMEGA_MACHINE_INIT_PASS                  : Machine graph initialized with profile and name
  [PASS] OMEGA_MACHINE_PIPELINE_PASS              : Execution pipeline, issue width, and compute units modeled
  [PASS] OMEGA_MACHINE_REGISTER_FILE_PASS         : Register file capacities (GPR, Vector) validated
  [PASS] OMEGA_MACHINE_MEMORY_HIERARCHY_PASS      : Multi-tier cache hierarchy (L1I, L1D, L2, L3) and DRAM modeled
  [PASS] OMEGA_MACHINE_PHYSICS_INGRESS_PASS       : Physical machine descriptor ingested and bound to Physics seal
  [PASS] OMEGA_MACHINE_CANONICAL_ID_PASS          : Deterministic MACHINE_ID bit-for-bit identity verified
  [PASS] OMEGA_MACHINE_TOPOLOGY_DIFFERENCE_PASS   : Distinct machine topologies yield distinct MACHINE_IDs
  [PASS] OMEGA_MACHINE_CYCLE_PREVENTION_PASS      : Topological cache ordering and line size validation enforced fail-closed
  [PASS] OMEGA_MACHINE_COST_EVALUATION_PASS       : Latency estimation grounded in physical execution unit latencies
  [PASS] OMEGA_MACHINE_RECEIPT_PASS               : Physical machine graph certified with Physics authority accounting
================================================================================
  TOTAL GATES: 10 | PASSED: 10 | FAILED: 0
================================================================================
================================================================================
    AIEN OMEGA SUBSTRATE — MILESTONE 14: OMEGA_REALIZATION_SYNTHESIS QUALIFICATION GATES
================================================================================
  [PASS] OMEGA_REAL_SYNTH_INIT_PASS               : Realization synthesis task initialization and configuration
  [PASS] OMEGA_REAL_SYNTH_TRIPLE_ID_PASS          : Cryptographic triple identity incorporates SEMANTIC_ID, MACHINE_ID, and code bytes
  [PASS] OMEGA_REAL_SYNTH_SCHEDULE_OPT_PASS       : Machine-aware instruction schedules differ between DGX Spark and QEMU virt
  [PASS] OMEGA_REAL_SYNTH_DGX_SPARK_PASS          : Synthesis specialized for DGX Spark Grace Neoverse V2 4-wide dispatch
  [PASS] OMEGA_REAL_SYNTH_QEMU_VIRT_PASS          : Synthesis specialized for QEMU virt generic AArch64 baseline
  [PASS] OMEGA_REAL_SYNTH_SEMANTIC_PARITY_PASS    : Native execution of synthesized realization matches semantic evaluation
  [PASS] OMEGA_REAL_SYNTH_V0_STRUCTURAL_PASS      : M7 V0 structural verification passed on synthesized realization
  [PASS] OMEGA_REAL_SYNTH_V1_DIFFERENTIAL_PASS    : M7 V1 differential evaluation passed across holdout test inputs
  [PASS] OMEGA_REAL_SYNTH_V2_PROPERTY_PASS        : M7 V2 property verification passed on synthesized realization
  [PASS] OMEGA_REAL_SYNTH_RECEIPT_PASS            : Full qualification receipt generated and verified
================================================================================
  TOTAL GATES: 10 | PASSED: 10 | FAILED: 0
================================================================================
================================================================================
    AIEN OMEGA SUBSTRATE — MILESTONE 15: PHYSICS_ACCELERATOR_LINK GATES
================================================================================
  [PASS] PHYSICS_ACCEL_MEM_BOUNDS_PASS            : Coherent DRAM boundaries and kernel isolation
  [PASS] PHYSICS_ACCEL_SMMU_TRANSLATION_PASS      : SMMUv3 Stage 1 IOVA-to-PA translation mapping
  [PASS] PHYSICS_ACCEL_DMA_SANDBOX_PASS           : Unmapped and permission violation DMA sandboxing
  [PASS] PHYSICS_ACCEL_QUEUE_AUTHORITY_PASS       : Bounded queue authority and doorbell mediation
  [PASS] PHYSICS_ACCEL_DEVICE_LIFECYCLE_PASS      : Deterministic monotonic device lifecycle transitions
  [PASS] PHYSICS_ACCEL_RESET_RECOVERY_PASS        : Fault isolation and non-disruptive device reset
  [PASS] PHYSICS_ACCEL_RECEIPT_CHAIN_PASS         : Immutable 192B receipt with rolling SHA-256 seal chain
  [PASS] PHYSICS_ACCEL_OMEGA_INGRESS_PASS         : Omega mediated intent ingress and capability gating
  [PASS] PHYSICS_ACCEL_ZERO_TOOLCHAIN_PASS        : Zero foreign toolchain (0 LLVM, 0 Python, 0 inline asm)
  [PASS] PHYSICS_ACCEL_RECEIPT_PASS               : Qualification receipt generation and audit verification
================================================================================
  TOTAL GATES: 10 | PASSED: 10 | FAILED: 0
================================================================================
================================================================================
    AIEN OMEGA SUBSTRATE: MILESTONE 17: OMEGA_BLACKWELL_VECTOR GATES
================================================================================
  [PASS] OMEGA_BW_VECTOR_SEMANTIC_PASS            : Machine-independent semantic definition C[i] = (A[i] + B[i]) mod 2^32
  [PASS] OMEGA_BW_VECTOR_MACHINE_BINDING_PASS     : Grace Blackwell GB10 sm_121 machine target binding
  [PASS] OMEGA_BW_VECTOR_REALIZATION_PASS         : Cryptographic triple identity (spec || machine || code)
  [PASS] OMEGA_BW_VECTOR_ENCODER_FIXTURE_PASS     : Blackwell 128-bit instruction encoding fixtures
  [PASS] OMEGA_BW_VECTOR_NATIVE_ENCODING_PASS     : Dynamic native sm_121 vecadd code emission (512 bytes)
  [PASS] OMEGA_BW_VECTOR_QMD_PASS                 : Queue Meta Data Version 05_00 launch descriptor generation
  [PASS] OMEGA_BW_VECTOR_PHYSICS_AUTHORITY_PASS   : M16 frozen dependency authority and clean interface
  [PASS] OMEGA_BW_VECTOR_NATIVE_SUBMIT_PASS       : Unified pushbuffer submission via M16 GPFIFO ring
  [PASS] OMEGA_BW_VECTOR_DEVICE_OUTPUT_PASS       : Physical SM execution and unpoisoned output buffer
  [PASS] OMEGA_BW_VECTOR_COMPLETION_PASS          : WFI completion marker 0x44444444 and semaphore state 6
  [PASS] OMEGA_BW_VECTOR_V1_PARITY_PASS           : Bit-for-bit exact parity against semantic oracle (N=64)
  [PASS] OMEGA_BW_VECTOR_BOUNDARY_PASS            : Boundary sweep across N in {1,15,63,64,65,127,128,256,1024}
  [PASS] OMEGA_BW_VECTOR_MUTATION_REFUSAL_PASS    : Tamper resistance: bit flips and corruptions rejected
  [PASS] OMEGA_BW_VECTOR_ZERO_LIBCUDA_LINK_PASS   : Zero dynamic linkage to libcuda.so or libcudart.so
  [PASS] OMEGA_BW_VECTOR_ZERO_CUDA_SYMBOL_PASS    : Zero undefined dynamic CUDA symbols
  [PASS] OMEGA_BW_VECTOR_ZERO_LIBCUDA_RUNTIME_PASS : Zero runtime libcuda mappings in /proc/self/maps
  [PASS] OMEGA_BW_VECTOR_EVIDENCE_DURABILITY_PASS : Durable machine code and QMD hex dumps recorded
  [PASS] OMEGA_BW_VECTOR_RECEIPT_PASS             : Cryptographic qualification receipt generated
================================================================================
  TOTAL GATES: 18 | PASSED: 18 | FAILED: 0
================================================================================
================================================================================
    AIEN OMEGA SUBSTRATE: MILESTONE 18: OMEGA_BLACKWELL_MATMUL QUALIFICATION GATES
================================================================================
  [PASS] OMEGA_BW_MATMUL_SEMANTIC_CONTRACT_PASS        : Formal mathematical contract & CPU oracle parity
  [PASS] OMEGA_BW_MATMUL_MACHINE_GRAPH_PASS            : Grace Blackwell GB10 sm_121 machine target binding
  [PASS] OMEGA_BW_MATMUL_ENCODER_UNIT_PASS             : Dynamic sm_121 instruction encoder bitfield programmatic unit tests
  [PASS] OMEGA_BW_MATMUL_BOUNDED_REGALLOC_PASS         : Bounded deterministic live-interval register allocation & conflict rejection
  [PASS] OMEGA_BW_MATMUL_INSTRUCTION_SEQUENCING_PASS   : Dynamic instruction sequencer & 128-byte bundle alignment
  [PASS] OMEGA_BW_MATMUL_CODE_TRUTH_PASS               : Code truth invariant: zero static precompiled instruction tables in codegen core
================================================================================
    OMEGA BLACKWELL CODEGEN VARIATION DEMONSTRATION (GATE 7 STAGE-1)
================================================================================
Config 1: 16x16x16 INT32
  Instructions: 136 (2176 bytes, 21 GPRs, 6 UGPRs)
  Spec ID:      dbbdbda6e207dbc896360900a8a6d36f...
  Code Digest:  836e0a5039fa05034f9df1d189f03cdc...
  Realization:  7def35b10e6c80c4499f276aed3f895f...

Config 2: 32x16x64 INT32
  Instructions: 136 (2176 bytes, 21 GPRs, 6 UGPRs)
  Spec ID:      f03d86c6ec34126d2cfe23eb6bc9c58d...
  Code Digest:  895ce738ce4eada171b642dbe0b26337...
  Realization:  9e842539ad3be21838ac1ca869e4d6e7...
================================================================================
PASS: Dynamic codegen variation verified (distinct specifications, code digests, and realization IDs).
  [PASS] OMEGA_BW_MATMUL_CODEGEN_VARIATION_PASS        : Stage-1 dynamic code variation: distinct code digests & realization IDs
  [PASS] OMEGA_BW_MATMUL_REALIZATION_ID_PASS           : Dynamic code digest & 4-tuple realization identity binding
  [PASS] OMEGA_BW_MATMUL_QMD_2D_PASS                   : Queue Meta Data Version 05_00 2D grid launch descriptor synthesis
  [PASS] OMEGA_BW_MATMUL_NATIVE_SUBMIT_PASS            : Native M16 submission path & GPFIFO pushbuffer integration
  [PASS] OMEGA_BW_MATMUL_INT32_INTERMEDIATE_PASS       : Intermediate INT32 execution on physical GB10 with exact bit-for-bit parity
  [PASS] OMEGA_BW_MATMUL_TENSOR_CORE_EXECUTION_PASS    : Mandatory physical GB10 Tensor Core MMA execution & 9-point proof bundle
  [PASS] OMEGA_BW_MATMUL_NUMERICAL_BOUND_PASS          : Bounded numerical parity against oracle (< 10^-4) across canonical shapes
  [PASS] OMEGA_BW_MATMUL_BOUNDARY_ANNIHILATION_PASS    : Boundary and annihilation matrix tests (zero, identity, dynamic range, cancellation)
  [PASS] OMEGA_BW_MATMUL_ZERO_LIBCUDA_PASS             : Zero foreign userspace runtime verification (linkage, symbols, maps)
  [FAIL] OMEGA_BW_MATMUL_CLEAN_CLONE_PASS              : Clean-clone isolated reproduction on DGX Spark
================================================================================
    AIEN OMEGA SUBSTRATE: MILESTONE 17: OMEGA_BLACKWELL_VECTOR GATES
================================================================================
  [PASS] OMEGA_BW_VECTOR_SEMANTIC_PASS            : Machine-independent semantic definition C[i] = (A[i] + B[i]) mod 2^32
  [PASS] OMEGA_BW_VECTOR_MACHINE_BINDING_PASS     : Grace Blackwell GB10 sm_121 machine target binding
  [PASS] OMEGA_BW_VECTOR_REALIZATION_PASS         : Cryptographic triple identity (spec || machine || code)
  [PASS] OMEGA_BW_VECTOR_ENCODER_FIXTURE_PASS     : Blackwell 128-bit instruction encoding fixtures
  [PASS] OMEGA_BW_VECTOR_NATIVE_ENCODING_PASS     : Dynamic native sm_121 vecadd code emission (512 bytes)
  [PASS] OMEGA_BW_VECTOR_QMD_PASS                 : Queue Meta Data Version 05_00 launch descriptor generation
  [PASS] OMEGA_BW_VECTOR_PHYSICS_AUTHORITY_PASS   : M16 frozen dependency authority and clean interface
  [PASS] OMEGA_BW_VECTOR_NATIVE_SUBMIT_PASS       : Unified pushbuffer submission via M16 GPFIFO ring
  [FAIL] OMEGA_BW_VECTOR_DEVICE_OUTPUT_PASS       : Physical SM execution and unpoisoned output buffer
  [PASS] OMEGA_BW_VECTOR_COMPLETION_PASS          : WFI completion marker 0x44444444 and semaphore state 6
  [PASS] OMEGA_BW_VECTOR_V1_PARITY_PASS           : Bit-for-bit exact parity against semantic oracle (N=64)
  [PASS] OMEGA_BW_VECTOR_BOUNDARY_PASS            : Boundary sweep across N in {1,15,63,64,65,127,128,256,1024}
  [PASS] OMEGA_BW_VECTOR_MUTATION_REFUSAL_PASS    : Tamper resistance: bit flips and corruptions rejected
  [PASS] OMEGA_BW_VECTOR_ZERO_LIBCUDA_LINK_PASS   : Zero dynamic linkage to libcuda.so or libcudart.so
  [PASS] OMEGA_BW_VECTOR_ZERO_CUDA_SYMBOL_PASS    : Zero undefined dynamic CUDA symbols
  [PASS] OMEGA_BW_VECTOR_ZERO_LIBCUDA_RUNTIME_PASS : Zero runtime libcuda mappings in /proc/self/maps
  [PASS] OMEGA_BW_VECTOR_EVIDENCE_DURABILITY_PASS : Durable machine code and QMD hex dumps recorded
  [PASS] OMEGA_BW_VECTOR_RECEIPT_PASS             : Cryptographic qualification receipt generated
================================================================================
  TOTAL GATES: 18 | PASSED: 17 | FAILED: 1
================================================================================
  [FAIL] OMEGA_BW_MATMUL_REGRESSION_PASS               : Cumulative regression parity: 17 / 18 prior milestone gates passing
  [PASS] OMEGA_BW_MATMUL_RECEIPT_PASS                  : Milestone 18 qualification receipt and cryptographic manifest generated
================================================================================
  STAGE 2 / FULL QUALIFICATION: 16 / 18 M18 GATES PASSED
  TOTAL GATES EVALUATED: 36 (18 M18 Gates + 18 Prior Regression Gates)
================================================================================
  [FAIL] OMEGA_ACCEL_RESIDENT_REGRESSION_PASS          : Cumulative regression parity: 155 / 157 prior milestone gates passing
  [FAIL] OMEGA_ACCEL_RESIDENT_RECEIPT_PASS             : Receipt prerequisites complete; outer harness emits after all results
M19_OBSERVED_JSON:{"m19_gates_completed":18,"m19_gates_passed":14,"regression_gates_completed":157,"regression_gates_passed":155,"sustained_dispatches":1000,"ring_capacity":0,"wrap_dispatches":0,"rolling_state_digest":"6872f1c30184a66036bd78f61e12c15e22d3dc968daa4b55f6e646c7db55bd17","channel_generation_advanced":true,"vas_preserved":true}
================================================================================
  STAGE 1 / PERSISTENT WORLD QUALIFICATION: 14 / 18 M19 GATES PASSED
  TOTAL GATES EVALUATED: 171 (18 M19 Gates + 157 Prior Regression Gates)
================================================================================
