06:39:38 WARNING: a model server looks resident: max  (spec §9 says nothing heavy may run)
06:39:38 energy preflight ok: /sys/class/hwmon/hwmon3 pkg 14346039000 -> 14354782000 uJ over 3 samples, 5 energy + 5 power labels verified
06:39:38 machine-state preflight: 20 s sustained on one X925 core
06:39:59 machine-state preflight ok: median seconds 13-20: 3.897 GHz (cut-off 3.75)
06:39:59 R15 silicon run 20261006T113938Z-97ee27584cda-silicon started: 12 rounds, 5 Level-1 runs, 5 Level-2 runs
06:40:19 round 1 RES4 trial ok (20 s)
06:40:40 round 1 RES1 trial ok (21 s)
06:40:59 round 1 RES-1-NODIGEST trial ok (19 s)
06:41:20 round 1 SEQ trial ok (21 s)
06:41:41 round 2 RES1 trial ok (21 s)
06:42:01 round 2 SEQ trial ok (20 s)
06:42:21 round 2 RES4 trial ok (20 s)
06:42:41 round 2 RES-1-NODIGEST trial ok (20 s)
06:43:02 round 3 SEQ trial ok (21 s)
06:43:21 round 3 RES-1-NODIGEST trial ok (19 s)
06:43:42 round 3 RES1 trial ok (21 s)
06:44:02 round 3 RES4 trial ok (20 s)
06:44:21 round 4 RES-1-NODIGEST trial ok (19 s)
06:44:41 round 4 RES4 trial ok (20 s)
06:45:02 round 4 SEQ trial ok (21 s)
06:45:23 round 4 RES1 trial ok (21 s)
06:45:43 round 5 RES4 trial ok (20 s)
06:46:04 round 5 RES1 trial ok (21 s)
06:46:23 round 5 RES-1-NODIGEST trial ok (19 s)
06:46:44 round 5 SEQ trial ok (21 s)
06:47:04 round 6 RES1 trial ok (20 s)
06:47:25 round 6 SEQ trial ok (21 s)
06:47:45 round 6 RES4 trial ok (20 s)
06:48:05 round 6 RES-1-NODIGEST trial ok (20 s)
06:48:25 round 7 SEQ trial ok (20 s)
06:48:45 round 7 RES-1-NODIGEST trial ok (20 s)
06:49:06 round 7 RES1 trial ok (21 s)
06:49:26 round 7 RES4 trial ok (20 s)
06:49:45 round 8 RES-1-NODIGEST trial ok (19 s)
06:50:06 round 8 RES4 trial ok (21 s)
06:50:26 round 8 SEQ trial ok (20 s)
06:50:47 round 8 RES1 trial ok (21 s)
06:51:07 round 9 RES4 trial ok (20 s)
06:51:28 round 9 RES1 trial ok (21 s)
06:51:47 round 9 RES-1-NODIGEST trial ok (19 s)
06:52:08 round 9 SEQ trial ok (21 s)
06:52:29 round 10 RES1 trial ok (21 s)
06:52:49 round 10 SEQ trial ok (20 s)
06:53:09 round 10 RES4 trial ok (20 s)
06:53:29 round 10 RES-1-NODIGEST trial ok (20 s)
06:53:49 round 11 SEQ trial ok (20 s)
06:54:09 round 11 RES-1-NODIGEST trial ok (20 s)
06:54:30 round 11 RES1 trial ok (21 s)
06:54:50 round 11 RES4 trial ok (20 s)
06:55:09 round 12 RES-1-NODIGEST trial ok (19 s)
06:55:29 round 12 RES4 trial ok (20 s)
06:55:50 round 12 SEQ trial ok (21 s)
06:56:11 round 12 RES1 trial ok (21 s)
06:56:11 Level 1 A RES1 run 1 ok (0 s)
06:56:11 Level 1 A SEQ run 1 ok (0 s)
06:56:12 Level 1 C RES1 run 1 ok (1 s)
06:57:29 Level 1 C SEQ run 1 ok (77 s)
06:57:29 Level 1 D RES1 run 1 ok (0 s)
06:57:30 Level 1 D SEQ run 1 ok (1 s)
06:57:30 Level 1 E RES1 run 1 ok (0 s)
06:57:30 Level 1 E SEQ run 1 ok (0 s)
06:57:39 Level 1 G RES1 run 1 ok (9 s)
06:57:48 Level 1 G SEQ run 1 ok (9 s)
06:57:55 Level 1 W0 RES1 run 1 ok (7 s)
06:58:02 Level 1 W0 SEQ run 1 ok (7 s)
06:58:10 Level 1 W1 RES1 run 1 ok (8 s)
06:58:17 Level 1 W1 SEQ run 1 ok (7 s)
06:58:49 Level 1 B RES1 run 1 ok (32 s)
06:58:49 Level 1 A SEQ run 2 ok (0 s)
06:58:50 Level 1 A RES1 run 2 ok (1 s)
07:00:09 Level 1 C SEQ run 2 ok (79 s)
07:00:10 Level 1 C RES1 run 2 ok (1 s)
07:00:10 Level 1 D SEQ run 2 ok (0 s)
07:00:10 Level 1 D RES1 run 2 ok (0 s)
07:00:10 Level 1 E SEQ run 2 ok (0 s)
07:00:10 Level 1 E RES1 run 2 ok (0 s)
07:00:19 Level 1 G SEQ run 2 ok (9 s)
07:00:28 Level 1 G RES1 run 2 ok (9 s)
07:00:35 Level 1 W0 SEQ run 2 ok (7 s)
07:00:43 Level 1 W0 RES1 run 2 ok (8 s)
07:00:50 Level 1 W1 SEQ run 2 ok (7 s)
07:00:57 Level 1 W1 RES1 run 2 ok (7 s)
07:01:29 Level 1 B RES1 run 2 ok (32 s)
07:01:29 Level 1 A RES1 run 3 ok (0 s)
07:01:29 Level 1 A SEQ run 3 ok (0 s)
07:01:30 Level 1 C RES1 run 3 ok (1 s)
07:02:47 Level 1 C SEQ run 3 ok (77 s)
07:02:48 Level 1 D RES1 run 3 ok (1 s)
07:02:48 Level 1 D SEQ run 3 ok (0 s)
07:02:48 Level 1 E RES1 run 3 ok (0 s)
07:02:48 Level 1 E SEQ run 3 ok (0 s)
07:02:57 Level 1 G RES1 run 3 ok (9 s)
07:03:06 Level 1 G SEQ run 3 ok (9 s)
07:03:13 Level 1 W0 RES1 run 3 ok (7 s)
07:03:21 Level 1 W0 SEQ run 3 ok (8 s)
07:03:28 Level 1 W1 RES1 run 3 ok (7 s)
07:03:35 Level 1 W1 SEQ run 3 ok (7 s)
07:04:07 Level 1 B RES1 run 3 ok (32 s)
07:04:07 Level 1 A SEQ run 4 ok (0 s)
07:04:07 Level 1 A RES1 run 4 ok (0 s)
07:05:19 Level 1 C SEQ run 4 ok (72 s)
07:05:20 Level 1 C RES1 run 4 ok (1 s)
07:05:21 Level 1 D SEQ run 4 ok (1 s)
07:05:21 Level 1 D RES1 run 4 ok (0 s)
07:05:21 Level 1 E SEQ run 4 ok (0 s)
07:05:21 Level 1 E RES1 run 4 ok (0 s)
07:05:30 Level 1 G SEQ run 4 ok (9 s)
07:05:39 Level 1 G RES1 run 4 ok (9 s)
07:05:46 Level 1 W0 SEQ run 4 ok (7 s)
07:05:53 Level 1 W0 RES1 run 4 ok (7 s)
07:06:01 Level 1 W1 SEQ run 4 ok (8 s)
07:06:08 Level 1 W1 RES1 run 4 ok (7 s)
07:06:40 Level 1 B RES1 run 4 ok (32 s)
07:06:40 Level 1 A RES1 run 5 ok (0 s)
07:06:40 Level 1 A SEQ run 5 ok (0 s)
07:06:41 Level 1 C RES1 run 5 ok (1 s)
07:07:58 Level 1 C SEQ run 5 ok (77 s)
07:07:58 Level 1 D RES1 run 5 ok (0 s)
07:07:58 Level 1 D SEQ run 5 ok (0 s)
07:07:58 Level 1 E RES1 run 5 ok (0 s)
07:07:58 Level 1 E SEQ run 5 ok (0 s)
07:08:07 Level 1 G RES1 run 5 ok (9 s)
07:08:16 Level 1 G SEQ run 5 ok (9 s)
07:08:23 Level 1 W0 RES1 run 5 ok (7 s)
07:08:30 Level 1 W0 SEQ run 5 ok (7 s)
07:08:38 Level 1 W1 RES1 run 5 ok (8 s)
07:08:45 Level 1 W1 SEQ run 5 ok (7 s)
07:09:17 Level 1 B RES1 run 5 ok (32 s)
07:09:18 Level 2 RES1 run 1 ok (1 s)
07:09:18 Level 2 SEQ run 1 ok (0 s)
07:09:18 Level 2 SEQ run 2 ok (0 s)
07:09:18 Level 2 RES1 run 2 ok (0 s)
07:09:19 Level 2 RES1 run 3 ok (1 s)
07:09:19 Level 2 SEQ run 3 ok (0 s)
07:09:19 Level 2 SEQ run 4 ok (0 s)
07:09:20 Level 2 RES1 run 4 ok (1 s)
07:09:20 Level 2 RES1 run 5 ok (0 s)
07:09:20 Level 2 SEQ run 5 ok (0 s)
07:09:22 finished: 0 process(es) failed; 17 of 16 gates pass (see summary.json)
all gates: PASS
