AIENOS C kernel gates at bbad5e4250e57f8cbd1be4cf1390109aa65ef92c (docs(gates): M4_RECOVERY rows follow the merged ck_gates receipt (L16-DOCS) (#263)); QEMU only, qualifies nothing physical
--- [boot] running scripts/qemu_ck_boot_test.sh ...
--- [boot] exit 0 after 8 s
--- [store] running scripts/qemu_ck_store_test.sh ...
--- [store] exit 0 after 98 s
--- [net] running scripts/qemu_ck_net_test.sh ...
--- [net] exit 0 after 19 s
--- [artifact] running scripts/qemu_ck_artifact_test.sh ...
--- [artifact] exit 0 after 37 s
--- [smp] running scripts/qemu_ck_smp_test.sh ...
--- [smp] exit 0 after 6 s
--- [crash] running scripts/qemu_ck_store_crash_test.sh ...
--- [crash] exit 0 after 698 s
--- [disk] running scripts/qemu_ck_disk_layout_test.sh ...
--- [disk] exit 0 after 60 s
--- [cont] running scripts/qemu_ck_continuity_test.sh ...
--- [cont] exit 0 after 191 s
--- [recov] running scripts/qemu_ck_recovery_test.sh ...
--- [recov] exit 0 after 120 s
--- [allen] running scripts/qemu_ck_allen_test.sh ...
--- [allen] exit 0 after 209 s
--- [fpu] running scripts/qemu_ck_fpu_test.sh ...
--- [fpu] exit 0 after 9 s
--- [infer] running scripts/qemu_ck_infer_test.sh ...
--- [infer] exit 0 after 869 s
--- [screen] running scripts/qemu_ck_screen_test.sh ...
--- [screen] exit 0 after 17 s
AIENOS_CK_M1: PASS
AIENOS_CK_M3: PASS
AIENOS_CK_SMMU: PASS
AIENOS_CK_NVME_SHUTDOWN: PASS
AIENOS_CK_P2_ARTIFACT: PASS
AIENOS_CK_M0_ROLLBACK: NOT_RUN (MISSING_IMPLEMENTATION: C loader signatures, A/B, BootNext and rollback are parked (native/boot/README.md))
AIENOS_CK_M4_NVME: PASS (SMMU-confined NVMe DMA in QEMU (iommu=smmuv3, default build); TEST-ONLY bypass build boot-checked separately)
AIENOS_CK_M4_STORE: PASS
AIENOS_CK_M4_STORE_CRASH: PASS
AIENOS_CK_M4_CONTINUITY: PASS
AIENOS_CK_M4_RECOVERY: PASS
AIENOS_CK_M4_ALLEN: PASS
AIENOS_CK_ARGUS1_REVOKE: PASS
AIENOS_CK_KEYBOARD: NOT_RUN (MISSING_IMPLEMENTATION: no xHCI/USB HID keyboard driver in the C kernel)
AIENOS_CK_NET: PASS (QEMU user networking (slirp), virtio-net with ACCESS_PLATFORM required behind the smmuv3 vIOMMU; this PASS covers: attach, UDP TX seen by the host helper, UDP reply RX parsed by M6-A, an out-of-window device DMA refused (F_TRANSLATION, page intact) and recovery by reset, as checked by this run only; QEMU, not hardware)
AIENOS_CK_SMP: PASS
AIENOS_CK_DISK_LAYOUT: PASS
AIENOS_CK_FPU: PASS
AIENOS_CK_INFER: PASS
AIENOS_CK_SCREEN: PASS
NVMe DMA mode: Confined (QEMU SMMUv3 stage 1, out-of-window DMA faulted); no-SMMU boot denied (NoSmmu); TEST-ONLY bypass image checked separately
Child logs: /tmp/ck-gates-work.wIEYth/logs
Receipt: /home/drakestapleton/workspace/evidence-out/CAND1-CKGATES-bbad5e4/ck_gates_654d444507399a5be27424ab9174896d025855814147ed78635207d5929a8361.json
AIENOS_CK_GATES: NOT_ALL_GATES_PASS (pass=18 fail=0 not_run=2 of 20; physical NOT_RUN)
