SELF-BUILD                                   build    PASS                 cc -std=c11 -Wall -Wextra -Werror -pedantic
SELF-BUILD-ASAN                              build    PASS                 ASan/UBSan build
SELF-KAT-DIGESTS                             codec    PASS                 file, case_id and acceptance_id equal the published digests
SELF-GEN-ROUNDTRIP                           codec    PASS                 generator reproduces the example byte for byte
SELF-SHADOW-HAND-TABLE                       shadow   PASS                 shadow oracle reproduces the section 6 hand table
SELF-CORPUS-MANIFEST                         corpus   PASS                 62 cases give their expected response
SELF-DERIVATIONS                             derivation PASS                 20 positive/negative cases: expected codes equal the derived codes
MUTANT-BLIND-P1-kat-ideal-qubit-n4-hardcoded_table mutant   INCONCLUSIVE         defect indistinguishable from truth on this case by construction (stat
MUTANT-BLIND-P1-kat-ideal-qubit-n4-wrong_weight_hidden mutant   INCONCLUSIVE         defect indistinguishable from truth on this case by construction (stat
MUTANT-BLIND-P1-kat-ideal-qubit-n4-verdict_forged mutant   INCONCLUSIVE         defect indistinguishable from truth on this case by construction (stat
MUTANT-BLIND-P1f-y-axis-rotation-conjugate_bug mutant   INCONCLUSIVE         defect indistinguishable from truth on this case by construction (stat
MUTANT-BLIND-P2b-h0-shift-control-hardcoded_table mutant   INCONCLUSIVE         defect indistinguishable from truth on this case by construction (stat
MUTANT-BLIND-P2-tilted-h0-reversed_reference mutant   INCONCLUSIVE         defect indistinguishable from truth on this case by construction (stat
MUTANT-BLIND-N7-unreachable-labels-label_status_wrong mutant   INCONCLUSIVE         defect indistinguishable from truth on this case by construction (stat
MUTANT-BLIND-P1-kat-ideal-qubit-n4-label_claimed_defined mutant   INCONCLUSIVE         defect indistinguishable from truth on this case by construction (stat
SELF-MUTANTS                                 mutant   PASS                 41 discriminating case/mutant pairs all caught
MUTANT-dirty_tree                            mutant   PASS                 graded INCONCLUSIVE as designed (not citable)
MUTANT-contract_commit_wrong                 mutant   PASS                 graded INCONCLUSIVE as designed (not citable)
SELF-ASAN                                    sanitizer PASS                 codec, refusals, synth and verify clean under ASan/UBSan
GATE-ISOLATION-MUTANT-CAUGHT                 gate     PASS                 hidden-clock mutant rejected
GATE-ISOLATION-CLEAN-PASSES                  gate     PASS                 clean arithmetic object accepted
HIDDEN-COMMITMENT                            hidden   INCONCLUSIVE         private set not present on this host
CAND-CODEC-P5-large-rationals                P5       FAIL                 want [AT0_CASE_OK] got [AT0_ENGINE_ERROR ERR_OVERFLOW]
CAND-CODEC-R17-noncanonical-integer          R1       FAIL                 want [AT0_CASE_REFUSED CASE_NONCANONICAL] got [AT0_CASE_REFUSED CASE_P
CAND-CODEC-R30-negative-zero                 R1       FAIL                 want [AT0_CASE_REFUSED CASE_NONCANONICAL] got [AT0_CASE_REFUSED CASE_P
CAND-CODEC-R31-control-kind-bad              R3       FAIL                 want [AT0_CASE_REFUSED CASE_INVALID_PARAMETER] got [AT0_CASE_REFUSED C
CAND-CODEC-R36-label-count-mismatch          R3       FAIL                 want [AT0_CASE_REFUSED CASE_INVALID_PARAMETER] got [AT0_CASE_REFUSED C
CAND-CODEC-CONFORMANCE                       candidate FAIL                 5 of 62 differ
CAND-VERIFY-P1-kat-ideal-qubit-n4            candidate PASS                 independent verification agrees; expectation met
CAND-VERIFY-P1b-ideal-n4-tau8-m8             candidate PASS                 independent verification agrees; expectation met
CAND-VERIFY-P1c-ideal-n6-m6                  candidate PASS                 independent verification agrees; expectation met
CAND-VERIFY-P1d-ref-offset-t2                candidate PASS                 independent verification agrees; expectation met
CAND-VERIFY-P1e-x-axis-rotation              candidate PASS                 independent verification agrees; expectation met
CAND-VERIFY-P1f-y-axis-rotation              candidate PASS                 independent verification agrees; expectation met
CAND-VERIFY-P1g-complex-psi-yplus            candidate PASS                 independent verification agrees; expectation met
CAND-VERIFY-P2-tilted-h0                     candidate PASS                 independent verification agrees; expectation met
CAND-VERIFY-P2b-h0-shift-control             candidate PASS                 independent verification agrees; expectation met
CAND-VERIFY-P3-spec-reference-model          candidate PASS                 independent verification agrees; expectation met
CAND-VERIFY-P4-degenerate-identity-h         candidate PASS                 independent verification agrees; expectation met
CAND-RUN-P5-large-rationals                  candidate FAIL                 runner exit 1 : model failed rc=1: AT0_ENGINE_ERROR ERR_OVERFLOW
CAND-VERIFY-N1-uncovered-spectrum            candidate PASS                 independent verification agrees; expectation met
CAND-VERIFY-N2-half-covered                  candidate PASS                 independent verification agrees; expectation met
CAND-VERIFY-N3-broken-clock-tau3             candidate PASS                 independent verification agrees; expectation met
CAND-VERIFY-N4-wrong-weight-2                candidate PASS                 independent verification agrees; expectation met
CAND-VERIFY-N4b-wrong-weight-5               candidate PASS                 independent verification agrees; expectation met
CAND-VERIFY-N5-precision-demand              candidate PASS                 independent verification agrees; expectation met
CAND-VERIFY-N6-zero-kernel-component         candidate PASS                 independent verification agrees; expectation met
CAND-VERIFY-N7-unreachable-labels            candidate PASS                 independent verification agrees; expectation met
CAND-WALLCLOCK-INDEPENDENCE                  control  PASS                 verdict_id and values identical across time/TZ; evidence digests diffe
CAND-ISOLATION                               gate     PASS                 no clock/random/env/file/net/process/thread symbol in candidate comput
---- summary: pass=34 fail=7 inconclusive=9 blocked_no_candidate=0 not_run=0  (self-test overall FAIL; isolation UNISOLATED)
written results/qualification.json
