2026-10-01T10:31:44Z 936848 25.2 kworker/19:1-events
2026-10-01T10:34:53Z 956969 29.9 apt
2026-10-01T10:35:14Z 934533 25.9 kworker/17:1-events
2026-10-01T10:36:06Z 936848 25.4 kworker/19:1-mm_percpu_wq
2026-10-01T10:36:29Z PROC cc 1
2026-10-01T10:36:29Z PROC cc1 1
2026-10-01T10:36:29Z PROC make 2
2026-10-01T10:36:32Z 984752 30.2 kworker/17:0-events
2026-10-01T10:36:35Z PROC cc 1
2026-10-01T10:36:35Z PROC make 2
2026-10-01T10:36:40Z PROC cc 1
2026-10-01T10:36:40Z PROC cc1 1
2026-10-01T10:36:40Z PROC make 2
2026-10-01T10:36:45Z PROC make 2
2026-10-01T10:36:45Z PROC test_osc_model 1
2026-10-01T10:36:48Z 986736 100.0 test_osc_model_
2026-10-01T10:36:50Z PROC make 2
2026-10-01T10:36:50Z PROC test_osc_model_ 1
2026-10-01T10:36:53Z 986947 100.0 test_osc_backen
2026-10-01T10:36:56Z PROC make 2
2026-10-01T10:36:56Z PROC test_osc_backen 1
2026-10-01T10:36:59Z 986947 99.5 test_osc_backen
2026-10-01T10:37:01Z PROC make 2
2026-10-01T10:37:01Z PROC test_osc_backen 1
2026-10-01T10:37:04Z 986947 99.5 test_osc_backen
2026-10-01T10:37:06Z PROC make 2
2026-10-01T10:37:06Z PROC test_osc_backen 1
2026-10-01T10:37:09Z 986947 100.0 test_osc_backen
2026-10-01T10:37:11Z PROC make 2
2026-10-01T10:37:11Z PROC test_osc_backen 1
2026-10-01T10:37:14Z 987587 100.0 test_osc_compil
2026-10-01T10:37:17Z PROC make 2
2026-10-01T10:37:17Z PROC test_osc_compil 1
2026-10-01T10:37:20Z 987587 99.5 test_osc_compil
2026-10-01T10:37:22Z PROC make 2
2026-10-01T10:37:22Z PROC test_osc_compil 1
2026-10-01T10:37:25Z 987587 100.0 test_osc_compil
2026-10-01T10:37:25Z 936848 25.4 kworker/19:1-events
2026-10-01T10:37:27Z PROC make 2
2026-10-01T10:37:27Z PROC test_osc_compil 1
2026-10-01T10:37:30Z 987587 100.0 test_osc_compil
2026-10-01T10:37:32Z PROC make 2
2026-10-01T10:37:32Z PROC test_osc_compil 1
2026-10-01T10:37:35Z 987587 100.0 test_osc_compil
2026-10-01T10:37:38Z PROC make 2
2026-10-01T10:37:38Z PROC test_osc_compil 1
2026-10-01T10:37:41Z 987587 100.0 test_osc_compil
2026-10-01T10:37:43Z PROC make 2
2026-10-01T10:37:43Z PROC test_osc_compil 1
2026-10-01T10:37:46Z 987587 100.0 test_osc_compil
2026-10-01T10:37:48Z PROC make 2
2026-10-01T10:37:48Z PROC test_osc_compil 1
2026-10-01T10:37:51Z 987587 100.0 test_osc_compil
2026-10-01T10:37:53Z PROC make 2
2026-10-01T10:37:53Z PROC test_osc_compil 1
2026-10-01T10:37:56Z 987587 100.0 test_osc_compil
2026-10-01T10:37:59Z PROC make 2
2026-10-01T10:37:59Z PROC test_osc_compil 1
2026-10-01T10:38:02Z 987587 100.0 test_osc_compil
2026-10-01T10:38:04Z PROC make 2
2026-10-01T10:38:04Z PROC test_osc_compil 1
2026-10-01T10:38:09Z PROC cc 1
2026-10-01T10:38:09Z PROC cc1 1
2026-10-01T10:38:09Z PROC make 2
2026-10-01T10:38:14Z PROC cc 1
2026-10-01T10:38:14Z PROC cc1 1
2026-10-01T10:38:14Z PROC make 1
2026-10-01T10:39:10Z 952278 31.7 kworker/12:3-events
2026-10-01T10:40:02Z 952278 40.6 kworker/12:3-mm_percpu_wq
2026-10-01T10:40:29Z 896037 26.2 kworker/3:0-mm_percpu_wq
2026-10-01T10:40:55Z 944323 31.8 kworker/1:2-events
2026-10-01T10:41:47Z 994637 36.1 kworker/1:1-memcg
2026-10-01T10:45:02Z 952278 25.4 kworker/12:3+tpm_dev_wq
2026-10-01T10:47:02Z 955759 32.8 kworker/18:3-cgroup_free
2026-10-01T10:47:13Z 934958 25.2 kworker/7:3+tpm_dev_wq
2026-10-01T10:48:32Z 1008147 26.7 kworker/0:3+tpm_dev_wq
2026-10-01T10:48:48Z 987047 31.7 kworker/10:2-mm_percpu_wq
2026-10-01T10:48:58Z 991435 29.2 kworker/13:3+tpm_dev_wq
2026-10-01T10:49:14Z 1008147 28.2 kworker/0:3-events
2026-10-01T10:53:21Z 1001714 25.2 kworker/9:2-tpm_dev_wq
2026-10-01T10:53:26Z 1016595 39.6 t
2026-10-01T10:56:40Z 1014914 27.4 kworker/19:1-mm_percpu_wq
2026-10-01T10:56:53Z PROC cc1 1
2026-10-01T10:56:53Z PROC gcc 1
2026-10-01T10:58:12Z PROC cc 1
2026-10-01T10:58:12Z PROC cc1 1
2026-10-01T10:58:12Z PROC make 1
2026-10-01T10:58:17Z PROC cc 1
2026-10-01T10:58:17Z PROC make 1
2026-10-01T10:58:22Z PROC cc 1
2026-10-01T10:58:22Z PROC cc1 1
2026-10-01T10:58:22Z PROC make 1
2026-10-01T10:58:25Z 1022594 31.5 kworker/4:2-mm_percpu_wq
2026-10-01T10:58:27Z PROC cc 1
2026-10-01T10:58:27Z PROC make 1
2026-10-01T10:58:30Z 1028797 51.0 test_osc_model_
2026-10-01T10:58:33Z PROC make 1
2026-10-01T10:58:33Z PROC test_osc_model_ 1
2026-10-01T10:58:36Z 1028797 100.0 test_osc_model_
2026-10-01T10:58:36Z 1005287 30.2 kworker/5:2-events
2026-10-01T10:58:38Z PROC make 1
2026-10-01T10:58:38Z PROC test_osc_model_ 1
2026-10-01T10:58:41Z 1028797 100.0 test_osc_model_
2026-10-01T10:58:43Z PROC make 1
2026-10-01T10:58:43Z PROC test_osc_model_ 1
2026-10-01T10:58:46Z 1029141 100.0 test_osc_backen
2026-10-01T10:58:48Z PROC make 1
2026-10-01T10:58:48Z PROC test_osc_backen 1
2026-10-01T10:58:51Z 1029141 99.0 test_osc_backen
2026-10-01T10:58:51Z 991435 28.2 kworker/13:3-mm_percpu_wq
2026-10-01T10:58:54Z PROC make 1
2026-10-01T10:58:54Z PROC test_osc_backen 1
2026-10-01T10:58:57Z 1029141 97.5 test_osc_backen
2026-10-01T10:58:59Z PROC make 1
2026-10-01T10:58:59Z PROC test_osc_backen 1
2026-10-01T10:59:02Z 1029141 99.5 test_osc_backen
2026-10-01T10:59:02Z 1019155 34.0 kworker/10:0+tpm_dev_wq
2026-10-01T10:59:04Z PROC make 1
2026-10-01T10:59:04Z PROC test_osc_backen 1
2026-10-01T10:59:07Z 1029141 100.0 test_osc_backen
2026-10-01T10:59:09Z PROC make 1
2026-10-01T10:59:09Z PROC test_osc_backen 1
2026-10-01T10:59:12Z 1029141 99.5 test_osc_backen
2026-10-01T10:59:15Z PROC make 1
2026-10-01T10:59:15Z PROC test_osc_backen 1
2026-10-01T10:59:20Z PROC make 1
2026-10-01T10:59:20Z PROC test_osc_compil 1
2026-10-01T10:59:23Z 1030007 100.0 test_osc_compil
2026-10-01T10:59:25Z PROC make 1
2026-10-01T10:59:25Z PROC test_osc_compil 1
2026-10-01T10:59:28Z 1030007 99.5 test_osc_compil
2026-10-01T10:59:28Z 991435 37.6 kworker/13:3+tpm_dev_wq
2026-10-01T10:59:30Z PROC make 1
2026-10-01T10:59:30Z PROC test_osc_compil 1
2026-10-01T10:59:33Z 1030007 100.0 test_osc_compil
2026-10-01T10:59:36Z PROC make 1
2026-10-01T10:59:36Z PROC test_osc_compil 1
2026-10-01T10:59:39Z 1030007 100.0 test_osc_compil
2026-10-01T10:59:41Z PROC make 1
2026-10-01T10:59:41Z PROC test_osc_compil 1
2026-10-01T10:59:44Z 1030007 100.0 test_osc_compil
2026-10-01T10:59:46Z PROC make 1
2026-10-01T10:59:46Z PROC test_osc_compil 1
2026-10-01T10:59:49Z 1030007 99.5 test_osc_compil
2026-10-01T10:59:51Z PROC make 1
2026-10-01T10:59:51Z PROC test_osc_compil 1
2026-10-01T10:59:54Z 1030007 100.0 test_osc_compil
2026-10-01T10:59:57Z PROC make 1
2026-10-01T10:59:57Z PROC test_osc_compil 1
2026-10-01T11:00:00Z 1030007 99.5 test_osc_compil
2026-10-01T11:00:02Z PROC make 1
2026-10-01T11:00:02Z PROC test_osc_compil 1
2026-10-01T11:00:05Z 1030007 100.0 test_osc_compil
2026-10-01T11:00:07Z PROC make 1
2026-10-01T11:00:07Z PROC test_osc_compil 1
2026-10-01T11:00:10Z 1030007 100.0 test_osc_compil
2026-10-01T11:00:12Z PROC make 1
2026-10-01T11:00:12Z PROC test_osc_compil 1
2026-10-01T11:00:15Z 1031825 99.5 test_legacy_a64
2026-10-01T11:00:18Z PROC make 1
2026-10-01T11:00:18Z PROC test_legacy_a64 1
2026-10-01T11:00:21Z 1031984 100.0 test_legacy_a64
2026-10-01T11:00:23Z PROC make 1
2026-10-01T11:00:23Z PROC test_legacy_a64 1
2026-10-01T11:00:26Z 1031984 100.0 test_legacy_a64
2026-10-01T11:00:28Z PROC make 1
2026-10-01T11:00:28Z PROC test_legacy_a64 1
2026-10-01T11:00:47Z 1008463 37.6 kworker/13:0+tpm_dev_wq
2026-10-01T11:01:21Z PROC make 1
2026-10-01T11:01:26Z PROC make 1
2026-10-01T11:01:40Z 1030943 39.9 kworker/3:1-tpm_dev_wq
2026-10-01T11:03:25Z 1015803 31.7 kworker/5:1-tpm_dev_wq
2026-10-01T11:04:14Z PROC make 1
2026-10-01T11:04:19Z PROC cc 1
2026-10-01T11:04:19Z PROC cc1 1
2026-10-01T11:04:19Z PROC make 1
2026-10-01T11:04:22Z 1040092 98.0 test_encoder
2026-10-01T11:04:25Z PROC make 1
2026-10-01T11:04:25Z PROC test_encoder 1
2026-10-01T11:04:28Z 1040339 85.1 test_encoder_as
2026-10-01T11:04:30Z PROC make 1
2026-10-01T11:04:30Z PROC test_encoder_as 1
2026-10-01T11:04:33Z 1040339 99.5 test_encoder_as
2026-10-01T11:04:35Z PROC make 1
2026-10-01T11:04:35Z PROC test_encoder_as 1
2026-10-01T11:04:38Z 1040339 100.0 test_encoder_as
2026-10-01T11:04:40Z PROC make 1
2026-10-01T11:04:40Z PROC test_encoder_as 1
2026-10-01T11:04:46Z PROC cc 1
2026-10-01T11:04:46Z PROC cc1 1
2026-10-01T11:04:46Z PROC make 1
2026-10-01T11:04:51Z PROC cc 1
2026-10-01T11:04:51Z PROC cc1 1
2026-10-01T11:04:51Z PROC make 1
2026-10-01T11:04:56Z PROC cc 1
2026-10-01T11:04:56Z PROC make 1
2026-10-01T11:04:59Z 1041572 42.8 test_st_corpus_
2026-10-01T11:05:01Z PROC make 1
2026-10-01T11:05:01Z PROC test_st_corpus_ 1
2026-10-01T11:05:04Z 1041572 100.0 test_st_corpus_
2026-10-01T11:05:07Z PROC make 1
2026-10-01T11:05:07Z PROC test_st_corpus_ 1
2026-10-01T11:05:10Z 1041572 100.0 test_st_corpus_
2026-10-01T11:05:12Z PROC make 1
2026-10-01T11:05:12Z PROC test_st_corpus_ 1
2026-10-01T11:05:15Z 1041572 100.0 test_st_corpus_
2026-10-01T11:05:17Z PROC make 1
2026-10-01T11:05:17Z PROC test_st_corpus_ 1
2026-10-01T11:05:20Z 1041572 100.0 test_st_corpus_
2026-10-01T11:05:22Z PROC make 1
2026-10-01T11:05:22Z PROC test_st_corpus_ 1
2026-10-01T11:05:25Z 1041572 100.0 test_st_corpus_
2026-10-01T11:05:28Z PROC make 1
2026-10-01T11:05:28Z PROC test_st_corpus_ 1
2026-10-01T11:05:33Z PROC make 1
2026-10-01T11:05:38Z PROC make 1
2026-10-01T11:05:43Z PROC cc 1
2026-10-01T11:05:43Z PROC cc1 1
2026-10-01T11:05:43Z PROC make 1
2026-10-01T11:05:49Z PROC make 1
2026-10-01T11:05:52Z 1046795 100.0 test_program_id
2026-10-01T11:05:54Z PROC make 1
2026-10-01T11:05:54Z PROC test_program_id 1
2026-10-01T11:05:57Z 1047253 25.2 cc1
2026-10-01T11:05:59Z PROC cc 1
2026-10-01T11:05:59Z PROC cc1 1
2026-10-01T11:05:59Z PROC make 1
2026-10-01T11:06:04Z PROC make 1
2026-10-01T11:06:25Z PROC cc 1
2026-10-01T11:06:25Z PROC cc1 1
2026-10-01T11:06:25Z PROC make 1
2026-10-01T11:06:28Z 1019155 32.2 kworker/10:0+tpm_dev_wq
2026-10-01T11:06:31Z PROC cc 1
2026-10-01T11:06:31Z PROC cc1 1
2026-10-01T11:06:31Z PROC make 1
2026-10-01T11:06:41Z PROC cc 1
2026-10-01T11:06:41Z PROC cc1 1
2026-10-01T11:06:41Z PROC make 1
2026-10-01T11:06:47Z PROC make 1
2026-10-01T11:06:47Z PROC rx_r10_omega_te 1
2026-10-01T11:06:50Z 1052979 39.1 rx_plan_reuse_t
2026-10-01T11:06:52Z PROC make 1
2026-10-01T11:06:52Z PROC rx_plan_reuse_t 1
2026-10-01T11:06:55Z 1015803 44.3 kworker/5:1+tpm_dev_wq
2026-10-01T11:07:02Z PROC cc 1
2026-10-01T11:07:02Z PROC cc1 1
2026-10-01T11:07:02Z PROC make 2
2026-10-01T11:07:08Z PROC cc 1
2026-10-01T11:07:08Z PROC cc1 1
2026-10-01T11:07:08Z PROC make 2
2026-10-01T11:07:13Z PROC cc 1
2026-10-01T11:07:13Z PROC cc1 1
2026-10-01T11:07:13Z PROC make 2
2026-10-01T11:07:16Z 1055458 44.6 cc1
2026-10-01T11:07:18Z PROC cc 1
2026-10-01T11:07:18Z PROC cc1 1
2026-10-01T11:07:18Z PROC make 2
2026-10-01T11:07:21Z 1012892 60.7 kworker/2:0+tpm_dev_wq
2026-10-01T11:07:23Z PROC cc 1
2026-10-01T11:07:23Z PROC cc1 1
2026-10-01T11:07:23Z PROC make 2
2026-10-01T11:07:26Z 1055777 70.8 test_osc_model_
2026-10-01T11:07:29Z PROC make 2
2026-10-01T11:07:29Z PROC test_osc_model_ 1
2026-10-01T11:07:32Z 1055777 99.5 test_osc_model_
2026-10-01T11:07:34Z PROC make 2
2026-10-01T11:07:34Z PROC test_osc_model_ 1
2026-10-01T11:07:39Z PROC make 2
2026-10-01T11:07:39Z PROC test_osc_backen 1
2026-10-01T11:07:42Z 1056059 100.0 test_osc_backen
2026-10-01T11:07:44Z PROC make 2
2026-10-01T11:07:44Z PROC test_osc_backen 1
2026-10-01T11:07:47Z 1056059 100.0 test_osc_backen
2026-10-01T11:07:47Z 1011954 39.6 kworker/14:2+tpm_dev_wq
2026-10-01T11:07:50Z PROC make 2
2026-10-01T11:07:50Z PROC test_osc_backen 1
2026-10-01T11:07:53Z 1056059 99.5 test_osc_backen
2026-10-01T11:07:55Z PROC make 2
2026-10-01T11:07:55Z PROC test_osc_backen 1
2026-10-01T11:07:58Z 1056059 99.5 test_osc_backen
2026-10-01T11:08:00Z PROC make 2
2026-10-01T11:08:00Z PROC test_osc_backen 1
2026-10-01T11:08:03Z 1056059 99.0 test_osc_backen
2026-10-01T11:08:05Z PROC make 2
2026-10-01T11:08:05Z PROC test_osc_backen 1
2026-10-01T11:08:08Z 1056059 100.0 test_osc_backen
2026-10-01T11:08:11Z PROC make 2
2026-10-01T11:08:11Z PROC test_osc_backen 1
2026-10-01T11:08:14Z 1056945 81.2 test_osc_compil
2026-10-01T11:08:14Z 1055081 29.2 kworker/1:0-tpm_dev_wq
2026-10-01T11:08:16Z PROC make 2
2026-10-01T11:08:16Z PROC test_osc_compil 1
2026-10-01T11:08:19Z 1056945 100.0 test_osc_compil
2026-10-01T11:08:21Z PROC make 2
2026-10-01T11:08:21Z PROC test_osc_compil 1
2026-10-01T11:08:24Z 1056945 100.0 test_osc_compil
2026-10-01T11:08:26Z PROC make 2
2026-10-01T11:08:26Z PROC test_osc_compil 1
2026-10-01T11:08:29Z 1056945 100.0 test_osc_compil
2026-10-01T11:08:32Z PROC make 2
2026-10-01T11:08:32Z PROC test_osc_compil 1
2026-10-01T11:08:35Z 1056945 100.0 test_osc_compil
2026-10-01T11:08:37Z PROC make 2
2026-10-01T11:08:37Z PROC test_osc_compil 1
2026-10-01T11:08:40Z 1056945 100.0 test_osc_compil
2026-10-01T11:08:42Z PROC make 2
2026-10-01T11:08:42Z PROC test_osc_compil 1
2026-10-01T11:08:45Z 1056945 100.0 test_osc_compil
2026-10-01T11:08:47Z PROC make 2
2026-10-01T11:08:47Z PROC test_osc_compil 1
2026-10-01T11:08:50Z 1056945 99.5 test_osc_compil
2026-10-01T11:08:53Z PROC make 2
2026-10-01T11:08:53Z PROC test_osc_compil 1
2026-10-01T11:08:56Z 1056945 100.0 test_osc_compil
2026-10-01T11:08:58Z PROC make 2
2026-10-01T11:08:58Z PROC test_osc_compil 1
2026-10-01T11:09:01Z 1056945 99.5 test_osc_compil
2026-10-01T11:09:03Z PROC make 2
2026-10-01T11:09:03Z PROC test_osc_compil 1
2026-10-01T11:09:06Z 1056945 100.0 test_osc_compil
2026-10-01T11:09:06Z 1014914 35.8 kworker/19:1+tpm_dev_wq
2026-10-01T11:09:08Z PROC make 2
2026-10-01T11:09:08Z PROC test_osc_compil 1
2026-10-01T11:09:11Z 1056945 100.0 test_osc_compil
2026-10-01T11:09:14Z PROC make 2
2026-10-01T11:09:14Z PROC test_osc_compil 1
2026-10-01T11:09:17Z 1058831 43.6 test_legacy_a64
2026-10-01T11:09:19Z PROC make 2
2026-10-01T11:09:19Z PROC test_legacy_a64 1
2026-10-01T11:09:22Z 1058831 100.0 test_legacy_a64
2026-10-01T11:09:24Z PROC make 2
2026-10-01T11:09:24Z PROC test_legacy_a64 1
2026-10-01T11:09:27Z 1058831 100.0 test_legacy_a64
2026-10-01T11:09:29Z PROC make 2
2026-10-01T11:09:29Z PROC test_legacy_a64 1
2026-10-01T11:09:35Z PROC cc 1
2026-10-01T11:09:35Z PROC cc1 1
2026-10-01T11:09:35Z PROC make 2
2026-10-01T11:09:59Z 934958 25.4 kworker/7:3+tpm_dev_wq
2026-10-01T11:10:06Z PROC cc 1
2026-10-01T11:10:06Z PROC cc1 1
2026-10-01T11:10:06Z PROC make 2
2026-10-01T11:10:11Z PROC cc 1
2026-10-01T11:10:11Z PROC cc1 1
2026-10-01T11:10:11Z PROC make 2
2026-10-01T11:10:17Z PROC cc 1
2026-10-01T11:10:17Z PROC cc1 1
2026-10-01T11:10:17Z PROC make 2
2026-10-01T11:10:20Z 1063298 42.6 test_osc_model_
2026-10-01T11:10:22Z PROC make 2
2026-10-01T11:10:22Z PROC test_osc_model_ 1
2026-10-01T11:10:25Z 1063298 100.0 test_osc_model_
2026-10-01T11:10:25Z 1057910 31.3 kworker/16:1-tpm_dev_wq
2026-10-01T11:10:25Z 1021493 28.4 kworker/15:2-tpm_dev_wq
2026-10-01T11:10:27Z PROC make 2
2026-10-01T11:10:27Z PROC test_osc_model_ 1
2026-10-01T11:10:30Z 1063471 100.0 test_osc_backen
2026-10-01T11:10:32Z PROC make 2
2026-10-01T11:10:32Z PROC test_osc_backen 1
2026-10-01T11:10:35Z 1063471 100.0 test_osc_backen
2026-10-01T11:10:38Z PROC make 2
2026-10-01T11:10:38Z PROC test_osc_backen 1
2026-10-01T11:10:41Z 1063471 99.5 test_osc_backen
2026-10-01T11:10:43Z PROC make 2
2026-10-01T11:10:43Z PROC test_osc_backen 1
2026-10-01T11:10:46Z 1063963 53.5 test_osc_compil
2026-10-01T11:10:48Z PROC make 2
2026-10-01T11:10:48Z PROC test_osc_compil 1
2026-10-01T11:10:51Z 1063963 99.5 test_osc_compil
2026-10-01T11:10:51Z 992532 31.7 kworker/8:1+tpm_dev_wq
2026-10-01T11:10:53Z PROC make 2
2026-10-01T11:10:53Z PROC test_osc_compil 1
2026-10-01T11:10:56Z 1063963 100.0 test_osc_compil
2026-10-01T11:10:59Z PROC make 2
2026-10-01T11:10:59Z PROC test_osc_compil 1
2026-10-01T11:11:02Z 1063963 100.0 test_osc_compil
2026-10-01T11:11:04Z PROC make 2
2026-10-01T11:11:04Z PROC test_osc_compil 1
2026-10-01T11:11:07Z 1063963 100.0 test_osc_compil
2026-10-01T11:11:09Z PROC make 2
2026-10-01T11:11:09Z PROC test_osc_compil 1
2026-10-01T11:11:12Z 1063963 100.0 test_osc_compil
2026-10-01T11:11:14Z PROC make 2
2026-10-01T11:11:14Z PROC test_osc_compil 1
2026-10-01T11:11:17Z 1063963 100.0 test_osc_compil
2026-10-01T11:11:17Z 992532 28.2 kworker/8:1-mm_percpu_wq
2026-10-01T11:11:20Z PROC make 2
2026-10-01T11:11:20Z PROC test_osc_compil 1
2026-10-01T11:11:23Z 1063963 100.0 test_osc_compil
2026-10-01T11:11:25Z PROC make 2
2026-10-01T11:11:25Z PROC test_osc_compil 1
2026-10-01T11:11:28Z 1063963 99.5 test_osc_compil
2026-10-01T11:11:30Z PROC make 2
2026-10-01T11:11:30Z PROC test_osc_compil 1
2026-10-01T11:11:33Z 1063963 100.0 test_osc_compil
2026-10-01T11:11:35Z PROC make 2
2026-10-01T11:11:35Z PROC test_osc_compil 1
2026-10-01T11:11:38Z 1065495 54.2 test_legacy_a64
2026-10-01T11:11:41Z PROC make 2
2026-10-01T11:11:41Z PROC test_legacy_a64 1
2026-10-01T11:11:44Z 1065641 100.0 test_legacy_a64
2026-10-01T11:11:44Z 992532 27.2 kworker/8:1-tpm_dev_wq
2026-10-01T11:11:46Z PROC make 2
2026-10-01T11:11:46Z PROC test_legacy_a64 1
2026-10-01T11:11:49Z 1065641 100.0 test_legacy_a64
2026-10-01T11:11:51Z PROC make 2
2026-10-01T11:11:51Z PROC test_legacy_a64 1
2026-10-01T11:11:56Z PROC cc 1
2026-10-01T11:11:56Z PROC cc1 1
2026-10-01T11:11:56Z PROC make 2
2026-10-01T11:12:10Z 1016527 35.1 kworker/12:2+tpm_dev_wq
2026-10-01T11:12:36Z 1030943 45.1 kworker/3:1+tpm_dev_wq
2026-10-01T11:13:03Z 1030943 58.4 kworker/3:1-events
2026-10-01T11:13:29Z 1068708 38.8 kworker/10:3-rcu_gp
2026-10-01T11:13:29Z 1064168 34.0 kworker/0:0+tpm_dev_wq
2026-10-01T11:13:55Z 1055081 45.5 kworker/1:0+tpm_dev_wq
2026-10-01T11:14:22Z 1064906 70.3 kworker/2:1-tpm_dev_wq
2026-10-01T11:14:48Z 1016122 71.8 kworker/11:3+tpm_dev_wq
2026-10-01T11:15:14Z 1008463 80.2 kworker/13:0+tpm_dev_wq
2026-10-01T11:15:40Z 1008463 82.7 kworker/13:0+tpm_dev_wq
2026-10-01T11:16:07Z 1015803 53.0 kworker/5:1+tpm_dev_wq
2026-10-01T11:16:09Z PROC cc 1
2026-10-01T11:16:09Z PROC cc1 1
2026-10-01T11:16:09Z PROC make 2
2026-10-01T11:16:14Z PROC cc 1
2026-10-01T11:16:14Z PROC cc1 1
2026-10-01T11:16:14Z PROC make 2
2026-10-01T11:16:19Z PROC cc 1
2026-10-01T11:16:19Z PROC cc1 1
2026-10-01T11:16:19Z PROC make 2
2026-10-01T11:16:25Z PROC cc 1
2026-10-01T11:16:25Z PROC cc1 1
2026-10-01T11:16:25Z PROC make 2
