21:05:37 machine-state preflight: 20 s sustained on one X925 core
21:05:57 machine-state preflight ok: median seconds 13-20: 3.897 GHz (cut-off 3.75)
21:05:57 R15 silicon run 20260929T020536Z-ad8e1f2ea4e4-silicon started: 12 rounds, 5 Level-1 runs, 5 Level-2 runs
21:06:18 round 1 RES4 trial ok (21 s)
21:06:40 round 1 RES1 trial ok (22 s)
21:07:01 round 1 RES-1-NODIGEST trial ok (21 s)
21:07:22 round 1 SEQ trial ok (21 s)
21:07:44 round 2 RES1 trial ok (22 s)
21:08:06 round 2 SEQ trial ok (22 s)
21:08:27 round 2 RES4 trial ok (21 s)
21:08:48 round 2 RES-1-NODIGEST trial ok (21 s)
21:09:10 round 3 SEQ trial ok (22 s)
21:09:31 round 3 RES-1-NODIGEST trial ok (21 s)
21:09:53 round 3 RES1 trial ok (22 s)
21:10:14 round 3 RES4 trial ok (21 s)
21:10:37 round 4 RES-1-NODIGEST trial ok (23 s)
21:10:58 round 4 RES4 trial ok (21 s)
21:11:20 round 4 SEQ trial ok (22 s)
21:11:45 round 4 RES1 trial ok (25 s)
21:12:06 round 5 RES4 trial ok (21 s)
21:12:28 round 5 RES1 trial ok (22 s)
21:12:48 round 5 RES-1-NODIGEST trial ok (20 s)
21:13:10 round 5 SEQ trial ok (22 s)
21:13:32 round 6 RES1 trial ok (22 s)
21:13:54 round 6 SEQ trial ok (22 s)
21:14:15 round 6 RES4 trial ok (21 s)
21:14:36 round 6 RES-1-NODIGEST trial ok (21 s)
21:14:58 round 7 SEQ trial ok (22 s)
21:15:19 round 7 RES-1-NODIGEST trial ok (21 s)
21:15:41 round 7 RES1 trial ok (22 s)
21:16:02 round 7 RES4 trial ok (21 s)
21:16:23 round 8 RES-1-NODIGEST trial ok (21 s)
21:16:44 round 8 RES4 trial ok (21 s)
21:17:06 round 8 SEQ trial ok (22 s)
21:17:28 round 8 RES1 trial ok (22 s)
21:17:49 round 9 RES4 trial ok (21 s)
21:18:11 round 9 RES1 trial ok (22 s)
21:18:32 round 9 RES-1-NODIGEST trial ok (21 s)
21:18:54 round 9 SEQ trial ok (22 s)
21:19:16 round 10 RES1 trial ok (22 s)
21:19:37 round 10 SEQ trial ok (21 s)
21:19:59 round 10 RES4 trial ok (22 s)
21:20:20 round 10 RES-1-NODIGEST trial ok (21 s)
21:20:41 round 11 SEQ trial ok (21 s)
21:21:02 round 11 RES-1-NODIGEST trial ok (21 s)
21:21:25 round 11 RES1 trial ok (23 s)
21:21:46 round 11 RES4 trial ok (21 s)
21:22:06 round 12 RES-1-NODIGEST trial ok (20 s)
21:22:28 round 12 RES4 trial ok (22 s)
21:22:49 round 12 SEQ trial ok (21 s)
21:23:11 round 12 RES1 trial ok (22 s)
21:23:11 Level 1 A RES1 run 1 ok (0 s)
21:23:12 Level 1 A SEQ run 1 ok (1 s)
21:23:12 Level 1 C RES1 run 1 ok (0 s)
21:25:48 Level 1 C SEQ run 1 ok (156 s)
21:25:49 Level 1 D RES1 run 1 ok (1 s)
21:25:49 Level 1 D SEQ run 1 ok (0 s)
21:25:49 Level 1 E RES1 run 1 ok (0 s)
21:25:49 Level 1 E SEQ run 1 ok (0 s)
21:25:59 Level 1 G RES1 run 1 ok (10 s)
21:26:10 Level 1 G SEQ run 1 ok (11 s)
21:26:18 Level 1 W0 RES1 run 1 ok (8 s)
21:26:27 Level 1 W0 SEQ run 1 ok (9 s)
21:26:35 Level 1 W1 RES1 run 1 ok (8 s)
21:26:46 Level 1 W1 SEQ run 1 ok (11 s)
21:27:15 Level 1 B RES1 run 1 ok (29 s)
21:27:15 Level 1 A SEQ run 2 ok (0 s)
21:27:15 Level 1 A RES1 run 2 ok (0 s)
21:29:49 Level 1 C SEQ run 2 ok (154 s)
21:29:50 Level 1 C RES1 run 2 ok (1 s)
21:29:50 Level 1 D SEQ run 2 ok (0 s)
21:29:50 Level 1 D RES1 run 2 ok (0 s)
21:29:50 Level 1 E SEQ run 2 ok (0 s)
21:29:50 Level 1 E RES1 run 2 ok (0 s)
21:30:00 Level 1 G SEQ run 2 ok (10 s)
21:30:11 Level 1 G RES1 run 2 ok (11 s)
21:30:19 Level 1 W0 SEQ run 2 ok (8 s)
21:30:28 Level 1 W0 RES1 run 2 ok (9 s)
21:30:37 Level 1 W1 SEQ run 2 ok (9 s)
21:30:45 Level 1 W1 RES1 run 2 ok (8 s)
21:31:14 Level 1 B RES1 run 2 ok (29 s)
21:31:14 Level 1 A RES1 run 3 ok (0 s)
21:31:14 Level 1 A SEQ run 3 ok (0 s)
21:31:15 Level 1 C RES1 run 3 ok (1 s)
21:32:36 Level 1 C SEQ run 3 ok (81 s)
21:32:36 Level 1 D RES1 run 3 ok (0 s)
21:32:36 Level 1 D SEQ run 3 ok (0 s)
21:32:36 Level 1 E RES1 run 3 ok (0 s)
21:32:36 Level 1 E SEQ run 3 ok (0 s)
21:32:47 Level 1 G RES1 run 3 ok (11 s)
21:32:57 Level 1 G SEQ run 3 ok (10 s)
21:33:06 Level 1 W0 RES1 run 3 ok (9 s)
21:33:14 Level 1 W0 SEQ run 3 ok (8 s)
21:33:23 Level 1 W1 RES1 run 3 ok (9 s)
21:33:31 Level 1 W1 SEQ run 3 ok (8 s)
21:34:00 Level 1 B RES1 run 3 ok (29 s)
21:34:00 Level 1 A SEQ run 4 ok (0 s)
21:34:00 Level 1 A RES1 run 4 ok (0 s)
21:34:54 Level 1 C SEQ run 4 ok (54 s)
21:34:54 Level 1 C RES1 run 4 ok (0 s)
21:34:55 Level 1 D SEQ run 4 ok (1 s)
21:34:55 Level 1 D RES1 run 4 ok (0 s)
21:34:55 Level 1 E SEQ run 4 ok (0 s)
21:34:55 Level 1 E RES1 run 4 ok (0 s)
21:35:07 Level 1 G SEQ run 4 ok (12 s)
21:35:17 Level 1 G RES1 run 4 ok (10 s)
21:35:26 Level 1 W0 SEQ run 4 ok (9 s)
21:35:34 Level 1 W0 RES1 run 4 ok (8 s)
21:35:43 Level 1 W1 SEQ run 4 ok (9 s)
21:35:54 Level 1 W1 RES1 run 4 ok (11 s)
21:36:22 Level 1 B RES1 run 4 ok (28 s)
21:36:22 Level 1 A RES1 run 5 ok (0 s)
21:36:22 Level 1 A SEQ run 5 ok (0 s)
21:36:23 Level 1 C RES1 run 5 ok (1 s)
21:37:33 Level 1 C SEQ run 5 ok (70 s)
21:37:33 Level 1 D RES1 run 5 ok (0 s)
21:37:34 Level 1 D SEQ run 5 ok (1 s)
21:37:34 Level 1 E RES1 run 5 ok (0 s)
21:37:34 Level 1 E SEQ run 5 ok (0 s)
21:37:44 Level 1 G RES1 run 5 ok (10 s)
21:37:54 Level 1 G SEQ run 5 ok (10 s)
21:38:03 Level 1 W0 RES1 run 5 ok (9 s)
21:38:11 Level 1 W0 SEQ run 5 ok (8 s)
21:38:20 Level 1 W1 RES1 run 5 ok (9 s)
21:38:28 Level 1 W1 SEQ run 5 ok (8 s)
21:38:58 Level 1 B RES1 run 5 ok (30 s)
21:38:59 Level 2 RES1 run 1 ok (1 s)
21:39:01 Level 2 SEQ run 1 ok (2 s)
21:39:02 Level 2 SEQ run 2 ok (1 s)
21:39:04 Level 2 RES1 run 2 ok (2 s)
21:39:05 Level 2 RES1 run 3 ok (1 s)
21:39:07 Level 2 SEQ run 3 ok (2 s)
21:39:08 Level 2 SEQ run 4 ok (1 s)
21:39:10 Level 2 RES1 run 4 ok (2 s)
21:39:11 Level 2 RES1 run 5 ok (1 s)
21:39:13 Level 2 SEQ run 5 ok (2 s)
21:39:14 finished: 0 process(es) failed; 15 of 16 gates pass (see summary.json)
all gates: FAIL
