cases: 88
HOST_MUTANT_WRONG_REDUCE_ORDER_CASE mm_2x33x3 cpu=eafe48515b73d92a rc=0 test=2aa8c8c03da2878f rc=0 DIFFER
HOST_MUTANT_WRONG_REDUCE_ORDER_CASE mm_2x65x3 cpu=80a2fafaa9f2683d rc=0 test=dce39e2207576dd0 rc=0 DIFFER
HOST_MUTANT_WRONG_REDUCE_ORDER: caught (2 of 4 cases differ, 0 not OK)
HOST_MUTANT_FFMA_MATMUL_CASE mm_2x33x3 cpu=eafe48515b73d92a rc=0 test=f2956c58fa4102b4 rc=0 DIFFER
HOST_MUTANT_FFMA_MATMUL_CASE mm_2x65x3 cpu=80a2fafaa9f2683d rc=0 test=d02590fb7c0af714 rc=0 DIFFER
HOST_MUTANT_FFMA_MATMUL_CASE mm_bcast_3x1x4x5_2x5x6 cpu=e0a65432a1d9f833 rc=0 test=b6e9703601bcd272 rc=0 DIFFER
HOST_MUTANT_FFMA_MATMUL_CASE mm_bcast_2x3x33_33x4 cpu=d0dd137f987ab4db rc=0 test=9561078511582df7 rc=0 DIFFER
HOST_MUTANT_FFMA_MATMUL: caught (4 of 4 cases differ, 0 not OK)
HOST_MUTANT_SWAPPED_OPERAND_CASE bin_SUB cpu=d0d12f1a679ee7a8 rc=0 test=079eab160d6b0d54 rc=0 DIFFER
HOST_MUTANT_SWAPPED_OPERAND_CASE bin_DIV cpu=f24e90a53941e73c rc=0 test=4a7b1699ae3243b1 rc=0 DIFFER
HOST_MUTANT_SWAPPED_OPERAND_CASE bin_SEL_LT cpu=84d940d834aa6266 rc=0 test=40fb1de00c370ad3 rc=0 DIFFER
HOST_MUTANT_SWAPPED_OPERAND_CASE bcast_add_4x1x3_5x1 cpu=bf705ec2744a7edf rc=0 test=c51eb86617bf02a6 rc=0 DIFFER
HOST_MUTANT_SWAPPED_OPERAND: caught (4 of 4 cases differ, 0 not OK)
HOST_HARNESS_MUTANTS: PASS (3 of 3 caught over the CPU table)
TENSOR_GB10_HOST: PASS (26 checks, 0 failed)
TENSOR_GB10_CASE mm_1x1x1 cpu=ed0ad77c620859f8 rc=0 test=0000000000000000 rc=-10 NOT_OK
TENSOR_GB10_CASE mm_129x3x257 cpu=a344c725cfd4aed2 rc=0 test=0000000000000000 rc=-10 NOT_OK
TENSOR_GB10_CASE mm_2x31x3 cpu=01f447bc2e6c58ad rc=0 test=0000000000000000 rc=-10 NOT_OK
TENSOR_GB10_CASE mm_2x32x3 cpu=043cd5affeb37dc0 rc=0 test=0000000000000000 rc=-10 NOT_OK
TENSOR_GB10_CASE mm_2x33x3 cpu=eafe48515b73d92a rc=0 test=0000000000000000 rc=-10 NOT_OK
TENSOR_GB10_CASE mm_2x63x3 cpu=c978ae14bff731ea rc=0 test=0000000000000000 rc=-10 NOT_OK
TENSOR_GB10_CASE mm_2x64x3 cpu=0c4ed703f271ae9c rc=0 test=0000000000000000 rc=-10 NOT_OK
TENSOR_GB10_CASE mm_2x65x3 cpu=80a2fafaa9f2683d rc=0 test=0000000000000000 rc=-10 NOT_OK
TENSOR_GB10_CASE mm_2x1023x3 cpu=0bbc1d389067da1d rc=0 test=0000000000000000 rc=-10 NOT_OK
TENSOR_GB10_CASE mm_2x1024x3 cpu=6828c5c7a29844a5 rc=0 test=0000000000000000 rc=-10 NOT_OK
TENSOR_GB10_CASE mm_2x1025x3 cpu=3eecad098579b170 rc=0 test=0000000000000000 rc=-10 NOT_OK
TENSOR_GB10_CASE mm_bcast_3x1x4x5_2x5x6 cpu=e0a65432a1d9f833 rc=0 test=e0a65432a1d9f833 rc=0 EQUAL
TENSOR_GB10_CASE mm_bcast_2x3x33_33x4 cpu=d0dd137f987ab4db rc=0 test=d0dd137f987ab4db rc=0 EQUAL
TENSOR_GB10_CASE mm_specials_3x33x2 cpu=05a0c1eeb05c7d5e rc=0 test=0000000000000000 rc=-10 NOT_OK
TENSOR_GB10_CASE mm_viewT_5x7x3 cpu=a8f35b1fbdc3f5e7 rc=0 test=a8f35b1fbdc3f5e7 rc=0 EQUAL
TENSOR_GB10_CASE red_SUM_n31 cpu=7db0eeb83c1d5746 rc=0 test=7db0eeb83c1d5746 rc=0 EQUAL
TENSOR_GB10_CASE red_SUM_n32 cpu=6594afdb1b1d8458 rc=0 test=6594afdb1b1d8458 rc=0 EQUAL
TENSOR_GB10_CASE red_SUM_n33 cpu=b4ea4e76f722b472 rc=0 test=b4ea4e76f722b472 rc=0 EQUAL
TENSOR_GB10_CASE red_SUM_n1023 cpu=a9ef40616f4e0506 rc=0 test=0000000000000000 rc=-10 NOT_OK
TENSOR_GB10_CASE red_SUM_n1024 cpu=a71db7a0a25c5a48 rc=0 test=a71db7a0a25c5a48 rc=0 EQUAL
TENSOR_GB10_CASE red_SUM_n1025 cpu=e310d418779d1e45 rc=0 test=e310d418779d1e45 rc=0 EQUAL
TENSOR_GB10_CASE red_SUM_n32769 cpu=0b774686a8897c0c rc=0 test=0b774686a8897c0c rc=0 EQUAL
TENSOR_GB10_CASE red_SUM_specials_n33 cpu=24ceed0ba7fe69d3 rc=0 test=24ceed0ba7fe69d3 rc=0 EQUAL
TENSOR_GB10_CASE red_SUM_specials_n1025 cpu=739ac0fac218e890 rc=0 test=0000000000000000 rc=-10 NOT_OK
TENSOR_GB10_CASE red_SUM_rows_3x1025_axis1 cpu=d73754a312d2e013 rc=0 test=0000000000000000 rc=-10 NOT_OK
TENSOR_GB10_CASE red_SUM_cols_1025x3_axis0 cpu=21ef5f86be15b081 rc=0 test=0000000000000000 rc=-10 NOT_OK
TENSOR_GB10_CASE red_MAX_n31 cpu=a4be1774150a195a rc=0 test=0000000000000000 rc=-10 NOT_OK
TENSOR_GB10_CASE red_MAX_n32 cpu=82ebfe6a8191cf4b rc=0 test=0000000000000000 rc=-10 NOT_OK
TENSOR_GB10_CASE red_MAX_n33 cpu=9497898a5dd42b76 rc=0 test=0000000000000000 rc=-10 NOT_OK
TENSOR_GB10_CASE red_MAX_n1023 cpu=9489d9572eec3d32 rc=0 test=9489d9572eec3d32 rc=0 EQUAL
TENSOR_GB10_CASE red_MAX_n1024 cpu=64094600f25397ba rc=0 test=0000000000000000 rc=-10 NOT_OK
TENSOR_GB10_CASE red_MAX_n1025 cpu=a8055038c5090da5 rc=0 test=a8055038c5090da5 rc=0 EQUAL
TENSOR_GB10_CASE red_MAX_n32769 cpu=c97ce964b6a0afd6 rc=0 test=0000000000000000 rc=-10 NOT_OK
TENSOR_GB10_CASE red_MAX_specials_n33 cpu=8633f856219cb3b7 rc=0 test=8633f856219cb3b7 rc=0 EQUAL
TENSOR_GB10_CASE red_MAX_specials_n1025 cpu=7bb10055da21307c rc=0 test=0000000000000000 rc=-10 NOT_OK
TENSOR_GB10_CASE red_MAX_rows_3x1025_axis1 cpu=44bbb6c32eef5743 rc=0 test=0000000000000000 rc=-10 NOT_OK
TENSOR_GB10_CASE red_MAX_cols_1025x3_axis0 cpu=1b6e094d2ff9fe1f rc=0 test=0000000000000000 rc=-10 NOT_OK
TENSOR_GB10_CASE red_MIN_n31 cpu=5d0ca33db4f160d9 rc=0 test=0000000000000000 rc=-10 NOT_OK
TENSOR_GB10_CASE red_MIN_n32 cpu=42fc3de4a259355d rc=0 test=0000000000000000 rc=-10 NOT_OK
TENSOR_GB10_CASE red_MIN_n33 cpu=5afe5ed3352e2baa rc=0 test=0000000000000000 rc=-10 NOT_OK
TENSOR_GB10_CASE red_MIN_n1023 cpu=bec778a3585ed9c8 rc=0 test=0000000000000000 rc=-10 NOT_OK
TENSOR_GB10_CASE red_MIN_n1024 cpu=657a7969fd08824f rc=0 test=0000000000000000 rc=-10 NOT_OK
TENSOR_GB10_CASE red_MIN_n1025 cpu=a5cd404960ecd7b3 rc=0 test=0000000000000000 rc=-10 NOT_OK
TENSOR_GB10_CASE red_MIN_n32769 cpu=fc68d9f8f4d9680c rc=0 test=0000000000000000 rc=-10 NOT_OK
TENSOR_GB10_CASE red_MIN_specials_n33 cpu=e5f845f14325995e rc=0 test=e5f845f14325995e rc=0 EQUAL
TENSOR_GB10_CASE red_MIN_specials_n1025 cpu=3973e169fa76333d rc=0 test=3973e169fa76333d rc=0 EQUAL
TENSOR_GB10_CASE red_MIN_rows_3x1025_axis1 cpu=d796dded2ee5ad08 rc=0 test=d796dded2ee5ad08 rc=0 EQUAL
TENSOR_GB10_CASE red_MIN_cols_1025x3_axis0 cpu=d139fdb93359a499 rc=0 test=d139fdb93359a499 rc=0 EQUAL
TENSOR_GB10_CASE red_MEAN_n31 cpu=e593ab9718f925df rc=0 test=e593ab9718f925df rc=0 EQUAL
TENSOR_GB10_CASE red_MEAN_n32 cpu=347e849a35cf5cd6 rc=0 test=347e849a35cf5cd6 rc=0 EQUAL
TENSOR_GB10_CASE red_MEAN_n33 cpu=15bc706c1a23ea2a rc=0 test=15bc706c1a23ea2a rc=0 EQUAL
TENSOR_GB10_CASE red_MEAN_n1023 cpu=de80c2a6e9358148 rc=0 test=de80c2a6e9358148 rc=0 EQUAL
TENSOR_GB10_CASE red_MEAN_n1024 cpu=67b8c8066608b40e rc=0 test=67b8c8066608b40e rc=0 EQUAL
TENSOR_GB10_CASE red_MEAN_n1025 cpu=31dd151d4e53defe rc=0 test=31dd151d4e53defe rc=0 EQUAL
TENSOR_GB10_CASE red_MEAN_n32769 cpu=bd818b5060442b20 rc=0 test=bd818b5060442b20 rc=0 EQUAL
TENSOR_GB10_CASE red_MEAN_specials_n33 cpu=739ac0fac218e890 rc=0 test=739ac0fac218e890 rc=0 EQUAL
TENSOR_GB10_CASE red_MEAN_specials_n1025 cpu=739ac0fac218e890 rc=0 test=739ac0fac218e890 rc=0 EQUAL
TENSOR_GB10_CASE red_MEAN_rows_3x1025_axis1 cpu=8243ddf0d076e865 rc=0 test=8243ddf0d076e865 rc=0 EQUAL
TENSOR_GB10_CASE red_MEAN_cols_1025x3_axis0 cpu=08bc3c774fd2d829 rc=0 test=08bc3c774fd2d829 rc=0 EQUAL
TENSOR_GB10_CASE bin_ADD cpu=956a02f01958dd69 rc=0 test=956a02f01958dd69 rc=0 EQUAL
TENSOR_GB10_CASE bin_SUB cpu=d0d12f1a679ee7a8 rc=0 test=d0d12f1a679ee7a8 rc=0 EQUAL
TENSOR_GB10_CASE bin_MUL cpu=0fdd8cfb1e1e0368 rc=0 test=0fdd8cfb1e1e0368 rc=0 EQUAL
TENSOR_GB10_CASE bin_DIV cpu=f24e90a53941e73c rc=0 test=f24e90a53941e73c rc=0 EQUAL
TENSOR_GB10_CASE bin_MIN cpu=6272b95805237452 rc=0 test=6272b95805237452 rc=0 EQUAL
TENSOR_GB10_CASE bin_MAX cpu=e2f94979448b9d3c rc=0 test=e2f94979448b9d3c rc=0 EQUAL
TENSOR_GB10_CASE bin_SEL_GE cpu=2ffd3e5636097a53 rc=0 test=2ffd3e5636097a53 rc=0 EQUAL
TENSOR_GB10_CASE bin_SEL_LT cpu=84d940d834aa6266 rc=0 test=84d940d834aa6266 rc=0 EQUAL
TENSOR_GB10_CASE bin_SEL_LE cpu=0973bb8b98a9ea4c rc=0 test=0973bb8b98a9ea4c rc=0 EQUAL
TENSOR_GB10_CASE bin_SEL_GT cpu=5a23aa83d9db5b85 rc=0 test=5a23aa83d9db5b85 rc=0 EQUAL
TENSOR_GB10_CASE bin_SEL_EQ cpu=f2db4b301407c83e rc=0 test=f2db4b301407c83e rc=0 EQUAL
TENSOR_GB10_CASE bin_SEL_NE cpu=963d1cd13da32528 rc=0 test=963d1cd13da32528 rc=0 EQUAL
TENSOR_GB10_CASE bin_SEL_NUM cpu=43dbbb485c829788 rc=0 test=43dbbb485c829788 rc=0 EQUAL
TENSOR_GB10_CASE bin_SEL_NAN cpu=47d75deb662a6533 rc=0 test=47d75deb662a6533 rc=0 EQUAL
TENSOR_GB10_CASE bin_SEL_LTU cpu=b0af9d8b98140cf9 rc=0 test=b0af9d8b98140cf9 rc=0 EQUAL
TENSOR_GB10_CASE bin_SEL_LEU cpu=a390c359d8a2eb48 rc=0 test=a390c359d8a2eb48 rc=0 EQUAL
TENSOR_GB10_CASE bin_SEL_GTU cpu=55803a4209a49424 rc=0 test=55803a4209a49424 rc=0 EQUAL
TENSOR_GB10_CASE bin_SEL_GEU cpu=c08959755158a12c rc=0 test=c08959755158a12c rc=0 EQUAL
TENSOR_GB10_CASE bin_SEL_EQU cpu=e22bdf16e9197c4b rc=0 test=e22bdf16e9197c4b rc=0 EQUAL
TENSOR_GB10_CASE bin_SEL_NEU cpu=2b4401706af8f1f9 rc=0 test=2b4401706af8f1f9 rc=0 EQUAL
TENSOR_GB10_CASE un_SQRT cpu=c61f3507c2d9e7b8 rc=0 test=c61f3507c2d9e7b8 rc=0 EQUAL
TENSOR_GB10_CASE fma_FFMA_V cpu=f6c0bf05cd7dc7b0 rc=0 test=f6c0bf05cd7dc7b0 rc=0 EQUAL
TENSOR_GB10_CASE cast_F32_TO_F16 cpu=9ba1108ebb65a3d0 rc=0 test=9ba1108ebb65a3d0 rc=0 EQUAL
TENSOR_GB10_CASE cast_F32_TO_BF16 cpu=a45b248ad078d53b rc=0 test=a45b248ad078d53b rc=0 EQUAL
TENSOR_GB10_CASE cast_F16_TO_F32 cpu=8beb1c8f73e222cb rc=0 test=8beb1c8f73e222cb rc=0 EQUAL
TENSOR_GB10_CASE cast_BF16_TO_F32 cpu=22bac4315ae383d7 rc=0 test=22bac4315ae383d7 rc=0 EQUAL
TENSOR_GB10_CASE bcast_add_4x1x3_5x1 cpu=bf705ec2744a7edf rc=0 test=bf705ec2744a7edf rc=0 EQUAL
TENSOR_GB10_CASE bcast_fma_2x1_1x3_3 cpu=d02697c3ac23b922 rc=0 test=d02697c3ac23b922 rc=0 EQUAL
TENSOR_GB10_CASE big_add_70001 cpu=3234ed98fea13dd0 rc=0 test=3234ed98fea13dd0 rc=0 EQUAL
FAIL tests/test_omega_tensor_gb10.c:553: GB10 parity: 88 cases, 57 OK on both, 0 differ
TENSOR_GB10_PARITY: FAIL (57 of 88 cases bit-exact value ids)
TENSOR_GB10_MUTANT_WRONG_REDUCE_ORDER_CASE mm_2x33x3 cpu=eafe48515b73d92a rc=0 test=2aa8c8c03da2878f rc=0 DIFFER
TENSOR_GB10_MUTANT_WRONG_REDUCE_ORDER_CASE mm_2x65x3 cpu=80a2fafaa9f2683d rc=0 test=dce39e2207576dd0 rc=0 DIFFER
TENSOR_GB10_MUTANT_WRONG_REDUCE_ORDER: caught (2 of 4 cases differ, 0 not OK)
TENSOR_GB10_MUTANT_FFMA_MATMUL_CASE mm_2x33x3 cpu=eafe48515b73d92a rc=0 test=f2956c58fa4102b4 rc=0 DIFFER
TENSOR_GB10_MUTANT_FFMA_MATMUL_CASE mm_2x65x3 cpu=80a2fafaa9f2683d rc=0 test=d02590fb7c0af714 rc=0 DIFFER
TENSOR_GB10_MUTANT_FFMA_MATMUL_CASE mm_bcast_3x1x4x5_2x5x6 cpu=e0a65432a1d9f833 rc=0 test=b6e9703601bcd272 rc=0 DIFFER
TENSOR_GB10_MUTANT_FFMA_MATMUL_CASE mm_bcast_2x3x33_33x4 cpu=d0dd137f987ab4db rc=0 test=9561078511582df7 rc=0 DIFFER
TENSOR_GB10_MUTANT_FFMA_MATMUL: caught (4 of 4 cases differ, 0 not OK)
TENSOR_GB10_MUTANT_SWAPPED_OPERAND_CASE bin_SUB cpu=d0d12f1a679ee7a8 rc=0 test=079eab160d6b0d54 rc=0 DIFFER
TENSOR_GB10_MUTANT_SWAPPED_OPERAND_CASE bin_DIV cpu=f24e90a53941e73c rc=0 test=4a7b1699ae3243b1 rc=0 DIFFER
TENSOR_GB10_MUTANT_SWAPPED_OPERAND_CASE bin_SEL_LT cpu=84d940d834aa6266 rc=0 test=40fb1de00c370ad3 rc=0 DIFFER
TENSOR_GB10_MUTANT_SWAPPED_OPERAND_CASE bcast_add_4x1x3_5x1 cpu=bf705ec2744a7edf rc=0 test=c51eb86617bf02a6 rc=0 DIFFER
TENSOR_GB10_MUTANT_SWAPPED_OPERAND: caught (4 of 4 cases differ, 0 not OK)
TENSOR_GB10_MUTANTS: PASS (3 of 3 caught on chip)
33 checks, 1 failed
M20 Tensor GB10 Verdict: FAIL
