GB10_CASE_BEGIN HOST_SELF mm_1x1x1
GB10_CASE_BEGIN HOST_SELF mm_129x3x257
GB10_CASE_BEGIN HOST_SELF mm_2x31x3
GB10_CASE_BEGIN HOST_SELF mm_2x32x3
GB10_CASE_BEGIN HOST_SELF mm_2x33x3
GB10_CASE_BEGIN HOST_SELF mm_2x63x3
GB10_CASE_BEGIN HOST_SELF mm_2x64x3
GB10_CASE_BEGIN HOST_SELF mm_2x65x3
GB10_CASE_BEGIN HOST_SELF mm_2x1023x3
GB10_CASE_BEGIN HOST_SELF mm_2x1024x3
GB10_CASE_BEGIN HOST_SELF mm_2x1025x3
GB10_CASE_BEGIN HOST_SELF mm_bcast_3x1x4x5_2x5x6
GB10_CASE_BEGIN HOST_SELF mm_bcast_2x3x33_33x4
GB10_CASE_BEGIN HOST_SELF mm_specials_3x33x2
GB10_CASE_BEGIN HOST_SELF mm_viewT_5x7x3
GB10_CASE_BEGIN HOST_SELF red_SUM_n31
GB10_CASE_BEGIN HOST_SELF red_SUM_n32
GB10_CASE_BEGIN HOST_SELF red_SUM_n33
GB10_CASE_BEGIN HOST_SELF red_SUM_n1023
GB10_CASE_BEGIN HOST_SELF red_SUM_n1024
GB10_CASE_BEGIN HOST_SELF red_SUM_n1025
GB10_CASE_BEGIN HOST_SELF red_SUM_n32769
GB10_CASE_BEGIN HOST_SELF red_SUM_specials_n33
GB10_CASE_BEGIN HOST_SELF red_SUM_specials_n1025
GB10_CASE_BEGIN HOST_SELF red_SUM_rows_3x1025_axis1
GB10_CASE_BEGIN HOST_SELF red_SUM_cols_1025x3_axis0
GB10_CASE_BEGIN HOST_SELF red_MAX_n31
GB10_CASE_BEGIN HOST_SELF red_MAX_n32
GB10_CASE_BEGIN HOST_SELF red_MAX_n33
GB10_CASE_BEGIN HOST_SELF red_MAX_n1023
GB10_CASE_BEGIN HOST_SELF red_MAX_n1024
GB10_CASE_BEGIN HOST_SELF red_MAX_n1025
GB10_CASE_BEGIN HOST_SELF red_MAX_n32769
GB10_CASE_BEGIN HOST_SELF red_MAX_specials_n33
GB10_CASE_BEGIN HOST_SELF red_MAX_specials_n1025
GB10_CASE_BEGIN HOST_SELF red_MAX_rows_3x1025_axis1
GB10_CASE_BEGIN HOST_SELF red_MAX_cols_1025x3_axis0
GB10_CASE_BEGIN HOST_SELF red_MIN_n31
GB10_CASE_BEGIN HOST_SELF red_MIN_n32
GB10_CASE_BEGIN HOST_SELF red_MIN_n33
GB10_CASE_BEGIN HOST_SELF red_MIN_n1023
GB10_CASE_BEGIN HOST_SELF red_MIN_n1024
GB10_CASE_BEGIN HOST_SELF red_MIN_n1025
GB10_CASE_BEGIN HOST_SELF red_MIN_n32769
GB10_CASE_BEGIN HOST_SELF red_MIN_specials_n33
GB10_CASE_BEGIN HOST_SELF red_MIN_specials_n1025
GB10_CASE_BEGIN HOST_SELF red_MIN_rows_3x1025_axis1
GB10_CASE_BEGIN HOST_SELF red_MIN_cols_1025x3_axis0
GB10_CASE_BEGIN HOST_SELF red_MEAN_n31
GB10_CASE_BEGIN HOST_SELF red_MEAN_n32
GB10_CASE_BEGIN HOST_SELF red_MEAN_n33
GB10_CASE_BEGIN HOST_SELF red_MEAN_n1023
GB10_CASE_BEGIN HOST_SELF red_MEAN_n1024
GB10_CASE_BEGIN HOST_SELF red_MEAN_n1025
GB10_CASE_BEGIN HOST_SELF red_MEAN_n32769
GB10_CASE_BEGIN HOST_SELF red_MEAN_specials_n33
GB10_CASE_BEGIN HOST_SELF red_MEAN_specials_n1025
GB10_CASE_BEGIN HOST_SELF red_MEAN_rows_3x1025_axis1
GB10_CASE_BEGIN HOST_SELF red_MEAN_cols_1025x3_axis0
GB10_CASE_BEGIN HOST_SELF bin_ADD
GB10_CASE_BEGIN HOST_SELF bin_SUB
GB10_CASE_BEGIN HOST_SELF bin_MUL
GB10_CASE_BEGIN HOST_SELF bin_DIV
GB10_CASE_BEGIN HOST_SELF bin_MIN
GB10_CASE_BEGIN HOST_SELF bin_MAX
GB10_CASE_BEGIN HOST_SELF bin_SEL_GE
GB10_CASE_BEGIN HOST_SELF bin_SEL_LT
GB10_CASE_BEGIN HOST_SELF bin_SEL_LE
GB10_CASE_BEGIN HOST_SELF bin_SEL_GT
GB10_CASE_BEGIN HOST_SELF bin_SEL_EQ
GB10_CASE_BEGIN HOST_SELF bin_SEL_NE
GB10_CASE_BEGIN HOST_SELF bin_SEL_NUM
GB10_CASE_BEGIN HOST_SELF bin_SEL_NAN
GB10_CASE_BEGIN HOST_SELF bin_SEL_LTU
GB10_CASE_BEGIN HOST_SELF bin_SEL_LEU
GB10_CASE_BEGIN HOST_SELF bin_SEL_GTU
GB10_CASE_BEGIN HOST_SELF bin_SEL_GEU
GB10_CASE_BEGIN HOST_SELF bin_SEL_EQU
GB10_CASE_BEGIN HOST_SELF bin_SEL_NEU
GB10_CASE_BEGIN HOST_SELF un_SQRT
GB10_CASE_BEGIN HOST_SELF fma_FFMA_V
GB10_CASE_BEGIN HOST_SELF cast_F32_TO_F16
GB10_CASE_BEGIN HOST_SELF cast_F32_TO_BF16
GB10_CASE_BEGIN HOST_SELF cast_F16_TO_F32
GB10_CASE_BEGIN HOST_SELF cast_BF16_TO_F32
GB10_CASE_BEGIN HOST_SELF bcast_add_4x1x3_5x1
GB10_CASE_BEGIN HOST_SELF bcast_fma_2x1_1x3_3
GB10_CASE_BEGIN HOST_SELF big_add_70001
GB10_CASE_BEGIN HOST_MUTANT_WRONG_REDUCE_ORDER mm_2x33x3
GB10_CASE_BEGIN HOST_MUTANT_WRONG_REDUCE_ORDER mm_2x65x3
GB10_CASE_BEGIN HOST_MUTANT_WRONG_REDUCE_ORDER red_SUM_n33
GB10_CASE_BEGIN HOST_MUTANT_WRONG_REDUCE_ORDER red_SUM_n1025
GB10_CASE_BEGIN HOST_MUTANT_FFMA_MATMUL mm_2x33x3
GB10_CASE_BEGIN HOST_MUTANT_FFMA_MATMUL mm_2x65x3
GB10_CASE_BEGIN HOST_MUTANT_FFMA_MATMUL mm_bcast_3x1x4x5_2x5x6
GB10_CASE_BEGIN HOST_MUTANT_FFMA_MATMUL mm_bcast_2x3x33_33x4
GB10_CASE_BEGIN HOST_MUTANT_SWAPPED_OPERAND bin_SUB
GB10_CASE_BEGIN HOST_MUTANT_SWAPPED_OPERAND bin_DIV
GB10_CASE_BEGIN HOST_MUTANT_SWAPPED_OPERAND bin_SEL_LT
GB10_CASE_BEGIN HOST_MUTANT_SWAPPED_OPERAND bcast_add_4x1x3_5x1
GB10_CASE_BEGIN TENSOR_GB10 mm_1x1x1
GB10_CALL idx=1 kind=simt op=FMUL count=1 rc=0 ms=1079.519
GB10_CALL idx=2 kind=simt op=REDUCE_SUM count=32 rc=0 ms=1078.847
GB10_CASE_BEGIN TENSOR_GB10 mm_129x3x257
GB10_CALL idx=3 kind=simt op=FMUL count=65536 rc=0 ms=1081.090
GB10_CALL idx=4 kind=simt op=FMUL count=33923 rc=0 ms=1079.930
GB10_CALL idx=5 kind=simt op=REDUCE_SUM count=65536 rc=0 ms=1078.506
GB10_CALL idx=6 kind=simt op=REDUCE_SUM count=65536 rc=0 ms=1078.359
GB10_CALL idx=7 kind=simt op=REDUCE_SUM count=65536 rc=0 ms=1078.375
GB10_CALL idx=8 kind=simt op=REDUCE_SUM count=65536 rc=0 ms=1078.405
GB10_CALL idx=9 kind=simt op=REDUCE_SUM count=65536 rc=0 ms=1079.909
GB10_CALL idx=10 kind=simt op=REDUCE_SUM count=65536 rc=0 ms=1080.948
GB10_CALL idx=11 kind=simt op=REDUCE_SUM count=65536 rc=0 ms=1080.444
GB10_CALL idx=12 kind=simt op=REDUCE_SUM count=65536 rc=0 ms=1080.525
GB10_CALL idx=13 kind=simt op=REDUCE_SUM count=65536 rc=0 ms=1080.474
GB10_CALL idx=14 kind=simt op=REDUCE_SUM count=65536 rc=0 ms=1079.996
GB10_CALL idx=15 kind=simt op=REDUCE_SUM count=65536 rc=0 ms=1079.630
GB10_CALL idx=16 kind=simt op=REDUCE_SUM count=65536 rc=0 ms=1079.431
GB10_CALL idx=17 kind=simt op=REDUCE_SUM count=65536 rc=0 ms=1077.597
GB10_CALL idx=18 kind=simt op=REDUCE_SUM count=65536 rc=0 ms=1079.072
GB10_CALL idx=19 kind=simt op=REDUCE_SUM count=65536 rc=0 ms=1081.034
GB10_CALL idx=20 kind=simt op=REDUCE_SUM count=65536 rc=0 ms=1078.975
GB10_CALL idx=21 kind=simt op=REDUCE_SUM count=12320 rc=0 ms=1079.424
GB10_CASE_BEGIN TENSOR_GB10 mm_2x31x3
GB10_CALL idx=22 kind=simt op=FMUL count=186 rc=0 ms=1077.781
GB10_CALL idx=23 kind=simt op=REDUCE_SUM count=192 rc=0 ms=1078.109
GB10_CASE_BEGIN TENSOR_GB10 mm_2x32x3
GB10_CALL idx=24 kind=simt op=FMUL count=192 rc=0 ms=1079.133
GB10_CALL idx=25 kind=simt op=REDUCE_SUM count=192 rc=0 ms=1078.710
GB10_CASE_BEGIN TENSOR_GB10 mm_2x33x3
GB10_CALL idx=26 kind=simt op=FMUL count=198 rc=0 ms=1078.402
GB10_CALL idx=27 kind=simt op=REDUCE_SUM count=384 rc=0 ms=1078.388
GB10_CALL idx=28 kind=simt op=REDUCE_SUM count=192 rc=0 ms=1078.448
GB10_CASE_BEGIN TENSOR_GB10 mm_2x63x3
GB10_CALL idx=29 kind=simt op=FMUL count=378 rc=0 ms=1078.622
GB10_CALL idx=30 kind=simt op=REDUCE_SUM count=384 rc=0 ms=1078.208
GB10_CALL idx=31 kind=simt op=REDUCE_SUM count=192 rc=0 ms=1079.744
GB10_CASE_BEGIN TENSOR_GB10 mm_2x64x3
GB10_CALL idx=32 kind=simt op=FMUL count=384 rc=0 ms=1079.415
GB10_CALL idx=33 kind=simt op=REDUCE_SUM count=384 rc=0 ms=1077.478
GB10_CALL idx=34 kind=simt op=REDUCE_SUM count=192 rc=0 ms=1077.012
GB10_CASE_BEGIN TENSOR_GB10 mm_2x65x3
GB10_CALL idx=35 kind=simt op=FMUL count=390 rc=0 ms=1078.023
GB10_CALL idx=36 kind=simt op=REDUCE_SUM count=576 rc=0 ms=1078.162
GB10_CALL idx=37 kind=simt op=REDUCE_SUM count=192 rc=0 ms=1077.600
GB10_CASE_BEGIN TENSOR_GB10 mm_2x1023x3
GB10_CALL idx=38 kind=simt op=FMUL count=6138 rc=0 ms=1076.377
GB10_CALL idx=39 kind=simt op=REDUCE_SUM count=6144 rc=0 ms=1077.153
GB10_CALL idx=40 kind=simt op=REDUCE_SUM count=192 rc=0 ms=1077.575
GB10_CASE_BEGIN TENSOR_GB10 mm_2x1024x3
GB10_CALL idx=41 kind=simt op=FMUL count=6144 rc=0 ms=1077.329
GB10_CALL idx=42 kind=simt op=REDUCE_SUM count=6144 rc=0 ms=1078.242
GB10_CALL idx=43 kind=simt op=REDUCE_SUM count=192 rc=0 ms=1079.445
GB10_CASE_BEGIN TENSOR_GB10 mm_2x1025x3
GB10_CALL idx=44 kind=simt op=FMUL count=6150 rc=0 ms=1079.631
GB10_CALL idx=45 kind=simt op=REDUCE_SUM count=6336 rc=0 ms=1078.576
GB10_CALL idx=46 kind=simt op=REDUCE_SUM count=384 rc=0 ms=1079.968
GB10_CALL idx=47 kind=simt op=REDUCE_SUM count=192 rc=0 ms=1078.758
GB10_CASE_BEGIN TENSOR_GB10 mm_bcast_3x1x4x5_2x5x6
GB10_CALL idx=48 kind=simt op=FMUL count=720 rc=0 ms=1077.498
GB10_CALL idx=49 kind=simt op=REDUCE_SUM count=4608 rc=0 ms=1077.475
GB10_CASE_BEGIN TENSOR_GB10 mm_bcast_2x3x33_33x4
GB10_CALL idx=50 kind=simt op=FMUL count=792 rc=0 ms=1078.102
GB10_CALL idx=51 kind=simt op=REDUCE_SUM count=1536 rc=0 ms=1079.642
GB10_CALL idx=52 kind=simt op=REDUCE_SUM count=768 rc=0 ms=1077.697
GB10_CASE_BEGIN TENSOR_GB10 mm_specials_3x33x2
GB10_CALL idx=53 kind=simt op=FMUL count=198 rc=0 ms=1078.644
GB10_CALL idx=54 kind=simt op=REDUCE_SUM count=384 rc=0 ms=1081.034
GB10_CALL idx=55 kind=simt op=REDUCE_SUM count=192 rc=0 ms=1080.365
GB10_CASE_BEGIN TENSOR_GB10 mm_viewT_5x7x3
GB10_CALL idx=56 kind=simt op=FMUL count=105 rc=0 ms=1078.295
GB10_CALL idx=57 kind=simt op=REDUCE_SUM count=480 rc=0 ms=1079.193
GB10_CASE_BEGIN TENSOR_GB10 red_SUM_n31
GB10_CALL idx=58 kind=reduce op=0 n=31 inner_launches=1 rc=0 ms=699.609
GB10_CASE_BEGIN TENSOR_GB10 red_SUM_n32
GB10_CALL idx=59 kind=reduce op=0 n=32 inner_launches=1 rc=0 ms=138.530
GB10_CASE_BEGIN TENSOR_GB10 red_SUM_n33
GB10_CALL idx=60 kind=reduce op=0 n=33 inner_launches=2 rc=0 ms=149.308
GB10_CASE_BEGIN TENSOR_GB10 red_SUM_n1023
GB10_CALL idx=61 kind=reduce op=0 n=1023 inner_launches=2 rc=0 ms=1210.040
GB10_CASE_BEGIN TENSOR_GB10 red_SUM_n1024
GB10_CALL idx=62 kind=reduce op=0 n=1024 inner_launches=2 rc=0 ms=2163.421
GB10_CASE_BEGIN TENSOR_GB10 red_SUM_n1025
GB10_CALL idx=63 kind=reduce op=0 n=1025 inner_launches=3 rc=0 ms=1041.696
GB10_CASE_BEGIN TENSOR_GB10 red_SUM_n32769
GB10_CALL idx=64 kind=reduce op=0 n=32769 inner_launches=4 rc=0 ms=1204.138
GB10_CASE_BEGIN TENSOR_GB10 red_SUM_specials_n33
GB10_CALL idx=65 kind=reduce op=0 n=33 inner_launches=2 rc=0 ms=202.061
GB10_CASE_BEGIN TENSOR_GB10 red_SUM_specials_n1025
GB10_CALL idx=66 kind=reduce op=0 n=1025 inner_launches=3 rc=0 ms=3235.636
GB10_CASE_BEGIN TENSOR_GB10 red_SUM_rows_3x1025_axis1
GB10_CALL idx=67 kind=reduce op=0 n=1025 inner_launches=3 rc=0 ms=3236.195
GB10_CALL idx=68 kind=reduce op=0 n=1025 inner_launches=3 rc=0 ms=3240.106
GB10_CALL idx=69 kind=reduce op=0 n=1025 inner_launches=3 rc=0 ms=3235.435
GB10_CASE_BEGIN TENSOR_GB10 red_SUM_cols_1025x3_axis0
GB10_CALL idx=70 kind=reduce op=0 n=1025 inner_launches=3 rc=0 ms=3231.450
GB10_CALL idx=71 kind=reduce op=0 n=1025 inner_launches=3 rc=0 ms=3236.872
GB10_CALL idx=72 kind=reduce op=0 n=1025 inner_launches=3 rc=0 ms=3235.417
GB10_CASE_BEGIN TENSOR_GB10 red_MAX_n31
GB10_CALL idx=73 kind=reduce op=1 n=31 inner_launches=1 rc=0 ms=1080.609
GB10_CASE_BEGIN TENSOR_GB10 red_MAX_n32
GB10_CALL idx=74 kind=reduce op=1 n=32 inner_launches=1 rc=0 ms=1079.236
GB10_CASE_BEGIN TENSOR_GB10 red_MAX_n33
GB10_CALL idx=75 kind=reduce op=1 n=33 inner_launches=2 rc=0 ms=2155.434
GB10_CASE_BEGIN TENSOR_GB10 red_MAX_n1023
GB10_CALL idx=76 kind=reduce op=1 n=1023 inner_launches=2 rc=0 ms=2156.030
GB10_CASE_BEGIN TENSOR_GB10 red_MAX_n1024
GB10_CALL idx=77 kind=reduce op=1 n=1024 inner_launches=2 rc=0 ms=2158.214
GB10_CASE_BEGIN TENSOR_GB10 red_MAX_n1025
GB10_CALL idx=78 kind=reduce op=1 n=1025 inner_launches=3 rc=0 ms=3235.391
GB10_CASE_BEGIN TENSOR_GB10 red_MAX_n32769
GB10_CALL idx=79 kind=reduce op=1 n=32769 inner_launches=4 rc=0 ms=4313.284
GB10_CASE_BEGIN TENSOR_GB10 red_MAX_specials_n33
GB10_CALL idx=80 kind=reduce op=1 n=33 inner_launches=2 rc=0 ms=2158.643
GB10_CASE_BEGIN TENSOR_GB10 red_MAX_specials_n1025
GB10_CALL idx=81 kind=reduce op=1 n=1025 inner_launches=3 rc=0 ms=3237.114
GB10_CASE_BEGIN TENSOR_GB10 red_MAX_rows_3x1025_axis1
GB10_CALL idx=82 kind=reduce op=1 n=1025 inner_launches=3 rc=0 ms=3237.284
GB10_CALL idx=83 kind=reduce op=1 n=1025 inner_launches=3 rc=0 ms=3237.903
GB10_CALL idx=84 kind=reduce op=1 n=1025 inner_launches=3 rc=0 ms=3237.564
GB10_CASE_BEGIN TENSOR_GB10 red_MAX_cols_1025x3_axis0
GB10_CALL idx=85 kind=reduce op=1 n=1025 inner_launches=3 rc=0 ms=3240.426
GB10_CALL idx=86 kind=reduce op=1 n=1025 inner_launches=3 rc=0 ms=3239.653
GB10_CALL idx=87 kind=reduce op=1 n=1025 inner_launches=3 rc=0 ms=3238.778
GB10_CASE_BEGIN TENSOR_GB10 red_MIN_n31
GB10_CALL idx=88 kind=reduce op=2 n=31 inner_launches=1 rc=0 ms=1078.844
GB10_CASE_BEGIN TENSOR_GB10 red_MIN_n32
GB10_CALL idx=89 kind=reduce op=2 n=32 inner_launches=1 rc=0 ms=1080.496
GB10_CASE_BEGIN TENSOR_GB10 red_MIN_n33
GB10_CALL idx=90 kind=reduce op=2 n=33 inner_launches=2 rc=0 ms=2161.602
GB10_CASE_BEGIN TENSOR_GB10 red_MIN_n1023
GB10_CALL idx=91 kind=reduce op=2 n=1023 inner_launches=2 rc=0 ms=2160.652
GB10_CASE_BEGIN TENSOR_GB10 red_MIN_n1024
GB10_CALL idx=92 kind=reduce op=2 n=1024 inner_launches=2 rc=0 ms=2156.267
GB10_CASE_BEGIN TENSOR_GB10 red_MIN_n1025
GB10_CALL idx=93 kind=reduce op=2 n=1025 inner_launches=3 rc=0 ms=3234.565
GB10_CASE_BEGIN TENSOR_GB10 red_MIN_n32769
GB10_CALL idx=94 kind=reduce op=2 n=32769 inner_launches=4 rc=0 ms=4322.305
GB10_CASE_BEGIN TENSOR_GB10 red_MIN_specials_n33
GB10_CALL idx=95 kind=reduce op=2 n=33 inner_launches=2 rc=0 ms=2159.696
GB10_CASE_BEGIN TENSOR_GB10 red_MIN_specials_n1025
GB10_CALL idx=96 kind=reduce op=2 n=1025 inner_launches=3 rc=0 ms=3233.002
GB10_CASE_BEGIN TENSOR_GB10 red_MIN_rows_3x1025_axis1
GB10_CALL idx=97 kind=reduce op=2 n=1025 inner_launches=3 rc=0 ms=3240.894
GB10_CALL idx=98 kind=reduce op=2 n=1025 inner_launches=3 rc=0 ms=3239.408
GB10_CALL idx=99 kind=reduce op=2 n=1025 inner_launches=3 rc=0 ms=3233.469
GB10_CASE_BEGIN TENSOR_GB10 red_MIN_cols_1025x3_axis0
GB10_CALL idx=100 kind=reduce op=2 n=1025 inner_launches=3 rc=0 ms=3243.192
GB10_CALL idx=101 kind=reduce op=2 n=1025 inner_launches=3 rc=0 ms=3240.465
GB10_CALL idx=102 kind=reduce op=2 n=1025 inner_launches=3 rc=0 ms=3239.951
GB10_CASE_BEGIN TENSOR_GB10 red_MEAN_n31
GB10_CALL idx=103 kind=reduce op=3 n=31 inner_launches=1 rc=0 ms=1079.678
GB10_CASE_BEGIN TENSOR_GB10 red_MEAN_n32
GB10_CALL idx=104 kind=reduce op=3 n=32 inner_launches=1 rc=0 ms=1078.495
GB10_CASE_BEGIN TENSOR_GB10 red_MEAN_n33
GB10_CALL idx=105 kind=reduce op=3 n=33 inner_launches=2 rc=0 ms=2160.286
GB10_CASE_BEGIN TENSOR_GB10 red_MEAN_n1023
GB10_CALL idx=106 kind=reduce op=3 n=1023 inner_launches=2 rc=0 ms=2157.589
GB10_CASE_BEGIN TENSOR_GB10 red_MEAN_n1024
GB10_CALL idx=107 kind=reduce op=3 n=1024 inner_launches=2 rc=0 ms=2159.721
GB10_CASE_BEGIN TENSOR_GB10 red_MEAN_n1025
GB10_CALL idx=108 kind=reduce op=3 n=1025 inner_launches=3 rc=0 ms=3239.509
GB10_CASE_BEGIN TENSOR_GB10 red_MEAN_n32769
GB10_CALL idx=109 kind=reduce op=3 n=32769 inner_launches=4 rc=0 ms=4318.619
GB10_CASE_BEGIN TENSOR_GB10 red_MEAN_specials_n33
GB10_CALL idx=110 kind=reduce op=3 n=33 inner_launches=2 rc=0 ms=2161.065
GB10_CASE_BEGIN TENSOR_GB10 red_MEAN_specials_n1025
GB10_CALL idx=111 kind=reduce op=3 n=1025 inner_launches=3 rc=0 ms=3241.231
GB10_CASE_BEGIN TENSOR_GB10 red_MEAN_rows_3x1025_axis1
GB10_CALL idx=112 kind=reduce op=3 n=1025 inner_launches=3 rc=0 ms=3241.276
GB10_CALL idx=113 kind=reduce op=3 n=1025 inner_launches=3 rc=0 ms=3241.426
GB10_CALL idx=114 kind=reduce op=3 n=1025 inner_launches=3 rc=0 ms=1778.972
GB10_CASE_BEGIN TENSOR_GB10 red_MEAN_cols_1025x3_axis0
GB10_CALL idx=115 kind=reduce op=3 n=1025 inner_launches=3 rc=0 ms=458.204
GB10_CALL idx=116 kind=reduce op=3 n=1025 inner_launches=3 rc=0 ms=264.364
GB10_CALL idx=117 kind=reduce op=3 n=1025 inner_launches=3 rc=0 ms=367.118
GB10_CASE_BEGIN TENSOR_GB10 bin_ADD
GB10_CALL idx=118 kind=simt op=FADD count=1000 rc=0 ms=213.602
GB10_CASE_BEGIN TENSOR_GB10 bin_SUB
GB10_CALL idx=119 kind=simt op=FSUB count=1000 rc=0 ms=76.011
GB10_CASE_BEGIN TENSOR_GB10 bin_MUL
GB10_CALL idx=120 kind=simt op=FMUL count=1000 rc=0 ms=118.318
GB10_CASE_BEGIN TENSOR_GB10 bin_DIV
GB10_CALL idx=121 kind=simt op=DIV count=1000 rc=0 ms=44.810
GB10_CASE_BEGIN TENSOR_GB10 bin_MIN
GB10_CALL idx=122 kind=simt op=FMNMX_MIN count=1000 rc=0 ms=54.242
GB10_CASE_BEGIN TENSOR_GB10 bin_MAX
GB10_CALL idx=123 kind=simt op=FMNMX_MAX count=1000 rc=0 ms=133.777
GB10_CASE_BEGIN TENSOR_GB10 bin_SEL_GE
GB10_CALL idx=124 kind=simt op=FSETP_SEL count=1000 rc=0 ms=76.212
GB10_CASE_BEGIN TENSOR_GB10 bin_SEL_LT
GB10_CALL idx=125 kind=simt op=FSETP_LT_SEL count=1000 rc=0 ms=73.728
GB10_CASE_BEGIN TENSOR_GB10 bin_SEL_LE
GB10_CALL idx=126 kind=simt op=FSETP_LE_SEL count=1000 rc=0 ms=116.745
GB10_CASE_BEGIN TENSOR_GB10 bin_SEL_GT
GB10_CALL idx=127 kind=simt op=FSETP_GT_SEL count=1000 rc=0 ms=50.222
GB10_CASE_BEGIN TENSOR_GB10 bin_SEL_EQ
GB10_CALL idx=128 kind=simt op=FSETP_EQ_SEL count=1000 rc=0 ms=58.643
GB10_CASE_BEGIN TENSOR_GB10 bin_SEL_NE
GB10_CALL idx=129 kind=simt op=FSETP_NE_SEL count=1000 rc=0 ms=133.574
GB10_CASE_BEGIN TENSOR_GB10 bin_SEL_NUM
GB10_CALL idx=130 kind=simt op=FSETP_NUM_SEL count=1000 rc=0 ms=1077.683
GB10_CASE_BEGIN TENSOR_GB10 bin_SEL_NAN
GB10_CALL idx=131 kind=simt op=FSETP_NAN_SEL count=1000 rc=0 ms=1077.356
GB10_CASE_BEGIN TENSOR_GB10 bin_SEL_LTU
GB10_CALL idx=132 kind=simt op=FSETP_LTU_SEL count=1000 rc=0 ms=1078.761
GB10_CASE_BEGIN TENSOR_GB10 bin_SEL_LEU
GB10_CALL idx=133 kind=simt op=FSETP_LEU_SEL count=1000 rc=0 ms=1081.210
GB10_CASE_BEGIN TENSOR_GB10 bin_SEL_GTU
GB10_CALL idx=134 kind=simt op=FSETP_GTU_SEL count=1000 rc=0 ms=1079.883
GB10_CASE_BEGIN TENSOR_GB10 bin_SEL_GEU
GB10_CALL idx=135 kind=simt op=FSETP_GEU_SEL count=1000 rc=0 ms=1085.367
GB10_CASE_BEGIN TENSOR_GB10 bin_SEL_EQU
GB10_CALL idx=136 kind=simt op=FSETP_EQU_SEL count=1000 rc=0 ms=1082.580
GB10_CASE_BEGIN TENSOR_GB10 bin_SEL_NEU
GB10_CALL idx=137 kind=simt op=FSETP_NEU_SEL count=1000 rc=0 ms=1081.274
GB10_CASE_BEGIN TENSOR_GB10 un_SQRT
GB10_CALL idx=138 kind=simt op=SQRT count=1000 rc=0 ms=1080.296
GB10_CASE_BEGIN TENSOR_GB10 fma_FFMA_V
GB10_CALL idx=139 kind=simt op=FFMA_V count=1000 rc=0 ms=1079.444
GB10_CASE_BEGIN TENSOR_GB10 cast_F32_TO_F16
GB10_CALL idx=140 kind=simt op=F32_TO_F16 count=1000 rc=0 ms=1078.398
GB10_CASE_BEGIN TENSOR_GB10 cast_F32_TO_BF16
GB10_CALL idx=141 kind=simt op=F32_TO_BF16 count=1000 rc=0 ms=1080.561
GB10_CASE_BEGIN TENSOR_GB10 cast_F16_TO_F32
GB10_CALL idx=142 kind=simt op=F16_TO_F32 count=1000 rc=0 ms=1078.133
GB10_CASE_BEGIN TENSOR_GB10 cast_BF16_TO_F32
GB10_CALL idx=143 kind=simt op=BF16_TO_F32 count=1000 rc=0 ms=1079.782
GB10_CASE_BEGIN TENSOR_GB10 bcast_add_4x1x3_5x1
GB10_CALL idx=144 kind=simt op=FSUB count=60 rc=0 ms=1077.953
GB10_CASE_BEGIN TENSOR_GB10 bcast_fma_2x1_1x3_3
GB10_CALL idx=145 kind=simt op=FFMA_V count=6 rc=0 ms=645.920
GB10_CASE_BEGIN TENSOR_GB10 big_add_70001
GB10_CALL idx=146 kind=simt op=FADD count=65536 rc=0 ms=128.004
GB10_CALL idx=147 kind=simt op=FADD count=4465 rc=0 ms=67.927
GB10_CASE_BEGIN TENSOR_GB10_MUTANT_WRONG_REDUCE_ORDER mm_2x33x3
GB10_CALL idx=148 kind=simt op=FMUL count=198 rc=0 ms=66.501
GB10_CALL idx=149 kind=simt op=REDUCE_SUM count=384 rc=0 ms=126.707
GB10_CALL idx=150 kind=simt op=REDUCE_SUM count=192 rc=0 ms=1077.764
GB10_CASE_BEGIN TENSOR_GB10_MUTANT_WRONG_REDUCE_ORDER mm_2x65x3
GB10_CALL idx=151 kind=simt op=FMUL count=390 rc=0 ms=1079.685
GB10_CALL idx=152 kind=simt op=REDUCE_SUM count=576 rc=0 ms=1081.217
GB10_CALL idx=153 kind=simt op=REDUCE_SUM count=192 rc=0 ms=350.657
GB10_CASE_BEGIN TENSOR_GB10_MUTANT_WRONG_REDUCE_ORDER red_SUM_n33
GB10_CALL idx=154 kind=simt op=REDUCE_SUM count=64 rc=0 ms=72.744
GB10_CALL idx=155 kind=simt op=REDUCE_SUM count=32 rc=0 ms=106.350
GB10_CASE_BEGIN TENSOR_GB10_MUTANT_WRONG_REDUCE_ORDER red_SUM_n1025
GB10_CALL idx=156 kind=simt op=REDUCE_SUM count=1056 rc=0 ms=61.231
GB10_CALL idx=157 kind=simt op=REDUCE_SUM count=64 rc=0 ms=932.421
GB10_CALL idx=158 kind=simt op=REDUCE_SUM count=32 rc=0 ms=84.921
GB10_CASE_BEGIN TENSOR_GB10_MUTANT_FFMA_MATMUL mm_2x33x3
GB10_CALL idx=159 kind=simt op=FMUL count=198 rc=0 ms=108.123
GB10_CALL idx=160 kind=simt op=FMUL count=96 rc=0 ms=96.837
GB10_CALL idx=161 kind=simt op=FFMA_V count=96 rc=0 ms=182.489
GB10_CALL idx=162 kind=simt op=REDUCE_SUM count=192 rc=0 ms=1079.681
GB10_CASE_BEGIN TENSOR_GB10_MUTANT_FFMA_MATMUL mm_2x65x3
GB10_CALL idx=163 kind=simt op=FMUL count=390 rc=0 ms=1077.766
GB10_CALL idx=164 kind=simt op=FMUL count=192 rc=0 ms=1080.547
GB10_CALL idx=165 kind=simt op=FFMA_V count=192 rc=0 ms=1080.443
GB10_CALL idx=166 kind=simt op=REDUCE_SUM count=384 rc=0 ms=1080.805
GB10_CALL idx=167 kind=simt op=REDUCE_SUM count=192 rc=0 ms=1080.242
GB10_CASE_BEGIN TENSOR_GB10_MUTANT_FFMA_MATMUL mm_bcast_3x1x4x5_2x5x6
GB10_CALL idx=168 kind=simt op=FMUL count=720 rc=0 ms=1078.203
GB10_CALL idx=169 kind=simt op=FMUL count=288 rc=0 ms=1079.737
GB10_CALL idx=170 kind=simt op=FFMA_V count=288 rc=0 ms=1078.457
GB10_CALL idx=171 kind=simt op=REDUCE_SUM count=4608 rc=0 ms=1080.017
GB10_CASE_BEGIN TENSOR_GB10_MUTANT_FFMA_MATMUL mm_bcast_2x3x33_33x4
GB10_CALL idx=172 kind=simt op=FMUL count=792 rc=0 ms=1080.245
GB10_CALL idx=173 kind=simt op=FMUL count=384 rc=0 ms=1077.869
GB10_CALL idx=174 kind=simt op=FFMA_V count=384 rc=0 ms=1078.315
GB10_CALL idx=175 kind=simt op=REDUCE_SUM count=768 rc=0 ms=1081.012
GB10_CASE_BEGIN TENSOR_GB10_MUTANT_SWAPPED_OPERAND bin_SUB
GB10_CALL idx=176 kind=simt op=FSUB count=1000 rc=0 ms=1080.268
GB10_CASE_BEGIN TENSOR_GB10_MUTANT_SWAPPED_OPERAND bin_DIV
GB10_CALL idx=177 kind=simt op=DIV count=1000 rc=0 ms=1078.710
GB10_CASE_BEGIN TENSOR_GB10_MUTANT_SWAPPED_OPERAND bin_SEL_LT
GB10_CALL idx=178 kind=simt op=FSETP_LT_SEL count=1000 rc=0 ms=1080.083
GB10_CASE_BEGIN TENSOR_GB10_MUTANT_SWAPPED_OPERAND bcast_add_4x1x3_5x1
GB10_CALL idx=179 kind=simt op=FSUB count=60 rc=0 ms=1080.527
