GB10_CASE_BEGIN HOST_SELF mm_1x1x1
GB10_CASE_BEGIN HOST_SELF mm_129x3x257
GB10_CASE_BEGIN HOST_SELF mm_2x31x3
GB10_CASE_BEGIN HOST_SELF mm_2x32x3
GB10_CASE_BEGIN HOST_SELF mm_2x33x3
GB10_CASE_BEGIN HOST_SELF mm_2x63x3
GB10_CASE_BEGIN HOST_SELF mm_2x64x3
GB10_CASE_BEGIN HOST_SELF mm_2x65x3
GB10_CASE_BEGIN HOST_SELF mm_2x1023x3
GB10_CASE_BEGIN HOST_SELF mm_2x1024x3
GB10_CASE_BEGIN HOST_SELF mm_2x1025x3
GB10_CASE_BEGIN HOST_SELF mm_bcast_3x1x4x5_2x5x6
GB10_CASE_BEGIN HOST_SELF mm_bcast_2x3x33_33x4
GB10_CASE_BEGIN HOST_SELF mm_specials_3x33x2
GB10_CASE_BEGIN HOST_SELF mm_viewT_5x7x3
GB10_CASE_BEGIN HOST_SELF red_SUM_n31
GB10_CASE_BEGIN HOST_SELF red_SUM_n32
GB10_CASE_BEGIN HOST_SELF red_SUM_n33
GB10_CASE_BEGIN HOST_SELF red_SUM_n1023
GB10_CASE_BEGIN HOST_SELF red_SUM_n1024
GB10_CASE_BEGIN HOST_SELF red_SUM_n1025
GB10_CASE_BEGIN HOST_SELF red_SUM_n32769
GB10_CASE_BEGIN HOST_SELF red_SUM_specials_n33
GB10_CASE_BEGIN HOST_SELF red_SUM_specials_n1025
GB10_CASE_BEGIN HOST_SELF red_SUM_rows_3x1025_axis1
GB10_CASE_BEGIN HOST_SELF red_SUM_cols_1025x3_axis0
GB10_CASE_BEGIN HOST_SELF red_MAX_n31
GB10_CASE_BEGIN HOST_SELF red_MAX_n32
GB10_CASE_BEGIN HOST_SELF red_MAX_n33
GB10_CASE_BEGIN HOST_SELF red_MAX_n1023
GB10_CASE_BEGIN HOST_SELF red_MAX_n1024
GB10_CASE_BEGIN HOST_SELF red_MAX_n1025
GB10_CASE_BEGIN HOST_SELF red_MAX_n32769
GB10_CASE_BEGIN HOST_SELF red_MAX_specials_n33
GB10_CASE_BEGIN HOST_SELF red_MAX_specials_n1025
GB10_CASE_BEGIN HOST_SELF red_MAX_rows_3x1025_axis1
GB10_CASE_BEGIN HOST_SELF red_MAX_cols_1025x3_axis0
GB10_CASE_BEGIN HOST_SELF red_MIN_n31
GB10_CASE_BEGIN HOST_SELF red_MIN_n32
GB10_CASE_BEGIN HOST_SELF red_MIN_n33
GB10_CASE_BEGIN HOST_SELF red_MIN_n1023
GB10_CASE_BEGIN HOST_SELF red_MIN_n1024
GB10_CASE_BEGIN HOST_SELF red_MIN_n1025
GB10_CASE_BEGIN HOST_SELF red_MIN_n32769
GB10_CASE_BEGIN HOST_SELF red_MIN_specials_n33
GB10_CASE_BEGIN HOST_SELF red_MIN_specials_n1025
GB10_CASE_BEGIN HOST_SELF red_MIN_rows_3x1025_axis1
GB10_CASE_BEGIN HOST_SELF red_MIN_cols_1025x3_axis0
GB10_CASE_BEGIN HOST_SELF red_MEAN_n31
GB10_CASE_BEGIN HOST_SELF red_MEAN_n32
GB10_CASE_BEGIN HOST_SELF red_MEAN_n33
GB10_CASE_BEGIN HOST_SELF red_MEAN_n1023
GB10_CASE_BEGIN HOST_SELF red_MEAN_n1024
GB10_CASE_BEGIN HOST_SELF red_MEAN_n1025
GB10_CASE_BEGIN HOST_SELF red_MEAN_n32769
GB10_CASE_BEGIN HOST_SELF red_MEAN_specials_n33
GB10_CASE_BEGIN HOST_SELF red_MEAN_specials_n1025
GB10_CASE_BEGIN HOST_SELF red_MEAN_rows_3x1025_axis1
GB10_CASE_BEGIN HOST_SELF red_MEAN_cols_1025x3_axis0
GB10_CASE_BEGIN HOST_SELF bin_ADD
GB10_CASE_BEGIN HOST_SELF bin_SUB
GB10_CASE_BEGIN HOST_SELF bin_MUL
GB10_CASE_BEGIN HOST_SELF bin_DIV
GB10_CASE_BEGIN HOST_SELF bin_MIN
GB10_CASE_BEGIN HOST_SELF bin_MAX
GB10_CASE_BEGIN HOST_SELF bin_SEL_GE
GB10_CASE_BEGIN HOST_SELF bin_SEL_LT
GB10_CASE_BEGIN HOST_SELF bin_SEL_LE
GB10_CASE_BEGIN HOST_SELF bin_SEL_GT
GB10_CASE_BEGIN HOST_SELF bin_SEL_EQ
GB10_CASE_BEGIN HOST_SELF bin_SEL_NE
GB10_CASE_BEGIN HOST_SELF bin_SEL_NUM
GB10_CASE_BEGIN HOST_SELF bin_SEL_NAN
GB10_CASE_BEGIN HOST_SELF bin_SEL_LTU
GB10_CASE_BEGIN HOST_SELF bin_SEL_LEU
GB10_CASE_BEGIN HOST_SELF bin_SEL_GTU
GB10_CASE_BEGIN HOST_SELF bin_SEL_GEU
GB10_CASE_BEGIN HOST_SELF bin_SEL_EQU
GB10_CASE_BEGIN HOST_SELF bin_SEL_NEU
GB10_CASE_BEGIN HOST_SELF un_SQRT
GB10_CASE_BEGIN HOST_SELF fma_FFMA_V
GB10_CASE_BEGIN HOST_SELF cast_F32_TO_F16
GB10_CASE_BEGIN HOST_SELF cast_F32_TO_BF16
GB10_CASE_BEGIN HOST_SELF cast_F16_TO_F32
GB10_CASE_BEGIN HOST_SELF cast_BF16_TO_F32
GB10_CASE_BEGIN HOST_SELF bcast_add_4x1x3_5x1
GB10_CASE_BEGIN HOST_SELF bcast_fma_2x1_1x3_3
GB10_CASE_BEGIN HOST_SELF big_add_70001
GB10_CASE_BEGIN HOST_MUTANT_WRONG_REDUCE_ORDER mm_2x33x3
GB10_CASE_BEGIN HOST_MUTANT_WRONG_REDUCE_ORDER mm_2x65x3
GB10_CASE_BEGIN HOST_MUTANT_WRONG_REDUCE_ORDER red_SUM_n33
GB10_CASE_BEGIN HOST_MUTANT_WRONG_REDUCE_ORDER red_SUM_n1025
GB10_CASE_BEGIN HOST_MUTANT_FFMA_MATMUL mm_2x33x3
GB10_CASE_BEGIN HOST_MUTANT_FFMA_MATMUL mm_2x65x3
GB10_CASE_BEGIN HOST_MUTANT_FFMA_MATMUL mm_bcast_3x1x4x5_2x5x6
GB10_CASE_BEGIN HOST_MUTANT_FFMA_MATMUL mm_bcast_2x3x33_33x4
GB10_CASE_BEGIN HOST_MUTANT_SWAPPED_OPERAND bin_SUB
GB10_CASE_BEGIN HOST_MUTANT_SWAPPED_OPERAND bin_DIV
GB10_CASE_BEGIN HOST_MUTANT_SWAPPED_OPERAND bin_SEL_LT
GB10_CASE_BEGIN HOST_MUTANT_SWAPPED_OPERAND bcast_add_4x1x3_5x1
GB10_CASE_BEGIN TENSOR_GB10 mm_1x1x1
GB10_CALL idx=1 kind=simt op=FMUL count=1 rc=0 ms=1271.445
GB10_CALL idx=2 kind=simt op=REDUCE_SUM count=32 rc=0 ms=1247.239
GB10_CASE_BEGIN TENSOR_GB10 mm_129x3x257
GB10_CALL idx=3 kind=simt op=FMUL count=65536 rc=0 ms=1232.090
GB10_CALL idx=4 kind=simt op=FMUL count=33923 rc=0 ms=1622.602
GB10_CALL idx=5 kind=simt op=REDUCE_SUM count=65536 rc=0 ms=1230.554
GB10_CALL idx=6 kind=simt op=REDUCE_SUM count=65536 rc=0 ms=1246.247
GB10_CALL idx=7 kind=simt op=REDUCE_SUM count=65536 rc=0 ms=1230.409
GB10_CALL idx=8 kind=simt op=REDUCE_SUM count=65536 rc=0 ms=1230.551
GB10_CALL idx=9 kind=simt op=REDUCE_SUM count=65536 rc=0 ms=1238.803
GB10_CALL idx=10 kind=simt op=REDUCE_SUM count=65536 rc=0 ms=1228.456
GB10_CALL idx=11 kind=simt op=REDUCE_SUM count=65536 rc=0 ms=1238.169
GB10_CALL idx=12 kind=simt op=REDUCE_SUM count=65536 rc=0 ms=1252.830
GB10_CALL idx=13 kind=simt op=REDUCE_SUM count=65536 rc=0 ms=1243.250
GB10_CALL idx=14 kind=simt op=REDUCE_SUM count=65536 rc=0 ms=1602.484
GB10_CALL idx=15 kind=simt op=REDUCE_SUM count=65536 rc=0 ms=1235.476
GB10_CALL idx=16 kind=simt op=REDUCE_SUM count=65536 rc=0 ms=1231.378
GB10_CALL idx=17 kind=simt op=REDUCE_SUM count=65536 rc=0 ms=1230.264
GB10_CALL idx=18 kind=simt op=REDUCE_SUM count=65536 rc=0 ms=1232.405
GB10_CALL idx=19 kind=simt op=REDUCE_SUM count=65536 rc=0 ms=1241.428
GB10_CALL idx=20 kind=simt op=REDUCE_SUM count=65536 rc=0 ms=1253.788
GB10_CALL idx=21 kind=simt op=REDUCE_SUM count=12320 rc=0 ms=1238.109
GB10_CASE_BEGIN TENSOR_GB10 mm_2x31x3
GB10_CALL idx=22 kind=simt op=FMUL count=186 rc=0 ms=1223.343
GB10_CALL idx=23 kind=simt op=REDUCE_SUM count=192 rc=0 ms=1235.082
GB10_CASE_BEGIN TENSOR_GB10 mm_2x32x3
GB10_CALL idx=24 kind=simt op=FMUL count=192 rc=0 ms=1566.477
GB10_CALL idx=25 kind=simt op=REDUCE_SUM count=192 rc=0 ms=1231.126
GB10_CASE_BEGIN TENSOR_GB10 mm_2x33x3
GB10_CALL idx=26 kind=simt op=FMUL count=198 rc=0 ms=1226.295
GB10_CALL idx=27 kind=simt op=REDUCE_SUM count=384 rc=0 ms=1237.903
GB10_CALL idx=28 kind=simt op=REDUCE_SUM count=192 rc=0 ms=1260.671
GB10_CASE_BEGIN TENSOR_GB10 mm_2x63x3
GB10_CALL idx=29 kind=simt op=FMUL count=378 rc=0 ms=1252.112
GB10_CALL idx=30 kind=simt op=REDUCE_SUM count=384 rc=0 ms=1245.897
GB10_CALL idx=31 kind=simt op=REDUCE_SUM count=192 rc=0 ms=1225.885
GB10_CASE_BEGIN TENSOR_GB10 mm_2x64x3
GB10_CALL idx=32 kind=simt op=FMUL count=384 rc=0 ms=1225.760
GB10_CALL idx=33 kind=simt op=REDUCE_SUM count=384 rc=0 ms=1233.696
GB10_CALL idx=34 kind=simt op=REDUCE_SUM count=192 rc=0 ms=1225.087
GB10_CASE_BEGIN TENSOR_GB10 mm_2x65x3
GB10_CALL idx=35 kind=simt op=FMUL count=390 rc=0 ms=1388.288
GB10_CALL idx=36 kind=simt op=REDUCE_SUM count=576 rc=0 ms=1268.267
GB10_CALL idx=37 kind=simt op=REDUCE_SUM count=192 rc=0 ms=1226.794
GB10_CASE_BEGIN TENSOR_GB10 mm_2x1023x3
GB10_CALL idx=38 kind=simt op=FMUL count=6138 rc=0 ms=1247.351
GB10_CALL idx=39 kind=simt op=REDUCE_SUM count=6144 rc=0 ms=1216.020
GB10_CALL idx=40 kind=simt op=REDUCE_SUM count=192 rc=0 ms=1235.967
GB10_CASE_BEGIN TENSOR_GB10 mm_2x1024x3
GB10_CALL idx=41 kind=simt op=FMUL count=6144 rc=0 ms=1227.656
GB10_CALL idx=42 kind=simt op=REDUCE_SUM count=6144 rc=0 ms=1277.622
GB10_CALL idx=43 kind=simt op=REDUCE_SUM count=192 rc=0 ms=1231.269
GB10_CASE_BEGIN TENSOR_GB10 mm_2x1025x3
GB10_CALL idx=44 kind=simt op=FMUL count=6150 rc=0 ms=1292.015
GB10_CALL idx=45 kind=simt op=REDUCE_SUM count=6336 rc=0 ms=1338.463
GB10_CALL idx=46 kind=simt op=REDUCE_SUM count=384 rc=0 ms=1236.353
GB10_CALL idx=47 kind=simt op=REDUCE_SUM count=192 rc=0 ms=1228.025
GB10_CASE_BEGIN TENSOR_GB10 mm_bcast_3x1x4x5_2x5x6
GB10_CALL idx=48 kind=simt op=FMUL count=720 rc=0 ms=1223.784
GB10_CALL idx=49 kind=simt op=REDUCE_SUM count=4608 rc=0 ms=1229.895
GB10_CASE_BEGIN TENSOR_GB10 mm_bcast_2x3x33_33x4
GB10_CALL idx=50 kind=simt op=FMUL count=792 rc=0 ms=1226.345
GB10_CALL idx=51 kind=simt op=REDUCE_SUM count=1536 rc=0 ms=1239.344
GB10_CALL idx=52 kind=simt op=REDUCE_SUM count=768 rc=0 ms=1216.328
GB10_CASE_BEGIN TENSOR_GB10 mm_specials_3x33x2
GB10_CALL idx=53 kind=simt op=FMUL count=198 rc=0 ms=1233.012
GB10_CALL idx=54 kind=simt op=REDUCE_SUM count=384 rc=0 ms=1231.648
GB10_CALL idx=55 kind=simt op=REDUCE_SUM count=192 rc=0 ms=1243.449
GB10_CASE_BEGIN TENSOR_GB10 mm_viewT_5x7x3
GB10_CALL idx=56 kind=simt op=FMUL count=105 rc=0 ms=1508.904
GB10_CALL idx=57 kind=simt op=REDUCE_SUM count=480 rc=0 ms=1223.853
GB10_CASE_BEGIN TENSOR_GB10 red_SUM_n31
GB10_CALL idx=58 kind=reduce op=0 n=31 inner_launches=1 rc=0 ms=1234.419
GB10_CASE_BEGIN TENSOR_GB10 red_SUM_n32
GB10_CALL idx=59 kind=reduce op=0 n=32 inner_launches=1 rc=0 ms=1246.022
GB10_CASE_BEGIN TENSOR_GB10 red_SUM_n33
GB10_CALL idx=60 kind=reduce op=0 n=33 inner_launches=2 rc=0 ms=2469.973
GB10_CASE_BEGIN TENSOR_GB10 red_SUM_n1023
GB10_CALL idx=61 kind=reduce op=0 n=1023 inner_launches=2 rc=0 ms=2455.284
GB10_CASE_BEGIN TENSOR_GB10 red_SUM_n1024
GB10_CALL idx=62 kind=reduce op=0 n=1024 inner_launches=2 rc=0 ms=2461.987
GB10_CASE_BEGIN TENSOR_GB10 red_SUM_n1025
GB10_CALL idx=63 kind=reduce op=0 n=1025 inner_launches=3 rc=0 ms=4152.568
GB10_CASE_BEGIN TENSOR_GB10 red_SUM_n32769
GB10_CALL idx=64 kind=reduce op=0 n=32769 inner_launches=4 rc=0 ms=4904.435
GB10_CASE_BEGIN TENSOR_GB10 red_SUM_specials_n33
GB10_CALL idx=65 kind=reduce op=0 n=33 inner_launches=2 rc=0 ms=2438.236
GB10_CASE_BEGIN TENSOR_GB10 red_SUM_specials_n1025
GB10_CALL idx=66 kind=reduce op=0 n=1025 inner_launches=3 rc=0 ms=4112.252
GB10_CASE_BEGIN TENSOR_GB10 red_SUM_rows_3x1025_axis1
GB10_CALL idx=67 kind=reduce op=0 n=1025 inner_launches=3 rc=0 ms=3686.145
GB10_CALL idx=68 kind=reduce op=0 n=1025 inner_launches=3 rc=0 ms=3693.281
GB10_CALL idx=69 kind=reduce op=0 n=1025 inner_launches=3 rc=0 ms=3718.769
GB10_CASE_BEGIN TENSOR_GB10 red_SUM_cols_1025x3_axis0
GB10_CALL idx=70 kind=reduce op=0 n=1025 inner_launches=3 rc=0 ms=3905.784
GB10_CALL idx=71 kind=reduce op=0 n=1025 inner_launches=3 rc=0 ms=3714.283
GB10_CALL idx=72 kind=reduce op=0 n=1025 inner_launches=3 rc=0 ms=3725.288
GB10_CASE_BEGIN TENSOR_GB10 red_MAX_n31
GB10_CALL idx=73 kind=reduce op=1 n=31 inner_launches=1 rc=0 ms=1229.467
GB10_CASE_BEGIN TENSOR_GB10 red_MAX_n32
GB10_CALL idx=74 kind=reduce op=1 n=32 inner_launches=1 rc=0 ms=1639.398
GB10_CASE_BEGIN TENSOR_GB10 red_MAX_n33
GB10_CALL idx=75 kind=reduce op=1 n=33 inner_launches=2 rc=0 ms=2496.662
GB10_CASE_BEGIN TENSOR_GB10 red_MAX_n1023
GB10_CALL idx=76 kind=reduce op=1 n=1023 inner_launches=2 rc=0 ms=2464.081
GB10_CASE_BEGIN TENSOR_GB10 red_MAX_n1024
GB10_CALL idx=77 kind=reduce op=1 n=1024 inner_launches=2 rc=0 ms=2493.324
GB10_CASE_BEGIN TENSOR_GB10 red_MAX_n1025
GB10_CALL idx=78 kind=reduce op=1 n=1025 inner_launches=3 rc=0 ms=3697.995
GB10_CASE_BEGIN TENSOR_GB10 red_MAX_n32769
GB10_CALL idx=79 kind=reduce op=1 n=32769 inner_launches=4 rc=0 ms=5207.549
GB10_CASE_BEGIN TENSOR_GB10 red_MAX_specials_n33
GB10_CALL idx=80 kind=reduce op=1 n=33 inner_launches=2 rc=0 ms=2450.820
GB10_CASE_BEGIN TENSOR_GB10 red_MAX_specials_n1025
GB10_CALL idx=81 kind=reduce op=1 n=1025 inner_launches=3 rc=0 ms=3711.302
GB10_CASE_BEGIN TENSOR_GB10 red_MAX_rows_3x1025_axis1
GB10_CALL idx=82 kind=reduce op=1 n=1025 inner_launches=3 rc=0 ms=4021.525
GB10_CALL idx=83 kind=reduce op=1 n=1025 inner_launches=3 rc=0 ms=3690.502
GB10_CALL idx=84 kind=reduce op=1 n=1025 inner_launches=3 rc=0 ms=3681.041
GB10_CASE_BEGIN TENSOR_GB10 red_MAX_cols_1025x3_axis0
GB10_CALL idx=85 kind=reduce op=1 n=1025 inner_launches=3 rc=0 ms=3681.419
GB10_CALL idx=86 kind=reduce op=1 n=1025 inner_launches=3 rc=0 ms=3897.164
GB10_CALL idx=87 kind=reduce op=1 n=1025 inner_launches=3 rc=0 ms=3661.477
GB10_CASE_BEGIN TENSOR_GB10 red_MIN_n31
GB10_CALL idx=88 kind=reduce op=2 n=31 inner_launches=1 rc=0 ms=1244.615
GB10_CASE_BEGIN TENSOR_GB10 red_MIN_n32
GB10_CALL idx=89 kind=reduce op=2 n=32 inner_launches=1 rc=0 ms=1239.003
GB10_CASE_BEGIN TENSOR_GB10 red_MIN_n33
GB10_CALL idx=90 kind=reduce op=2 n=33 inner_launches=2 rc=0 ms=2453.508
GB10_CASE_BEGIN TENSOR_GB10 red_MIN_n1023
GB10_CALL idx=91 kind=reduce op=2 n=1023 inner_launches=2 rc=0 ms=2605.712
GB10_CASE_BEGIN TENSOR_GB10 red_MIN_n1024
GB10_CALL idx=92 kind=reduce op=2 n=1024 inner_launches=2 rc=0 ms=2480.054
GB10_CASE_BEGIN TENSOR_GB10 red_MIN_n1025
GB10_CALL idx=93 kind=reduce op=2 n=1025 inner_launches=3 rc=0 ms=3703.738
GB10_CASE_BEGIN TENSOR_GB10 red_MIN_n32769
GB10_CALL idx=94 kind=reduce op=2 n=32769 inner_launches=4 rc=0 ms=4925.700
GB10_CASE_BEGIN TENSOR_GB10 red_MIN_specials_n33
GB10_CALL idx=95 kind=reduce op=2 n=33 inner_launches=2 rc=0 ms=2666.263
GB10_CASE_BEGIN TENSOR_GB10 red_MIN_specials_n1025
GB10_CALL idx=96 kind=reduce op=2 n=1025 inner_launches=3 rc=0 ms=3642.196
GB10_CASE_BEGIN TENSOR_GB10 red_MIN_rows_3x1025_axis1
GB10_CALL idx=97 kind=reduce op=2 n=1025 inner_launches=3 rc=0 ms=3703.650
GB10_CALL idx=98 kind=reduce op=2 n=1025 inner_launches=3 rc=0 ms=3723.257
GB10_CALL idx=99 kind=reduce op=2 n=1025 inner_launches=3 rc=0 ms=4038.275
GB10_CASE_BEGIN TENSOR_GB10 red_MIN_cols_1025x3_axis0
GB10_CALL idx=100 kind=reduce op=2 n=1025 inner_launches=3 rc=0 ms=3735.254
GB10_CALL idx=101 kind=reduce op=2 n=1025 inner_launches=3 rc=0 ms=3671.470
GB10_CALL idx=102 kind=reduce op=2 n=1025 inner_launches=3 rc=0 ms=3842.637
GB10_CASE_BEGIN TENSOR_GB10 red_MEAN_n31
GB10_CALL idx=103 kind=reduce op=3 n=31 inner_launches=1 rc=0 ms=1233.628
GB10_CASE_BEGIN TENSOR_GB10 red_MEAN_n32
GB10_CALL idx=104 kind=reduce op=3 n=32 inner_launches=1 rc=0 ms=1229.110
GB10_CASE_BEGIN TENSOR_GB10 red_MEAN_n33
GB10_CALL idx=105 kind=reduce op=3 n=33 inner_launches=2 rc=0 ms=2513.406
GB10_CASE_BEGIN TENSOR_GB10 red_MEAN_n1023
GB10_CALL idx=106 kind=reduce op=3 n=1023 inner_launches=2 rc=0 ms=2518.372
GB10_CASE_BEGIN TENSOR_GB10 red_MEAN_n1024
GB10_CALL idx=107 kind=reduce op=3 n=1024 inner_launches=2 rc=0 ms=2429.036
GB10_CASE_BEGIN TENSOR_GB10 red_MEAN_n1025
GB10_CALL idx=108 kind=reduce op=3 n=1025 inner_launches=3 rc=0 ms=3897.039
GB10_CASE_BEGIN TENSOR_GB10 red_MEAN_n32769
GB10_CALL idx=109 kind=reduce op=3 n=32769 inner_launches=4 rc=0 ms=6250.808
GB10_CASE_BEGIN TENSOR_GB10 red_MEAN_specials_n33
GB10_CALL idx=110 kind=reduce op=3 n=33 inner_launches=2 rc=0 ms=3203.648
GB10_CASE_BEGIN TENSOR_GB10 red_MEAN_specials_n1025
GB10_CALL idx=111 kind=reduce op=3 n=1025 inner_launches=3 rc=0 ms=4075.713
GB10_CASE_BEGIN TENSOR_GB10 red_MEAN_rows_3x1025_axis1
GB10_CALL idx=112 kind=reduce op=3 n=1025 inner_launches=3 rc=0 ms=3700.854
GB10_CALL idx=113 kind=reduce op=3 n=1025 inner_launches=3 rc=0 ms=3652.695
GB10_CALL idx=114 kind=reduce op=3 n=1025 inner_launches=3 rc=0 ms=3973.144
GB10_CASE_BEGIN TENSOR_GB10 red_MEAN_cols_1025x3_axis0
GB10_CALL idx=115 kind=reduce op=3 n=1025 inner_launches=3 rc=0 ms=3693.361
GB10_CALL idx=116 kind=reduce op=3 n=1025 inner_launches=3 rc=0 ms=3713.043
GB10_CALL idx=117 kind=reduce op=3 n=1025 inner_launches=3 rc=0 ms=3694.768
GB10_CASE_BEGIN TENSOR_GB10 bin_ADD
GB10_CALL idx=118 kind=simt op=FADD count=1000 rc=0 ms=1466.946
GB10_CASE_BEGIN TENSOR_GB10 bin_SUB
GB10_CALL idx=119 kind=simt op=FSUB count=1000 rc=0 ms=1232.238
GB10_CASE_BEGIN TENSOR_GB10 bin_MUL
GB10_CALL idx=120 kind=simt op=FMUL count=1000 rc=0 ms=1216.275
GB10_CASE_BEGIN TENSOR_GB10 bin_DIV
GB10_CALL idx=121 kind=simt op=DIV count=1000 rc=0 ms=1211.051
GB10_CASE_BEGIN TENSOR_GB10 bin_MIN
GB10_CALL idx=122 kind=simt op=FMNMX_MIN count=1000 rc=0 ms=1236.625
GB10_CASE_BEGIN TENSOR_GB10 bin_MAX
GB10_CALL idx=123 kind=simt op=FMNMX_MAX count=1000 rc=0 ms=1221.850
GB10_CASE_BEGIN TENSOR_GB10 bin_SEL_GE
GB10_CALL idx=124 kind=simt op=FSETP_SEL count=1000 rc=0 ms=1240.527
GB10_CASE_BEGIN TENSOR_GB10 bin_SEL_LT
GB10_CALL idx=125 kind=simt op=FSETP_LT_SEL count=1000 rc=0 ms=1229.502
GB10_CASE_BEGIN TENSOR_GB10 bin_SEL_LE
GB10_CALL idx=126 kind=simt op=FSETP_LE_SEL count=1000 rc=0 ms=1225.754
GB10_CASE_BEGIN TENSOR_GB10 bin_SEL_GT
GB10_CALL idx=127 kind=simt op=FSETP_GT_SEL count=1000 rc=0 ms=1217.378
GB10_CASE_BEGIN TENSOR_GB10 bin_SEL_EQ
GB10_CALL idx=128 kind=simt op=FSETP_EQ_SEL count=1000 rc=0 ms=1199.166
GB10_CASE_BEGIN TENSOR_GB10 bin_SEL_NE
GB10_CALL idx=129 kind=simt op=FSETP_NE_SEL count=1000 rc=0 ms=1396.493
GB10_CASE_BEGIN TENSOR_GB10 bin_SEL_NUM
GB10_CALL idx=130 kind=simt op=FSETP_NUM_SEL count=1000 rc=0 ms=1202.352
GB10_CASE_BEGIN TENSOR_GB10 bin_SEL_NAN
GB10_CALL idx=131 kind=simt op=FSETP_NAN_SEL count=1000 rc=0 ms=1220.837
GB10_CASE_BEGIN TENSOR_GB10 bin_SEL_LTU
GB10_CALL idx=132 kind=simt op=FSETP_LTU_SEL count=1000 rc=0 ms=1204.282
GB10_CASE_BEGIN TENSOR_GB10 bin_SEL_LEU
GB10_CALL idx=133 kind=simt op=FSETP_LEU_SEL count=1000 rc=0 ms=1234.863
GB10_CASE_BEGIN TENSOR_GB10 bin_SEL_GTU
GB10_CALL idx=134 kind=simt op=FSETP_GTU_SEL count=1000 rc=0 ms=1234.033
GB10_CASE_BEGIN TENSOR_GB10 bin_SEL_GEU
GB10_CALL idx=135 kind=simt op=FSETP_GEU_SEL count=1000 rc=0 ms=1231.890
GB10_CASE_BEGIN TENSOR_GB10 bin_SEL_EQU
GB10_CALL idx=136 kind=simt op=FSETP_EQU_SEL count=1000 rc=0 ms=1228.894
GB10_CASE_BEGIN TENSOR_GB10 bin_SEL_NEU
GB10_CALL idx=137 kind=simt op=FSETP_NEU_SEL count=1000 rc=0 ms=1229.414
GB10_CASE_BEGIN TENSOR_GB10 un_SQRT
GB10_CALL idx=138 kind=simt op=SQRT count=1000 rc=0 ms=1220.419
GB10_CASE_BEGIN TENSOR_GB10 fma_FFMA_V
GB10_CALL idx=139 kind=simt op=FFMA_V count=1000 rc=0 ms=1490.122
GB10_CASE_BEGIN TENSOR_GB10 cast_F32_TO_F16
GB10_CALL idx=140 kind=simt op=F32_TO_F16 count=1000 rc=0 ms=1292.913
GB10_CASE_BEGIN TENSOR_GB10 cast_F32_TO_BF16
GB10_CALL idx=141 kind=simt op=F32_TO_BF16 count=1000 rc=0 ms=1270.465
GB10_CASE_BEGIN TENSOR_GB10 cast_F16_TO_F32
GB10_CALL idx=142 kind=simt op=F16_TO_F32 count=1000 rc=0 ms=1224.263
GB10_CASE_BEGIN TENSOR_GB10 cast_BF16_TO_F32
GB10_CALL idx=143 kind=simt op=BF16_TO_F32 count=1000 rc=0 ms=1231.822
GB10_CASE_BEGIN TENSOR_GB10 bcast_add_4x1x3_5x1
GB10_CALL idx=144 kind=simt op=FSUB count=60 rc=0 ms=1298.862
GB10_CASE_BEGIN TENSOR_GB10 bcast_fma_2x1_1x3_3
GB10_CALL idx=145 kind=simt op=FFMA_V count=6 rc=0 ms=1283.758
GB10_CASE_BEGIN TENSOR_GB10 big_add_70001
GB10_CALL idx=146 kind=simt op=FADD count=65536 rc=0 ms=1234.415
GB10_CALL idx=147 kind=simt op=FADD count=4465 rc=0 ms=1224.111
GB10_CASE_BEGIN TENSOR_GB10_MUTANT_WRONG_REDUCE_ORDER mm_2x33x3
GB10_CALL idx=148 kind=simt op=FMUL count=198 rc=0 ms=1232.450
GB10_CALL idx=149 kind=simt op=REDUCE_SUM count=384 rc=0 ms=1216.453
GB10_CALL idx=150 kind=simt op=REDUCE_SUM count=192 rc=0 ms=1363.792
GB10_CASE_BEGIN TENSOR_GB10_MUTANT_WRONG_REDUCE_ORDER mm_2x65x3
GB10_CALL idx=151 kind=simt op=FMUL count=390 rc=0 ms=1273.076
GB10_CALL idx=152 kind=simt op=REDUCE_SUM count=576 rc=0 ms=1238.336
GB10_CALL idx=153 kind=simt op=REDUCE_SUM count=192 rc=0 ms=1227.303
GB10_CASE_BEGIN TENSOR_GB10_MUTANT_WRONG_REDUCE_ORDER red_SUM_n33
GB10_CALL idx=154 kind=simt op=REDUCE_SUM count=64 rc=0 ms=1232.528
GB10_CALL idx=155 kind=simt op=REDUCE_SUM count=32 rc=0 ms=1234.508
GB10_CASE_BEGIN TENSOR_GB10_MUTANT_WRONG_REDUCE_ORDER red_SUM_n1025
GB10_CALL idx=156 kind=simt op=REDUCE_SUM count=1056 rc=0 ms=1239.007
GB10_CALL idx=157 kind=simt op=REDUCE_SUM count=64 rc=0 ms=1228.438
GB10_CALL idx=158 kind=simt op=REDUCE_SUM count=32 rc=0 ms=1232.439
GB10_CASE_BEGIN TENSOR_GB10_MUTANT_FFMA_MATMUL mm_2x33x3
GB10_CALL idx=159 kind=simt op=FMUL count=198 rc=0 ms=1238.197
GB10_CALL idx=160 kind=simt op=FMUL count=96 rc=0 ms=1379.331
GB10_CALL idx=161 kind=simt op=FFMA_V count=96 rc=0 ms=1270.995
GB10_CALL idx=162 kind=simt op=REDUCE_SUM count=192 rc=0 ms=1229.030
GB10_CASE_BEGIN TENSOR_GB10_MUTANT_FFMA_MATMUL mm_2x65x3
GB10_CALL idx=163 kind=simt op=FMUL count=390 rc=0 ms=1217.303
GB10_CALL idx=164 kind=simt op=FMUL count=192 rc=0 ms=1192.648
GB10_CALL idx=165 kind=simt op=FFMA_V count=192 rc=0 ms=1256.092
GB10_CALL idx=166 kind=simt op=REDUCE_SUM count=384 rc=0 ms=1260.113
GB10_CALL idx=167 kind=simt op=REDUCE_SUM count=192 rc=0 ms=1231.875
GB10_CASE_BEGIN TENSOR_GB10_MUTANT_FFMA_MATMUL mm_bcast_3x1x4x5_2x5x6
GB10_CALL idx=168 kind=simt op=FMUL count=720 rc=0 ms=1223.372
GB10_CALL idx=169 kind=simt op=FMUL count=288 rc=0 ms=1229.101
GB10_CALL idx=170 kind=simt op=FFMA_V count=288 rc=0 ms=1224.285
GB10_CALL idx=171 kind=simt op=REDUCE_SUM count=4608 rc=0 ms=1465.097
GB10_CASE_BEGIN TENSOR_GB10_MUTANT_FFMA_MATMUL mm_bcast_2x3x33_33x4
GB10_CALL idx=172 kind=simt op=FMUL count=792 rc=0 ms=1226.566
GB10_CALL idx=173 kind=simt op=FMUL count=384 rc=0 ms=1231.777
GB10_CALL idx=174 kind=simt op=FFMA_V count=384 rc=0 ms=1228.664
GB10_CALL idx=175 kind=simt op=REDUCE_SUM count=768 rc=0 ms=1229.785
GB10_CASE_BEGIN TENSOR_GB10_MUTANT_SWAPPED_OPERAND bin_SUB
GB10_CALL idx=176 kind=simt op=FSUB count=1000 rc=0 ms=1201.832
GB10_CASE_BEGIN TENSOR_GB10_MUTANT_SWAPPED_OPERAND bin_DIV
GB10_CALL idx=177 kind=simt op=DIV count=1000 rc=0 ms=1225.582
GB10_CASE_BEGIN TENSOR_GB10_MUTANT_SWAPPED_OPERAND bin_SEL_LT
GB10_CALL idx=178 kind=simt op=FSETP_LT_SEL count=1000 rc=0 ms=1223.278
GB10_CASE_BEGIN TENSOR_GB10_MUTANT_SWAPPED_OPERAND bcast_add_4x1x3_5x1
GB10_CALL idx=179 kind=simt op=FSUB count=60 rc=0 ms=1231.383
