GB10_CASE_BEGIN HOST_SELF mm_1x1x1
GB10_CASE_BEGIN HOST_SELF mm_129x3x257
GB10_CASE_BEGIN HOST_SELF mm_2x31x3
GB10_CASE_BEGIN HOST_SELF mm_2x32x3
GB10_CASE_BEGIN HOST_SELF mm_2x33x3
GB10_CASE_BEGIN HOST_SELF mm_2x63x3
GB10_CASE_BEGIN HOST_SELF mm_2x64x3
GB10_CASE_BEGIN HOST_SELF mm_2x65x3
GB10_CASE_BEGIN HOST_SELF mm_2x1023x3
GB10_CASE_BEGIN HOST_SELF mm_2x1024x3
GB10_CASE_BEGIN HOST_SELF mm_2x1025x3
GB10_CASE_BEGIN HOST_SELF mm_bcast_3x1x4x5_2x5x6
GB10_CASE_BEGIN HOST_SELF mm_bcast_2x3x33_33x4
GB10_CASE_BEGIN HOST_SELF mm_specials_3x33x2
GB10_CASE_BEGIN HOST_SELF mm_viewT_5x7x3
GB10_CASE_BEGIN HOST_SELF red_SUM_n31
GB10_CASE_BEGIN HOST_SELF red_SUM_n32
GB10_CASE_BEGIN HOST_SELF red_SUM_n33
GB10_CASE_BEGIN HOST_SELF red_SUM_n1023
GB10_CASE_BEGIN HOST_SELF red_SUM_n1024
GB10_CASE_BEGIN HOST_SELF red_SUM_n1025
GB10_CASE_BEGIN HOST_SELF red_SUM_n32769
GB10_CASE_BEGIN HOST_SELF red_SUM_specials_n33
GB10_CASE_BEGIN HOST_SELF red_SUM_specials_n1025
GB10_CASE_BEGIN HOST_SELF red_SUM_rows_3x1025_axis1
GB10_CASE_BEGIN HOST_SELF red_SUM_cols_1025x3_axis0
GB10_CASE_BEGIN HOST_SELF red_MAX_n31
GB10_CASE_BEGIN HOST_SELF red_MAX_n32
GB10_CASE_BEGIN HOST_SELF red_MAX_n33
GB10_CASE_BEGIN HOST_SELF red_MAX_n1023
GB10_CASE_BEGIN HOST_SELF red_MAX_n1024
GB10_CASE_BEGIN HOST_SELF red_MAX_n1025
GB10_CASE_BEGIN HOST_SELF red_MAX_n32769
GB10_CASE_BEGIN HOST_SELF red_MAX_specials_n33
GB10_CASE_BEGIN HOST_SELF red_MAX_specials_n1025
GB10_CASE_BEGIN HOST_SELF red_MAX_rows_3x1025_axis1
GB10_CASE_BEGIN HOST_SELF red_MAX_cols_1025x3_axis0
GB10_CASE_BEGIN HOST_SELF red_MIN_n31
GB10_CASE_BEGIN HOST_SELF red_MIN_n32
GB10_CASE_BEGIN HOST_SELF red_MIN_n33
GB10_CASE_BEGIN HOST_SELF red_MIN_n1023
GB10_CASE_BEGIN HOST_SELF red_MIN_n1024
GB10_CASE_BEGIN HOST_SELF red_MIN_n1025
GB10_CASE_BEGIN HOST_SELF red_MIN_n32769
GB10_CASE_BEGIN HOST_SELF red_MIN_specials_n33
GB10_CASE_BEGIN HOST_SELF red_MIN_specials_n1025
GB10_CASE_BEGIN HOST_SELF red_MIN_rows_3x1025_axis1
GB10_CASE_BEGIN HOST_SELF red_MIN_cols_1025x3_axis0
GB10_CASE_BEGIN HOST_SELF red_MEAN_n31
GB10_CASE_BEGIN HOST_SELF red_MEAN_n32
GB10_CASE_BEGIN HOST_SELF red_MEAN_n33
GB10_CASE_BEGIN HOST_SELF red_MEAN_n1023
GB10_CASE_BEGIN HOST_SELF red_MEAN_n1024
GB10_CASE_BEGIN HOST_SELF red_MEAN_n1025
GB10_CASE_BEGIN HOST_SELF red_MEAN_n32769
GB10_CASE_BEGIN HOST_SELF red_MEAN_specials_n33
GB10_CASE_BEGIN HOST_SELF red_MEAN_specials_n1025
GB10_CASE_BEGIN HOST_SELF red_MEAN_rows_3x1025_axis1
GB10_CASE_BEGIN HOST_SELF red_MEAN_cols_1025x3_axis0
GB10_CASE_BEGIN HOST_SELF bin_ADD
GB10_CASE_BEGIN HOST_SELF bin_SUB
GB10_CASE_BEGIN HOST_SELF bin_MUL
GB10_CASE_BEGIN HOST_SELF bin_DIV
GB10_CASE_BEGIN HOST_SELF bin_MIN
GB10_CASE_BEGIN HOST_SELF bin_MAX
GB10_CASE_BEGIN HOST_SELF bin_SEL_GE
GB10_CASE_BEGIN HOST_SELF bin_SEL_LT
GB10_CASE_BEGIN HOST_SELF bin_SEL_LE
GB10_CASE_BEGIN HOST_SELF bin_SEL_GT
GB10_CASE_BEGIN HOST_SELF bin_SEL_EQ
GB10_CASE_BEGIN HOST_SELF bin_SEL_NE
GB10_CASE_BEGIN HOST_SELF bin_SEL_NUM
GB10_CASE_BEGIN HOST_SELF bin_SEL_NAN
GB10_CASE_BEGIN HOST_SELF bin_SEL_LTU
GB10_CASE_BEGIN HOST_SELF bin_SEL_LEU
GB10_CASE_BEGIN HOST_SELF bin_SEL_GTU
GB10_CASE_BEGIN HOST_SELF bin_SEL_GEU
GB10_CASE_BEGIN HOST_SELF bin_SEL_EQU
GB10_CASE_BEGIN HOST_SELF bin_SEL_NEU
GB10_CASE_BEGIN HOST_SELF un_SQRT
GB10_CASE_BEGIN HOST_SELF fma_FFMA_V
GB10_CASE_BEGIN HOST_SELF cast_F32_TO_F16
GB10_CASE_BEGIN HOST_SELF cast_F32_TO_BF16
GB10_CASE_BEGIN HOST_SELF cast_F16_TO_F32
GB10_CASE_BEGIN HOST_SELF cast_BF16_TO_F32
GB10_CASE_BEGIN HOST_SELF bcast_add_4x1x3_5x1
GB10_CASE_BEGIN HOST_SELF bcast_fma_2x1_1x3_3
GB10_CASE_BEGIN HOST_SELF big_add_70001
GB10_CASE_BEGIN HOST_MUTANT_WRONG_REDUCE_ORDER mm_2x33x3
GB10_CASE_BEGIN HOST_MUTANT_WRONG_REDUCE_ORDER mm_2x65x3
GB10_CASE_BEGIN HOST_MUTANT_WRONG_REDUCE_ORDER red_SUM_n33
GB10_CASE_BEGIN HOST_MUTANT_WRONG_REDUCE_ORDER red_SUM_n1025
GB10_CASE_BEGIN HOST_MUTANT_FFMA_MATMUL mm_2x33x3
GB10_CASE_BEGIN HOST_MUTANT_FFMA_MATMUL mm_2x65x3
GB10_CASE_BEGIN HOST_MUTANT_FFMA_MATMUL mm_bcast_3x1x4x5_2x5x6
GB10_CASE_BEGIN HOST_MUTANT_FFMA_MATMUL mm_bcast_2x3x33_33x4
GB10_CASE_BEGIN HOST_MUTANT_SWAPPED_OPERAND bin_SUB
GB10_CASE_BEGIN HOST_MUTANT_SWAPPED_OPERAND bin_DIV
GB10_CASE_BEGIN HOST_MUTANT_SWAPPED_OPERAND bin_SEL_LT
GB10_CASE_BEGIN HOST_MUTANT_SWAPPED_OPERAND bcast_add_4x1x3_5x1
GB10_CASE_BEGIN TENSOR_GB10 mm_1x1x1
GB10_CALL idx=1 kind=simt op=FMUL count=1 rc=0 ms=1275.247
GB10_CALL idx=2 kind=simt op=REDUCE_SUM count=32 rc=0 ms=1245.361
GB10_CASE_BEGIN TENSOR_GB10 mm_129x3x257
GB10_CALL idx=3 kind=simt op=FMUL count=65536 rc=0 ms=1253.350
GB10_CALL idx=4 kind=simt op=FMUL count=33923 rc=0 ms=1234.175
GB10_CALL idx=5 kind=simt op=REDUCE_SUM count=65536 rc=0 ms=1237.823
GB10_CALL idx=6 kind=simt op=REDUCE_SUM count=65536 rc=0 ms=1222.892
GB10_CALL idx=7 kind=simt op=REDUCE_SUM count=65536 rc=0 ms=1227.558
GB10_CALL idx=8 kind=simt op=REDUCE_SUM count=65536 rc=0 ms=1223.944
GB10_CALL idx=9 kind=simt op=REDUCE_SUM count=65536 rc=0 ms=1237.414
GB10_CALL idx=10 kind=simt op=REDUCE_SUM count=65536 rc=0 ms=1234.709
GB10_CALL idx=11 kind=simt op=REDUCE_SUM count=65536 rc=0 ms=1405.252
GB10_CALL idx=12 kind=simt op=REDUCE_SUM count=65536 rc=0 ms=2402.159
GB10_CALL idx=13 kind=simt op=REDUCE_SUM count=65536 rc=0 ms=1227.099
GB10_CALL idx=14 kind=simt op=REDUCE_SUM count=65536 rc=0 ms=1228.378
GB10_CALL idx=15 kind=simt op=REDUCE_SUM count=65536 rc=0 ms=1233.595
GB10_CALL idx=16 kind=simt op=REDUCE_SUM count=65536 rc=0 ms=1238.293
GB10_CALL idx=17 kind=simt op=REDUCE_SUM count=65536 rc=0 ms=1227.928
GB10_CALL idx=18 kind=simt op=REDUCE_SUM count=65536 rc=0 ms=1234.113
GB10_CALL idx=19 kind=simt op=REDUCE_SUM count=65536 rc=0 ms=1221.169
GB10_CALL idx=20 kind=simt op=REDUCE_SUM count=65536 rc=0 ms=1418.984
GB10_CALL idx=21 kind=simt op=REDUCE_SUM count=12320 rc=0 ms=1283.365
GB10_CASE_BEGIN TENSOR_GB10 mm_2x31x3
GB10_CALL idx=22 kind=simt op=FMUL count=186 rc=0 ms=1234.052
GB10_CALL idx=23 kind=simt op=REDUCE_SUM count=192 rc=0 ms=1236.116
GB10_CASE_BEGIN TENSOR_GB10 mm_2x32x3
GB10_CALL idx=24 kind=simt op=FMUL count=192 rc=0 ms=1226.574
GB10_CALL idx=25 kind=simt op=REDUCE_SUM count=192 rc=0 ms=1223.887
GB10_CASE_BEGIN TENSOR_GB10 mm_2x33x3
GB10_CALL idx=26 kind=simt op=FMUL count=198 rc=0 ms=1249.833
GB10_CALL idx=27 kind=simt op=REDUCE_SUM count=384 rc=0 ms=1233.303
GB10_CALL idx=28 kind=simt op=REDUCE_SUM count=192 rc=0 ms=1233.975
GB10_CASE_BEGIN TENSOR_GB10 mm_2x63x3
GB10_CALL idx=29 kind=simt op=FMUL count=378 rc=0 ms=1231.725
GB10_CALL idx=30 kind=simt op=REDUCE_SUM count=384 rc=0 ms=1230.746
GB10_CALL idx=31 kind=simt op=REDUCE_SUM count=192 rc=0 ms=1427.728
GB10_CASE_BEGIN TENSOR_GB10 mm_2x64x3
GB10_CALL idx=32 kind=simt op=FMUL count=384 rc=0 ms=1228.751
GB10_CALL idx=33 kind=simt op=REDUCE_SUM count=384 rc=0 ms=1243.626
GB10_CALL idx=34 kind=simt op=REDUCE_SUM count=192 rc=0 ms=1227.751
GB10_CASE_BEGIN TENSOR_GB10 mm_2x65x3
GB10_CALL idx=35 kind=simt op=FMUL count=390 rc=0 ms=1228.370
GB10_CALL idx=36 kind=simt op=REDUCE_SUM count=576 rc=0 ms=1228.256
GB10_CALL idx=37 kind=simt op=REDUCE_SUM count=192 rc=0 ms=1227.482
GB10_CASE_BEGIN TENSOR_GB10 mm_2x1023x3
GB10_CALL idx=38 kind=simt op=FMUL count=6138 rc=0 ms=1971.910
GB10_CALL idx=39 kind=simt op=REDUCE_SUM count=6144 rc=0 ms=1228.941
GB10_CALL idx=40 kind=simt op=REDUCE_SUM count=192 rc=0 ms=2327.248
GB10_CASE_BEGIN TENSOR_GB10 mm_2x1024x3
GB10_CALL idx=41 kind=simt op=FMUL count=6144 rc=0 ms=1224.176
GB10_CALL idx=42 kind=simt op=REDUCE_SUM count=6144 rc=0 ms=1218.081
GB10_CALL idx=43 kind=simt op=REDUCE_SUM count=192 rc=0 ms=1198.003
GB10_CASE_BEGIN TENSOR_GB10 mm_2x1025x3
GB10_CALL idx=44 kind=simt op=FMUL count=6150 rc=0 ms=1252.649
GB10_CALL idx=45 kind=simt op=REDUCE_SUM count=6336 rc=0 ms=1199.169
GB10_CALL idx=46 kind=simt op=REDUCE_SUM count=384 rc=0 ms=1230.348
GB10_CALL idx=47 kind=simt op=REDUCE_SUM count=192 rc=0 ms=1224.814
GB10_CASE_BEGIN TENSOR_GB10 mm_bcast_3x1x4x5_2x5x6
GB10_CALL idx=48 kind=simt op=FMUL count=720 rc=0 ms=1233.666
GB10_CALL idx=49 kind=simt op=REDUCE_SUM count=4608 rc=0 ms=1236.129
GB10_CASE_BEGIN TENSOR_GB10 mm_bcast_2x3x33_33x4
GB10_CALL idx=50 kind=simt op=FMUL count=792 rc=0 ms=1689.788
GB10_CALL idx=51 kind=simt op=REDUCE_SUM count=1536 rc=0 ms=1276.996
GB10_CALL idx=52 kind=simt op=REDUCE_SUM count=768 rc=0 ms=1233.220
GB10_CASE_BEGIN TENSOR_GB10 mm_specials_3x33x2
GB10_CALL idx=53 kind=simt op=FMUL count=198 rc=0 ms=1226.790
GB10_CALL idx=54 kind=simt op=REDUCE_SUM count=384 rc=0 ms=1246.200
GB10_CALL idx=55 kind=simt op=REDUCE_SUM count=192 rc=0 ms=1222.628
GB10_CASE_BEGIN TENSOR_GB10 mm_viewT_5x7x3
GB10_CALL idx=56 kind=simt op=FMUL count=105 rc=0 ms=1322.876
GB10_CALL idx=57 kind=simt op=REDUCE_SUM count=480 rc=0 ms=1222.023
GB10_CASE_BEGIN TENSOR_GB10 red_SUM_n31
GB10_CALL idx=58 kind=reduce op=0 n=31 inner_launches=1 rc=0 ms=1269.804
GB10_CASE_BEGIN TENSOR_GB10 red_SUM_n32
GB10_CALL idx=59 kind=reduce op=0 n=32 inner_launches=1 rc=0 ms=1226.083
GB10_CASE_BEGIN TENSOR_GB10 red_SUM_n33
GB10_CALL idx=60 kind=reduce op=0 n=33 inner_launches=2 rc=0 ms=2863.203
GB10_CASE_BEGIN TENSOR_GB10 red_SUM_n1023
GB10_CALL idx=61 kind=reduce op=0 n=1023 inner_launches=2 rc=0 ms=2451.610
GB10_CASE_BEGIN TENSOR_GB10 red_SUM_n1024
GB10_CALL idx=62 kind=reduce op=0 n=1024 inner_launches=2 rc=0 ms=2424.484
GB10_CASE_BEGIN TENSOR_GB10 red_SUM_n1025
GB10_CALL idx=63 kind=reduce op=0 n=1025 inner_launches=3 rc=0 ms=3703.960
GB10_CASE_BEGIN TENSOR_GB10 red_SUM_n32769
GB10_CALL idx=64 kind=reduce op=0 n=32769 inner_launches=4 rc=0 ms=5126.745
GB10_CASE_BEGIN TENSOR_GB10 red_SUM_specials_n33
GB10_CALL idx=65 kind=reduce op=0 n=33 inner_launches=2 rc=0 ms=2445.510
GB10_CASE_BEGIN TENSOR_GB10 red_SUM_specials_n1025
GB10_CALL idx=66 kind=reduce op=0 n=1025 inner_launches=3 rc=0 ms=3707.155
GB10_CASE_BEGIN TENSOR_GB10 red_SUM_rows_3x1025_axis1
GB10_CALL idx=67 kind=reduce op=0 n=1025 inner_launches=3 rc=0 ms=3706.336
GB10_CALL idx=68 kind=reduce op=0 n=1025 inner_launches=3 rc=0 ms=4115.842
GB10_CALL idx=69 kind=reduce op=0 n=1025 inner_launches=3 rc=0 ms=3707.023
GB10_CASE_BEGIN TENSOR_GB10 red_SUM_cols_1025x3_axis0
GB10_CALL idx=70 kind=reduce op=0 n=1025 inner_launches=3 rc=0 ms=4430.411
GB10_CALL idx=71 kind=reduce op=0 n=1025 inner_launches=3 rc=0 ms=3910.700
GB10_CALL idx=72 kind=reduce op=0 n=1025 inner_launches=3 rc=0 ms=3688.207
GB10_CASE_BEGIN TENSOR_GB10 red_MAX_n31
GB10_CALL idx=73 kind=reduce op=1 n=31 inner_launches=1 rc=0 ms=1239.650
GB10_CASE_BEGIN TENSOR_GB10 red_MAX_n32
GB10_CALL idx=74 kind=reduce op=1 n=32 inner_launches=1 rc=0 ms=1203.495
GB10_CASE_BEGIN TENSOR_GB10 red_MAX_n33
GB10_CALL idx=75 kind=reduce op=1 n=33 inner_launches=2 rc=0 ms=2455.326
GB10_CASE_BEGIN TENSOR_GB10 red_MAX_n1023
GB10_CALL idx=76 kind=reduce op=1 n=1023 inner_launches=2 rc=0 ms=2481.853
GB10_CASE_BEGIN TENSOR_GB10 red_MAX_n1024
GB10_CALL idx=77 kind=reduce op=1 n=1024 inner_launches=2 rc=0 ms=2690.123
GB10_CASE_BEGIN TENSOR_GB10 red_MAX_n1025
GB10_CALL idx=78 kind=reduce op=1 n=1025 inner_launches=3 rc=0 ms=3739.318
GB10_CASE_BEGIN TENSOR_GB10 red_MAX_n32769
GB10_CALL idx=79 kind=reduce op=1 n=32769 inner_launches=4 rc=0 ms=4959.297
GB10_CASE_BEGIN TENSOR_GB10 red_MAX_specials_n33
GB10_CALL idx=80 kind=reduce op=1 n=33 inner_launches=2 rc=0 ms=2595.892
GB10_CASE_BEGIN TENSOR_GB10 red_MAX_specials_n1025
GB10_CALL idx=81 kind=reduce op=1 n=1025 inner_launches=3 rc=0 ms=4855.068
GB10_CASE_BEGIN TENSOR_GB10 red_MAX_rows_3x1025_axis1
GB10_CALL idx=82 kind=reduce op=1 n=1025 inner_launches=3 rc=0 ms=3692.482
GB10_CALL idx=83 kind=reduce op=1 n=1025 inner_launches=3 rc=0 ms=3712.791
GB10_CALL idx=84 kind=reduce op=1 n=1025 inner_launches=3 rc=0 ms=4036.562
GB10_CASE_BEGIN TENSOR_GB10 red_MAX_cols_1025x3_axis0
GB10_CALL idx=85 kind=reduce op=1 n=1025 inner_launches=3 rc=0 ms=3728.633
GB10_CALL idx=86 kind=reduce op=1 n=1025 inner_launches=3 rc=0 ms=3716.341
GB10_CALL idx=87 kind=reduce op=1 n=1025 inner_launches=3 rc=0 ms=4180.631
GB10_CASE_BEGIN TENSOR_GB10 red_MIN_n31
GB10_CALL idx=88 kind=reduce op=2 n=31 inner_launches=1 rc=0 ms=1231.041
GB10_CASE_BEGIN TENSOR_GB10 red_MIN_n32
GB10_CALL idx=89 kind=reduce op=2 n=32 inner_launches=1 rc=0 ms=1225.520
GB10_CASE_BEGIN TENSOR_GB10 red_MIN_n33
GB10_CALL idx=90 kind=reduce op=2 n=33 inner_launches=2 rc=0 ms=2496.107
GB10_CASE_BEGIN TENSOR_GB10 red_MIN_n1023
GB10_CALL idx=91 kind=reduce op=2 n=1023 inner_launches=2 rc=0 ms=2479.347
GB10_CASE_BEGIN TENSOR_GB10 red_MIN_n1024
GB10_CALL idx=92 kind=reduce op=2 n=1024 inner_launches=2 rc=0 ms=2460.930
GB10_CASE_BEGIN TENSOR_GB10 red_MIN_n1025
GB10_CALL idx=93 kind=reduce op=2 n=1025 inner_launches=3 rc=0 ms=4082.643
GB10_CASE_BEGIN TENSOR_GB10 red_MIN_n32769
GB10_CALL idx=94 kind=reduce op=2 n=32769 inner_launches=4 rc=0 ms=4993.030
GB10_CASE_BEGIN TENSOR_GB10 red_MIN_specials_n33
GB10_CALL idx=95 kind=reduce op=2 n=33 inner_launches=2 rc=0 ms=2459.910
GB10_CASE_BEGIN TENSOR_GB10 red_MIN_specials_n1025
GB10_CALL idx=96 kind=reduce op=2 n=1025 inner_launches=3 rc=0 ms=4274.628
GB10_CASE_BEGIN TENSOR_GB10 red_MIN_rows_3x1025_axis1
GB10_CALL idx=97 kind=reduce op=2 n=1025 inner_launches=3 rc=0 ms=3688.710
GB10_CALL idx=98 kind=reduce op=2 n=1025 inner_launches=3 rc=0 ms=3728.434
GB10_CALL idx=99 kind=reduce op=2 n=1025 inner_launches=3 rc=0 ms=3762.933
GB10_CASE_BEGIN TENSOR_GB10 red_MIN_cols_1025x3_axis0
GB10_CALL idx=100 kind=reduce op=2 n=1025 inner_launches=3 rc=0 ms=4129.846
GB10_CALL idx=101 kind=reduce op=2 n=1025 inner_launches=3 rc=0 ms=3728.749
GB10_CALL idx=102 kind=reduce op=2 n=1025 inner_launches=3 rc=0 ms=3697.247
GB10_CASE_BEGIN TENSOR_GB10 red_MEAN_n31
GB10_CALL idx=103 kind=reduce op=3 n=31 inner_launches=1 rc=0 ms=1235.689
GB10_CASE_BEGIN TENSOR_GB10 red_MEAN_n32
GB10_CALL idx=104 kind=reduce op=3 n=32 inner_launches=1 rc=0 ms=1665.706
GB10_CASE_BEGIN TENSOR_GB10 red_MEAN_n33
GB10_CALL idx=105 kind=reduce op=3 n=33 inner_launches=2 rc=0 ms=2474.264
GB10_CASE_BEGIN TENSOR_GB10 red_MEAN_n1023
GB10_CALL idx=106 kind=reduce op=3 n=1023 inner_launches=2 rc=0 ms=2575.931
GB10_CASE_BEGIN TENSOR_GB10 red_MEAN_n1024
GB10_CALL idx=107 kind=reduce op=3 n=1024 inner_launches=2 rc=0 ms=2489.749
GB10_CASE_BEGIN TENSOR_GB10 red_MEAN_n1025
GB10_CALL idx=108 kind=reduce op=3 n=1025 inner_launches=3 rc=0 ms=3772.545
GB10_CASE_BEGIN TENSOR_GB10 red_MEAN_n32769
GB10_CALL idx=109 kind=reduce op=3 n=32769 inner_launches=4 rc=0 ms=5248.146
GB10_CASE_BEGIN TENSOR_GB10 red_MEAN_specials_n33
GB10_CALL idx=110 kind=reduce op=3 n=33 inner_launches=2 rc=0 ms=2491.398
GB10_CASE_BEGIN TENSOR_GB10 red_MEAN_specials_n1025
GB10_CALL idx=111 kind=reduce op=3 n=1025 inner_launches=3 rc=0 ms=3785.322
GB10_CASE_BEGIN TENSOR_GB10 red_MEAN_rows_3x1025_axis1
GB10_CALL idx=112 kind=reduce op=3 n=1025 inner_launches=3 rc=0 ms=4048.376
GB10_CALL idx=113 kind=reduce op=3 n=1025 inner_launches=3 rc=0 ms=3699.855
GB10_CALL idx=114 kind=reduce op=3 n=1025 inner_launches=3 rc=0 ms=4431.471
GB10_CASE_BEGIN TENSOR_GB10 red_MEAN_cols_1025x3_axis0
GB10_CALL idx=115 kind=reduce op=3 n=1025 inner_launches=3 rc=0 ms=5411.311
GB10_CALL idx=116 kind=reduce op=3 n=1025 inner_launches=3 rc=0 ms=3813.726
GB10_CALL idx=117 kind=reduce op=3 n=1025 inner_launches=3 rc=0 ms=3755.376
GB10_CASE_BEGIN TENSOR_GB10 bin_ADD
GB10_CALL idx=118 kind=simt op=FADD count=1000 rc=0 ms=1273.035
GB10_CASE_BEGIN TENSOR_GB10 bin_SUB
GB10_CALL idx=119 kind=simt op=FSUB count=1000 rc=0 ms=1221.083
GB10_CASE_BEGIN TENSOR_GB10 bin_MUL
GB10_CALL idx=120 kind=simt op=FMUL count=1000 rc=0 ms=1712.415
GB10_CASE_BEGIN TENSOR_GB10 bin_DIV
GB10_CALL idx=121 kind=simt op=DIV count=1000 rc=0 ms=1225.960
GB10_CASE_BEGIN TENSOR_GB10 bin_MIN
GB10_CALL idx=122 kind=simt op=FMNMX_MIN count=1000 rc=0 ms=1240.894
GB10_CASE_BEGIN TENSOR_GB10 bin_MAX
GB10_CALL idx=123 kind=simt op=FMNMX_MAX count=1000 rc=0 ms=1222.659
GB10_CASE_BEGIN TENSOR_GB10 bin_SEL_GE
GB10_CALL idx=124 kind=simt op=FSETP_SEL count=1000 rc=0 ms=1222.222
GB10_CASE_BEGIN TENSOR_GB10 bin_SEL_LT
GB10_CALL idx=125 kind=simt op=FSETP_LT_SEL count=1000 rc=0 ms=1229.838
GB10_CASE_BEGIN TENSOR_GB10 bin_SEL_LE
GB10_CALL idx=126 kind=simt op=FSETP_LE_SEL count=1000 rc=0 ms=1225.054
GB10_CASE_BEGIN TENSOR_GB10 bin_SEL_GT
GB10_CALL idx=127 kind=simt op=FSETP_GT_SEL count=1000 rc=0 ms=1217.906
GB10_CASE_BEGIN TENSOR_GB10 bin_SEL_EQ
GB10_CALL idx=128 kind=simt op=FSETP_EQ_SEL count=1000 rc=0 ms=2044.095
GB10_CASE_BEGIN TENSOR_GB10 bin_SEL_NE
GB10_CALL idx=129 kind=simt op=FSETP_NE_SEL count=1000 rc=0 ms=1245.285
GB10_CASE_BEGIN TENSOR_GB10 bin_SEL_NUM
GB10_CALL idx=130 kind=simt op=FSETP_NUM_SEL count=1000 rc=0 ms=1415.431
GB10_CASE_BEGIN TENSOR_GB10 bin_SEL_NAN
GB10_CALL idx=131 kind=simt op=FSETP_NAN_SEL count=1000 rc=0 ms=1269.763
GB10_CASE_BEGIN TENSOR_GB10 bin_SEL_LTU
GB10_CALL idx=132 kind=simt op=FSETP_LTU_SEL count=1000 rc=0 ms=1223.553
GB10_CASE_BEGIN TENSOR_GB10 bin_SEL_LEU
GB10_CALL idx=133 kind=simt op=FSETP_LEU_SEL count=1000 rc=0 ms=1236.324
GB10_CASE_BEGIN TENSOR_GB10 bin_SEL_GTU
GB10_CALL idx=134 kind=simt op=FSETP_GTU_SEL count=1000 rc=0 ms=1241.610
GB10_CASE_BEGIN TENSOR_GB10 bin_SEL_GEU
GB10_CALL idx=135 kind=simt op=FSETP_GEU_SEL count=1000 rc=0 ms=1240.280
GB10_CASE_BEGIN TENSOR_GB10 bin_SEL_EQU
GB10_CALL idx=136 kind=simt op=FSETP_EQU_SEL count=1000 rc=0 ms=1229.178
GB10_CASE_BEGIN TENSOR_GB10 bin_SEL_NEU
GB10_CALL idx=137 kind=simt op=FSETP_NEU_SEL count=1000 rc=0 ms=1224.270
GB10_CASE_BEGIN TENSOR_GB10 un_SQRT
GB10_CALL idx=138 kind=simt op=SQRT count=1000 rc=0 ms=1222.248
GB10_CASE_BEGIN TENSOR_GB10 fma_FFMA_V
GB10_CALL idx=139 kind=simt op=FFMA_V count=1000 rc=0 ms=1214.049
GB10_CASE_BEGIN TENSOR_GB10 cast_F32_TO_F16
GB10_CALL idx=140 kind=simt op=F32_TO_F16 count=1000 rc=0 ms=1640.778
GB10_CASE_BEGIN TENSOR_GB10 cast_F32_TO_BF16
GB10_CALL idx=141 kind=simt op=F32_TO_BF16 count=1000 rc=0 ms=1225.832
GB10_CASE_BEGIN TENSOR_GB10 cast_F16_TO_F32
GB10_CALL idx=142 kind=simt op=F16_TO_F32 count=1000 rc=0 ms=1232.406
GB10_CASE_BEGIN TENSOR_GB10 cast_BF16_TO_F32
GB10_CALL idx=143 kind=simt op=BF16_TO_F32 count=1000 rc=0 ms=1231.421
GB10_CASE_BEGIN TENSOR_GB10 bcast_add_4x1x3_5x1
GB10_CALL idx=144 kind=simt op=FSUB count=60 rc=0 ms=1232.188
GB10_CASE_BEGIN TENSOR_GB10 bcast_fma_2x1_1x3_3
GB10_CALL idx=145 kind=simt op=FFMA_V count=6 rc=0 ms=1260.796
GB10_CASE_BEGIN TENSOR_GB10 big_add_70001
GB10_CALL idx=146 kind=simt op=FADD count=65536 rc=0 ms=2557.537
GB10_CALL idx=147 kind=simt op=FADD count=4465 rc=0 ms=4269.112
GB10_CASE_BEGIN TENSOR_GB10_MUTANT_WRONG_REDUCE_ORDER mm_2x33x3
GB10_CALL idx=148 kind=simt op=FMUL count=198 rc=0 ms=1302.659
GB10_CALL idx=149 kind=simt op=REDUCE_SUM count=384 rc=0 ms=1229.113
GB10_CALL idx=150 kind=simt op=REDUCE_SUM count=192 rc=0 ms=1278.710
GB10_CASE_BEGIN TENSOR_GB10_MUTANT_WRONG_REDUCE_ORDER mm_2x65x3
GB10_CALL idx=151 kind=simt op=FMUL count=390 rc=0 ms=1246.672
GB10_CALL idx=152 kind=simt op=REDUCE_SUM count=576 rc=0 ms=1271.028
GB10_CALL idx=153 kind=simt op=REDUCE_SUM count=192 rc=0 ms=1305.424
GB10_CASE_BEGIN TENSOR_GB10_MUTANT_WRONG_REDUCE_ORDER red_SUM_n33
GB10_CALL idx=154 kind=simt op=REDUCE_SUM count=64 rc=0 ms=1227.194
GB10_CALL idx=155 kind=simt op=REDUCE_SUM count=32 rc=0 ms=1230.225
GB10_CASE_BEGIN TENSOR_GB10_MUTANT_WRONG_REDUCE_ORDER red_SUM_n1025
GB10_CALL idx=156 kind=simt op=REDUCE_SUM count=1056 rc=0 ms=1283.191
GB10_CALL idx=157 kind=simt op=REDUCE_SUM count=64 rc=0 ms=1674.753
GB10_CALL idx=158 kind=simt op=REDUCE_SUM count=32 rc=0 ms=1307.595
GB10_CASE_BEGIN TENSOR_GB10_MUTANT_FFMA_MATMUL mm_2x33x3
GB10_CALL idx=159 kind=simt op=FMUL count=198 rc=0 ms=1229.921
GB10_CALL idx=160 kind=simt op=FMUL count=96 rc=0 ms=1231.599
GB10_CALL idx=161 kind=simt op=FFMA_V count=96 rc=0 ms=1279.254
GB10_CALL idx=162 kind=simt op=REDUCE_SUM count=192 rc=0 ms=1238.543
GB10_CASE_BEGIN TENSOR_GB10_MUTANT_FFMA_MATMUL mm_2x65x3
GB10_CALL idx=163 kind=simt op=FMUL count=390 rc=0 ms=1246.114
GB10_CALL idx=164 kind=simt op=FMUL count=192 rc=0 ms=1236.266
GB10_CALL idx=165 kind=simt op=FFMA_V count=192 rc=0 ms=1230.608
GB10_CALL idx=166 kind=simt op=REDUCE_SUM count=384 rc=0 ms=1237.338
GB10_CALL idx=167 kind=simt op=REDUCE_SUM count=192 rc=0 ms=1438.745
GB10_CASE_BEGIN TENSOR_GB10_MUTANT_FFMA_MATMUL mm_bcast_3x1x4x5_2x5x6
GB10_CALL idx=168 kind=simt op=FMUL count=720 rc=0 ms=1398.492
GB10_CALL idx=169 kind=simt op=FMUL count=288 rc=0 ms=1224.806
GB10_CALL idx=170 kind=simt op=FFMA_V count=288 rc=0 ms=1228.983
GB10_CALL idx=171 kind=simt op=REDUCE_SUM count=4608 rc=0 ms=1256.861
GB10_CASE_BEGIN TENSOR_GB10_MUTANT_FFMA_MATMUL mm_bcast_2x3x33_33x4
GB10_CALL idx=172 kind=simt op=FMUL count=792 rc=0 ms=1227.918
GB10_CALL idx=173 kind=simt op=FMUL count=384 rc=0 ms=1229.209
GB10_CALL idx=174 kind=simt op=FFMA_V count=384 rc=0 ms=1282.374
GB10_CALL idx=175 kind=simt op=REDUCE_SUM count=768 rc=0 ms=1226.149
GB10_CASE_BEGIN TENSOR_GB10_MUTANT_SWAPPED_OPERAND bin_SUB
GB10_CALL idx=176 kind=simt op=FSUB count=1000 rc=0 ms=1227.712
GB10_CASE_BEGIN TENSOR_GB10_MUTANT_SWAPPED_OPERAND bin_DIV
GB10_CALL idx=177 kind=simt op=DIV count=1000 rc=0 ms=1304.026
GB10_CASE_BEGIN TENSOR_GB10_MUTANT_SWAPPED_OPERAND bin_SEL_LT
GB10_CALL idx=178 kind=simt op=FSETP_LT_SEL count=1000 rc=0 ms=1652.005
GB10_CASE_BEGIN TENSOR_GB10_MUTANT_SWAPPED_OPERAND bcast_add_4x1x3_5x1
GB10_CALL idx=179 kind=simt op=FSUB count=60 rc=0 ms=1238.138
