GB10_CASE_BEGIN HOST_SELF mm_1x1x1
GB10_CASE_BEGIN HOST_SELF mm_129x3x257
GB10_CASE_BEGIN HOST_SELF mm_2x31x3
GB10_CASE_BEGIN HOST_SELF mm_2x32x3
GB10_CASE_BEGIN HOST_SELF mm_2x33x3
GB10_CASE_BEGIN HOST_SELF mm_2x63x3
GB10_CASE_BEGIN HOST_SELF mm_2x64x3
GB10_CASE_BEGIN HOST_SELF mm_2x65x3
GB10_CASE_BEGIN HOST_SELF mm_2x1023x3
GB10_CASE_BEGIN HOST_SELF mm_2x1024x3
GB10_CASE_BEGIN HOST_SELF mm_2x1025x3
GB10_CASE_BEGIN HOST_SELF mm_bcast_3x1x4x5_2x5x6
GB10_CASE_BEGIN HOST_SELF mm_bcast_2x3x33_33x4
GB10_CASE_BEGIN HOST_SELF mm_specials_3x33x2
GB10_CASE_BEGIN HOST_SELF mm_viewT_5x7x3
GB10_CASE_BEGIN HOST_SELF red_SUM_n31
GB10_CASE_BEGIN HOST_SELF red_SUM_n32
GB10_CASE_BEGIN HOST_SELF red_SUM_n33
GB10_CASE_BEGIN HOST_SELF red_SUM_n1023
GB10_CASE_BEGIN HOST_SELF red_SUM_n1024
GB10_CASE_BEGIN HOST_SELF red_SUM_n1025
GB10_CASE_BEGIN HOST_SELF red_SUM_n32769
GB10_CASE_BEGIN HOST_SELF red_SUM_specials_n33
GB10_CASE_BEGIN HOST_SELF red_SUM_specials_n1025
GB10_CASE_BEGIN HOST_SELF red_SUM_rows_3x1025_axis1
GB10_CASE_BEGIN HOST_SELF red_SUM_cols_1025x3_axis0
GB10_CASE_BEGIN HOST_SELF red_MAX_n31
GB10_CASE_BEGIN HOST_SELF red_MAX_n32
GB10_CASE_BEGIN HOST_SELF red_MAX_n33
GB10_CASE_BEGIN HOST_SELF red_MAX_n1023
GB10_CASE_BEGIN HOST_SELF red_MAX_n1024
GB10_CASE_BEGIN HOST_SELF red_MAX_n1025
GB10_CASE_BEGIN HOST_SELF red_MAX_n32769
GB10_CASE_BEGIN HOST_SELF red_MAX_specials_n33
GB10_CASE_BEGIN HOST_SELF red_MAX_specials_n1025
GB10_CASE_BEGIN HOST_SELF red_MAX_rows_3x1025_axis1
GB10_CASE_BEGIN HOST_SELF red_MAX_cols_1025x3_axis0
GB10_CASE_BEGIN HOST_SELF red_MIN_n31
GB10_CASE_BEGIN HOST_SELF red_MIN_n32
GB10_CASE_BEGIN HOST_SELF red_MIN_n33
GB10_CASE_BEGIN HOST_SELF red_MIN_n1023
GB10_CASE_BEGIN HOST_SELF red_MIN_n1024
GB10_CASE_BEGIN HOST_SELF red_MIN_n1025
GB10_CASE_BEGIN HOST_SELF red_MIN_n32769
GB10_CASE_BEGIN HOST_SELF red_MIN_specials_n33
GB10_CASE_BEGIN HOST_SELF red_MIN_specials_n1025
GB10_CASE_BEGIN HOST_SELF red_MIN_rows_3x1025_axis1
GB10_CASE_BEGIN HOST_SELF red_MIN_cols_1025x3_axis0
GB10_CASE_BEGIN HOST_SELF red_MEAN_n31
GB10_CASE_BEGIN HOST_SELF red_MEAN_n32
GB10_CASE_BEGIN HOST_SELF red_MEAN_n33
GB10_CASE_BEGIN HOST_SELF red_MEAN_n1023
GB10_CASE_BEGIN HOST_SELF red_MEAN_n1024
GB10_CASE_BEGIN HOST_SELF red_MEAN_n1025
GB10_CASE_BEGIN HOST_SELF red_MEAN_n32769
GB10_CASE_BEGIN HOST_SELF red_MEAN_specials_n33
GB10_CASE_BEGIN HOST_SELF red_MEAN_specials_n1025
GB10_CASE_BEGIN HOST_SELF red_MEAN_rows_3x1025_axis1
GB10_CASE_BEGIN HOST_SELF red_MEAN_cols_1025x3_axis0
GB10_CASE_BEGIN HOST_SELF bin_ADD
GB10_CASE_BEGIN HOST_SELF bin_SUB
GB10_CASE_BEGIN HOST_SELF bin_MUL
GB10_CASE_BEGIN HOST_SELF bin_DIV
GB10_CASE_BEGIN HOST_SELF bin_MIN
GB10_CASE_BEGIN HOST_SELF bin_MAX
GB10_CASE_BEGIN HOST_SELF bin_SEL_GE
GB10_CASE_BEGIN HOST_SELF bin_SEL_LT
GB10_CASE_BEGIN HOST_SELF bin_SEL_LE
GB10_CASE_BEGIN HOST_SELF bin_SEL_GT
GB10_CASE_BEGIN HOST_SELF bin_SEL_EQ
GB10_CASE_BEGIN HOST_SELF bin_SEL_NE
GB10_CASE_BEGIN HOST_SELF bin_SEL_NUM
GB10_CASE_BEGIN HOST_SELF bin_SEL_NAN
GB10_CASE_BEGIN HOST_SELF bin_SEL_LTU
GB10_CASE_BEGIN HOST_SELF bin_SEL_LEU
GB10_CASE_BEGIN HOST_SELF bin_SEL_GTU
GB10_CASE_BEGIN HOST_SELF bin_SEL_GEU
GB10_CASE_BEGIN HOST_SELF bin_SEL_EQU
GB10_CASE_BEGIN HOST_SELF bin_SEL_NEU
GB10_CASE_BEGIN HOST_SELF un_SQRT
GB10_CASE_BEGIN HOST_SELF fma_FFMA_V
GB10_CASE_BEGIN HOST_SELF cast_F32_TO_F16
GB10_CASE_BEGIN HOST_SELF cast_F32_TO_BF16
GB10_CASE_BEGIN HOST_SELF cast_F16_TO_F32
GB10_CASE_BEGIN HOST_SELF cast_BF16_TO_F32
GB10_CASE_BEGIN HOST_SELF bcast_add_4x1x3_5x1
GB10_CASE_BEGIN HOST_SELF bcast_fma_2x1_1x3_3
GB10_CASE_BEGIN HOST_SELF big_add_70001
GB10_CASE_BEGIN HOST_MUTANT_WRONG_REDUCE_ORDER mm_2x33x3
GB10_CASE_BEGIN HOST_MUTANT_WRONG_REDUCE_ORDER mm_2x65x3
GB10_CASE_BEGIN HOST_MUTANT_WRONG_REDUCE_ORDER red_SUM_n33
GB10_CASE_BEGIN HOST_MUTANT_WRONG_REDUCE_ORDER red_SUM_n1025
GB10_CASE_BEGIN HOST_MUTANT_FFMA_MATMUL mm_2x33x3
GB10_CASE_BEGIN HOST_MUTANT_FFMA_MATMUL mm_2x65x3
GB10_CASE_BEGIN HOST_MUTANT_FFMA_MATMUL mm_bcast_3x1x4x5_2x5x6
GB10_CASE_BEGIN HOST_MUTANT_FFMA_MATMUL mm_bcast_2x3x33_33x4
GB10_CASE_BEGIN HOST_MUTANT_SWAPPED_OPERAND bin_SUB
GB10_CASE_BEGIN HOST_MUTANT_SWAPPED_OPERAND bin_DIV
GB10_CASE_BEGIN HOST_MUTANT_SWAPPED_OPERAND bin_SEL_LT
GB10_CASE_BEGIN HOST_MUTANT_SWAPPED_OPERAND bcast_add_4x1x3_5x1
GB10_CASE_BEGIN TENSOR_GB10 mm_1x1x1
GB10_CALL idx=1 kind=simt op=FMUL count=1 rc=0 ms=1223.327
GB10_CALL idx=2 kind=simt op=REDUCE_SUM count=32 rc=0 ms=1238.403
GB10_CASE_BEGIN TENSOR_GB10 mm_129x3x257
GB10_CALL idx=3 kind=simt op=FMUL count=65536 rc=0 ms=1236.909
GB10_CALL idx=4 kind=simt op=FMUL count=33923 rc=0 ms=1685.518
GB10_CALL idx=5 kind=simt op=REDUCE_SUM count=65536 rc=0 ms=1239.302
GB10_CALL idx=6 kind=simt op=REDUCE_SUM count=65536 rc=0 ms=1224.314
GB10_CALL idx=7 kind=simt op=REDUCE_SUM count=65536 rc=0 ms=1225.693
GB10_CALL idx=8 kind=simt op=REDUCE_SUM count=65536 rc=0 ms=1228.206
GB10_CALL idx=9 kind=simt op=REDUCE_SUM count=65536 rc=0 ms=1243.098
GB10_CALL idx=10 kind=simt op=REDUCE_SUM count=65536 rc=0 ms=1302.235
GB10_CALL idx=11 kind=simt op=REDUCE_SUM count=65536 rc=0 ms=1256.234
GB10_CALL idx=12 kind=simt op=REDUCE_SUM count=65536 rc=0 ms=1226.112
GB10_CALL idx=13 kind=simt op=REDUCE_SUM count=65536 rc=0 ms=1230.129
GB10_CALL idx=14 kind=simt op=REDUCE_SUM count=65536 rc=0 ms=1669.403
GB10_CALL idx=15 kind=simt op=REDUCE_SUM count=65536 rc=0 ms=1309.754
GB10_CALL idx=16 kind=simt op=REDUCE_SUM count=65536 rc=0 ms=1230.937
GB10_CALL idx=17 kind=simt op=REDUCE_SUM count=65536 rc=0 ms=1226.523
GB10_CALL idx=18 kind=simt op=REDUCE_SUM count=65536 rc=0 ms=1225.867
GB10_CALL idx=19 kind=simt op=REDUCE_SUM count=65536 rc=0 ms=1225.991
GB10_CALL idx=20 kind=simt op=REDUCE_SUM count=65536 rc=0 ms=1225.686
GB10_CALL idx=21 kind=simt op=REDUCE_SUM count=12320 rc=0 ms=1248.558
GB10_CASE_BEGIN TENSOR_GB10 mm_2x31x3
GB10_CALL idx=22 kind=simt op=FMUL count=186 rc=0 ms=1226.719
GB10_CALL idx=23 kind=simt op=REDUCE_SUM count=192 rc=0 ms=1244.246
GB10_CASE_BEGIN TENSOR_GB10 mm_2x32x3
GB10_CALL idx=24 kind=simt op=FMUL count=192 rc=0 ms=1225.200
GB10_CALL idx=25 kind=simt op=REDUCE_SUM count=192 rc=0 ms=1646.912
GB10_CASE_BEGIN TENSOR_GB10 mm_2x33x3
GB10_CALL idx=26 kind=simt op=FMUL count=198 rc=0 ms=1235.148
GB10_CALL idx=27 kind=simt op=REDUCE_SUM count=384 rc=0 ms=1231.323
GB10_CALL idx=28 kind=simt op=REDUCE_SUM count=192 rc=0 ms=1280.563
GB10_CASE_BEGIN TENSOR_GB10 mm_2x63x3
GB10_CALL idx=29 kind=simt op=FMUL count=378 rc=0 ms=1236.790
GB10_CALL idx=30 kind=simt op=REDUCE_SUM count=384 rc=0 ms=1228.748
GB10_CALL idx=31 kind=simt op=REDUCE_SUM count=192 rc=0 ms=1231.918
GB10_CASE_BEGIN TENSOR_GB10 mm_2x64x3
GB10_CALL idx=32 kind=simt op=FMUL count=384 rc=0 ms=1233.371
GB10_CALL idx=33 kind=simt op=REDUCE_SUM count=384 rc=0 ms=1234.504
GB10_CALL idx=34 kind=simt op=REDUCE_SUM count=192 rc=0 ms=1273.279
GB10_CASE_BEGIN TENSOR_GB10 mm_2x65x3
GB10_CALL idx=35 kind=simt op=FMUL count=390 rc=0 ms=1802.798
GB10_CALL idx=36 kind=simt op=REDUCE_SUM count=576 rc=0 ms=1270.672
GB10_CALL idx=37 kind=simt op=REDUCE_SUM count=192 rc=0 ms=1233.631
GB10_CASE_BEGIN TENSOR_GB10 mm_2x1023x3
GB10_CALL idx=38 kind=simt op=FMUL count=6138 rc=0 ms=1230.375
GB10_CALL idx=39 kind=simt op=REDUCE_SUM count=6144 rc=0 ms=1229.055
GB10_CALL idx=40 kind=simt op=REDUCE_SUM count=192 rc=0 ms=1219.865
GB10_CASE_BEGIN TENSOR_GB10 mm_2x1024x3
GB10_CALL idx=41 kind=simt op=FMUL count=6144 rc=0 ms=1228.207
GB10_CALL idx=42 kind=simt op=REDUCE_SUM count=6144 rc=0 ms=1230.121
GB10_CALL idx=43 kind=simt op=REDUCE_SUM count=192 rc=0 ms=1227.685
GB10_CASE_BEGIN TENSOR_GB10 mm_2x1025x3
GB10_CALL idx=44 kind=simt op=FMUL count=6150 rc=0 ms=1274.223
GB10_CALL idx=45 kind=simt op=REDUCE_SUM count=6336 rc=0 ms=1385.345
GB10_CALL idx=46 kind=simt op=REDUCE_SUM count=384 rc=0 ms=1244.755
GB10_CALL idx=47 kind=simt op=REDUCE_SUM count=192 rc=0 ms=1238.289
GB10_CASE_BEGIN TENSOR_GB10 mm_bcast_3x1x4x5_2x5x6
GB10_CALL idx=48 kind=simt op=FMUL count=720 rc=0 ms=1232.201
GB10_CALL idx=49 kind=simt op=REDUCE_SUM count=4608 rc=0 ms=1226.337
GB10_CASE_BEGIN TENSOR_GB10 mm_bcast_2x3x33_33x4
GB10_CALL idx=50 kind=simt op=FMUL count=792 rc=0 ms=1251.217
GB10_CALL idx=51 kind=simt op=REDUCE_SUM count=1536 rc=0 ms=1229.853
GB10_CALL idx=52 kind=simt op=REDUCE_SUM count=768 rc=0 ms=1234.545
GB10_CASE_BEGIN TENSOR_GB10 mm_specials_3x33x2
GB10_CALL idx=53 kind=simt op=FMUL count=198 rc=0 ms=1231.386
GB10_CALL idx=54 kind=simt op=REDUCE_SUM count=384 rc=0 ms=1231.045
GB10_CALL idx=55 kind=simt op=REDUCE_SUM count=192 rc=0 ms=1219.818
GB10_CASE_BEGIN TENSOR_GB10 mm_viewT_5x7x3
GB10_CALL idx=56 kind=simt op=FMUL count=105 rc=0 ms=1377.371
GB10_CALL idx=57 kind=simt op=REDUCE_SUM count=480 rc=0 ms=1263.125
GB10_CASE_BEGIN TENSOR_GB10 red_SUM_n31
GB10_CALL idx=58 kind=reduce op=0 n=31 inner_launches=1 rc=0 ms=1225.646
GB10_CASE_BEGIN TENSOR_GB10 red_SUM_n32
GB10_CALL idx=59 kind=reduce op=0 n=32 inner_launches=1 rc=0 ms=1246.614
GB10_CASE_BEGIN TENSOR_GB10 red_SUM_n33
GB10_CALL idx=60 kind=reduce op=0 n=33 inner_launches=2 rc=0 ms=3809.809
GB10_CASE_BEGIN TENSOR_GB10 red_SUM_n1023
GB10_CALL idx=61 kind=reduce op=0 n=1023 inner_launches=2 rc=0 ms=2449.448
GB10_CASE_BEGIN TENSOR_GB10 red_SUM_n1024
GB10_CALL idx=62 kind=reduce op=0 n=1024 inner_launches=2 rc=0 ms=2968.184
GB10_CASE_BEGIN TENSOR_GB10 red_SUM_n1025
GB10_CALL idx=63 kind=reduce op=0 n=1025 inner_launches=3 rc=0 ms=3681.484
GB10_CASE_BEGIN TENSOR_GB10 red_SUM_n32769
GB10_CALL idx=64 kind=reduce op=0 n=32769 inner_launches=4 rc=0 ms=4978.225
GB10_CASE_BEGIN TENSOR_GB10 red_SUM_specials_n33
GB10_CALL idx=65 kind=reduce op=0 n=33 inner_launches=2 rc=0 ms=2476.679
GB10_CASE_BEGIN TENSOR_GB10 red_SUM_specials_n1025
GB10_CALL idx=66 kind=reduce op=0 n=1025 inner_launches=3 rc=0 ms=3980.339
GB10_CASE_BEGIN TENSOR_GB10 red_SUM_rows_3x1025_axis1
GB10_CALL idx=67 kind=reduce op=0 n=1025 inner_launches=3 rc=0 ms=4490.452
GB10_CALL idx=68 kind=reduce op=0 n=1025 inner_launches=3 rc=0 ms=3751.857
GB10_CALL idx=69 kind=reduce op=0 n=1025 inner_launches=3 rc=0 ms=4135.624
GB10_CASE_BEGIN TENSOR_GB10 red_SUM_cols_1025x3_axis0
GB10_CALL idx=70 kind=reduce op=0 n=1025 inner_launches=3 rc=0 ms=3757.051
GB10_CALL idx=71 kind=reduce op=0 n=1025 inner_launches=3 rc=0 ms=3729.833
GB10_CALL idx=72 kind=reduce op=0 n=1025 inner_launches=3 rc=0 ms=3942.004
GB10_CASE_BEGIN TENSOR_GB10 red_MAX_n31
GB10_CALL idx=73 kind=reduce op=1 n=31 inner_launches=1 rc=0 ms=1233.017
GB10_CASE_BEGIN TENSOR_GB10 red_MAX_n32
GB10_CALL idx=74 kind=reduce op=1 n=32 inner_launches=1 rc=0 ms=1242.213
GB10_CASE_BEGIN TENSOR_GB10 red_MAX_n33
GB10_CALL idx=75 kind=reduce op=1 n=33 inner_launches=2 rc=0 ms=2498.397
GB10_CASE_BEGIN TENSOR_GB10 red_MAX_n1023
GB10_CALL idx=76 kind=reduce op=1 n=1023 inner_launches=2 rc=0 ms=2458.758
GB10_CASE_BEGIN TENSOR_GB10 red_MAX_n1024
GB10_CALL idx=77 kind=reduce op=1 n=1024 inner_launches=2 rc=0 ms=2507.229
GB10_CASE_BEGIN TENSOR_GB10 red_MAX_n1025
GB10_CALL idx=78 kind=reduce op=1 n=1025 inner_launches=3 rc=0 ms=4239.794
GB10_CASE_BEGIN TENSOR_GB10 red_MAX_n32769
GB10_CALL idx=79 kind=reduce op=1 n=32769 inner_launches=4 rc=0 ms=5060.646
GB10_CASE_BEGIN TENSOR_GB10 red_MAX_specials_n33
GB10_CALL idx=80 kind=reduce op=1 n=33 inner_launches=2 rc=0 ms=2549.152
GB10_CASE_BEGIN TENSOR_GB10 red_MAX_specials_n1025
GB10_CALL idx=81 kind=reduce op=1 n=1025 inner_launches=3 rc=0 ms=4093.525
GB10_CASE_BEGIN TENSOR_GB10 red_MAX_rows_3x1025_axis1
GB10_CALL idx=82 kind=reduce op=1 n=1025 inner_launches=3 rc=0 ms=3964.562
GB10_CALL idx=83 kind=reduce op=1 n=1025 inner_launches=3 rc=0 ms=3765.710
GB10_CALL idx=84 kind=reduce op=1 n=1025 inner_launches=3 rc=0 ms=3682.508
GB10_CASE_BEGIN TENSOR_GB10 red_MAX_cols_1025x3_axis0
GB10_CALL idx=85 kind=reduce op=1 n=1025 inner_launches=3 rc=0 ms=4145.140
GB10_CALL idx=86 kind=reduce op=1 n=1025 inner_launches=3 rc=0 ms=3787.894
GB10_CALL idx=87 kind=reduce op=1 n=1025 inner_launches=3 rc=0 ms=3811.020
GB10_CASE_BEGIN TENSOR_GB10 red_MIN_n31
GB10_CALL idx=88 kind=reduce op=2 n=31 inner_launches=1 rc=0 ms=1231.624
GB10_CASE_BEGIN TENSOR_GB10 red_MIN_n32
GB10_CALL idx=89 kind=reduce op=2 n=32 inner_launches=1 rc=0 ms=1227.714
GB10_CASE_BEGIN TENSOR_GB10 red_MIN_n33
GB10_CALL idx=90 kind=reduce op=2 n=33 inner_launches=2 rc=0 ms=2900.759
GB10_CASE_BEGIN TENSOR_GB10 red_MIN_n1023
GB10_CALL idx=91 kind=reduce op=2 n=1023 inner_launches=2 rc=0 ms=2458.776
GB10_CASE_BEGIN TENSOR_GB10 red_MIN_n1024
GB10_CALL idx=92 kind=reduce op=2 n=1024 inner_launches=2 rc=0 ms=2461.617
GB10_CASE_BEGIN TENSOR_GB10 red_MIN_n1025
GB10_CALL idx=93 kind=reduce op=2 n=1025 inner_launches=3 rc=0 ms=3738.689
GB10_CASE_BEGIN TENSOR_GB10 red_MIN_n32769
GB10_CALL idx=94 kind=reduce op=2 n=32769 inner_launches=4 rc=0 ms=5119.565
GB10_CASE_BEGIN TENSOR_GB10 red_MIN_specials_n33
GB10_CALL idx=95 kind=reduce op=2 n=33 inner_launches=2 rc=0 ms=2463.967
GB10_CASE_BEGIN TENSOR_GB10 red_MIN_specials_n1025
GB10_CALL idx=96 kind=reduce op=2 n=1025 inner_launches=3 rc=0 ms=3695.549
GB10_CASE_BEGIN TENSOR_GB10 red_MIN_rows_3x1025_axis1
GB10_CALL idx=97 kind=reduce op=2 n=1025 inner_launches=3 rc=0 ms=3803.562
GB10_CALL idx=98 kind=reduce op=2 n=1025 inner_launches=3 rc=0 ms=4133.760
GB10_CALL idx=99 kind=reduce op=2 n=1025 inner_launches=3 rc=0 ms=3785.697
GB10_CASE_BEGIN TENSOR_GB10 red_MIN_cols_1025x3_axis0
GB10_CALL idx=100 kind=reduce op=2 n=1025 inner_launches=3 rc=0 ms=3678.454
GB10_CALL idx=101 kind=reduce op=2 n=1025 inner_launches=3 rc=0 ms=4236.747
GB10_CALL idx=102 kind=reduce op=2 n=1025 inner_launches=3 rc=0 ms=3690.365
GB10_CASE_BEGIN TENSOR_GB10 red_MEAN_n31
GB10_CALL idx=103 kind=reduce op=3 n=31 inner_launches=1 rc=0 ms=1232.496
GB10_CASE_BEGIN TENSOR_GB10 red_MEAN_n32
GB10_CALL idx=104 kind=reduce op=3 n=32 inner_launches=1 rc=0 ms=1233.484
GB10_CASE_BEGIN TENSOR_GB10 red_MEAN_n33
GB10_CALL idx=105 kind=reduce op=3 n=33 inner_launches=2 rc=0 ms=2539.893
GB10_CASE_BEGIN TENSOR_GB10 red_MEAN_n1023
GB10_CALL idx=106 kind=reduce op=3 n=1023 inner_launches=2 rc=0 ms=2848.692
GB10_CASE_BEGIN TENSOR_GB10 red_MEAN_n1024
GB10_CALL idx=107 kind=reduce op=3 n=1024 inner_launches=2 rc=0 ms=2481.223
GB10_CASE_BEGIN TENSOR_GB10 red_MEAN_n1025
GB10_CALL idx=108 kind=reduce op=3 n=1025 inner_launches=3 rc=0 ms=3749.093
GB10_CASE_BEGIN TENSOR_GB10 red_MEAN_n32769
GB10_CALL idx=109 kind=reduce op=3 n=32769 inner_launches=4 rc=0 ms=5009.115
GB10_CASE_BEGIN TENSOR_GB10 red_MEAN_specials_n33
GB10_CALL idx=110 kind=reduce op=3 n=33 inner_launches=2 rc=0 ms=2965.931
GB10_CASE_BEGIN TENSOR_GB10 red_MEAN_specials_n1025
GB10_CALL idx=111 kind=reduce op=3 n=1025 inner_launches=3 rc=0 ms=3726.055
GB10_CASE_BEGIN TENSOR_GB10 red_MEAN_rows_3x1025_axis1
GB10_CALL idx=112 kind=reduce op=3 n=1025 inner_launches=3 rc=0 ms=3690.645
GB10_CALL idx=113 kind=reduce op=3 n=1025 inner_launches=3 rc=0 ms=4262.552
GB10_CALL idx=114 kind=reduce op=3 n=1025 inner_launches=3 rc=0 ms=3705.750
GB10_CASE_BEGIN TENSOR_GB10 red_MEAN_cols_1025x3_axis0
GB10_CALL idx=115 kind=reduce op=3 n=1025 inner_launches=3 rc=0 ms=3706.090
GB10_CALL idx=116 kind=reduce op=3 n=1025 inner_launches=3 rc=0 ms=3724.409
GB10_CALL idx=117 kind=reduce op=3 n=1025 inner_launches=3 rc=0 ms=4238.188
GB10_CASE_BEGIN TENSOR_GB10 bin_ADD
GB10_CALL idx=118 kind=simt op=FADD count=1000 rc=0 ms=1230.745
GB10_CASE_BEGIN TENSOR_GB10 bin_SUB
GB10_CALL idx=119 kind=simt op=FSUB count=1000 rc=0 ms=1232.369
GB10_CASE_BEGIN TENSOR_GB10 bin_MUL
GB10_CALL idx=120 kind=simt op=FMUL count=1000 rc=0 ms=1231.139
GB10_CASE_BEGIN TENSOR_GB10 bin_DIV
GB10_CALL idx=121 kind=simt op=DIV count=1000 rc=0 ms=1286.126
GB10_CASE_BEGIN TENSOR_GB10 bin_MIN
GB10_CALL idx=122 kind=simt op=FMNMX_MIN count=1000 rc=0 ms=1233.438
GB10_CASE_BEGIN TENSOR_GB10 bin_MAX
GB10_CALL idx=123 kind=simt op=FMNMX_MAX count=1000 rc=0 ms=1225.911
GB10_CASE_BEGIN TENSOR_GB10 bin_SEL_GE
GB10_CALL idx=124 kind=simt op=FSETP_SEL count=1000 rc=0 ms=1213.538
GB10_CASE_BEGIN TENSOR_GB10 bin_SEL_LT
GB10_CALL idx=125 kind=simt op=FSETP_LT_SEL count=1000 rc=0 ms=1214.831
GB10_CASE_BEGIN TENSOR_GB10 bin_SEL_LE
GB10_CALL idx=126 kind=simt op=FSETP_LE_SEL count=1000 rc=0 ms=1551.936
GB10_CASE_BEGIN TENSOR_GB10 bin_SEL_GT
GB10_CALL idx=127 kind=simt op=FSETP_GT_SEL count=1000 rc=0 ms=1227.847
GB10_CASE_BEGIN TENSOR_GB10 bin_SEL_EQ
GB10_CALL idx=128 kind=simt op=FSETP_EQ_SEL count=1000 rc=0 ms=1230.910
GB10_CASE_BEGIN TENSOR_GB10 bin_SEL_NE
GB10_CALL idx=129 kind=simt op=FSETP_NE_SEL count=1000 rc=0 ms=1223.291
GB10_CASE_BEGIN TENSOR_GB10 bin_SEL_NUM
GB10_CALL idx=130 kind=simt op=FSETP_NUM_SEL count=1000 rc=0 ms=1266.558
GB10_CASE_BEGIN TENSOR_GB10 bin_SEL_NAN
GB10_CALL idx=131 kind=simt op=FSETP_NAN_SEL count=1000 rc=0 ms=1232.005
GB10_CASE_BEGIN TENSOR_GB10 bin_SEL_LTU
GB10_CALL idx=132 kind=simt op=FSETP_LTU_SEL count=1000 rc=0 ms=1223.052
GB10_CASE_BEGIN TENSOR_GB10 bin_SEL_LEU
GB10_CALL idx=133 kind=simt op=FSETP_LEU_SEL count=1000 rc=0 ms=1261.592
GB10_CASE_BEGIN TENSOR_GB10 bin_SEL_GTU
GB10_CALL idx=134 kind=simt op=FSETP_GTU_SEL count=1000 rc=0 ms=1250.181
GB10_CASE_BEGIN TENSOR_GB10 bin_SEL_GEU
GB10_CALL idx=135 kind=simt op=FSETP_GEU_SEL count=1000 rc=0 ms=1232.729
GB10_CASE_BEGIN TENSOR_GB10 bin_SEL_EQU
GB10_CALL idx=136 kind=simt op=FSETP_EQU_SEL count=1000 rc=0 ms=1465.013
GB10_CASE_BEGIN TENSOR_GB10 bin_SEL_NEU
GB10_CALL idx=137 kind=simt op=FSETP_NEU_SEL count=1000 rc=0 ms=1235.675
GB10_CASE_BEGIN TENSOR_GB10 un_SQRT
GB10_CALL idx=138 kind=simt op=SQRT count=1000 rc=0 ms=1288.617
GB10_CASE_BEGIN TENSOR_GB10 fma_FFMA_V
GB10_CALL idx=139 kind=simt op=FFMA_V count=1000 rc=0 ms=1233.605
GB10_CASE_BEGIN TENSOR_GB10 cast_F32_TO_F16
GB10_CALL idx=140 kind=simt op=F32_TO_F16 count=1000 rc=0 ms=1288.838
GB10_CASE_BEGIN TENSOR_GB10 cast_F32_TO_BF16
GB10_CALL idx=141 kind=simt op=F32_TO_BF16 count=1000 rc=0 ms=1284.719
GB10_CASE_BEGIN TENSOR_GB10 cast_F16_TO_F32
GB10_CALL idx=142 kind=simt op=F16_TO_F32 count=1000 rc=0 ms=1284.681
GB10_CASE_BEGIN TENSOR_GB10 cast_BF16_TO_F32
GB10_CALL idx=143 kind=simt op=BF16_TO_F32 count=1000 rc=0 ms=1287.065
GB10_CASE_BEGIN TENSOR_GB10 bcast_add_4x1x3_5x1
GB10_CALL idx=144 kind=simt op=FSUB count=60 rc=0 ms=1279.549
GB10_CASE_BEGIN TENSOR_GB10 bcast_fma_2x1_1x3_3
GB10_CALL idx=145 kind=simt op=FFMA_V count=6 rc=0 ms=1248.857
GB10_CASE_BEGIN TENSOR_GB10 big_add_70001
GB10_CALL idx=146 kind=simt op=FADD count=65536 rc=0 ms=1666.939
GB10_CALL idx=147 kind=simt op=FADD count=4465 rc=0 ms=1253.074
GB10_CASE_BEGIN TENSOR_GB10_MUTANT_WRONG_REDUCE_ORDER mm_2x33x3
GB10_CALL idx=148 kind=simt op=FMUL count=198 rc=0 ms=1293.541
GB10_CALL idx=149 kind=simt op=REDUCE_SUM count=384 rc=0 ms=1281.783
GB10_CALL idx=150 kind=simt op=REDUCE_SUM count=192 rc=0 ms=1301.512
GB10_CASE_BEGIN TENSOR_GB10_MUTANT_WRONG_REDUCE_ORDER mm_2x65x3
GB10_CALL idx=151 kind=simt op=FMUL count=390 rc=0 ms=1271.715
GB10_CALL idx=152 kind=simt op=REDUCE_SUM count=576 rc=0 ms=1273.605
GB10_CALL idx=153 kind=simt op=REDUCE_SUM count=192 rc=0 ms=1228.082
GB10_CASE_BEGIN TENSOR_GB10_MUTANT_WRONG_REDUCE_ORDER red_SUM_n33
GB10_CALL idx=154 kind=simt op=REDUCE_SUM count=64 rc=0 ms=1271.213
GB10_CALL idx=155 kind=simt op=REDUCE_SUM count=32 rc=0 ms=1233.997
GB10_CASE_BEGIN TENSOR_GB10_MUTANT_WRONG_REDUCE_ORDER red_SUM_n1025
GB10_CALL idx=156 kind=simt op=REDUCE_SUM count=1056 rc=0 ms=1666.736
GB10_CALL idx=157 kind=simt op=REDUCE_SUM count=64 rc=0 ms=1236.229
GB10_CALL idx=158 kind=simt op=REDUCE_SUM count=32 rc=0 ms=1246.193
GB10_CASE_BEGIN TENSOR_GB10_MUTANT_FFMA_MATMUL mm_2x33x3
GB10_CALL idx=159 kind=simt op=FMUL count=198 rc=0 ms=1246.419
GB10_CALL idx=160 kind=simt op=FMUL count=96 rc=0 ms=314.250
GB10_CALL idx=161 kind=simt op=FFMA_V count=96 rc=0 ms=124.751
GB10_CALL idx=162 kind=simt op=REDUCE_SUM count=192 rc=0 ms=97.578
GB10_CASE_BEGIN TENSOR_GB10_MUTANT_FFMA_MATMUL mm_2x65x3
GB10_CALL idx=163 kind=simt op=FMUL count=390 rc=0 ms=52.141
GB10_CALL idx=164 kind=simt op=FMUL count=192 rc=0 ms=243.278
GB10_CALL idx=165 kind=simt op=FFMA_V count=192 rc=0 ms=69.944
GB10_CALL idx=166 kind=simt op=REDUCE_SUM count=384 rc=0 ms=120.211
GB10_CALL idx=167 kind=simt op=REDUCE_SUM count=192 rc=0 ms=65.986
GB10_CASE_BEGIN TENSOR_GB10_MUTANT_FFMA_MATMUL mm_bcast_3x1x4x5_2x5x6
GB10_CALL idx=168 kind=simt op=FMUL count=720 rc=0 ms=52.957
GB10_CALL idx=169 kind=simt op=FMUL count=288 rc=0 ms=1033.822
GB10_CALL idx=170 kind=simt op=FFMA_V count=288 rc=0 ms=1220.106
GB10_CALL idx=171 kind=simt op=REDUCE_SUM count=4608 rc=0 ms=1252.746
GB10_CASE_BEGIN TENSOR_GB10_MUTANT_FFMA_MATMUL mm_bcast_2x3x33_33x4
GB10_CALL idx=172 kind=simt op=FMUL count=792 rc=0 ms=184.679
GB10_CALL idx=173 kind=simt op=FMUL count=384 rc=0 ms=63.218
GB10_CALL idx=174 kind=simt op=FFMA_V count=384 rc=0 ms=106.388
GB10_CALL idx=175 kind=simt op=REDUCE_SUM count=768 rc=0 ms=62.010
GB10_CASE_BEGIN TENSOR_GB10_MUTANT_SWAPPED_OPERAND bin_SUB
GB10_CALL idx=176 kind=simt op=FSUB count=1000 rc=0 ms=941.039
GB10_CASE_BEGIN TENSOR_GB10_MUTANT_SWAPPED_OPERAND bin_DIV
GB10_CALL idx=177 kind=simt op=DIV count=1000 rc=0 ms=68.945
GB10_CASE_BEGIN TENSOR_GB10_MUTANT_SWAPPED_OPERAND bin_SEL_LT
GB10_CALL idx=178 kind=simt op=FSETP_LT_SEL count=1000 rc=0 ms=129.118
GB10_CASE_BEGIN TENSOR_GB10_MUTANT_SWAPPED_OPERAND bcast_add_4x1x3_5x1
GB10_CALL idx=179 kind=simt op=FSUB count=60 rc=0 ms=54.890
