GB10_CASE_BEGIN HOST_SELF mm_1x1x1
GB10_CASE_BEGIN HOST_SELF mm_129x3x257
GB10_CASE_BEGIN HOST_SELF mm_2x31x3
GB10_CASE_BEGIN HOST_SELF mm_2x32x3
GB10_CASE_BEGIN HOST_SELF mm_2x33x3
GB10_CASE_BEGIN HOST_SELF mm_2x63x3
GB10_CASE_BEGIN HOST_SELF mm_2x64x3
GB10_CASE_BEGIN HOST_SELF mm_2x65x3
GB10_CASE_BEGIN HOST_SELF mm_2x1023x3
GB10_CASE_BEGIN HOST_SELF mm_2x1024x3
GB10_CASE_BEGIN HOST_SELF mm_2x1025x3
GB10_CASE_BEGIN HOST_SELF mm_bcast_3x1x4x5_2x5x6
GB10_CASE_BEGIN HOST_SELF mm_bcast_2x3x33_33x4
GB10_CASE_BEGIN HOST_SELF mm_specials_3x33x2
GB10_CASE_BEGIN HOST_SELF mm_viewT_5x7x3
GB10_CASE_BEGIN HOST_SELF red_SUM_n31
GB10_CASE_BEGIN HOST_SELF red_SUM_n32
GB10_CASE_BEGIN HOST_SELF red_SUM_n33
GB10_CASE_BEGIN HOST_SELF red_SUM_n1023
GB10_CASE_BEGIN HOST_SELF red_SUM_n1024
GB10_CASE_BEGIN HOST_SELF red_SUM_n1025
GB10_CASE_BEGIN HOST_SELF red_SUM_n32769
GB10_CASE_BEGIN HOST_SELF red_SUM_specials_n33
GB10_CASE_BEGIN HOST_SELF red_SUM_specials_n1025
GB10_CASE_BEGIN HOST_SELF red_SUM_rows_3x1025_axis1
GB10_CASE_BEGIN HOST_SELF red_SUM_cols_1025x3_axis0
GB10_CASE_BEGIN HOST_SELF red_MAX_n31
GB10_CASE_BEGIN HOST_SELF red_MAX_n32
GB10_CASE_BEGIN HOST_SELF red_MAX_n33
GB10_CASE_BEGIN HOST_SELF red_MAX_n1023
GB10_CASE_BEGIN HOST_SELF red_MAX_n1024
GB10_CASE_BEGIN HOST_SELF red_MAX_n1025
GB10_CASE_BEGIN HOST_SELF red_MAX_n32769
GB10_CASE_BEGIN HOST_SELF red_MAX_specials_n33
GB10_CASE_BEGIN HOST_SELF red_MAX_specials_n1025
GB10_CASE_BEGIN HOST_SELF red_MAX_rows_3x1025_axis1
GB10_CASE_BEGIN HOST_SELF red_MAX_cols_1025x3_axis0
GB10_CASE_BEGIN HOST_SELF red_MIN_n31
GB10_CASE_BEGIN HOST_SELF red_MIN_n32
GB10_CASE_BEGIN HOST_SELF red_MIN_n33
GB10_CASE_BEGIN HOST_SELF red_MIN_n1023
GB10_CASE_BEGIN HOST_SELF red_MIN_n1024
GB10_CASE_BEGIN HOST_SELF red_MIN_n1025
GB10_CASE_BEGIN HOST_SELF red_MIN_n32769
GB10_CASE_BEGIN HOST_SELF red_MIN_specials_n33
GB10_CASE_BEGIN HOST_SELF red_MIN_specials_n1025
GB10_CASE_BEGIN HOST_SELF red_MIN_rows_3x1025_axis1
GB10_CASE_BEGIN HOST_SELF red_MIN_cols_1025x3_axis0
GB10_CASE_BEGIN HOST_SELF red_MEAN_n31
GB10_CASE_BEGIN HOST_SELF red_MEAN_n32
GB10_CASE_BEGIN HOST_SELF red_MEAN_n33
GB10_CASE_BEGIN HOST_SELF red_MEAN_n1023
GB10_CASE_BEGIN HOST_SELF red_MEAN_n1024
GB10_CASE_BEGIN HOST_SELF red_MEAN_n1025
GB10_CASE_BEGIN HOST_SELF red_MEAN_n32769
GB10_CASE_BEGIN HOST_SELF red_MEAN_specials_n33
GB10_CASE_BEGIN HOST_SELF red_MEAN_specials_n1025
GB10_CASE_BEGIN HOST_SELF red_MEAN_rows_3x1025_axis1
GB10_CASE_BEGIN HOST_SELF red_MEAN_cols_1025x3_axis0
GB10_CASE_BEGIN HOST_SELF bin_ADD
GB10_CASE_BEGIN HOST_SELF bin_SUB
GB10_CASE_BEGIN HOST_SELF bin_MUL
GB10_CASE_BEGIN HOST_SELF bin_DIV
GB10_CASE_BEGIN HOST_SELF bin_MIN
GB10_CASE_BEGIN HOST_SELF bin_MAX
GB10_CASE_BEGIN HOST_SELF bin_SEL_GE
GB10_CASE_BEGIN HOST_SELF bin_SEL_LT
GB10_CASE_BEGIN HOST_SELF bin_SEL_LE
GB10_CASE_BEGIN HOST_SELF bin_SEL_GT
GB10_CASE_BEGIN HOST_SELF bin_SEL_EQ
GB10_CASE_BEGIN HOST_SELF bin_SEL_NE
GB10_CASE_BEGIN HOST_SELF bin_SEL_NUM
GB10_CASE_BEGIN HOST_SELF bin_SEL_NAN
GB10_CASE_BEGIN HOST_SELF bin_SEL_LTU
GB10_CASE_BEGIN HOST_SELF bin_SEL_LEU
GB10_CASE_BEGIN HOST_SELF bin_SEL_GTU
GB10_CASE_BEGIN HOST_SELF bin_SEL_GEU
GB10_CASE_BEGIN HOST_SELF bin_SEL_EQU
GB10_CASE_BEGIN HOST_SELF bin_SEL_NEU
GB10_CASE_BEGIN HOST_SELF un_SQRT
GB10_CASE_BEGIN HOST_SELF fma_FFMA_V
GB10_CASE_BEGIN HOST_SELF cast_F32_TO_F16
GB10_CASE_BEGIN HOST_SELF cast_F32_TO_BF16
GB10_CASE_BEGIN HOST_SELF cast_F16_TO_F32
GB10_CASE_BEGIN HOST_SELF cast_BF16_TO_F32
GB10_CASE_BEGIN HOST_SELF bcast_add_4x1x3_5x1
GB10_CASE_BEGIN HOST_SELF bcast_fma_2x1_1x3_3
GB10_CASE_BEGIN HOST_SELF big_add_70001
GB10_CASE_BEGIN HOST_MUTANT_WRONG_REDUCE_ORDER mm_2x33x3
GB10_CASE_BEGIN HOST_MUTANT_WRONG_REDUCE_ORDER mm_2x65x3
GB10_CASE_BEGIN HOST_MUTANT_WRONG_REDUCE_ORDER red_SUM_n33
GB10_CASE_BEGIN HOST_MUTANT_WRONG_REDUCE_ORDER red_SUM_n1025
GB10_CASE_BEGIN HOST_MUTANT_FFMA_MATMUL mm_2x33x3
GB10_CASE_BEGIN HOST_MUTANT_FFMA_MATMUL mm_2x65x3
GB10_CASE_BEGIN HOST_MUTANT_FFMA_MATMUL mm_bcast_3x1x4x5_2x5x6
GB10_CASE_BEGIN HOST_MUTANT_FFMA_MATMUL mm_bcast_2x3x33_33x4
GB10_CASE_BEGIN HOST_MUTANT_SWAPPED_OPERAND bin_SUB
GB10_CASE_BEGIN HOST_MUTANT_SWAPPED_OPERAND bin_DIV
GB10_CASE_BEGIN HOST_MUTANT_SWAPPED_OPERAND bin_SEL_LT
GB10_CASE_BEGIN HOST_MUTANT_SWAPPED_OPERAND bcast_add_4x1x3_5x1
GB10_CASE_BEGIN TENSOR_GB10 mm_1x1x1
GB10_CALL idx=1 kind=simt op=FMUL count=1 rc=0 ms=2786.001
GB10_CALL idx=2 kind=simt op=REDUCE_SUM count=32 rc=0 ms=1235.902
GB10_CASE_BEGIN TENSOR_GB10 mm_129x3x257
GB10_CALL idx=3 kind=simt op=FMUL count=65536 rc=0 ms=602.039
GB10_CALL idx=4 kind=simt op=FMUL count=33923 rc=0 ms=126.519
GB10_CALL idx=5 kind=simt op=REDUCE_SUM count=65536 rc=0 ms=63.249
GB10_CALL idx=6 kind=simt op=REDUCE_SUM count=65536 rc=0 ms=49.341
GB10_CALL idx=7 kind=simt op=REDUCE_SUM count=65536 rc=0 ms=1293.809
GB10_CALL idx=8 kind=simt op=REDUCE_SUM count=65536 rc=0 ms=62.692
GB10_CALL idx=9 kind=simt op=REDUCE_SUM count=65536 rc=0 ms=119.089
GB10_CALL idx=10 kind=simt op=REDUCE_SUM count=65536 rc=0 ms=59.187
GB10_CALL idx=11 kind=simt op=REDUCE_SUM count=65536 rc=0 ms=60.866
GB10_CALL idx=12 kind=simt op=REDUCE_SUM count=65536 rc=0 ms=142.137
GB10_CALL idx=13 kind=simt op=REDUCE_SUM count=65536 rc=0 ms=1076.734
GB10_CALL idx=14 kind=simt op=REDUCE_SUM count=65536 rc=0 ms=1079.499
GB10_CALL idx=15 kind=simt op=REDUCE_SUM count=65536 rc=0 ms=1080.151
GB10_CALL idx=16 kind=simt op=REDUCE_SUM count=65536 rc=0 ms=1076.667
GB10_CALL idx=17 kind=simt op=REDUCE_SUM count=65536 rc=0 ms=1076.036
GB10_CALL idx=18 kind=simt op=REDUCE_SUM count=65536 rc=0 ms=1075.187
GB10_CALL idx=19 kind=simt op=REDUCE_SUM count=65536 rc=0 ms=1076.492
GB10_CALL idx=20 kind=simt op=REDUCE_SUM count=65536 rc=0 ms=1076.714
GB10_CALL idx=21 kind=simt op=REDUCE_SUM count=12320 rc=0 ms=1080.654
GB10_CASE_BEGIN TENSOR_GB10 mm_2x31x3
GB10_CALL idx=22 kind=simt op=FMUL count=186 rc=0 ms=1079.225
GB10_CALL idx=23 kind=simt op=REDUCE_SUM count=192 rc=0 ms=1078.316
GB10_CASE_BEGIN TENSOR_GB10 mm_2x32x3
GB10_CALL idx=24 kind=simt op=FMUL count=192 rc=0 ms=1077.306
GB10_CALL idx=25 kind=simt op=REDUCE_SUM count=192 rc=0 ms=1079.570
GB10_CASE_BEGIN TENSOR_GB10 mm_2x33x3
GB10_CALL idx=26 kind=simt op=FMUL count=198 rc=0 ms=1080.800
GB10_CALL idx=27 kind=simt op=REDUCE_SUM count=384 rc=0 ms=1079.261
GB10_CALL idx=28 kind=simt op=REDUCE_SUM count=192 rc=0 ms=1079.499
GB10_CASE_BEGIN TENSOR_GB10 mm_2x63x3
GB10_CALL idx=29 kind=simt op=FMUL count=378 rc=0 ms=1077.687
GB10_CALL idx=30 kind=simt op=REDUCE_SUM count=384 rc=0 ms=1080.850
GB10_CALL idx=31 kind=simt op=REDUCE_SUM count=192 rc=0 ms=1077.662
GB10_CASE_BEGIN TENSOR_GB10 mm_2x64x3
GB10_CALL idx=32 kind=simt op=FMUL count=384 rc=0 ms=1078.982
GB10_CALL idx=33 kind=simt op=REDUCE_SUM count=384 rc=0 ms=1079.456
GB10_CALL idx=34 kind=simt op=REDUCE_SUM count=192 rc=0 ms=1078.401
GB10_CASE_BEGIN TENSOR_GB10 mm_2x65x3
GB10_CALL idx=35 kind=simt op=FMUL count=390 rc=0 ms=1079.082
GB10_CALL idx=36 kind=simt op=REDUCE_SUM count=576 rc=0 ms=1079.569
GB10_CALL idx=37 kind=simt op=REDUCE_SUM count=192 rc=0 ms=1078.156
GB10_CASE_BEGIN TENSOR_GB10 mm_2x1023x3
GB10_CALL idx=38 kind=simt op=FMUL count=6138 rc=0 ms=1077.783
GB10_CALL idx=39 kind=simt op=REDUCE_SUM count=6144 rc=0 ms=1076.312
GB10_CALL idx=40 kind=simt op=REDUCE_SUM count=192 rc=0 ms=1077.559
GB10_CASE_BEGIN TENSOR_GB10 mm_2x1024x3
GB10_CALL idx=41 kind=simt op=FMUL count=6144 rc=0 ms=1078.516
GB10_CALL idx=42 kind=simt op=REDUCE_SUM count=6144 rc=0 ms=1078.318
GB10_CALL idx=43 kind=simt op=REDUCE_SUM count=192 rc=0 ms=1079.065
GB10_CASE_BEGIN TENSOR_GB10 mm_2x1025x3
GB10_CALL idx=44 kind=simt op=FMUL count=6150 rc=0 ms=1077.775
GB10_CALL idx=45 kind=simt op=REDUCE_SUM count=6336 rc=0 ms=1078.566
GB10_CALL idx=46 kind=simt op=REDUCE_SUM count=384 rc=0 ms=1079.625
GB10_CALL idx=47 kind=simt op=REDUCE_SUM count=192 rc=0 ms=1078.835
GB10_CASE_BEGIN TENSOR_GB10 mm_bcast_3x1x4x5_2x5x6
GB10_CALL idx=48 kind=simt op=FMUL count=720 rc=0 ms=1076.881
GB10_CALL idx=49 kind=simt op=REDUCE_SUM count=4608 rc=0 ms=1078.161
GB10_CASE_BEGIN TENSOR_GB10 mm_bcast_2x3x33_33x4
GB10_CALL idx=50 kind=simt op=FMUL count=792 rc=0 ms=1077.981
GB10_CALL idx=51 kind=simt op=REDUCE_SUM count=1536 rc=0 ms=1078.805
GB10_CALL idx=52 kind=simt op=REDUCE_SUM count=768 rc=0 ms=1079.153
GB10_CASE_BEGIN TENSOR_GB10 mm_specials_3x33x2
GB10_CALL idx=53 kind=simt op=FMUL count=198 rc=0 ms=1079.561
GB10_CALL idx=54 kind=simt op=REDUCE_SUM count=384 rc=0 ms=1078.963
GB10_CALL idx=55 kind=simt op=REDUCE_SUM count=192 rc=0 ms=1078.367
GB10_CASE_BEGIN TENSOR_GB10 mm_viewT_5x7x3
GB10_CALL idx=56 kind=simt op=FMUL count=105 rc=0 ms=1080.045
GB10_CALL idx=57 kind=simt op=REDUCE_SUM count=480 rc=0 ms=1079.197
GB10_CASE_BEGIN TENSOR_GB10 red_SUM_n31
GB10_CALL idx=58 kind=reduce op=0 n=31 inner_launches=1 rc=0 ms=1078.707
GB10_CASE_BEGIN TENSOR_GB10 red_SUM_n32
GB10_CALL idx=59 kind=reduce op=0 n=32 inner_launches=1 rc=0 ms=1079.959
GB10_CASE_BEGIN TENSOR_GB10 red_SUM_n33
GB10_CALL idx=60 kind=reduce op=0 n=33 inner_launches=2 rc=0 ms=2159.530
GB10_CASE_BEGIN TENSOR_GB10 red_SUM_n1023
GB10_CALL idx=61 kind=reduce op=0 n=1023 inner_launches=2 rc=0 ms=2157.601
GB10_CASE_BEGIN TENSOR_GB10 red_SUM_n1024
GB10_CALL idx=62 kind=reduce op=0 n=1024 inner_launches=2 rc=0 ms=2155.125
GB10_CASE_BEGIN TENSOR_GB10 red_SUM_n1025
GB10_CALL idx=63 kind=reduce op=0 n=1025 inner_launches=3 rc=0 ms=3228.941
GB10_CASE_BEGIN TENSOR_GB10 red_SUM_n32769
GB10_CALL idx=64 kind=reduce op=0 n=32769 inner_launches=4 rc=0 ms=4316.335
GB10_CASE_BEGIN TENSOR_GB10 red_SUM_specials_n33
GB10_CALL idx=65 kind=reduce op=0 n=33 inner_launches=2 rc=0 ms=2155.900
GB10_CASE_BEGIN TENSOR_GB10 red_SUM_specials_n1025
GB10_CALL idx=66 kind=reduce op=0 n=1025 inner_launches=3 rc=0 ms=3236.652
GB10_CASE_BEGIN TENSOR_GB10 red_SUM_rows_3x1025_axis1
GB10_CALL idx=67 kind=reduce op=0 n=1025 inner_launches=3 rc=0 ms=3234.011
GB10_CALL idx=68 kind=reduce op=0 n=1025 inner_launches=3 rc=0 ms=3235.486
GB10_CALL idx=69 kind=reduce op=0 n=1025 inner_launches=3 rc=0 ms=3234.437
GB10_CASE_BEGIN TENSOR_GB10 red_SUM_cols_1025x3_axis0
GB10_CALL idx=70 kind=reduce op=0 n=1025 inner_launches=3 rc=0 ms=3230.620
GB10_CALL idx=71 kind=reduce op=0 n=1025 inner_launches=3 rc=0 ms=3237.152
GB10_CALL idx=72 kind=reduce op=0 n=1025 inner_launches=3 rc=0 ms=3238.782
GB10_CASE_BEGIN TENSOR_GB10 red_MAX_n31
GB10_CALL idx=73 kind=reduce op=1 n=31 inner_launches=1 rc=0 ms=1079.729
GB10_CASE_BEGIN TENSOR_GB10 red_MAX_n32
GB10_CALL idx=74 kind=reduce op=1 n=32 inner_launches=1 rc=0 ms=1078.191
GB10_CASE_BEGIN TENSOR_GB10 red_MAX_n33
GB10_CALL idx=75 kind=reduce op=1 n=33 inner_launches=2 rc=0 ms=2154.065
GB10_CASE_BEGIN TENSOR_GB10 red_MAX_n1023
GB10_CALL idx=76 kind=reduce op=1 n=1023 inner_launches=2 rc=0 ms=2155.783
GB10_CASE_BEGIN TENSOR_GB10 red_MAX_n1024
GB10_CALL idx=77 kind=reduce op=1 n=1024 inner_launches=2 rc=0 ms=2157.778
GB10_CASE_BEGIN TENSOR_GB10 red_MAX_n1025
GB10_CALL idx=78 kind=reduce op=1 n=1025 inner_launches=3 rc=0 ms=3232.677
GB10_CASE_BEGIN TENSOR_GB10 red_MAX_n32769
GB10_CALL idx=79 kind=reduce op=1 n=32769 inner_launches=4 rc=0 ms=4316.515
GB10_CASE_BEGIN TENSOR_GB10 red_MAX_specials_n33
GB10_CALL idx=80 kind=reduce op=1 n=33 inner_launches=2 rc=0 ms=2156.083
GB10_CASE_BEGIN TENSOR_GB10 red_MAX_specials_n1025
GB10_CALL idx=81 kind=reduce op=1 n=1025 inner_launches=3 rc=0 ms=3237.238
GB10_CASE_BEGIN TENSOR_GB10 red_MAX_rows_3x1025_axis1
GB10_CALL idx=82 kind=reduce op=1 n=1025 inner_launches=3 rc=0 ms=3233.523
GB10_CALL idx=83 kind=reduce op=1 n=1025 inner_launches=3 rc=0 ms=3237.139
GB10_CALL idx=84 kind=reduce op=1 n=1025 inner_launches=3 rc=0 ms=3235.030
GB10_CASE_BEGIN TENSOR_GB10 red_MAX_cols_1025x3_axis0
GB10_CALL idx=85 kind=reduce op=1 n=1025 inner_launches=3 rc=0 ms=3233.885
GB10_CALL idx=86 kind=reduce op=1 n=1025 inner_launches=3 rc=0 ms=3229.603
GB10_CALL idx=87 kind=reduce op=1 n=1025 inner_launches=3 rc=0 ms=3237.047
GB10_CASE_BEGIN TENSOR_GB10 red_MIN_n31
GB10_CALL idx=88 kind=reduce op=2 n=31 inner_launches=1 rc=0 ms=1078.726
GB10_CASE_BEGIN TENSOR_GB10 red_MIN_n32
GB10_CALL idx=89 kind=reduce op=2 n=32 inner_launches=1 rc=0 ms=1078.442
GB10_CASE_BEGIN TENSOR_GB10 red_MIN_n33
GB10_CALL idx=90 kind=reduce op=2 n=33 inner_launches=2 rc=0 ms=550.207
GB10_CASE_BEGIN TENSOR_GB10 red_MIN_n1023
GB10_CALL idx=91 kind=reduce op=2 n=1023 inner_launches=2 rc=0 ms=283.559
GB10_CASE_BEGIN TENSOR_GB10 red_MIN_n1024
GB10_CALL idx=92 kind=reduce op=2 n=1024 inner_launches=2 rc=0 ms=315.914
GB10_CASE_BEGIN TENSOR_GB10 red_MIN_n1025
GB10_CALL idx=93 kind=reduce op=2 n=1025 inner_launches=3 rc=0 ms=3754.615
GB10_CASE_BEGIN TENSOR_GB10 red_MIN_n32769
GB10_CALL idx=94 kind=reduce op=2 n=32769 inner_launches=4 rc=0 ms=5590.264
GB10_CASE_BEGIN TENSOR_GB10 red_MIN_specials_n33
GB10_CALL idx=95 kind=reduce op=2 n=33 inner_launches=2 rc=0 ms=2553.991
GB10_CASE_BEGIN TENSOR_GB10 red_MIN_specials_n1025
GB10_CALL idx=96 kind=reduce op=2 n=1025 inner_launches=3 rc=0 ms=3817.135
GB10_CASE_BEGIN TENSOR_GB10 red_MIN_rows_3x1025_axis1
GB10_CALL idx=97 kind=reduce op=2 n=1025 inner_launches=3 rc=0 ms=3878.889
GB10_CALL idx=98 kind=reduce op=2 n=1025 inner_launches=3 rc=0 ms=4333.563
GB10_CALL idx=99 kind=reduce op=2 n=1025 inner_launches=3 rc=0 ms=3701.644
GB10_CASE_BEGIN TENSOR_GB10 red_MIN_cols_1025x3_axis0
GB10_CALL idx=100 kind=reduce op=2 n=1025 inner_launches=3 rc=0 ms=3832.221
GB10_CALL idx=101 kind=reduce op=2 n=1025 inner_launches=3 rc=0 ms=4218.523
GB10_CALL idx=102 kind=reduce op=2 n=1025 inner_launches=3 rc=0 ms=3693.113
GB10_CASE_BEGIN TENSOR_GB10 red_MEAN_n31
GB10_CALL idx=103 kind=reduce op=3 n=31 inner_launches=1 rc=0 ms=1290.740
GB10_CASE_BEGIN TENSOR_GB10 red_MEAN_n32
GB10_CALL idx=104 kind=reduce op=3 n=32 inner_launches=1 rc=0 ms=1288.000
GB10_CASE_BEGIN TENSOR_GB10 red_MEAN_n33
GB10_CALL idx=105 kind=reduce op=3 n=33 inner_launches=2 rc=0 ms=2464.927
GB10_CASE_BEGIN TENSOR_GB10 red_MEAN_n1023
GB10_CALL idx=106 kind=reduce op=3 n=1023 inner_launches=2 rc=0 ms=2481.285
GB10_CASE_BEGIN TENSOR_GB10 red_MEAN_n1024
GB10_CALL idx=107 kind=reduce op=3 n=1024 inner_launches=2 rc=0 ms=2994.189
GB10_CASE_BEGIN TENSOR_GB10 red_MEAN_n1025
GB10_CALL idx=108 kind=reduce op=3 n=1025 inner_launches=3 rc=0 ms=4452.259
GB10_CASE_BEGIN TENSOR_GB10 red_MEAN_n32769
GB10_CALL idx=109 kind=reduce op=3 n=32769 inner_launches=4 rc=0 ms=5020.651
GB10_CASE_BEGIN TENSOR_GB10 red_MEAN_specials_n33
GB10_CALL idx=110 kind=reduce op=3 n=33 inner_launches=2 rc=0 ms=2942.385
GB10_CASE_BEGIN TENSOR_GB10 red_MEAN_specials_n1025
GB10_CALL idx=111 kind=reduce op=3 n=1025 inner_launches=3 rc=0 ms=3695.800
GB10_CASE_BEGIN TENSOR_GB10 red_MEAN_rows_3x1025_axis1
GB10_CALL idx=112 kind=reduce op=3 n=1025 inner_launches=3 rc=0 ms=3720.686
GB10_CALL idx=113 kind=reduce op=3 n=1025 inner_launches=3 rc=0 ms=3890.026
GB10_CALL idx=114 kind=reduce op=3 n=1025 inner_launches=3 rc=0 ms=4126.488
GB10_CASE_BEGIN TENSOR_GB10 red_MEAN_cols_1025x3_axis0
GB10_CALL idx=115 kind=reduce op=3 n=1025 inner_launches=3 rc=0 ms=3738.499
GB10_CALL idx=116 kind=reduce op=3 n=1025 inner_launches=3 rc=0 ms=3854.635
GB10_CALL idx=117 kind=reduce op=3 n=1025 inner_launches=3 rc=0 ms=4307.400
GB10_CASE_BEGIN TENSOR_GB10 bin_ADD
GB10_CALL idx=118 kind=simt op=FADD count=1000 rc=0 ms=1244.993
GB10_CASE_BEGIN TENSOR_GB10 bin_SUB
GB10_CALL idx=119 kind=simt op=FSUB count=1000 rc=0 ms=514.312
GB10_CASE_BEGIN TENSOR_GB10 bin_MUL
GB10_CALL idx=120 kind=simt op=FMUL count=1000 rc=0 ms=138.239
GB10_CASE_BEGIN TENSOR_GB10 bin_DIV
GB10_CALL idx=121 kind=simt op=DIV count=1000 rc=0 ms=55.948
GB10_CASE_BEGIN TENSOR_GB10 bin_MIN
GB10_CALL idx=122 kind=simt op=FMNMX_MIN count=1000 rc=0 ms=59.054
GB10_CASE_BEGIN TENSOR_GB10 bin_MAX
GB10_CALL idx=123 kind=simt op=FMNMX_MAX count=1000 rc=0 ms=123.809
GB10_CASE_BEGIN TENSOR_GB10 bin_SEL_GE
GB10_CALL idx=124 kind=simt op=FSETP_SEL count=1000 rc=0 ms=958.306
GB10_CASE_BEGIN TENSOR_GB10 bin_SEL_LT
GB10_CALL idx=125 kind=simt op=FSETP_LT_SEL count=1000 rc=0 ms=56.683
GB10_CASE_BEGIN TENSOR_GB10 bin_SEL_LE
GB10_CALL idx=126 kind=simt op=FSETP_LE_SEL count=1000 rc=0 ms=83.134
GB10_CASE_BEGIN TENSOR_GB10 bin_SEL_GT
GB10_CALL idx=127 kind=simt op=FSETP_GT_SEL count=1000 rc=0 ms=106.680
GB10_CASE_BEGIN TENSOR_GB10 bin_SEL_EQ
GB10_CALL idx=128 kind=simt op=FSETP_EQ_SEL count=1000 rc=0 ms=87.501
GB10_CASE_BEGIN TENSOR_GB10 bin_SEL_NE
GB10_CALL idx=129 kind=simt op=FSETP_NE_SEL count=1000 rc=0 ms=151.177
GB10_CASE_BEGIN TENSOR_GB10 bin_SEL_NUM
GB10_CALL idx=130 kind=simt op=FSETP_NUM_SEL count=1000 rc=0 ms=68.284
GB10_CASE_BEGIN TENSOR_GB10 bin_SEL_NAN
GB10_CALL idx=131 kind=simt op=FSETP_NAN_SEL count=1000 rc=0 ms=120.251
GB10_CASE_BEGIN TENSOR_GB10 bin_SEL_LTU
GB10_CALL idx=132 kind=simt op=FSETP_LTU_SEL count=1000 rc=0 ms=43.304
GB10_CASE_BEGIN TENSOR_GB10 bin_SEL_LEU
GB10_CALL idx=133 kind=simt op=FSETP_LEU_SEL count=1000 rc=0 ms=62.999
GB10_CASE_BEGIN TENSOR_GB10 bin_SEL_GTU
GB10_CALL idx=134 kind=simt op=FSETP_GTU_SEL count=1000 rc=0 ms=121.359
GB10_CASE_BEGIN TENSOR_GB10 bin_SEL_GEU
GB10_CALL idx=135 kind=simt op=FSETP_GEU_SEL count=1000 rc=0 ms=242.510
GB10_CASE_BEGIN TENSOR_GB10 bin_SEL_EQU
GB10_CALL idx=136 kind=simt op=FSETP_EQU_SEL count=1000 rc=0 ms=71.902
GB10_CASE_BEGIN TENSOR_GB10 bin_SEL_NEU
GB10_CALL idx=137 kind=simt op=FSETP_NEU_SEL count=1000 rc=0 ms=107.868
GB10_CASE_BEGIN TENSOR_GB10 un_SQRT
GB10_CALL idx=138 kind=simt op=SQRT count=1000 rc=0 ms=65.686
GB10_CASE_BEGIN TENSOR_GB10 fma_FFMA_V
GB10_CALL idx=139 kind=simt op=FFMA_V count=1000 rc=0 ms=51.235
GB10_CASE_BEGIN TENSOR_GB10 cast_F32_TO_F16
GB10_CALL idx=140 kind=simt op=F32_TO_F16 count=1000 rc=0 ms=275.239
GB10_CASE_BEGIN TENSOR_GB10 cast_F32_TO_BF16
GB10_CALL idx=141 kind=simt op=F32_TO_BF16 count=1000 rc=0 ms=65.115
GB10_CASE_BEGIN TENSOR_GB10 cast_F16_TO_F32
GB10_CALL idx=142 kind=simt op=F16_TO_F32 count=1000 rc=0 ms=137.609
GB10_CASE_BEGIN TENSOR_GB10 cast_BF16_TO_F32
GB10_CALL idx=143 kind=simt op=BF16_TO_F32 count=1000 rc=0 ms=47.754
GB10_CASE_BEGIN TENSOR_GB10 bcast_add_4x1x3_5x1
GB10_CALL idx=144 kind=simt op=FSUB count=60 rc=0 ms=83.195
GB10_CASE_BEGIN TENSOR_GB10 bcast_fma_2x1_1x3_3
GB10_CALL idx=145 kind=simt op=FFMA_V count=6 rc=0 ms=160.950
GB10_CASE_BEGIN TENSOR_GB10 big_add_70001
GB10_CALL idx=146 kind=simt op=FADD count=65536 rc=0 ms=132.283
GB10_CALL idx=147 kind=simt op=FADD count=4465 rc=0 ms=65.118
GB10_CASE_BEGIN TENSOR_GB10_MUTANT_WRONG_REDUCE_ORDER mm_2x33x3
GB10_CALL idx=148 kind=simt op=FMUL count=198 rc=0 ms=112.094
GB10_CALL idx=149 kind=simt op=REDUCE_SUM count=384 rc=0 ms=44.215
GB10_CALL idx=150 kind=simt op=REDUCE_SUM count=192 rc=0 ms=278.484
GB10_CASE_BEGIN TENSOR_GB10_MUTANT_WRONG_REDUCE_ORDER mm_2x65x3
GB10_CALL idx=151 kind=simt op=FMUL count=390 rc=0 ms=1171.075
GB10_CALL idx=152 kind=simt op=REDUCE_SUM count=576 rc=0 ms=2609.030
GB10_CALL idx=153 kind=simt op=REDUCE_SUM count=192 rc=0 ms=1561.477
GB10_CASE_BEGIN TENSOR_GB10_MUTANT_WRONG_REDUCE_ORDER red_SUM_n33
GB10_CALL idx=154 kind=simt op=REDUCE_SUM count=64 rc=0 ms=1297.141
GB10_CALL idx=155 kind=simt op=REDUCE_SUM count=32 rc=0 ms=1304.888
GB10_CASE_BEGIN TENSOR_GB10_MUTANT_WRONG_REDUCE_ORDER red_SUM_n1025
GB10_CALL idx=156 kind=simt op=REDUCE_SUM count=1056 rc=0 ms=1279.162
GB10_CALL idx=157 kind=simt op=REDUCE_SUM count=64 rc=0 ms=1309.594
GB10_CALL idx=158 kind=simt op=REDUCE_SUM count=32 rc=0 ms=1226.488
GB10_CASE_BEGIN TENSOR_GB10_MUTANT_FFMA_MATMUL mm_2x33x3
GB10_CALL idx=159 kind=simt op=FMUL count=198 rc=0 ms=1264.686
GB10_CALL idx=160 kind=simt op=FMUL count=96 rc=0 ms=1285.412
GB10_CALL idx=161 kind=simt op=FFMA_V count=96 rc=0 ms=1274.963
GB10_CALL idx=162 kind=simt op=REDUCE_SUM count=192 rc=0 ms=1220.703
GB10_CASE_BEGIN TENSOR_GB10_MUTANT_FFMA_MATMUL mm_2x65x3
GB10_CALL idx=163 kind=simt op=FMUL count=390 rc=0 ms=1415.083
GB10_CALL idx=164 kind=simt op=FMUL count=192 rc=0 ms=1477.528
GB10_CALL idx=165 kind=simt op=FFMA_V count=192 rc=0 ms=1223.618
GB10_CALL idx=166 kind=simt op=REDUCE_SUM count=384 rc=0 ms=1224.161
GB10_CALL idx=167 kind=simt op=REDUCE_SUM count=192 rc=0 ms=1242.317
GB10_CASE_BEGIN TENSOR_GB10_MUTANT_FFMA_MATMUL mm_bcast_3x1x4x5_2x5x6
GB10_CALL idx=168 kind=simt op=FMUL count=720 rc=0 ms=2556.033
GB10_CALL idx=169 kind=simt op=FMUL count=288 rc=0 ms=1237.989
GB10_CALL idx=170 kind=simt op=FFMA_V count=288 rc=0 ms=1218.434
GB10_CALL idx=171 kind=simt op=REDUCE_SUM count=4608 rc=0 ms=1227.716
GB10_CASE_BEGIN TENSOR_GB10_MUTANT_FFMA_MATMUL mm_bcast_2x3x33_33x4
GB10_CALL idx=172 kind=simt op=FMUL count=792 rc=0 ms=1222.892
GB10_CALL idx=173 kind=simt op=FMUL count=384 rc=0 ms=1408.449
GB10_CALL idx=174 kind=simt op=FFMA_V count=384 rc=0 ms=1278.958
GB10_CALL idx=175 kind=simt op=REDUCE_SUM count=768 rc=0 ms=1230.955
GB10_CASE_BEGIN TENSOR_GB10_MUTANT_SWAPPED_OPERAND bin_SUB
GB10_CALL idx=176 kind=simt op=FSUB count=1000 rc=0 ms=1261.228
GB10_CASE_BEGIN TENSOR_GB10_MUTANT_SWAPPED_OPERAND bin_DIV
GB10_CALL idx=177 kind=simt op=DIV count=1000 rc=0 ms=1233.858
GB10_CASE_BEGIN TENSOR_GB10_MUTANT_SWAPPED_OPERAND bin_SEL_LT
GB10_CALL idx=178 kind=simt op=FSETP_LT_SEL count=1000 rc=0 ms=1227.201
GB10_CASE_BEGIN TENSOR_GB10_MUTANT_SWAPPED_OPERAND bcast_add_4x1x3_5x1
GB10_CALL idx=179 kind=simt op=FSUB count=60 rc=0 ms=1241.391
