make: Entering directory '/home/drakestapleton/workspace/overnight-1005/wt-CAND1-aienos/native/store'
cc -std=gnu11 -O2 -Wall -Wextra -Werror -fstack-protector-strong -c -o ../../../../../../../tmp/trust1-m5-work.Mz0W4q/build/store/torn_slot.o torn_slot.c
cc -std=gnu11 -O2 -Wall -Wextra -Werror -fstack-protector-strong -c -o ../../../../../../../tmp/trust1-m5-work.Mz0W4q/build/store/sha256.o ../argus/sha256.c
ar rcs ../../../../../../../tmp/trust1-m5-work.Mz0W4q/build/store/libtorn_slot.a ../../../../../../../tmp/trust1-m5-work.Mz0W4q/build/store/torn_slot.o ../../../../../../../tmp/trust1-m5-work.Mz0W4q/build/store/sha256.o
cc -std=gnu11 -O2 -Wall -Wextra -Werror -fstack-protector-strong -o ../../../../../../../tmp/trust1-m5-work.Mz0W4q/build/store/torn_slot_test tests/torn_slot_test.c ../../../../../../../tmp/trust1-m5-work.Mz0W4q/build/store/libtorn_slot.a
sh tests/gen_golden.sh ../../docs/adr/0015-golden-vectors.json ../../../../../../../tmp/trust1-m5-work.Mz0W4q/build/store/golden_vectors.h
cc -std=gnu11 -O2 -Wall -Wextra -Werror -fstack-protector-strong -I. -I../argus -I../disk -Itests -I../../../../../../../tmp/trust1-m5-work.Mz0W4q/build/store -c -o ../../../../../../../tmp/trust1-m5-work.Mz0W4q/build/store/t_store_v1_test.o tests/store_v1_test.c
cc -std=gnu11 -O2 -Wall -Wextra -Werror -fstack-protector-strong -I. -I../argus -I../disk -Itests -I../../../../../../../tmp/trust1-m5-work.Mz0W4q/build/store -c -o ../../../../../../../tmp/trust1-m5-work.Mz0W4q/build/store/store_v1.o store_v1.c
cc -std=gnu11 -O2 -Wall -Wextra -Werror -fstack-protector-strong -I. -I../argus -I../disk -Itests -I../../../../../../../tmp/trust1-m5-work.Mz0W4q/build/store -c -o ../../../../../../../tmp/trust1-m5-work.Mz0W4q/build/store/store_engine.o store_engine.c
cc -std=gnu11 -O2 -Wall -Wextra -Werror -fstack-protector-strong -I. -I../argus -I../disk -Itests -I../../../../../../../tmp/trust1-m5-work.Mz0W4q/build/store -c -o ../../../../../../../tmp/trust1-m5-work.Mz0W4q/build/store/store_disk.o store_disk.c
cc -std=gnu11 -O2 -Wall -Wextra -Werror -fstack-protector-strong -I. -I../argus -I../disk -Itests -I../../../../../../../tmp/trust1-m5-work.Mz0W4q/build/store -c -o ../../../../../../../tmp/trust1-m5-work.Mz0W4q/build/store/store_sealed.o store_sealed.c
cc -std=gnu11 -O2 -Wall -Wextra -Werror -fstack-protector-strong -c -o ../../../../../../../tmp/trust1-m5-work.Mz0W4q/build/store/dep_disk.o ../disk/disk.c
cc -std=gnu11 -O2 -Wall -Wextra -Werror -fstack-protector-strong -c -o ../../../../../../../tmp/trust1-m5-work.Mz0W4q/build/store/dep_m5_keys.o ../m5/m5_keys.c
cc -std=gnu11 -O2 -Wall -Wextra -Werror -fstack-protector-strong -c -o ../../../../../../../tmp/trust1-m5-work.Mz0W4q/build/store/dep_m5_envelope.o ../m5/m5_envelope.c
cc -std=gnu11 -O2 -Wall -Wextra -Werror -fstack-protector-strong -c -o ../../../../../../../tmp/trust1-m5-work.Mz0W4q/build/store/dep_m5_state.o ../m5/m5_state.c
cc -std=gnu11 -O2 -Wall -Wextra -Werror -fstack-protector-strong -c -o ../../../../../../../tmp/trust1-m5-work.Mz0W4q/build/store/dep_aes.o ../crypto/aes.c
cc -std=gnu11 -O2 -Wall -Wextra -Werror -fstack-protector-strong -c -o ../../../../../../../tmp/trust1-m5-work.Mz0W4q/build/store/dep_polyval.o ../crypto/polyval.c
cc -std=gnu11 -O2 -Wall -Wextra -Werror -fstack-protector-strong -c -o ../../../../../../../tmp/trust1-m5-work.Mz0W4q/build/store/dep_gcm_siv.o ../crypto/gcm_siv.c
cc -std=gnu11 -O2 -Wall -Wextra -Werror -fstack-protector-strong -c -o ../../../../../../../tmp/trust1-m5-work.Mz0W4q/build/store/dep_hmac.o ../crypto/hmac.c
cc -std=gnu11 -O2 -Wall -Wextra -Werror -fstack-protector-strong -c -o ../../../../../../../tmp/trust1-m5-work.Mz0W4q/build/store/dep_ct.o ../crypto/ct.c
ar rcs ../../../../../../../tmp/trust1-m5-work.Mz0W4q/build/store/libaienos_store.a ../../../../../../../tmp/trust1-m5-work.Mz0W4q/build/store/store_v1.o ../../../../../../../tmp/trust1-m5-work.Mz0W4q/build/store/store_engine.o ../../../../../../../tmp/trust1-m5-work.Mz0W4q/build/store/store_disk.o ../../../../../../../tmp/trust1-m5-work.Mz0W4q/build/store/store_sealed.o ../../../../../../../tmp/trust1-m5-work.Mz0W4q/build/store/torn_slot.o ../../../../../../../tmp/trust1-m5-work.Mz0W4q/build/store/sha256.o ../../../../../../../tmp/trust1-m5-work.Mz0W4q/build/store/dep_disk.o ../../../../../../../tmp/trust1-m5-work.Mz0W4q/build/store/dep_m5_keys.o ../../../../../../../tmp/trust1-m5-work.Mz0W4q/build/store/dep_m5_envelope.o ../../../../../../../tmp/trust1-m5-work.Mz0W4q/build/store/dep_m5_state.o ../../../../../../../tmp/trust1-m5-work.Mz0W4q/build/store/dep_aes.o ../../../../../../../tmp/trust1-m5-work.Mz0W4q/build/store/dep_polyval.o ../../../../../../../tmp/trust1-m5-work.Mz0W4q/build/store/dep_gcm_siv.o ../../../../../../../tmp/trust1-m5-work.Mz0W4q/build/store/dep_hmac.o ../../../../../../../tmp/trust1-m5-work.Mz0W4q/build/store/dep_ct.o
cc -std=gnu11 -O2 -Wall -Wextra -Werror -fstack-protector-strong -c -o ../../../../../../../tmp/trust1-m5-work.Mz0W4q/build/store/disk_file.o ../disk/disk_file.c
cc -std=gnu11 -O2 -Wall -Wextra -Werror -fstack-protector-strong -o ../../../../../../../tmp/trust1-m5-work.Mz0W4q/build/store/store_v1_test ../../../../../../../tmp/trust1-m5-work.Mz0W4q/build/store/t_store_v1_test.o ../../../../../../../tmp/trust1-m5-work.Mz0W4q/build/store/disk_file.o ../../../../../../../tmp/trust1-m5-work.Mz0W4q/build/store/libaienos_store.a
cc -std=gnu11 -O2 -Wall -Wextra -Werror -fstack-protector-strong -I. -I../argus -I../disk -Itests -I../../../../../../../tmp/trust1-m5-work.Mz0W4q/build/store -c -o ../../../../../../../tmp/trust1-m5-work.Mz0W4q/build/store/t_store_engine_test.o tests/store_engine_test.c
cc -std=gnu11 -O2 -Wall -Wextra -Werror -fstack-protector-strong -o ../../../../../../../tmp/trust1-m5-work.Mz0W4q/build/store/store_engine_test ../../../../../../../tmp/trust1-m5-work.Mz0W4q/build/store/t_store_engine_test.o ../../../../../../../tmp/trust1-m5-work.Mz0W4q/build/store/disk_file.o ../../../../../../../tmp/trust1-m5-work.Mz0W4q/build/store/libaienos_store.a
cc -std=gnu11 -O2 -Wall -Wextra -Werror -fstack-protector-strong -I. -I../argus -I../disk -Itests -I../../../../../../../tmp/trust1-m5-work.Mz0W4q/build/store -c -o ../../../../../../../tmp/trust1-m5-work.Mz0W4q/build/store/t_store_sealed_test.o tests/store_sealed_test.c
cc -std=gnu11 -O2 -Wall -Wextra -Werror -fstack-protector-strong -o ../../../../../../../tmp/trust1-m5-work.Mz0W4q/build/store/store_sealed_test ../../../../../../../tmp/trust1-m5-work.Mz0W4q/build/store/t_store_sealed_test.o ../../../../../../../tmp/trust1-m5-work.Mz0W4q/build/store/disk_file.o ../../../../../../../tmp/trust1-m5-work.Mz0W4q/build/store/libaienos_store.a
cc -std=gnu11 -O2 -Wall -Wextra -Werror -fstack-protector-strong -I. -I../argus -I../disk -Itests -I../../../../../../../tmp/trust1-m5-work.Mz0W4q/build/store -c -o ../../../../../../../tmp/trust1-m5-work.Mz0W4q/build/store/t_store_powercut_test.o tests/store_powercut_test.c
cc -std=gnu11 -O2 -Wall -Wextra -Werror -fstack-protector-strong -o ../../../../../../../tmp/trust1-m5-work.Mz0W4q/build/store/store_powercut_test ../../../../../../../tmp/trust1-m5-work.Mz0W4q/build/store/t_store_powercut_test.o ../../../../../../../tmp/trust1-m5-work.Mz0W4q/build/store/disk_file.o ../../../../../../../tmp/trust1-m5-work.Mz0W4q/build/store/libaienos_store.a
cc -std=gnu11 -O2 -Wall -Wextra -Werror -fstack-protector-strong -I. -I../argus -I../disk -Itests -I../../../../../../../tmp/trust1-m5-work.Mz0W4q/build/store -o ../../../../../../../tmp/trust1-m5-work.Mz0W4q/build/store/store_xcheck tests/store_xcheck.c ../../../../../../../tmp/trust1-m5-work.Mz0W4q/build/store/disk_file.o ../../../../../../../tmp/trust1-m5-work.Mz0W4q/build/store/libaienos_store.a
lib-checks PASS (no heap, clock or direct I/O in torn_slot.o, store_v1.o, store_engine.o, store_disk.o, store_sealed.o)
TORN_SLOT_RULES: PASS (129 checks)
  naive bs=512: mixed subset=254 torn_prefix=4088 torn_words=512
  naive bs=4096: mixed subset=0 torn_prefix=4095 torn_words=64
NAIVE_IN_PLACE_CONTROL: mixed records found bs=512: 4854, bs=4096: 4159 (expected > 0)
TORN_INJECTOR_DETECTS_MIXES: PASS
  bs=512 base_lba=0 gens=6: cases=60000 (prefix=108 subset=3072 torn_prefix=49056 torn_words=6144 nested=1620 nested_after_keep=720) as_old=33114 as_new=26886 mixed=0 error=0 relive_fail=0
  bs=512 base_lba=3 gens=6: cases=60000 (prefix=108 subset=3072 torn_prefix=49056 torn_words=6144 nested=1620 nested_after_keep=720) as_old=33080 as_new=26920 mixed=0 error=0 relive_fail=0
  bs=512 base_lba=8 gens=6: cases=60000 (prefix=108 subset=3072 torn_prefix=49056 torn_words=6144 nested=1620 nested_after_keep=720) as_old=33128 as_new=26872 mixed=0 error=0 relive_fail=0
  bs=4096 base_lba=0 gens=6: cases=50036 (prefix=24 subset=24 torn_prefix=49140 torn_words=768 nested=80 nested_after_keep=20) as_old=25956 as_new=24080 mixed=0 error=0 relive_fail=0
  bs=4096 base_lba=1 gens=6: cases=50036 (prefix=24 subset=24 torn_prefix=49140 torn_words=768 nested=80 nested_after_keep=20) as_old=25955 as_new=24081 mixed=0 error=0 relive_fail=0
TORN_SLOT_FAULT_INJECTION_512: PASS
TORN_SLOT_FAULT_INJECTION_4096: PASS
  barrier lost bs=512 gens=3: cases=244992 (subset=196608 torn_header=48384) as_old=244449 as_new=543 mixed=0 error=0 relive_fail=0
  barrier lost bs=4096 gens=6: cases=6156 (subset=24 torn_header=6132) as_old=3144 as_new=3012 mixed=0 error=0 relive_fail=0
TORN_SLOT_BARRIER_LOST_512_4096: PASS (device ignores FLUSH ordering; outside the device contract)
checks=1064018 failures=0
TORN_SLOT_HOST_EMULATION: PASS (host block-device emulation, not QEMU, not hardware)
golden vectors: 89 of 89 JSON rows covered
store_v1_test: 4343 checks, 0 failed
STORE_V1_FORMAT: PASS
store_engine_test: 183 checks, 0 failed
STORE_ENGINE: PASS
sealed store, 512-byte blocks: ok
sealed store, 4096-byte blocks: ok
store sealed: 2017 checks, 0 failed
STORE_SEALED: PASS
power cut, plain,   512-byte blocks: 57 block boundaries, 49 old, 8 new (0 of them read-only degraded)
power cut, sealed,  512-byte blocks: 81 block boundaries, 57 old, 24 new (16 anchor one behind), 0 read-only degraded, 81 follow-ups ok
power cut, plain,  4096-byte blocks: 8 block boundaries, 7 old, 1 new (0 of them read-only degraded)
power cut, sealed, 4096-byte blocks: 11 block boundaries, 8 old, 3 new (2 anchor one behind), 0 read-only degraded, 11 follow-ups ok
store power cut: 1097 checks, 0 failed
STORE_POWERCUT: PASS
rust cross-check: Rust store tool not found at /home/drakestapleton/workspace/overnight-1005/wt-CAND1-aienos/target/release/aienos-store-tool
STORE_RUST_CROSSCHECK: NOT_RUN
AIENOS_STORE_NATIVE: PASS
make: Leaving directory '/home/drakestapleton/workspace/overnight-1005/wt-CAND1-aienos/native/store'
