make: Entering directory '/home/drakestapleton/workspace/overnight-1005/wt-CAND1-aienos/native/store'
lib-checks PASS (no heap, clock or direct I/O in torn_slot.o, store_v1.o, store_engine.o, store_disk.o, store_sealed.o)
TORN_SLOT_RULES: PASS (129 checks)
  naive bs=512: mixed subset=254 torn_prefix=4088 torn_words=512
  naive bs=4096: mixed subset=0 torn_prefix=4095 torn_words=64
NAIVE_IN_PLACE_CONTROL: mixed records found bs=512: 4854, bs=4096: 4159 (expected > 0)
TORN_INJECTOR_DETECTS_MIXES: PASS
  bs=512 base_lba=0 gens=6: cases=60000 (prefix=108 subset=3072 torn_prefix=49056 torn_words=6144 nested=1620 nested_after_keep=720) as_old=33114 as_new=26886 mixed=0 error=0 relive_fail=0
  bs=512 base_lba=3 gens=6: cases=60000 (prefix=108 subset=3072 torn_prefix=49056 torn_words=6144 nested=1620 nested_after_keep=720) as_old=33080 as_new=26920 mixed=0 error=0 relive_fail=0
  bs=512 base_lba=8 gens=6: cases=60000 (prefix=108 subset=3072 torn_prefix=49056 torn_words=6144 nested=1620 nested_after_keep=720) as_old=33128 as_new=26872 mixed=0 error=0 relive_fail=0
  bs=4096 base_lba=0 gens=6: cases=50036 (prefix=24 subset=24 torn_prefix=49140 torn_words=768 nested=80 nested_after_keep=20) as_old=25956 as_new=24080 mixed=0 error=0 relive_fail=0
  bs=4096 base_lba=1 gens=6: cases=50036 (prefix=24 subset=24 torn_prefix=49140 torn_words=768 nested=80 nested_after_keep=20) as_old=25955 as_new=24081 mixed=0 error=0 relive_fail=0
TORN_SLOT_FAULT_INJECTION_512: PASS
TORN_SLOT_FAULT_INJECTION_4096: PASS
  barrier lost bs=512 gens=3: cases=244992 (subset=196608 torn_header=48384) as_old=244449 as_new=543 mixed=0 error=0 relive_fail=0
  barrier lost bs=4096 gens=6: cases=6156 (subset=24 torn_header=6132) as_old=3144 as_new=3012 mixed=0 error=0 relive_fail=0
TORN_SLOT_BARRIER_LOST_512_4096: PASS (device ignores FLUSH ordering; outside the device contract)
checks=1064018 failures=0
TORN_SLOT_HOST_EMULATION: PASS (host block-device emulation, not QEMU, not hardware)
golden vectors: 89 of 89 JSON rows covered
store_v1_test: 4343 checks, 0 failed
STORE_V1_FORMAT: PASS
store_engine_test: 183 checks, 0 failed
STORE_ENGINE: PASS
sealed store, 512-byte blocks: ok
sealed store, 4096-byte blocks: ok
store sealed: 2017 checks, 0 failed
STORE_SEALED: PASS
power cut, plain,   512-byte blocks: 57 block boundaries, 49 old, 8 new (0 of them read-only degraded)
power cut, sealed,  512-byte blocks: 81 block boundaries, 57 old, 24 new (16 anchor one behind), 0 read-only degraded, 81 follow-ups ok
power cut, plain,  4096-byte blocks: 8 block boundaries, 7 old, 1 new (0 of them read-only degraded)
power cut, sealed, 4096-byte blocks: 11 block boundaries, 8 old, 3 new (2 anchor one behind), 0 read-only degraded, 11 follow-ups ok
store power cut: 1097 checks, 0 failed
STORE_POWERCUT: PASS
rust cross-check: Rust store tool not found at /home/drakestapleton/workspace/overnight-1005/wt-CAND1-aienos/target/release/aienos-store-tool
STORE_RUST_CROSSCHECK: NOT_RUN
AIENOS_STORE_NATIVE: PASS
make: Leaving directory '/home/drakestapleton/workspace/overnight-1005/wt-CAND1-aienos/native/store'
