TRUST-1 Gate 7 pre-flight (read-only; changes nothing)

-- 1. The Spark's device list looks healthy (after the 2026-09-30 incident) --
PASS  /dev/null is a real device (not a plain file)
PASS  the TPM device /dev/tpmrm0 exists

-- 2. The TPM can be read --
PASS  you are in the tss group (allowed to read the TPM)
PASS  the TPM device is readable by you
PASS  the TPM answers a read of startup measurement 7 (Secure Boot state)
PASS  the firmware's startup measurement log is readable

-- 3. Secure Boot state can be read --
FAIL  Secure Boot reports ON (mokutil says: SecureBoot disabled)
FAIL  the firmware's own Secure Boot setting reads 1 (ON), got '0'

-- 4. Tools the stick build copies from Ubuntu are all present --
PASS  all 23 programs the stick build copies exist on Ubuntu
PASS  gocryptfs (opens the private storage) is where the stick build looks: /home/atlas/atlas-forgejo-setup-20260904/runtime/usr/bin/gocryptfs

-- 5. Snapshot, compare and stick scripts are present --
PASS  scripts/tpm_measurement_campaign.sh is present
PASS  scripts/build_recovery_media.sh is present
PASS  scripts/build_standalone_recovery_initrd.sh is present
PASS  scripts/verify_recovery_tools.sh is present
PASS  scripts/collect_recovery_boot_evidence.sh is present
PASS  tpm2_pcrread is installed on Ubuntu
PASS  tpm2_eventlog is installed on Ubuntu
PASS  mokutil is installed on Ubuntu
PASS  efibootmgr is installed on Ubuntu
PASS  sha256sum is installed on Ubuntu
PASS  aien-proof is installed on Ubuntu

-- 6. Key ciphertext is where the docs say, and no secret key sits beside it --
PASS  the offline spare is present and locked (age format): /home/drakestapleton/.config/atlas/offline-spares/atlas-private-storage.passfile.age
PASS  no unlocking identity (secret key) is stored next to the spares on the Spark
PASS  the encrypted private storage folder and its gocryptfs.conf are present: /home/atlas/atlas-runtime-setup-20260905/private-cipher

-- 7. Tools inside the recovery image --
PASS  every recovery tool is inside a fresh private copy built now (stick not open; this is what Step 4 would write)

-- Not checked here (need Drake's reboots or later gates) --
NOT CHECKED  startup measurements match across normal boots (Gate 2 reboot snapshots)
NOT CHECKED  owner key fingerprints and backups (Gate 3 key ceremony not run yet)
NOT CHECKED  owner-signed loader and its fingerprint (Gate 4)
NOT CHECKED  Secure Boot variables archived, Gates 0-6 PASS, operator approval
NOT CHECKED  the stick actually boots and unlocks with Secure Boot ON (Gate 1, Step 6)
NOT CHECKED  every Gate 7 checkpoint A-E (attended hardware boot)

Summary: 23 passed, 2 failed, 0 skipped
GATE7_PREFLIGHT: FAIL
