aienos_lock_source: /home/drakestapleton/workspace/cand3-campaign/cand3/wt-omega-chip/build/aienos-authority/bbad5e4250e57f8cbd1be4cf1390109aa65ef92c matches bbad5e4250e57f8cbd1be4cf1390109aa65ef92c for native/capability
./build/rx_r13_living_host
R13 operator: state /tmp/r13-state-4rR156, control /tmp/r13-state-4rR156/control (operator subject 70, pid 112020)
R13 costs: incumbent 6738 ns, target 3705 ns, selected 2690232 ps, reference on new cores 4567860 ps, AIEN now expects 2801 ns, goal status 2
R13 positive: generation 1 -> 2, recovered 2; served 1936 (143 after promotion), crumbs 4288, GPU claims 16, durable links 11
R13 operator positive: stops 0 resumes 0 restored 0 open 0; under stop: commits 0 externals 0 cancelled 0; order ok
R13 control A: no AIEN -> no plan, no GPU experiment, no candidate, generation stays 1
R13 operator no-aien: stops 0 resumes 0 restored 0 open 0; under stop: commits 0 externals 0 cancelled 0; order ok
R13 control B: verified candidate 2 refused (RX_GEN_ERR_AUTHORITY); never in force, production stayed on the reference
R13 operator no-promotion: stops 0 resumes 0 restored 0 open 0; under stop: commits 0 externals 0 cancelled 0; order ok
R13 control C: revoked grant -> seat blocked on authority, no claim, no evidence; 772 requests served meanwhile
R13 operator revoked-experiment: stops 0 resumes 0 restored 0 open 0; under stop: commits 0 externals 0 cancelled 0; order ok
R13 control D: output generation changed mid-claim -> result refused, no evidence, no candidate
R13 operator stale-gpu: stops 0 resumes 0 restored 0 open 0; under stop: commits 0 externals 0 cancelled 0; order ok
R13 control E: crashing candidate refused by the verifier; the promoted generation holds a verified one
R13 costs: incumbent 6953 ns, target 3824 ns, selected 2692976 ps, reference on new cores 4574523 ps, AIEN now expects 2970 ns, goal status 2
R13 control E episode: generation 1 -> 2, recovered 2; served 19376 (136 after promotion), crumbs 41892, GPU claims 16, durable links 11
R13 operator failed-verification: stops 0 resumes 0 restored 0 open 0; under stop: commits 0 externals 0 cancelled 0; order ok
R13 ARGUS: observing; observe and record, received 114069 events, 421 authority observations, 0 findings, 0 ingest errors
R13 gate: R13_LIVING_SYSTEM=HOST_PASS_NON_SILICON
R13 receipt: build/qual-runs/20261006T015242Z-97ee27584cda/R13/rx_living_receipt.json
