aienos_lock_source: /home/drakestapleton/workspace/cand3-campaign/cand3/wt-omega-chip/build/aienos-authority/bbad5e4250e57f8cbd1be4cf1390109aa65ef92c matches bbad5e4250e57f8cbd1be4cf1390109aa65ef92c for native/capability
./build/rx_r13_living_silicon
R13 operator: state /tmp/r13-state-Hhzpfz, control /tmp/r13-state-Hhzpfz/control (operator subject 70, pid 113183)
seat build insns 363 gpr 50
seat heartbeat 1 instructions 363 gpr 50
seat lease: 34169 passes in 50 ms, budget 1366760 (2000 ms window)
R13 costs: incumbent 6848 ns, target 3766 ns, selected 2692860 ps, reference on new cores 4571581 ps, AIEN now expects 2857 ns, goal status 2
R13 positive: generation 1 -> 2, recovered 2; served 1760 (136 after promotion), crumbs 3914, GPU claims 16, durable links 11
R13 operator positive: stops 0 resumes 0 restored 0 open 0; under stop: commits 0 externals 0 cancelled 0; order ok
seat build insns 363 gpr 50
seat heartbeat 1 instructions 363 gpr 50
seat lease: 35598 passes in 50 ms, budget 1423920 (2000 ms window)
R13 control A: no AIEN -> no plan, no GPU experiment, no candidate, generation stays 1
R13 operator no-aien: stops 0 resumes 0 restored 0 open 0; under stop: commits 0 externals 0 cancelled 0; order ok
seat build insns 363 gpr 50
seat heartbeat 1 instructions 363 gpr 50
seat lease: 34368 passes in 50 ms, budget 1374720 (2000 ms window)
R13 control B: verified candidate 2 refused (RX_GEN_ERR_AUTHORITY); never in force, production stayed on the reference
R13 operator no-promotion: stops 0 resumes 0 restored 0 open 0; under stop: commits 0 externals 0 cancelled 0; order ok
seat build insns 363 gpr 50
seat heartbeat 1 instructions 363 gpr 50
seat lease: 35308 passes in 50 ms, budget 1412320 (2000 ms window)
R13 control C: revoked grant -> seat blocked on authority, no claim, no evidence; 772 requests served meanwhile
R13 operator revoked-experiment: stops 0 resumes 0 restored 0 open 0; under stop: commits 0 externals 0 cancelled 0; order ok
seat build insns 363 gpr 50
seat heartbeat 1 instructions 363 gpr 50
seat lease: 34332 passes in 50 ms, budget 1373280 (2000 ms window)
R13 control D: output generation changed mid-claim -> result refused, no evidence, no candidate
R13 operator stale-gpu: stops 0 resumes 0 restored 0 open 0; under stop: commits 0 externals 0 cancelled 0; order ok
seat build insns 363 gpr 50
seat heartbeat 1 instructions 363 gpr 50
seat lease: 34905 passes in 50 ms, budget 1396200 (2000 ms window)
R13 control E: crashing candidate refused by the verifier; the promoted generation holds a verified one
R13 costs: incumbent 6904 ns, target 3797 ns, selected 2691720 ps, reference on new cores 4566720 ps, AIEN now expects 2867 ns, goal status 2
R13 control E episode: generation 1 -> 2, recovered 2; served 19584 (143 after promotion), crumbs 42459, GPU claims 16, durable links 11
R13 operator failed-verification: stops 0 resumes 0 restored 0 open 0; under stop: commits 0 externals 0 cancelled 0; order ok
R13 ARGUS: observing; observe and record, received 114338 events, 421 authority observations, 0 findings, 0 ingest errors
R13 gate: R13_LIVING_SYSTEM=PASS
R13 receipt: build/qual-runs/20261006T015246Z-97ee27584cda/R13/rx_living_receipt.json
