aienos_lock_source: /home/drakestapleton/workspace/cand3-campaign/cand3/wt-omega-chip/build/aienos-authority/bbad5e4250e57f8cbd1be4cf1390109aa65ef92c matches bbad5e4250e57f8cbd1be4cf1390109aa65ef92c for native/capability
cc -std=gnu11 -Wall -Wextra -Werror -MMD -MP -D_GNU_SOURCE -O2 -Isrc -I/home/drakestapleton/workspace/cand3-campaign/cand3/wt-physics-chip/m16 -I/home/drakestapleton/workspace/cand3-campaign/cand3/wt-physics-chip/nvrm -I/home/drakestapleton/workspace/cand3-campaign/cand3/wt-physics-chip/third_party/nvidia-open-580.173.02/src/common/sdk/nvidia/inc -I/home/drakestapleton/workspace/cand3-campaign/cand3/wt-physics-chip/third_party/nvidia-open-580.173.02/kernel-open/common/inc -I/home/drakestapleton/workspace/cand3-campaign/cand3/wt-physics-chip/third_party/nvidia-open-580.173.02/kernel-open/nvidia-uvm -I/home/drakestapleton/workspace/cand3-campaign/cand3/wt-physics-chip/third_party/nvidia-open-580.173.02/src/nvidia/arch/nvalloc/unix/include -pthread -o build/rx_r15_parity_host src/runtime/rx_caproot.c src/runtime/rx_world.c src/runtime/rx_coherent.c src/runtime/rx_native_bind.c src/runtime/rx_aegis.c src/runtime/rx_aien.c src/runtime/rx_omega.c src/runtime/rx_generation.c src/runtime/rx_living.c src/sha256.c src/omega_evidence.c src/omega_canonical.c src/omega_validate.c src/omega_core.c src/omega_codec.c src/aarch64_encoder.c src/aarch64_decoder.c src/omega_realize.c src/omega_realize_synth.c src/omega_program.c src/omega_machine.c src/omega_exec.c src/omega_verify.c src/omega_matvec.c src/omega_matvec_quad.c src/runtime/aien_machine_id.c src/runtime/rx_jspace.c src/runtime/rx_cortex.c src/runtime/rx_cortex_record.c src/runtime/rx_graph.c src/runtime/rx_capq.c src/runtime/rx_skillroute.c src/runtime/rx_compose.c src/runtime/rx_seq_reference.c tests/runtime/rx_r15_rig.c tests/runtime/rx_r15_parity.c \
	build/aienos-cap/bbad5e4250e57f8cbd1be4cf1390109aa65ef92c/libaienos_capability.a -lm
./build/rx_r15_parity_host
R15 SEQ parity: processor stand-in seat (host)
  detector control RES-1: starved 1 (workload.matvec.serve trigger 0: object 0 at version 2, last read 0), after slots restored 0
  detector control SEQ: starved 1 (workload.matvec.serve trigger 0: object 0 at version 2, last read 0), after slots restored 0
  pair 0 (RES-1 first, target 3532 ns)
    RES-1 goal status 2, plan action 1 reason 3, epoch 2, selected 3f6db775476a4f99 (verdict 1), evidence 16/1 trials, belief 1, generation 1 -> 2, in force 3f6db775476a4f99; measured: incumbent 6423 ns, selected 2697302 ps, reference 4577906 ps, served 1907, crumbs 4199
    SEQ   goal status 2, plan action 1 reason 3, epoch 2, selected 3f6db775476a4f99 (verdict 1), evidence 16/1 trials, belief 1, generation 1 -> 2, in force 3f6db775476a4f99; measured: incumbent 6601 ns, selected 2686119 ps, reference 4598880 ps, served 353, crumbs 897
  pair 1 (SEQ first, target 3647 ns)
    RES-1 goal status 2, plan action 1 reason 3, epoch 2, selected 3f6db775476a4f99 (verdict 1), evidence 16/1 trials, belief 1, generation 1 -> 2, in force 3f6db775476a4f99; measured: incumbent 6519 ns, selected 2697697 ps, reference 4574534 ps, served 2131, crumbs 4677
    SEQ   goal status 2, plan action 1 reason 3, epoch 2, selected 3f6db775476a4f99 (verdict 1), evidence 16/1 trials, belief 1, generation 1 -> 2, in force 3f6db775476a4f99; measured: incumbent 6632 ns, selected 3008767 ps, reference 4571953 ps, served 352, crumbs 895
  pair 2 (RES-1 first, target 3581 ns)
    RES-1 goal status 2, plan action 1 reason 3, epoch 2, selected 3f6db775476a4f99 (verdict 1), evidence 16/1 trials, belief 1, generation 1 -> 2, in force 3f6db775476a4f99; measured: incumbent 6512 ns, selected 2694720 ps, reference 4578279 ps, served 2096, crumbs 4601
    SEQ   goal status 2, plan action 1 reason 3, epoch 2, selected 3f6db775476a4f99 (verdict 1), evidence 16/1 trials, belief 1, generation 1 -> 2, in force 3f6db775476a4f99; measured: incumbent 6525 ns, selected 2688395 ps, reference 4569697 ps, served 352, crumbs 895
  pair 3 (SEQ first, target 3635 ns)
    RES-1 goal status 2, plan action 1 reason 3, epoch 2, selected 3f6db775476a4f99 (verdict 1), evidence 16/1 trials, belief 1, generation 1 -> 2, in force 3f6db775476a4f99; measured: incumbent 6562 ns, selected 2695837 ps, reference 4573790 ps, served 2419, crumbs 5287
    SEQ   goal status 2, plan action 1 reason 3, epoch 2, selected 3f6db775476a4f99 (verdict 1), evidence 16/1 trials, belief 1, generation 1 -> 2, in force 3f6db775476a4f99; measured: incumbent 6610 ns, selected 2691000 ps, reference 4578651 ps, served 354, crumbs 899
  pair 4 (RES-1 first, target 3669 ns)
    RES-1 goal status 2, plan action 1 reason 3, epoch 2, selected 3f6db775476a4f99 (verdict 1), evidence 16/1 trials, belief 1, generation 1 -> 2, in force 3f6db775476a4f99; measured: incumbent 6671 ns, selected 2693232 ps, reference 4570441 ps, served 2643, crumbs 5763
    SEQ   goal status 2, plan action 1 reason 3, epoch 2, selected 3f6db775476a4f99 (verdict 1), evidence 16/1 trials, belief 1, generation 1 -> 2, in force 3f6db775476a4f99; measured: incumbent 6576 ns, selected 2683906 ps, reference 4555953 ps, served 354, crumbs 899
R15 SEQ parity: 5 pairs, 0 failures
SEQ_SEMANTIC_PARITY=PASS
