aienos_lock_source: /home/drakestapleton/workspace/cand3-campaign/cand3/wt-omega-chip/build/aienos-authority/bbad5e4250e57f8cbd1be4cf1390109aa65ef92c matches bbad5e4250e57f8cbd1be4cf1390109aa65ef92c for native/capability
cc -std=gnu11 -Wall -Wextra -Werror -MMD -MP -D_GNU_SOURCE -O2 -Isrc -I/home/drakestapleton/workspace/cand3-campaign/cand3/wt-physics-chip/m16 -I/home/drakestapleton/workspace/cand3-campaign/cand3/wt-physics-chip/nvrm -I/home/drakestapleton/workspace/cand3-campaign/cand3/wt-physics-chip/third_party/nvidia-open-580.173.02/src/common/sdk/nvidia/inc -I/home/drakestapleton/workspace/cand3-campaign/cand3/wt-physics-chip/third_party/nvidia-open-580.173.02/kernel-open/common/inc -I/home/drakestapleton/workspace/cand3-campaign/cand3/wt-physics-chip/third_party/nvidia-open-580.173.02/kernel-open/nvidia-uvm -I/home/drakestapleton/workspace/cand3-campaign/cand3/wt-physics-chip/third_party/nvidia-open-580.173.02/src/nvidia/arch/nvalloc/unix/include -DR15_SILICON -pthread -o build/rx_r15_parity_silicon src/runtime/rx_caproot.c src/runtime/rx_world.c src/runtime/rx_coherent.c src/runtime/rx_native_bind.c src/runtime/rx_aegis.c src/runtime/rx_aien.c src/runtime/rx_omega.c src/runtime/rx_generation.c src/runtime/rx_living.c src/sha256.c src/omega_evidence.c src/omega_canonical.c src/omega_validate.c src/omega_core.c src/omega_codec.c src/aarch64_encoder.c src/aarch64_decoder.c src/omega_realize.c src/omega_realize_synth.c src/omega_program.c src/omega_machine.c src/omega_exec.c src/omega_verify.c src/omega_matvec.c src/omega_matvec_quad.c src/runtime/aien_machine_id.c src/runtime/rx_jspace.c src/runtime/rx_cortex.c src/runtime/rx_cortex_record.c src/runtime/rx_graph.c src/runtime/rx_capq.c src/runtime/rx_skillroute.c src/runtime/rx_compose.c src/runtime/rx_seq_reference.c tests/runtime/rx_r15_rig.c \
	tests/runtime/rx_r15_parity.c src/runtime/rx_resident_gpu.c src/omega_blackwell_codegen.c src/omega_blackwell_encoder.c src/omega_blackwell_qmd.c src/omega_blackwell_matmul.c /home/drakestapleton/workspace/cand3-campaign/cand3/wt-physics-chip/m16/m16_native.c /home/drakestapleton/workspace/cand3-campaign/cand3/wt-physics-chip/nvrm/nvrm.c build/aienos-cap/bbad5e4250e57f8cbd1be4cf1390109aa65ef92c/libaienos_capability.a -ldl -lm
./build/rx_r15_parity_silicon
R15 SEQ parity: GB10 resident seat
seat build insns 363 gpr 50
seat heartbeat 1 instructions 363 gpr 50
seat lease: 33968 passes in 50 ms, budget 1358720 (2000 ms window)
  detector control RES-1: starved 1 (workload.matvec.serve trigger 0: object 0 at version 2, last read 0), after slots restored 0
seat build insns 363 gpr 50
seat heartbeat 1 instructions 363 gpr 50
seat lease: 34633 passes in 50 ms, budget 1385320 (2000 ms window)
  detector control SEQ: starved 1 (workload.matvec.serve trigger 0: object 0 at version 2, last read 0), after slots restored 0
seat build insns 363 gpr 50
seat heartbeat 1 instructions 363 gpr 50
seat lease: 34193 passes in 50 ms, budget 1367720 (2000 ms window)
seat build insns 363 gpr 50
seat heartbeat 1 instructions 363 gpr 50
seat lease: 34474 passes in 50 ms, budget 1378960 (2000 ms window)
  pair 0 (RES-1 first, target 3676 ns)
    RES-1 goal status 2, plan action 1 reason 3, epoch 2, selected 3f6db775476a4f99 (verdict 1), evidence 16/1 trials, belief 1, generation 1 -> 2, in force 3f6db775476a4f99; measured: incumbent 6685 ns, selected 2691000 ps, reference 4568953 ps, served 2752, crumbs 6001
    SEQ   goal status 2, plan action 1 reason 3, epoch 2, selected 3f6db775476a4f99 (verdict 1), evidence 16/1 trials, belief 1, generation 1 -> 2, in force 3f6db775476a4f99; measured: incumbent 6947 ns, selected 2688744 ps, reference 4574162 ps, served 369, crumbs 931
seat build insns 363 gpr 50
seat heartbeat 1 instructions 363 gpr 50
seat lease: 34147 passes in 50 ms, budget 1365880 (2000 ms window)
seat build insns 363 gpr 50
seat heartbeat 1 instructions 363 gpr 50
seat lease: 35173 passes in 50 ms, budget 1406920 (2000 ms window)
  pair 1 (SEQ first, target 3776 ns)
    RES-1 goal status 2, plan action 1 reason 3, epoch 2, selected 3f6db775476a4f99 (verdict 1), evidence 16/1 trials, belief 1, generation 1 -> 2, in force 3f6db775476a4f99; measured: incumbent 6744 ns, selected 2696209 ps, reference 4581232 ps, served 2257, crumbs 4949
    SEQ   goal status 2, plan action 1 reason 3, epoch 2, selected 3f6db775476a4f99 (verdict 1), evidence 16/1 trials, belief 1, generation 1 -> 2, in force 3f6db775476a4f99; measured: incumbent 6866 ns, selected 2685418 ps, reference 4566720 ps, served 371, crumbs 936
seat build insns 363 gpr 50
seat heartbeat 1 instructions 363 gpr 50
seat lease: 34198 passes in 50 ms, budget 1367920 (2000 ms window)
seat build insns 363 gpr 50
seat heartbeat 1 instructions 363 gpr 50
seat lease: 35138 passes in 50 ms, budget 1405520 (2000 ms window)
  pair 2 (RES-1 first, target 3715 ns)
    RES-1 goal status 2, plan action 1 reason 3, epoch 2, selected 3f6db775476a4f99 (verdict 1), evidence 16/1 trials, belief 1, generation 1 -> 2, in force 3f6db775476a4f99; measured: incumbent 6755 ns, selected 2686534 ps, reference 4575279 ps, served 2448, crumbs 5355
    SEQ   goal status 2, plan action 1 reason 3, epoch 2, selected 3f6db775476a4f99 (verdict 1), evidence 16/1 trials, belief 1, generation 1 -> 2, in force 3f6db775476a4f99; measured: incumbent 6768 ns, selected 2684674 ps, reference 4568953 ps, served 370, crumbs 934
seat build insns 363 gpr 50
seat heartbeat 1 instructions 363 gpr 50
seat lease: 33066 passes in 50 ms, budget 1322640 (2000 ms window)
seat build insns 363 gpr 50
seat heartbeat 1 instructions 363 gpr 50
seat lease: 35168 passes in 50 ms, budget 1406720 (2000 ms window)
  pair 3 (SEQ first, target 3705 ns)
    RES-1 goal status 2, plan action 1 reason 3, epoch 2, selected 3f6db775476a4f99 (verdict 1), evidence 16/1 trials, belief 1, generation 1 -> 2, in force 3f6db775476a4f99; measured: incumbent 6601 ns, selected 2694325 ps, reference 4572325 ps, served 2624, crumbs 5729
    SEQ   goal status 2, plan action 1 reason 3, epoch 2, selected 3f6db775476a4f99 (verdict 1), evidence 16/1 trials, belief 1, generation 1 -> 2, in force 3f6db775476a4f99; measured: incumbent 6738 ns, selected 2686906 ps, reference 4567837 ps, served 371, crumbs 935
seat build insns 363 gpr 50
seat heartbeat 1 instructions 363 gpr 50
seat lease: 34343 passes in 50 ms, budget 1373720 (2000 ms window)
seat build insns 363 gpr 50
seat heartbeat 1 instructions 363 gpr 50
seat lease: 35138 passes in 50 ms, budget 1405520 (2000 ms window)
  pair 4 (RES-1 first, target 3812 ns)
    RES-1 goal status 2, plan action 1 reason 3, epoch 2, selected 3f6db775476a4f99 (verdict 1), evidence 16/1 trials, belief 1, generation 1 -> 2, in force 3f6db775476a4f99; measured: incumbent 6931 ns, selected 2693232 ps, reference 4578255 ps, served 2530, crumbs 5529
    SEQ   goal status 2, plan action 1 reason 3, epoch 2, selected 3f6db775476a4f99 (verdict 1), evidence 16/1 trials, belief 1, generation 1 -> 2, in force 3f6db775476a4f99; measured: incumbent 6743 ns, selected 2996116 ps, reference 4575651 ps, served 370, crumbs 934
R15 SEQ parity: 5 pairs, 0 failures
SEQ_SEMANTIC_PARITY=PASS
