    SIN batch 16/256 done, mismatches so far 0
    SIN batch 32/256 done, mismatches so far 0
    SIN batch 48/256 done, mismatches so far 0
    SIN batch 64/256 done, mismatches so far 0
    SIN batch 80/256 done, mismatches so far 0
    SIN batch 96/256 done, mismatches so far 0
    SIN batch 112/256 done, mismatches so far 0
    SIN batch 128/256 done, mismatches so far 0
    SIN batch 144/256 done, mismatches so far 0
    SIN batch 160/256 done, mismatches so far 0
    SIN batch 176/256 done, mismatches so far 0
    SIN batch 192/256 done, mismatches so far 0
    SIN batch 208/256 done, mismatches so far 0
    SIN batch 224/256 done, mismatches so far 0
    SIN batch 240/256 done, mismatches so far 0
    SIN batch 256/256 done, mismatches so far 0
RESULT chip SIN checked=4294967296 exhaustive=true mismatches=0 unwritten=0 verdict=PASS
    COS batch 16/256 done, mismatches so far 0
    COS batch 32/256 done, mismatches so far 0
    COS batch 48/256 done, mismatches so far 0
    COS batch 64/256 done, mismatches so far 0
    COS batch 80/256 done, mismatches so far 0
    COS batch 96/256 done, mismatches so far 0
    COS batch 112/256 done, mismatches so far 0
    COS batch 128/256 done, mismatches so far 0
    COS batch 144/256 done, mismatches so far 0
    COS batch 160/256 done, mismatches so far 0
    COS batch 176/256 done, mismatches so far 0
    COS batch 192/256 done, mismatches so far 0
    COS batch 208/256 done, mismatches so far 0
    COS batch 224/256 done, mismatches so far 0
    COS batch 240/256 done, mismatches so far 0
    COS batch 256/256 done, mismatches so far 0
RESULT chip COS checked=4294967296 exhaustive=true mismatches=0 unwritten=0 verdict=PASS
    ERF batch 16/256 done, mismatches so far 0
    ERF batch 32/256 done, mismatches so far 0
    ERF batch 48/256 done, mismatches so far 0
    ERF batch 64/256 done, mismatches so far 0
    ERF batch 80/256 done, mismatches so far 0
    ERF batch 96/256 done, mismatches so far 0
    ERF batch 112/256 done, mismatches so far 0
    ERF batch 128/256 done, mismatches so far 0
    ERF batch 144/256 done, mismatches so far 0
    ERF batch 160/256 done, mismatches so far 0
    ERF batch 176/256 done, mismatches so far 0
    ERF batch 192/256 done, mismatches so far 0
    ERF batch 208/256 done, mismatches so far 0
    ERF batch 224/256 done, mismatches so far 0
    ERF batch 240/256 done, mismatches so far 0
    ERF batch 256/256 done, mismatches so far 0
RESULT chip ERF checked=4294967296 exhaustive=true mismatches=0 unwritten=0 verdict=PASS
    GELU batch 16/256 done, mismatches so far 0
    GELU batch 32/256 done, mismatches so far 0
    GELU batch 48/256 done, mismatches so far 0
    GELU batch 64/256 done, mismatches so far 0
    GELU batch 80/256 done, mismatches so far 0
    GELU batch 96/256 done, mismatches so far 0
    GELU batch 112/256 done, mismatches so far 0
    GELU batch 128/256 done, mismatches so far 0
    GELU batch 144/256 done, mismatches so far 0
    GELU batch 160/256 done, mismatches so far 0
    GELU batch 176/256 done, mismatches so far 0
    GELU batch 192/256 done, mismatches so far 0
    GELU batch 208/256 done, mismatches so far 0
    GELU batch 224/256 done, mismatches so far 0
    GELU batch 240/256 done, mismatches so far 0
    GELU batch 256/256 done, mismatches so far 0
RESULT chip GELU checked=4294967296 exhaustive=true mismatches=0 unwritten=0 verdict=PASS
    RSQRT batch 16/256 done, mismatches so far 0
    RSQRT batch 32/256 done, mismatches so far 0
    RSQRT batch 48/256 done, mismatches so far 0
    RSQRT batch 64/256 done, mismatches so far 0
    RSQRT batch 80/256 done, mismatches so far 0
    RSQRT batch 96/256 done, mismatches so far 0
    RSQRT batch 112/256 done, mismatches so far 0
    RSQRT batch 128/256 done, mismatches so far 0
    RSQRT batch 144/256 done, mismatches so far 0
    RSQRT batch 160/256 done, mismatches so far 0
    RSQRT batch 176/256 done, mismatches so far 0
    RSQRT batch 192/256 done, mismatches so far 0
    RSQRT batch 208/256 done, mismatches so far 0
    RSQRT batch 224/256 done, mismatches so far 0
    RSQRT batch 240/256 done, mismatches so far 0
    RSQRT batch 256/256 done, mismatches so far 0
RESULT chip RSQRT checked=4294967296 exhaustive=true mismatches=0 unwritten=0 verdict=PASS
VERDICT PASS
