    EXP2 batch 16/256 done, mismatches so far 0
    EXP2 batch 32/256 done, mismatches so far 0
    EXP2 batch 48/256 done, mismatches so far 0
    EXP2 batch 64/256 done, mismatches so far 0
    EXP2 batch 80/256 done, mismatches so far 0
    EXP2 batch 96/256 done, mismatches so far 0
    EXP2 batch 112/256 done, mismatches so far 0
    EXP2 batch 128/256 done, mismatches so far 0
    EXP2 batch 144/256 done, mismatches so far 0
    EXP2 batch 160/256 done, mismatches so far 0
    EXP2 batch 176/256 done, mismatches so far 0
    EXP2 batch 192/256 done, mismatches so far 0
    EXP2 batch 208/256 done, mismatches so far 0
    EXP2 batch 224/256 done, mismatches so far 0
    EXP2 batch 240/256 done, mismatches so far 0
    EXP2 batch 256/256 done, mismatches so far 0
RESULT chip EXP2 checked=4294967296 exhaustive=true mismatches=0 unwritten=0 verdict=PASS
    LOG2 batch 16/256 done, mismatches so far 0
    LOG2 batch 32/256 done, mismatches so far 0
    LOG2 batch 48/256 done, mismatches so far 0
    LOG2 batch 64/256 done, mismatches so far 0
    LOG2 batch 80/256 done, mismatches so far 0
    LOG2 batch 96/256 done, mismatches so far 0
    LOG2 batch 112/256 done, mismatches so far 0
    LOG2 batch 128/256 done, mismatches so far 0
    LOG2 batch 144/256 done, mismatches so far 0
    LOG2 batch 160/256 done, mismatches so far 0
    LOG2 batch 176/256 done, mismatches so far 0
    LOG2 batch 192/256 done, mismatches so far 0
    LOG2 batch 208/256 done, mismatches so far 0
    LOG2 batch 224/256 done, mismatches so far 0
    LOG2 batch 240/256 done, mismatches so far 0
    LOG2 batch 256/256 done, mismatches so far 0
RESULT chip LOG2 checked=4294967296 exhaustive=true mismatches=0 unwritten=0 verdict=PASS
    SIGMOID batch 16/256 done, mismatches so far 0
    SIGMOID batch 32/256 done, mismatches so far 0
    SIGMOID batch 48/256 done, mismatches so far 0
    SIGMOID batch 64/256 done, mismatches so far 0
    SIGMOID batch 80/256 done, mismatches so far 0
    SIGMOID batch 96/256 done, mismatches so far 0
    SIGMOID batch 112/256 done, mismatches so far 0
    SIGMOID batch 128/256 done, mismatches so far 0
    SIGMOID batch 144/256 done, mismatches so far 0
    SIGMOID batch 160/256 done, mismatches so far 0
    SIGMOID batch 176/256 done, mismatches so far 0
    SIGMOID batch 192/256 done, mismatches so far 0
    SIGMOID batch 208/256 done, mismatches so far 0
    SIGMOID batch 224/256 done, mismatches so far 0
    SIGMOID batch 240/256 done, mismatches so far 0
    SIGMOID batch 256/256 done, mismatches so far 0
RESULT chip SIGMOID checked=4294967296 exhaustive=true mismatches=0 unwritten=0 verdict=PASS
    TANH batch 16/256 done, mismatches so far 0
    TANH batch 32/256 done, mismatches so far 0
    TANH batch 48/256 done, mismatches so far 0
    TANH batch 64/256 done, mismatches so far 0
    TANH batch 80/256 done, mismatches so far 0
    TANH batch 96/256 done, mismatches so far 0
    TANH batch 112/256 done, mismatches so far 0
    TANH batch 128/256 done, mismatches so far 0
    TANH batch 144/256 done, mismatches so far 0
    TANH batch 160/256 done, mismatches so far 0
    TANH batch 176/256 done, mismatches so far 0
    TANH batch 192/256 done, mismatches so far 0
    TANH batch 208/256 done, mismatches so far 0
    TANH batch 224/256 done, mismatches so far 0
    TANH batch 240/256 done, mismatches so far 0
    TANH batch 256/256 done, mismatches so far 0
RESULT chip TANH checked=4294967296 exhaustive=true mismatches=0 unwritten=0 verdict=PASS
VERDICT PASS
