CHECKOUT /home/drakestapleton/workspace/overnight-1005/wt-L5-NATIVE-cand1-2eec75b-aien-sovereign-core head=2eec75b08aeb8f9d11f950070e13f6c2c046cf24 dirty=[]
CHECKOUT /home/drakestapleton/workspace/overnight-1005/wt-L5-NATIVE-omega-cb06d08 head=cb06d081901c03063945a99ffed1c58d33397e9c dirty=[]
CHECKOUT /home/drakestapleton/workspace/overnight-1005/wt-L5-NATIVE-physics-6d7cf0d head=6d7cf0d4d8eb2cda7b512100ff6058e25dbb3ddf dirty=[]
BUILD_CLI scripts/repro-build.sh -p aien-cli
   Compiling proc-macro2 v1.0.107
   Compiling unicode-ident v1.0.26
   Compiling quote v1.0.47
   Compiling libc v0.2.189
   Compiling cfg-if v1.0.5
   Compiling shlex v2.0.1
   Compiling find-msvc-tools v0.1.13
   Compiling smallvec v1.16.1
   Compiling serde_core v1.0.229
   Compiling cc v1.4.7
   Compiling once_cell v1.21.4
   Compiling itoa v1.0.18
   Compiling log v0.4.34
   Compiling serde v1.0.229
   Compiling pin-project-lite v0.2.17
   Compiling pkg-config v0.3.34
   Compiling parking_lot_core v0.9.12
   Compiling scopeguard v1.2.0
   Compiling bytes v1.12.1
   Compiling syn v3.0.6
   Compiling syn v2.0.119
   Compiling memchr v2.8.3
   Compiling lock_api v0.4.14
   Compiling errno v0.3.14
   Compiling stable_deref_trait v1.2.1
   Compiling signal-hook-registry v1.4.8
   Compiling parking_lot v0.12.5
   Compiling bitflags v2.13.2
   Compiling futures-core v0.3.34
   Compiling tracing-core v0.1.36
   Compiling vcpkg v0.2.15
   Compiling version_check v0.9.5
   Compiling socket2 v0.6.5
   Compiling mio v1.2.3
   Compiling http v1.5.0
   Compiling zerocopy v0.8.57
   Compiling litemap v0.8.3
   Compiling getrandom v0.3.4
   Compiling rustversion v1.0.23
   Compiling slab v0.4.12
   Compiling writeable v0.6.4
   Compiling percent-encoding v2.3.2
   Compiling icu_normalizer_data v2.3.0
   Compiling zmij v1.0.23
   Compiling crossbeam-utils v0.8.23
   Compiling icu_properties_data v2.3.0
   Compiling http-body v1.1.0
   Compiling utf8_iter v1.0.4
   Compiling openssl-sys v0.9.117
   Compiling synstructure v0.14.0
   Compiling serde_json v1.0.151
   Compiling futures-task v0.3.34
   Compiling tower-service v0.3.3
   Compiling crossbeam-epoch v0.9.21
   Compiling ring v0.17.14
   Compiling ryu v1.0.23
   Compiling futures-sink v0.3.34
   Compiling crossbeam-deque v0.8.8
   Compiling httparse v1.10.1
   Compiling equivalent v1.0.2
   Compiling hashbrown v0.17.1
   Compiling tracing-attributes v0.1.31
   Compiling zeroize_derive v1.5.0
   Compiling serde_derive v1.0.229
   Compiling zerofrom-derive v0.1.8
   Compiling yoke-derive v0.8.3
   Compiling zerovec-derive v0.11.6
   Compiling displaydoc v0.2.7
   Compiling zerofrom v0.1.8
   Compiling tracing v0.1.44
   Compiling yoke v0.8.3
   Compiling tokio-macros v2.7.2
   Compiling futures-macro v0.3.34
   Compiling zerotrie v0.2.5
   Compiling zerovec v0.11.8
   Compiling zeroize v1.9.0
   Compiling tokio v1.53.1
   Compiling indexmap v2.14.2
   Compiling tinystr v0.8.4
   Compiling potential_utf v0.1.6
   Compiling icu_locale_core v2.3.0
   Compiling icu_collections v2.3.0
   Compiling futures-util v0.3.34
   Compiling form_urlencoded v1.2.2
   Compiling icu_provider v2.3.1
   Compiling icu_normalizer v2.3.0
   Compiling icu_properties v2.3.0
   Compiling ahash v0.8.12
   Compiling try-lock v0.2.5
   Compiling fnv v1.0.7
   Compiling rayon-core v1.13.0
   Compiling atomic-waker v1.1.2
   Compiling want v0.3.1
   Compiling rustls-pki-types v1.15.1
   Compiling generic-array v0.14.7
   Compiling idna_adapter v1.2.2
   Compiling futures-channel v0.3.34
   Compiling getrandom v0.2.17
   Compiling httpdate v1.0.3
   Compiling ident_case v1.0.1
   Compiling either v1.18.0
   Compiling foreign-types-shared v0.1.1
   Compiling openssl v0.10.81
   Compiling tower-layer v0.3.3
   Compiling strsim v0.11.1
   Compiling untrusted v0.9.0
   Compiling foreign-types v0.3.2
   Compiling idna v1.1.0
   Compiling darling_core v0.20.11
   Compiling openssl-macros v0.1.1
   Compiling http-body-util v0.1.5
   Compiling sync_wrapper v1.0.2
   Compiling aho-corasick v1.1.5
   Compiling regex-syntax v0.8.11
   Compiling native-tls v0.2.18
   Compiling tokio-util v0.7.19
   Compiling h2 v0.4.19
   Compiling autocfg v1.5.1
   Compiling base64 v0.22.1
   Compiling rustls v0.23.45
   Compiling ipnet v2.12.2
   Compiling getrandom v0.4.3
   Compiling utf8parse v0.2.2
   Compiling typenum v1.20.1
   Compiling num-traits v0.2.19
   Compiling regex-automata v0.4.18
   Compiling darling_macro v0.20.11
   Compiling rustls-webpki v0.103.15
   Compiling rayon v1.12.0
   Compiling url v2.5.8
   Compiling openssl-probe v0.2.1
   Compiling subtle v2.6.1
   Compiling darling v0.20.11
   Compiling anstyle-parse v1.0.0
   Compiling tower v0.5.3
   Compiling async-trait v0.1.92
   Compiling hyper v1.11.1
   Compiling encoding_rs v0.8.41
   Compiling hyper-util v0.1.20
   Compiling onig_sys v69.9.3
   Compiling thiserror v2.0.20
   Compiling lazy_static v1.5.0
   Compiling anstyle v1.0.14
   Compiling colorchoice v1.0.5
   Compiling mime v0.3.17
   Compiling anstyle-query v1.1.5
   Compiling is_terminal_polyfill v1.70.2
   Compiling thiserror v1.0.69
   Compiling anstream v1.0.0
   Compiling tokio-native-tls v0.3.1
   Compiling uuid v1.26.1
   Compiling tokio-rustls v0.26.5
   Compiling derive_builder_core v0.20.2
   Compiling crypto-common v0.1.7
   Compiling block-buffer v0.10.4
   Compiling webpki-roots v1.0.9
   Compiling serde_urlencoded v0.7.1
   Compiling ppv-lite86 v0.2.21
   Compiling thiserror-impl v2.0.20
   Compiling thiserror-impl v1.0.69
   Compiling rand_core v0.9.5
   Compiling libsqlite3-sys v0.28.0
   Compiling blake3 v1.8.7
   Compiling iana-time-zone v0.1.65
   Compiling heck v0.5.0
   Compiling multiversion_no_op v1.0.0
   Compiling unicode-segmentation v1.13.3
   Compiling time-core v0.1.9
   Compiling minimal-lexical v0.2.1
   Compiling esaxx-rs v0.1.10
   Compiling num-conv v0.2.2
   Compiling simdutf8 v0.1.5
   Compiling clap_lex v1.1.1
   Compiling paste v1.0.15
   Compiling time-macros v0.2.32
   Compiling clap_builder v4.6.7
   Compiling nom v7.1.3
   Compiling clap_derive v4.6.7
   Compiling chrono v0.4.45
   Compiling rand_chacha v0.9.0
   Compiling derive_builder_macro v0.20.2
   Compiling hyper-rustls v0.27.9
   Compiling digest v0.10.7
   Compiling hyper-tls v0.6.0
   Compiling tower-http v0.6.11
   Compiling regex v1.13.1
   Compiling hashbrown v0.14.5
   Compiling itertools v0.14.0
   Compiling monostate-impl v0.1.18
   Compiling castaway v0.2.4
   Compiling csv-core v0.1.13
   Compiling cpufeatures v0.2.17
   Compiling base64 v0.13.1
   Compiling arrayvec v0.7.8
   Compiling aien-platform v0.1.0 (/home/drakestapleton/workspace/overnight-1005/wt-L5-NATIVE-cand1-2eec75b-aien-sovereign-core/crates/aien-platform)
   Compiling constant_time_eq v0.4.2
   Compiling pastey v0.2.3
   Compiling static_assertions v1.1.0
   Compiling macro_rules_attribute-proc_macro v0.2.3
   Compiling powerfmt v0.2.0
   Compiling aien-omega-gpu v0.1.0 (/home/drakestapleton/workspace/overnight-1005/wt-L5-NATIVE-cand1-2eec75b-aien-sovereign-core/crates/aien-omega-gpu)
   Compiling same-file v1.0.6
   Compiling deranged v0.5.8
   Compiling walkdir v2.5.0
   Compiling rayon-cond v0.4.0
   Compiling macro_rules_attribute v0.2.3
   Compiling compact_str v0.9.1
   Compiling aien-platform-linux v0.1.0 (/home/drakestapleton/workspace/overnight-1005/wt-L5-NATIVE-cand1-2eec75b-aien-sovereign-core/crates/aien-platform-linux)
   Compiling spm_precompiled v0.1.4
   Compiling monostate v0.1.18
   Compiling csv v1.4.0
   Compiling time v0.3.55
   Compiling sha2 v0.10.9
   Compiling hashlink v0.9.1
   Compiling onig v6.5.3
   Compiling reqwest v0.12.28
   Compiling derive_builder v0.20.2
   Compiling rand v0.9.5
   Compiling clap v4.6.7
   Compiling colored v2.2.0
   Compiling dary_heap v0.3.9
   Compiling bincode v1.3.3
   Compiling unicode-normalization-alignments v0.1.12
   Compiling cfg_aliases v0.1.1
   Compiling fallible-streaming-iterator v0.1.9
   Compiling unicode_categories v0.1.1
   Compiling rustix v1.1.5
   Compiling fallible-iterator v0.3.0
   Compiling signal-hook v0.3.18
   Compiling tokenizers v0.21.4
   Compiling nix v0.28.0
   Compiling crumb-spec v1.0.0 (https://github.com/aien-dev/crumb-spec?rev=24194d1b7917ef19244aae6bcaff510686b75fef#24194d1b)
   Compiling spark-crumbs v0.1.0 (https://github.com/aien-dev/spark-crumbs?rev=9355a92bc9adfe95a6ec5f8ac926f38a0b6e7db2#9355a92b)
   Compiling aien-kv-cache v0.1.0 (/home/drakestapleton/workspace/overnight-1005/wt-L5-NATIVE-cand1-2eec75b-aien-sovereign-core/crates/aien-kv-cache)
   Compiling axum-core v0.4.5
   Compiling sharded-slab v0.1.7
   Compiling aien-abi-core v0.1.0 (/home/drakestapleton/workspace/overnight-1005/wt-L5-NATIVE-cand1-2eec75b-aien-sovereign-core/crates/aien-abi-core)
   Compiling matchers v0.2.0
   Compiling axum-macros v0.4.2
   Compiling tracing-log v0.2.0
   Compiling serde_path_to_error v0.1.20
   Compiling thread_local v1.1.10
   Compiling libloading v0.8.9
   Compiling matchit v0.7.3
   Compiling linux-raw-sys v0.12.1
   Compiling nu-ansi-term v0.50.3
   Compiling axum v0.7.9
   Compiling tracing-subscriber v0.3.23
   Compiling aien-inference-abi v0.1.0 (/home/drakestapleton/workspace/overnight-1005/wt-L5-NATIVE-cand1-2eec75b-aien-sovereign-core/crates/aien-inference-abi)
   Compiling tower-http v0.5.2
   Compiling mio v0.8.11
   Compiling nibble_vec v0.1.0
   Compiling endian-type v0.1.2
   Compiling byteorder v1.5.0
   Compiling radix_trie v0.2.1
   Compiling signal-hook-mio v0.2.5
   Compiling fd-lock v4.0.4
   Compiling aien-security v0.1.0 (/home/drakestapleton/workspace/overnight-1005/wt-L5-NATIVE-cand1-2eec75b-aien-sovereign-core/crates/aien-security)
   Compiling home v0.5.12
   Compiling aien-scheduler v0.1.0 (/home/drakestapleton/workspace/overnight-1005/wt-L5-NATIVE-cand1-2eec75b-aien-sovereign-core/crates/aien-scheduler)
   Compiling unicode-width v0.1.14
   Compiling crossterm v0.27.0
   Compiling rustyline v14.0.0
   Compiling hex v0.4.3
   Compiling rusqlite v0.31.0
   Compiling cortex-rs v0.1.0 (/home/drakestapleton/workspace/overnight-1005/wt-L5-NATIVE-cand1-2eec75b-aien-sovereign-core/crates/cortex-rs)
   Compiling spark-hive v0.1.0 (/home/drakestapleton/workspace/overnight-1005/wt-L5-NATIVE-cand1-2eec75b-aien-sovereign-core/crates/spark-hive)
   Compiling aien-runtime v0.1.0 (/home/drakestapleton/workspace/overnight-1005/wt-L5-NATIVE-cand1-2eec75b-aien-sovereign-core/crates/aien-runtime)
   Compiling aien-cli v0.1.0 (/home/drakestapleton/workspace/overnight-1005/wt-L5-NATIVE-cand1-2eec75b-aien-sovereign-core/crates/aien-cli)
    Finished `release` profile [optimized] target(s) in 1m 57s
   Compiling proc-macro2 v1.0.107
   Compiling unicode-ident v1.0.26
   Compiling quote v1.0.47
   Compiling libc v0.2.189
   Compiling cfg-if v1.0.5
   Compiling smallvec v1.16.1
   Compiling shlex v2.0.1
   Compiling parking_lot_core v0.9.12
   Compiling scopeguard v1.2.0
   Compiling find-msvc-tools v0.1.13
   Compiling serde_core v1.0.229
   Compiling pkg-config v0.3.34
   Compiling stable_deref_trait v1.2.1
   Compiling lock_api v0.4.14
   Compiling cc v1.4.7
   Compiling bytes v1.12.1
   Compiling pin-project-lite v0.2.17
   Compiling syn v3.0.6
   Compiling syn v2.0.119
   Compiling itoa v1.0.18
   Compiling parking_lot v0.12.5
   Compiling futures-core v0.3.34
   Compiling serde v1.0.229
   Compiling errno v0.3.14
   Compiling socket2 v0.6.5
   Compiling mio v1.2.3
   Compiling signal-hook-registry v1.4.8
   Compiling version_check v0.9.5
   Compiling vcpkg v0.2.15
   Compiling once_cell v1.21.4
   Compiling rustversion v1.0.23
   Compiling slab v0.4.12
   Compiling memchr v2.8.3
   Compiling litemap v0.8.3
   Compiling writeable v0.6.4
   Compiling openssl-sys v0.9.117
   Compiling http v1.5.0
   Compiling bitflags v2.13.2
   Compiling icu_normalizer_data v2.3.0
   Compiling utf8_iter v1.0.4
   Compiling icu_properties_data v2.3.0
   Compiling crossbeam-utils v0.8.23
   Compiling zerocopy v0.8.57
   Compiling strsim v0.11.1
   Compiling synstructure v0.14.0
   Compiling futures-task v0.3.34
   Compiling percent-encoding v2.3.2
   Compiling getrandom v0.3.4
   Compiling crossbeam-epoch v0.9.21
   Compiling ident_case v1.0.1
   Compiling fnv v1.0.7
   Compiling darling_core v0.20.11
   Compiling http-body v1.1.0
   Compiling tracing-core v0.1.36
   Compiling generic-array v0.14.7
   Compiling openssl v0.10.81
   Compiling zmij v1.0.23
   Compiling futures-sink v0.3.34
   Compiling hashbrown v0.17.1
   Compiling equivalent v1.0.2
   Compiling foreign-types-shared v0.1.1
   Compiling crossbeam-deque v0.8.8
   Compiling httparse v1.10.1
   Compiling tracing-attributes v0.1.31
   Compiling openssl-macros v0.1.1
   Compiling zerofrom-derive v0.1.8
   Compiling yoke-derive v0.8.3
   Compiling zerovec-derive v0.11.6
   Compiling displaydoc v0.2.7
   Compiling serde_derive v1.0.229
   Compiling tokio-macros v2.7.2
   Compiling futures-macro v0.3.34
   Compiling tracing v0.1.44
   Compiling zerofrom v0.1.8
   Compiling darling_macro v0.20.11
   Compiling yoke v0.8.3
   Compiling indexmap v2.14.2
   Compiling zerovec v0.11.8
   Compiling tokio v1.53.1
   Compiling zerotrie v0.2.5
   Compiling futures-util v0.3.34
   Compiling tinystr v0.8.4
   Compiling potential_utf v0.1.6
   Compiling foreign-types v0.3.2
   Compiling icu_collections v2.3.0
   Compiling icu_locale_core v2.3.0
   Compiling icu_provider v2.3.1
   Compiling rayon-core v1.13.0
   Compiling icu_normalizer v2.3.0
   Compiling icu_properties v2.3.0
   Compiling atomic-waker v1.1.2
   Compiling native-tls v0.2.18
   Compiling tower-service v0.3.3
   Compiling typenum v1.20.1
   Compiling try-lock v0.2.5
   Compiling log v0.4.34
   Compiling serde_json v1.0.151
   Compiling idna_adapter v1.2.2
   Compiling want v0.3.1
   Compiling darling v0.20.11
   Compiling form_urlencoded v1.2.2
   Compiling onig_sys v69.9.3
   Compiling futures-channel v0.3.34
   Compiling openssl-probe v0.2.1
   Compiling ryu v1.0.23
   Compiling either v1.18.0
   Compiling ppv-lite86 v0.2.21
   Compiling derive_builder_core v0.20.2
   Compiling tokio-util v0.7.19
   Compiling h2 v0.4.19
   Compiling idna v1.1.0
   Compiling rand_core v0.9.5
   Compiling encoding_rs v0.8.41
   Compiling aho-corasick v1.1.5
   Compiling ahash v0.8.12
   Compiling sync_wrapper v1.0.2
   Compiling paste v1.0.15
   Compiling base64 v0.22.1
   Compiling minimal-lexical v0.2.1
   Compiling hyper v1.11.1
   Compiling tower-layer v0.3.3
   Compiling regex-syntax v0.8.11
   Compiling esaxx-rs v0.1.10
   Compiling ipnet v2.12.2
   Compiling thiserror v2.0.20
   Compiling hyper-util v0.1.20
   Compiling tower v0.5.3
   Compiling nom v7.1.3
   Compiling regex-automata v0.4.18
   Compiling rand_chacha v0.9.0
   Compiling tokio-native-tls v0.3.1
   Compiling url v2.5.8
   Compiling rayon v1.12.0
   Compiling derive_builder_macro v0.20.2
   Compiling itertools v0.14.0
   Compiling block-buffer v0.10.4
   Compiling crypto-common v0.1.7
   Compiling thiserror-impl v2.0.20
   Compiling async-trait v0.1.92
   Compiling monostate-impl v0.1.18
   Compiling http-body-util v0.1.5
   Compiling castaway v0.2.4
   Compiling base64 v0.13.1
   Compiling pastey v0.2.3
   Compiling aien-platform v0.1.0 (/home/drakestapleton/workspace/overnight-1005/wt-L5-NATIVE-cand1-2eec75b-aien-sovereign-core/crates/aien-platform)
   Compiling unicode-segmentation v1.13.3
   Compiling macro_rules_attribute-proc_macro v0.2.3
   Compiling static_assertions v1.1.0
   Compiling multiversion_no_op v1.0.0
   Compiling zeroize v1.9.0
   Compiling autocfg v1.5.1
   Compiling simdutf8 v0.1.5
   Compiling aien-omega-gpu v0.1.0 (/home/drakestapleton/workspace/overnight-1005/wt-L5-NATIVE-cand1-2eec75b-aien-sovereign-core/crates/aien-omega-gpu)
   Compiling macro_rules_attribute v0.2.3
   Compiling rustls-pki-types v1.15.1
   Compiling spm_precompiled v0.1.4
   Compiling num-traits v0.2.19
   Compiling compact_str v0.9.1
   Compiling rayon-cond v0.4.0
   Compiling aien-platform-linux v0.1.0 (/home/drakestapleton/workspace/overnight-1005/wt-L5-NATIVE-cand1-2eec75b-aien-sovereign-core/crates/aien-platform-linux)
   Compiling hyper-tls v0.6.0
   Compiling monostate v0.1.18
   Compiling regex v1.13.1
   Compiling digest v0.10.7
   Compiling derive_builder v0.20.2
   Compiling onig v6.5.3
   Compiling tower-http v0.6.11
   Compiling rand v0.9.5
   Compiling serde_urlencoded v0.7.1
   Compiling dary_heap v0.3.9
   Compiling cpufeatures v0.2.17
   Compiling unicode-normalization-alignments v0.1.12
   Compiling unicode_categories v0.1.1
   Compiling mime v0.3.17
   Compiling getrandom v0.4.3
   Compiling sha2 v0.10.9
   Compiling reqwest v0.12.28
   Compiling aien-kv-cache v0.1.0 (/home/drakestapleton/workspace/overnight-1005/wt-L5-NATIVE-cand1-2eec75b-aien-sovereign-core/crates/aien-kv-cache)
   Compiling aien-abi-core v0.1.0 (/home/drakestapleton/workspace/overnight-1005/wt-L5-NATIVE-cand1-2eec75b-aien-sovereign-core/crates/aien-abi-core)
   Compiling tokenizers v0.21.4
   Compiling libloading v0.8.9
   Compiling anyhow v1.0.104
   Compiling iana-time-zone v0.1.65
   Compiling uuid v1.26.1
   Compiling chrono v0.4.45
   Compiling aien-inference-service v0.1.0 (/home/drakestapleton/workspace/overnight-1005/wt-L5-NATIVE-cand1-2eec75b-aien-sovereign-core/crates/aien-inference-service)
   Compiling aien-inference-abi v0.1.0 (/home/drakestapleton/workspace/overnight-1005/wt-L5-NATIVE-cand1-2eec75b-aien-sovereign-core/crates/aien-inference-abi)
   Compiling aien-scheduler v0.1.0 (/home/drakestapleton/workspace/overnight-1005/wt-L5-NATIVE-cand1-2eec75b-aien-sovereign-core/crates/aien-scheduler)
   Compiling aien-inference-runtime v0.1.0 (/home/drakestapleton/workspace/overnight-1005/wt-L5-NATIVE-cand1-2eec75b-aien-sovereign-core/crates/aien-inference-runtime)
    Finished `release` profile [optimized] target(s) in 1m 03s
   Compiling serde_core v1.0.229
   Compiling syn v2.0.119
   Compiling log v0.4.34
   Compiling memchr v2.8.3
   Compiling tracing-core v0.1.36
   Compiling bitflags v2.13.2
   Compiling ring v0.17.14
   Compiling serde_json v1.0.151
   Compiling getrandom v0.2.17
   Compiling httpdate v1.0.3
   Compiling untrusted v0.9.0
   Compiling aho-corasick v1.1.5
   Compiling rustls v0.23.45
   Compiling subtle v2.6.1
   Compiling utf8parse v0.2.2
   Compiling thiserror v1.0.69
   Compiling anstyle-parse v1.0.0
   Compiling lazy_static v1.5.0
   Compiling anstyle v1.0.14
   Compiling colorchoice v1.0.5
   Compiling anstyle-query v1.1.5
   Compiling is_terminal_polyfill v1.70.2
   Compiling nom v7.1.3
   Compiling anstream v1.0.0
   Compiling regex-automata v0.4.18
   Compiling serde v1.0.229
   Compiling darling_core v0.20.11
   Compiling ahash v0.8.12
   Compiling serde_urlencoded v0.7.1
   Compiling uuid v1.26.1
   Compiling libsqlite3-sys v0.28.0
   Compiling tracing-attributes v0.1.31
   Compiling zeroize_derive v1.5.0
   Compiling openssl-macros v0.1.1
   Compiling openssl v0.10.81
   Compiling zeroize v1.9.0
   Compiling darling_macro v0.20.11
   Compiling rustls-pki-types v1.15.1
   Compiling tracing v0.1.44
   Compiling webpki-roots v1.0.9
   Compiling darling v0.20.11
   Compiling derive_builder_core v0.20.2
   Compiling regex v1.13.1
   Compiling h2 v0.4.19
   Compiling tower v0.5.3
   Compiling derive_builder_macro v0.20.2
   Compiling tower-http v0.6.11
   Compiling monostate-impl v0.1.18
   Compiling native-tls v0.2.18
   Compiling thiserror-impl v1.0.69
   Compiling rustls-webpki v0.103.15
   Compiling tokio-native-tls v0.3.1
   Compiling blake3 v1.8.7
   Compiling heck v0.5.0
   Compiling clap_lex v1.1.1
   Compiling strsim v0.11.1
   Compiling num-conv v0.2.2
   Compiling time-core v0.1.9
   Compiling chrono v0.4.45
   Compiling hyper v1.11.1
   Compiling time-macros v0.2.32
   Compiling spm_precompiled v0.1.4
   Compiling compact_str v0.9.1
   Compiling hyper-util v0.1.20
   Compiling clap_builder v4.6.7
   Compiling aien-omega-gpu v0.1.0 (/home/drakestapleton/workspace/overnight-1005/wt-L5-NATIVE-cand1-2eec75b-aien-sovereign-core/crates/aien-omega-gpu)
   Compiling tokio-rustls v0.26.5
   Compiling clap_derive v4.6.7
   Compiling monostate v0.1.18
   Compiling derive_builder v0.20.2
   Compiling onig v6.5.3
   Compiling hyper-rustls v0.27.9
   Compiling hyper-tls v0.6.0
   Compiling reqwest v0.12.28
   Compiling hashbrown v0.14.5
   Compiling dary_heap v0.3.9
   Compiling csv-core v0.1.13
   Compiling deranged v0.5.8
   Compiling constant_time_eq v0.4.2
   Compiling powerfmt v0.2.0
   Compiling arrayvec v0.7.8
   Compiling same-file v1.0.6
   Compiling tokenizers v0.21.4
   Compiling time v0.3.55
   Compiling walkdir v2.5.0
   Compiling csv v1.4.0
   Compiling hashlink v0.9.1
   Compiling clap v4.6.7
   Compiling aien-kv-cache v0.1.0 (/home/drakestapleton/workspace/overnight-1005/wt-L5-NATIVE-cand1-2eec75b-aien-sovereign-core/crates/aien-kv-cache)
   Compiling axum-core v0.4.5
   Compiling matchers v0.2.0
   Compiling axum-macros v0.4.2
   Compiling aien-abi-core v0.1.0 (/home/drakestapleton/workspace/overnight-1005/wt-L5-NATIVE-cand1-2eec75b-aien-sovereign-core/crates/aien-abi-core)
   Compiling bincode v1.3.3
   Compiling serde_path_to_error v0.1.20
   Compiling colored v2.2.0
   Compiling sharded-slab v0.1.7
   Compiling tracing-log v0.2.0
   Compiling thread_local v1.1.10
   Compiling matchit v0.7.3
   Compiling fallible-streaming-iterator v0.1.9
   Compiling rustix v1.1.5
   Compiling nu-ansi-term v0.50.3
   Compiling fallible-iterator v0.3.0
   Compiling tracing-subscriber v0.3.23
   Compiling axum v0.7.9
   Compiling aien-inference-abi v0.1.0 (/home/drakestapleton/workspace/overnight-1005/wt-L5-NATIVE-cand1-2eec75b-aien-sovereign-core/crates/aien-inference-abi)
   Compiling spark-crumbs v0.1.0 (https://github.com/aien-dev/spark-crumbs?rev=9355a92bc9adfe95a6ec5f8ac926f38a0b6e7db2#9355a92b)
   Compiling crumb-spec v1.0.0 (https://github.com/aien-dev/crumb-spec?rev=24194d1b7917ef19244aae6bcaff510686b75fef#24194d1b)
   Compiling tower-http v0.5.2
   Compiling byteorder v1.5.0
   Compiling linux-raw-sys v0.12.1
   Compiling aien-scheduler v0.1.0 (/home/drakestapleton/workspace/overnight-1005/wt-L5-NATIVE-cand1-2eec75b-aien-sovereign-core/crates/aien-scheduler)
   Compiling aien-security v0.1.0 (/home/drakestapleton/workspace/overnight-1005/wt-L5-NATIVE-cand1-2eec75b-aien-sovereign-core/crates/aien-security)
   Compiling fastrand v2.5.0
   Compiling tempfile v3.27.0
   Compiling rusqlite v0.31.0
   Compiling cortex-rs v0.1.0 (/home/drakestapleton/workspace/overnight-1005/wt-L5-NATIVE-cand1-2eec75b-aien-sovereign-core/crates/cortex-rs)
   Compiling aien-runtime v0.1.0 (/home/drakestapleton/workspace/overnight-1005/wt-L5-NATIVE-cand1-2eec75b-aien-sovereign-core/crates/aien-runtime)
    Finished `release` profile [optimized] target(s) in 57.91s
3a17ee79a238ad223fd59f4436d98906a0144b8d5ac47809da194a9ac1d493db  /home/drakestapleton/workspace/evidence-out/CAND1-NATIVE-2eec75b/bin/aien-cli
946eeacac853d0a9323f25d3de8b300b849d8b8b8fda44609b5e332c476de576  /home/drakestapleton/workspace/evidence-out/CAND1-NATIVE-2eec75b/bin/runtime_end_to_end_tests
7866df17db570b73174111dc147a444df084bfdc6c3ff121289ed5e8cb6c3c8f  /home/drakestapleton/workspace/evidence-out/CAND1-NATIVE-2eec75b/bin/strict_real_model
a4af088104203c9ce1b92b6787f140d822a8039ac86349a0438fb7a379c0fc5c  /home/drakestapleton/workspace/evidence-out/CAND1-NATIVE-2eec75b/lib/libomega_gpu.a
BUILD_OK sovereign-core=2eec75b08aeb8f9d11f950070e13f6c2c046cf24 omega=cb06d081901c03063945a99ffed1c58d33397e9c physics=6d7cf0d4d8eb2cda7b512100ff6058e25dbb3ddf
