PASS gqa_f32_qwen3_4b_32q8kv_ctx1 n=4096 rc=OK violations=0 worst_scaled_err=0 chip_ns=216449 call_ns=104928847 calls=1 unwritten=0 kv_staged=8192/8192 blocks=1/1 | mutants 0/0 
PASS gqa_f32_qwen3_4b_32q8kv_ctx17 n=4096 rc=OK violations=0 worst_scaled_err=0.00198312 chip_ns=104192 call_ns=248720 calls=1 unwritten=0 kv_staged=139264/139264 blocks=1/1 | mutants 0/0 
PASS gqa_f32_qwen3_4b_32q8kv_ctx256 n=4096 rc=OK violations=0 worst_scaled_err=0.00219175 chip_ns=313456 call_ns=693201 calls=1 unwritten=0 kv_staged=2097152/2097152 blocks=1/1 | mutants 0/0 
PASS gqa_f32_qwen3_4b_32q8kv_ctx2048 n=4096 rc=OK violations=0 worst_scaled_err=0.00376301 chip_ns=1320049 call_ns=3704596 calls=1 unwritten=0 kv_staged=16777216/16777216 blocks=1/1 | mutants 4/4 SLOT:CAUGHT(rc=OK,bad=4090) NO_RESCALE:CAUGHT(rc=OK,bad=3905) Q_ROW:CAUGHT(rc=OK,bad=4086) OUT_ROW:CAUGHT(rc=OK,bad=4086)
PASS gqa_f32_qwen3_4b_32q8kv_ctx127 n=4096 rc=OK violations=0 worst_scaled_err=0.0019369 chip_ns=205441 call_ns=334401 calls=1 unwritten=0 kv_staged=1040384/1040384 blocks=1/1 | mutants 0/0 
PASS gqa_f32_qwen3_4b_32q8kv_ctx128 n=4096 rc=OK violations=0 worst_scaled_err=0.00195072 chip_ns=204992 call_ns=224128 calls=1 unwritten=0 kv_staged=1048576/1048576 blocks=1/1 | mutants 0/0 
PASS gqa_f32_qwen3_4b_32q8kv_ctx129 n=4096 rc=OK violations=0 worst_scaled_err=0.00222211 chip_ns=205744 call_ns=224240 calls=1 unwritten=0 kv_staged=1056768/1056768 blocks=1/1 | mutants 0/0 
PASS gqa_f32_qwen3_4b_32q8kv_ctx300 n=4096 rc=OK violations=0 worst_scaled_err=0.00262496 chip_ns=306656 call_ns=364752 calls=1 unwritten=0 kv_staged=2457600/2457600 blocks=1/1 | mutants 0/0 
PASS gqa_f32_qwen3_4b_32q8kv_ctx1000 n=4096 rc=OK violations=0 worst_scaled_err=0.00318626 chip_ns=720689 call_ns=944385 calls=1 unwritten=0 kv_staged=8192000/8192000 blocks=1/1 | mutants 0/0 
PASS gqa_f32_gqa8_32q4kv_ctx1 n=4096 rc=OK violations=0 worst_scaled_err=0 chip_ns=103728 call_ns=283040 calls=1 unwritten=0 kv_staged=4096/4096 blocks=1/1 | mutants 0/0 
PASS gqa_f32_gqa8_32q4kv_ctx17 n=4096 rc=OK violations=0 worst_scaled_err=0.00213223 chip_ns=103088 call_ns=107584 calls=1 unwritten=0 kv_staged=69632/69632 blocks=1/1 | mutants 1/1 KV_HEAD:CAUGHT(rc=OK,bad=4095)
PASS gqa_f32_gqa8_32q4kv_ctx256 n=4096 rc=OK violations=0 worst_scaled_err=0.00193136 chip_ns=208480 call_ns=318432 calls=1 unwritten=0 kv_staged=1048576/1048576 blocks=1/1 | mutants 0/0 
PASS gqa_f32_gqa8_32q4kv_ctx2048 n=4096 rc=OK violations=0 worst_scaled_err=0.00246504 chip_ns=1331393 call_ns=1558353 calls=1 unwritten=0 kv_staged=8388608/8388608 blocks=1/1 | mutants 4/4 SLOT:CAUGHT(rc=OK,bad=4084) NO_RESCALE:CAUGHT(rc=OK,bad=3914) Q_ROW:CAUGHT(rc=OK,bad=4078) OUT_ROW:CAUGHT(rc=OK,bad=4078)
PASS gqa_f32_gqa8_32q4kv_ctx127 n=4096 rc=OK violations=0 worst_scaled_err=0.00243573 chip_ns=206384 call_ns=309233 calls=1 unwritten=0 kv_staged=520192/520192 blocks=1/1 | mutants 0/0 
PASS gqa_f32_gqa8_32q4kv_ctx128 n=4096 rc=OK violations=0 worst_scaled_err=0.00180964 chip_ns=207969 call_ns=217569 calls=1 unwritten=0 kv_staged=524288/524288 blocks=1/1 | mutants 0/0 
PASS gqa_f32_gqa8_32q4kv_ctx129 n=4096 rc=OK violations=0 worst_scaled_err=0.00188256 chip_ns=204768 call_ns=214384 calls=1 unwritten=0 kv_staged=528384/528384 blocks=1/1 | mutants 0/0 
PASS gqa_f32_gqa8_32q4kv_ctx300 n=4096 rc=OK violations=0 worst_scaled_err=0.00199715 chip_ns=308464 call_ns=330688 calls=1 unwritten=0 kv_staged=1228800/1228800 blocks=1/1 | mutants 0/0 
PASS gqa_f32_gqa8_32q4kv_ctx1000 n=4096 rc=OK violations=0 worst_scaled_err=0.00296202 chip_ns=1021633 call_ns=1127505 calls=1 unwritten=0 kv_staged=4096000/4096000 blocks=1/1 | mutants 0/0 
PASS gqa_f32_large_scores_32q4kv_ctx256 n=4096 rc=OK violations=0 worst_scaled_err=0.0734338 chip_ns=206736 call_ns=225552 calls=1 unwritten=0 kv_staged=1048576/1048576 blocks=1/1 | mutants 1/1 NO_MAX:CAUGHT(rc=OK,bad=4096)
PASS gqa_f32_mha_16q16kv_ctx300 n=2048 rc=OK violations=0 worst_scaled_err=0.00270879 chip_ns=309728 call_ns=553105 calls=1 unwritten=0 kv_staged=4915200/4915200 blocks=1/1 | mutants 3/3 Q_ROW:CAUGHT(rc=OK,bad=2043) OUT_ROW:CAUGHT(rc=OK,bad=2048) KV_HEAD:CAUGHT(rc=OK,bad=2048)
PASS paged_bf16_qwen3_4b_32q8kv_bs16_ctx1 n=4096 rc=OK violations=0 worst_scaled_err=0 chip_ns=104912 call_ns=194000 calls=1 unwritten=0 kv_staged=65536/65536 blocks=1/1 | mutants 1/1 KV_HEAD:CAUGHT(rc=OK,bad=4096)
PASS paged_bf16_qwen3_4b_32q8kv_bs16_ctx17 n=4096 rc=OK violations=0 worst_scaled_err=0.00226843 chip_ns=103216 call_ns=188384 calls=1 unwritten=0 kv_staged=131072/131072 blocks=2/2 | mutants 2/2 KV_HEAD:CAUGHT(rc=OK,bad=4095) SLOT:CAUGHT(rc=OK,bad=4094)
PASS paged_bf16_qwen3_4b_32q8kv_bs16_ctx256 n=4096 rc=OK violations=0 worst_scaled_err=0.00208125 chip_ns=209681 call_ns=319265 calls=1 unwritten=0 kv_staged=1048576/1048576 blocks=16/16 | mutants 0/0 
PASS paged_bf16_qwen3_4b_32q8kv_bs16_ctx2048 n=4096 rc=OK violations=0 worst_scaled_err=0.00452839 chip_ns=1127457 call_ns=1365665 calls=1 unwritten=0 kv_staged=8388608/8388608 blocks=128/128 | mutants 5/5 KV_HEAD:CAUGHT(rc=OK,bad=4082) SLOT:CAUGHT(rc=OK,bad=4080) NO_RESCALE:CAUGHT(rc=OK,bad=3749) Q_ROW:CAUGHT(rc=OK,bad=4086) OUT_ROW:CAUGHT(rc=OK,bad=4086)
PASS paged_bf16_qwen3_4b_32q8kv_bs16_ctx127 n=4096 rc=OK violations=0 worst_scaled_err=0.00214904 chip_ns=205056 call_ns=339921 calls=1 unwritten=0 kv_staged=524288/524288 blocks=8/8 | mutants 0/0 
PASS paged_bf16_qwen3_4b_32q8kv_bs16_ctx128 n=4096 rc=OK violations=0 worst_scaled_err=0.00186122 chip_ns=104144 call_ns=114512 calls=1 unwritten=0 kv_staged=524288/524288 blocks=8/8 | mutants 0/0 
PASS paged_bf16_qwen3_4b_32q8kv_bs16_ctx129 n=4096 rc=OK violations=0 worst_scaled_err=0.00167553 chip_ns=205088 call_ns=216800 calls=1 unwritten=0 kv_staged=589824/589824 blocks=9/9 | mutants 0/0 
PASS paged_bf16_qwen3_4b_32q8kv_bs16_ctx300 n=4096 rc=OK violations=0 worst_scaled_err=0.00198758 chip_ns=206432 call_ns=232976 calls=1 unwritten=0 kv_staged=1245184/1245184 blocks=19/19 | mutants 0/0 
PASS paged_bf16_qwen3_4b_32q8kv_bs16_ctx1000 n=4096 rc=OK violations=0 worst_scaled_err=0.00529051 chip_ns=309952 call_ns=324160 calls=1 unwritten=0 kv_staged=655360/4128768 blocks=10/63 | mutants 0/0 
PASS paged_bf16_gqa8_32q4kv_bs16_ctx1 n=4096 rc=OK violations=0 worst_scaled_err=0 chip_ns=103985 call_ns=243921 calls=1 unwritten=0 kv_staged=32768/32768 blocks=1/1 | mutants 1/1 KV_HEAD:CAUGHT(rc=OK,bad=4096)
PASS paged_bf16_gqa8_32q4kv_bs16_ctx17 n=4096 rc=OK violations=0 worst_scaled_err=0.00260372 chip_ns=103776 call_ns=183584 calls=1 unwritten=0 kv_staged=65536/65536 blocks=2/2 | mutants 2/2 KV_HEAD:CAUGHT(rc=OK,bad=4096) SLOT:CAUGHT(rc=OK,bad=4094)
PASS paged_bf16_gqa8_32q4kv_bs16_ctx256 n=4096 rc=OK violations=0 worst_scaled_err=0.00241584 chip_ns=209120 call_ns=304496 calls=1 unwritten=0 kv_staged=524288/524288 blocks=16/16 | mutants 0/0 
PASS paged_bf16_gqa8_32q4kv_bs16_ctx2048 n=4096 rc=OK violations=0 worst_scaled_err=0.00291129 chip_ns=1027409 call_ns=1151810 calls=1 unwritten=0 kv_staged=4194304/4194304 blocks=128/128 | mutants 5/5 KV_HEAD:CAUGHT(rc=OK,bad=4086) SLOT:CAUGHT(rc=OK,bad=4081) NO_RESCALE:CAUGHT(rc=OK,bad=3543) Q_ROW:CAUGHT(rc=OK,bad=4082) OUT_ROW:CAUGHT(rc=OK,bad=4082)
PASS paged_bf16_gqa8_32q4kv_bs16_ctx127 n=4096 rc=OK violations=0 worst_scaled_err=0.00214133 chip_ns=205600 call_ns=300544 calls=1 unwritten=0 kv_staged=262144/262144 blocks=8/8 | mutants 0/0 
PASS paged_bf16_gqa8_32q4kv_bs16_ctx128 n=4096 rc=OK violations=0 worst_scaled_err=0.00222376 chip_ns=103072 call_ns=109376 calls=1 unwritten=0 kv_staged=262144/262144 blocks=8/8 | mutants 0/0 
PASS paged_bf16_gqa8_32q4kv_bs16_ctx129 n=4096 rc=OK violations=0 worst_scaled_err=0.00203403 chip_ns=204992 call_ns=212256 calls=1 unwritten=0 kv_staged=294912/294912 blocks=9/9 | mutants 0/0 
PASS paged_bf16_gqa8_32q4kv_bs16_ctx300 n=4096 rc=OK violations=0 worst_scaled_err=0.00186326 chip_ns=205425 call_ns=217233 calls=1 unwritten=0 kv_staged=622592/622592 blocks=19/19 | mutants 0/0 
PASS paged_bf16_gqa8_32q4kv_bs16_ctx1000 n=4096 rc=OK violations=0 worst_scaled_err=0.00422018 chip_ns=308240 call_ns=316352 calls=1 unwritten=0 kv_staged=327680/2064384 blocks=10/63 | mutants 0/0 
PASS paged_bf16_batch_3seq_32q8kv_ctx40_0_100 n=12288 rc=OK violations=0 worst_scaled_err=0.00189546 chip_ns=209072 call_ns=555697 calls=2 unwritten=0 kv_staged=458752/458752 blocks=7/7 | mutants 4/4 KV_HEAD:CAUGHT(rc=OK,bad=8189) SLOT:CAUGHT(rc=OK,bad=8186) Q_ROW:CAUGHT(rc=OK,bad=8180) OUT_ROW:CAUGHT(rc=OK,bad=8180)
PASS paged_bf16_shared_prefix_4seq_8q2kv_10pre n=4096 rc=OK violations=0 worst_scaled_err=0.0020284 chip_ns=206656 call_ns=300576 calls=1 unwritten=0 kv_staged=311296/802816 blocks=19/49 | mutants 2/2 KV_HEAD:CAUGHT(rc=OK,bad=4093) SLOT:CAUGHT(rc=OK,bad=4094)
PASS paged_bf16_shared_prefix_4seq_32q8kv_10pre n=16384 rc=OK violations=0 worst_scaled_err=0.00267069 chip_ns=416545 call_ns=564017 calls=2 unwritten=0 kv_staged=1900544/3211264 blocks=29/49 | mutants 2/2 KV_HEAD:CAUGHT(rc=OK,bad=16378) SLOT:CAUGHT(rc=OK,bad=16365)
mutant NO_MAX: caught 1 of 1
mutant KV_HEAD: caught 11 of 11
mutant SLOT: caught 9 of 9
mutant NO_RESCALE: caught 4 of 4
mutant Q_ROW: caught 6 of 6
mutant OUT_ROW: caught 6 of 6
device_opens=1
  hd128 dominant token 5 (warp 0 of chunk 0): rc OK, 0 bad, worst 0
  hd128 dominant token 40 (warp 1 of chunk 0): rc OK, 0 bad, worst 0
  hd128 dominant token 70 (warp 2 of chunk 0): rc OK, 0 bad, worst 0
  hd128 dominant token 100 (warp 3 of chunk 0): rc OK, 0 bad, worst 0
  hd128 dominant token 127 (warp 3 of chunk 0): rc OK, 0 bad, worst 0
  hd128 dominant token 131 (warp 0 of chunk 1): rc OK, 0 bad, worst 0
  hd128 dominant token 299 (warp 1 of chunk 2): rc OK, 0 bad, worst 0
PASS: 126 checks, 0 failed
