aienos_lock_source: /home/drakestapleton/workspace/cand3-campaign/cand3/wt-omega-chip/build/aienos-authority/bbad5e4250e57f8cbd1be4cf1390109aa65ef92c matches bbad5e4250e57f8cbd1be4cf1390109aa65ef92c for native/capability
./build/rx_r15_parity_silicon
R15 SEQ parity: GB10 resident seat
seat build insns 363 gpr 50
seat heartbeat 1 instructions 363 gpr 50
seat lease: 35242 passes in 50 ms, budget 1409680 (2000 ms window)
  detector control RES-1: starved 1 (workload.matvec.serve trigger 0: object 0 at version 2, last read 0), after slots restored 0
seat build insns 363 gpr 50
seat heartbeat 1 instructions 363 gpr 50
seat lease: 34809 passes in 50 ms, budget 1392360 (2000 ms window)
  detector control SEQ: starved 1 (workload.matvec.serve trigger 0: object 0 at version 2, last read 0), after slots restored 0
seat build insns 363 gpr 50
seat heartbeat 1 instructions 363 gpr 50
seat lease: 33946 passes in 50 ms, budget 1357840 (2000 ms window)
seat build insns 363 gpr 50
seat heartbeat 1 instructions 363 gpr 50
seat lease: 34706 passes in 50 ms, budget 1388240 (2000 ms window)
  pair 0 (RES-1 first, target 3610 ns)
    RES-1 goal status 2, plan action 1 reason 3, epoch 2, selected 3f6db775476a4f99 (verdict 1), evidence 16/1 trials, belief 1, generation 1 -> 2, in force 3f6db775476a4f99; measured: incumbent 6564 ns, selected 2691720 ps, reference 4574906 ps, served 2257, crumbs 4949
    SEQ   goal status 2, plan action 1 reason 3, epoch 2, selected 3f6db775476a4f99 (verdict 1), evidence 16/1 trials, belief 1, generation 1 -> 2, in force 3f6db775476a4f99; measured: incumbent 6662 ns, selected 2688000 ps, reference 4571930 ps, served 368, crumbs 930
seat build insns 363 gpr 50
seat heartbeat 1 instructions 363 gpr 50
seat lease: 34428 passes in 50 ms, budget 1377120 (2000 ms window)
seat build insns 363 gpr 50
seat heartbeat 1 instructions 363 gpr 50
seat lease: 34577 passes in 50 ms, budget 1383080 (2000 ms window)
  pair 1 (SEQ first, target 3598 ns)
    RES-1 goal status 2, plan action 1 reason 3, epoch 2, selected 3f6db775476a4f99 (verdict 1), evidence 16/1 trials, belief 1, generation 1 -> 2, in force 3f6db775476a4f99; measured: incumbent 6678 ns, selected 2688000 ps, reference 4571558 ps, served 2513, crumbs 5493
    SEQ   goal status 2, plan action 1 reason 3, epoch 2, selected 3f6db775476a4f99 (verdict 1), evidence 16/1 trials, belief 1, generation 1 -> 2, in force 3f6db775476a4f99; measured: incumbent 6543 ns, selected 2691372 ps, reference 4574162 ps, served 370, crumbs 934
seat build insns 363 gpr 50
seat heartbeat 1 instructions 363 gpr 50
seat lease: 34358 passes in 50 ms, budget 1374320 (2000 ms window)
seat build insns 363 gpr 50
seat heartbeat 1 instructions 363 gpr 50
seat lease: 34587 passes in 50 ms, budget 1383480 (2000 ms window)
  pair 2 (RES-1 first, target 3662 ns)
    RES-1 goal status 2, plan action 1 reason 3, epoch 2, selected 3f6db775476a4f99 (verdict 1), evidence 16/1 trials, belief 1, generation 1 -> 2, in force 3f6db775476a4f99; measured: incumbent 6659 ns, selected 2702906 ps, reference 4583093 ps, served 2608, crumbs 5695
    SEQ   goal status 2, plan action 1 reason 3, epoch 2, selected 3f6db775476a4f99 (verdict 1), evidence 16/1 trials, belief 1, generation 1 -> 2, in force 3f6db775476a4f99; measured: incumbent 7229 ns, selected 2683636 ps, reference 4566931 ps, served 370, crumbs 932
seat build insns 363 gpr 50
seat heartbeat 1 instructions 363 gpr 50
seat lease: 33928 passes in 50 ms, budget 1357120 (2000 ms window)
seat build insns 363 gpr 50
seat heartbeat 1 instructions 363 gpr 50
seat lease: 33862 passes in 50 ms, budget 1354480 (2000 ms window)
  pair 3 (SEQ first, target 3652 ns)
    RES-1 goal status 2, plan action 1 reason 3, epoch 2, selected 3f6db775476a4f99 (verdict 1), evidence 16/1 trials, belief 1, generation 1 -> 2, in force 3f6db775476a4f99; measured: incumbent 6587 ns, selected 2687255 ps, reference 4572674 ps, served 2401, crumbs 5255
    SEQ   goal status 2, plan action 1 reason 3, epoch 2, selected 3f6db775476a4f99 (verdict 1), evidence 16/1 trials, belief 1, generation 1 -> 2, in force 3f6db775476a4f99; measured: incumbent 6640 ns, selected 2691000 ps, reference 4572674 ps, served 368, crumbs 929
seat build insns 363 gpr 50
seat heartbeat 1 instructions 363 gpr 50
seat lease: 35166 passes in 50 ms, budget 1406640 (2000 ms window)
seat build insns 363 gpr 50
seat heartbeat 1 instructions 363 gpr 50
seat lease: 34629 passes in 50 ms, budget 1385160 (2000 ms window)
  pair 4 (RES-1 first, target 3653 ns)
    RES-1 goal status 2, plan action 1 reason 3, epoch 2, selected 3f6db775476a4f99 (verdict 1), evidence 16/1 trials, belief 1, generation 1 -> 2, in force 3f6db775476a4f99; measured: incumbent 6643 ns, selected 2694325 ps, reference 4577883 ps, served 2497, crumbs 5459
    SEQ   goal status 2, plan action 1 reason 3, epoch 2, selected 3f6db775476a4f99 (verdict 1), evidence 16/1 trials, belief 1, generation 1 -> 2, in force 3f6db775476a4f99; measured: incumbent 6700 ns, selected 2698069 ps, reference 4609883 ps, served 370, crumbs 933
R15 SEQ parity: 5 pairs, 0 failures
SEQ_SEMANTIC_PARITY=PASS
