                 U abort@GLIBC_2.17
                 U calloc@GLIBC_2.17
                 U clock_gettime@GLIBC_2.17
                 U close@GLIBC_2.17
                 U __ctype_b_loc@GLIBC_2.17
                 w __cxa_finalize@GLIBC_2.17
                 U __errno_location@GLIBC_2.17
                 U fclose@GLIBC_2.17
                 U ferror@GLIBC_2.17
                 U fflush@GLIBC_2.17
                 U fgets@GLIBC_2.17
                 U fileno@GLIBC_2.17
                 U fopen@GLIBC_2.17
                 U __fprintf_chk@GLIBC_2.17
                 U fputs@GLIBC_2.17
                 U __fread_chk@GLIBC_2.17
                 U fread@GLIBC_2.17
                 U free@GLIBC_2.17
                 U fsync@GLIBC_2.17
                 U fwrite@GLIBC_2.17
                 U __getauxval@GLIBC_2.17
                 U getenv@GLIBC_2.17
                 w __gmon_start__
                 U gmtime@GLIBC_2.17
                 U gmtime_r@GLIBC_2.17
                 U ioctl@GLIBC_2.17
                 U __isoc23_fscanf@GLIBC_2.38
                 U __isoc23_sscanf@GLIBC_2.38
                 U __isoc23_strtol@GLIBC_2.38
                 U __isoc23_strtoul@GLIBC_2.38
                 w _ITM_deregisterTMCloneTable
                 w _ITM_registerTMCloneTable
                 U __libc_start_main@GLIBC_2.34
                 U malloc@GLIBC_2.17
                 U memcmp@GLIBC_2.17
                 U __memcpy_chk@GLIBC_2.17
                 U memcpy@GLIBC_2.17
                 U memmem@GLIBC_2.17
                 U memmove@GLIBC_2.17
                 U __memset_chk@GLIBC_2.17
                 U memset@GLIBC_2.17
                 U mkdir@GLIBC_2.17
                 U mkdtemp@GLIBC_2.17
                 U mmap@GLIBC_2.17
                 U mprotect@GLIBC_2.17
                 U munmap@GLIBC_2.17
                 U open@GLIBC_2.17
                 U pclose@GLIBC_2.17
                 U popen@GLIBC_2.17
                 U __printf_chk@GLIBC_2.17
                 U pthread_mutex_lock@GLIBC_2.17
                 U pthread_mutex_unlock@GLIBC_2.17
                 U putchar@GLIBC_2.17
                 U puts@GLIBC_2.17
                 U qsort@GLIBC_2.17
                 U realloc@GLIBC_2.17
                 U __realpath_chk@GLIBC_2.17
                 U remove@GLIBC_2.17
                 U rename@GLIBC_2.17
                 U __snprintf_chk@GLIBC_2.17
                 U snprintf@GLIBC_2.17
                 U __sprintf_chk@GLIBC_2.17
                 U __stack_chk_fail@GLIBC_2.17
                 U __stack_chk_guard@GLIBC_2.17
                 U stderr@GLIBC_2.17
                 U stdout@GLIBC_2.17
                 U strcasecmp@GLIBC_2.17
                 U strchr@GLIBC_2.17
                 U strcmp@GLIBC_2.17
                 U strdup@GLIBC_2.17
                 U strftime@GLIBC_2.17
                 U strlen@GLIBC_2.17
                 U strncmp@GLIBC_2.17
                 U strncpy@GLIBC_2.17
                 U strrchr@GLIBC_2.17
                 U strspn@GLIBC_2.17
                 U strstr@GLIBC_2.17
                 U sysconf@GLIBC_2.17
                 U system@GLIBC_2.17
                 U time@GLIBC_2.17
                 U unlink@GLIBC_2.17
                 U usleep@GLIBC_2.17
                 U __vsnprintf_chk@GLIBC_2.17
                 U write@GLIBC_2.17
