./build/rx_r13_living_silicon
seat build insns 363 gpr 50
seat heartbeat 1 instructions 363 gpr 50
seat lease: 33808 passes in 50 ms, budget 1352320 (2000 ms window)
R13 costs: incumbent 6933 ns, target 3813 ns, selected 2687642 ps, reference on new cores 4561190 ps, AIEN now expects 2964 ns, goal status 2
R13 positive: generation 1 -> 2, recovered 2; served 1824 (133 after promotion), crumbs 4046, GPU claims 16, durable links 11
seat build insns 363 gpr 50
seat heartbeat 1 instructions 363 gpr 50
seat lease: 33456 passes in 50 ms, budget 1338240 (2000 ms window)
R13 control A: no AIEN -> no plan, no GPU experiment, no candidate, generation stays 1
seat build insns 363 gpr 50
seat heartbeat 1 instructions 363 gpr 50
seat lease: 33515 passes in 50 ms, budget 1340600 (2000 ms window)
R13 control B: verified candidate 2 refused (RX_GEN_ERR_AUTHORITY); never in force, production stayed on the reference
seat build insns 363 gpr 50
seat heartbeat 1 instructions 363 gpr 50
seat lease: 34074 passes in 50 ms, budget 1362960 (2000 ms window)
R13 control C: revoked grant -> seat blocked on authority, no claim, no evidence; 771 requests served meanwhile
seat build insns 363 gpr 50
seat heartbeat 1 instructions 363 gpr 50
seat lease: 34134 passes in 50 ms, budget 1365360 (2000 ms window)
R13 control D: output generation changed mid-claim -> result refused, no evidence, no candidate
seat build insns 363 gpr 50
seat heartbeat 1 instructions 363 gpr 50
seat lease: 30968 passes in 50 ms, budget 1238720 (2000 ms window)
R13 control E: crashing candidate refused by the verifier; the promoted generation holds a verified one
R13 costs: incumbent 6838 ns, target 3760 ns, selected 2686883 ps, reference on new cores 4563000 ps, AIEN now expects 2922 ns, goal status 2
R13 control E episode: generation 1 -> 2, recovered 2; served 18448 (134 after promotion), crumbs 40052, GPU claims 16, durable links 11
R13 ARGUS: observing; observe and record, received 109425 events, 415 authority observations, 0 findings, 0 ingest errors
R13 gate: R13_LIVING_SYSTEM=PASS
R13 receipt: build/qual-runs/20261005T061740Z-80ca5d4f5b6c/R13/rx_living_receipt.json
