cc -std=gnu11 -Wall -Wextra -Werror -MMD -MP -D_GNU_SOURCE -O2 -Isrc -I/home/drakestapleton/workspace/overnight-1005/wt-CAND1-physics-chip/m16 -I/home/drakestapleton/workspace/overnight-1005/wt-CAND1-physics-chip/nvrm -I/home/drakestapleton/workspace/overnight-1005/wt-CAND1-physics-chip/third_party/nvidia-open-580.173.02/src/common/sdk/nvidia/inc -I/home/drakestapleton/workspace/overnight-1005/wt-CAND1-physics-chip/third_party/nvidia-open-580.173.02/kernel-open/common/inc -I/home/drakestapleton/workspace/overnight-1005/wt-CAND1-physics-chip/third_party/nvidia-open-580.173.02/kernel-open/nvidia-uvm -I/home/drakestapleton/workspace/overnight-1005/wt-CAND1-physics-chip/third_party/nvidia-open-580.173.02/src/nvidia/arch/nvalloc/unix/include -DOMEGA_PHYSICS_DIR=\"/home/drakestapleton/workspace/overnight-1005/wt-CAND1-physics-chip\" -c -o build/rx_graph.o src/runtime/rx_graph.c
cc -std=gnu11 -Wall -Wextra -Werror -MMD -MP -D_GNU_SOURCE -O2 -Isrc -I/home/drakestapleton/workspace/overnight-1005/wt-CAND1-physics-chip/m16 -I/home/drakestapleton/workspace/overnight-1005/wt-CAND1-physics-chip/nvrm -I/home/drakestapleton/workspace/overnight-1005/wt-CAND1-physics-chip/third_party/nvidia-open-580.173.02/src/common/sdk/nvidia/inc -I/home/drakestapleton/workspace/overnight-1005/wt-CAND1-physics-chip/third_party/nvidia-open-580.173.02/kernel-open/common/inc -I/home/drakestapleton/workspace/overnight-1005/wt-CAND1-physics-chip/third_party/nvidia-open-580.173.02/kernel-open/nvidia-uvm -I/home/drakestapleton/workspace/overnight-1005/wt-CAND1-physics-chip/third_party/nvidia-open-580.173.02/src/nvidia/arch/nvalloc/unix/include -DOMEGA_PHYSICS_DIR=\"/home/drakestapleton/workspace/overnight-1005/wt-CAND1-physics-chip\" -c -o build/rx_capq.o src/runtime/rx_capq.c
cc -std=gnu11 -Wall -Wextra -Werror -MMD -MP -D_GNU_SOURCE -O2 -Isrc -I/home/drakestapleton/workspace/overnight-1005/wt-CAND1-physics-chip/m16 -I/home/drakestapleton/workspace/overnight-1005/wt-CAND1-physics-chip/nvrm -I/home/drakestapleton/workspace/overnight-1005/wt-CAND1-physics-chip/third_party/nvidia-open-580.173.02/src/common/sdk/nvidia/inc -I/home/drakestapleton/workspace/overnight-1005/wt-CAND1-physics-chip/third_party/nvidia-open-580.173.02/kernel-open/common/inc -I/home/drakestapleton/workspace/overnight-1005/wt-CAND1-physics-chip/third_party/nvidia-open-580.173.02/kernel-open/nvidia-uvm -I/home/drakestapleton/workspace/overnight-1005/wt-CAND1-physics-chip/third_party/nvidia-open-580.173.02/src/nvidia/arch/nvalloc/unix/include -DOMEGA_PHYSICS_DIR=\"/home/drakestapleton/workspace/overnight-1005/wt-CAND1-physics-chip\" -c -o build/rx_skillroute.o src/runtime/rx_skillroute.c
mkdir -p build/argus-src/b375dca
git -C /home/drakestapleton/workspace/overnight-1005/aienos archive b375dcaa2887d53cda407d773c2e4e489a0b1365 native/argus | tar -x -C build/argus-src/b375dca
touch build/argus-src/b375dca/.extracted
make -C build/aienos-authority/bbad5e4/native/capability
make[1]: Entering directory '/home/drakestapleton/workspace/overnight-1005/wt-CAND1-omega-chip/build/aienos-authority/bbad5e4/native/capability'
mkdir -p out
cc -std=gnu11 -O2 -Wall -Wextra -Werror -fstack-protector-strong -c -o out/aienos_capability.o aienos_capability.c
ar rcs out/libaienos_capability.a out/aienos_capability.o
make[1]: Leaving directory '/home/drakestapleton/workspace/overnight-1005/wt-CAND1-omega-chip/build/aienos-authority/bbad5e4/native/capability'
cc -std=gnu11 -Wall -Wextra -Werror -MMD -MP -D_GNU_SOURCE -O2 -Isrc -I/home/drakestapleton/workspace/overnight-1005/wt-CAND1-physics-chip/m16 -I/home/drakestapleton/workspace/overnight-1005/wt-CAND1-physics-chip/nvrm -I/home/drakestapleton/workspace/overnight-1005/wt-CAND1-physics-chip/third_party/nvidia-open-580.173.02/src/common/sdk/nvidia/inc -I/home/drakestapleton/workspace/overnight-1005/wt-CAND1-physics-chip/third_party/nvidia-open-580.173.02/kernel-open/common/inc -I/home/drakestapleton/workspace/overnight-1005/wt-CAND1-physics-chip/third_party/nvidia-open-580.173.02/kernel-open/nvidia-uvm -I/home/drakestapleton/workspace/overnight-1005/wt-CAND1-physics-chip/third_party/nvidia-open-580.173.02/src/nvidia/arch/nvalloc/unix/include -DOMEGA_PHYSICS_DIR=\"/home/drakestapleton/workspace/overnight-1005/wt-CAND1-physics-chip\" -DRX_ARGUS=2 -DRX_ARGUS_AUTHORITY_OBSERVER -Ibuild/argus-src/b375dca/native/argus -Wl,--wrap=aienos_cap_start -pthread -o build/rx_r13_living_host src/runtime/rx_caproot.c src/runtime/rx_world.c src/runtime/rx_coherent.c src/runtime/rx_native_bind.c src/runtime/rx_aegis.c src/runtime/rx_aien.c src/runtime/rx_omega.c src/runtime/rx_generation.c src/runtime/rx_living.c src/sha256.c src/omega_evidence.c src/omega_canonical.c src/omega_validate.c src/omega_core.c src/omega_codec.c src/aarch64_encoder.c src/aarch64_decoder.c src/omega_realize.c src/omega_realize_synth.c src/omega_program.c src/omega_machine.c src/omega_exec.c src/omega_verify.c src/omega_matvec.c src/omega_matvec_quad.c src/runtime/aien_machine_id.c src/runtime/rx_jspace.c src/runtime/rx_cortex.c src/runtime/rx_cortex_record.c src/runtime/rx_graph.c src/runtime/rx_capq.c src/runtime/rx_skillroute.c src/runtime/rx_compose.c tests/runtime/rx_r13_living.c src/runtime/rx_argus.c build/argus-src/b375dca/native/argus/argus_event.c build/argus-src/b375dca/native/argus/argus_ring.c build/argus-src/b375dca/native/argus/argus_core.c build/argus-src/b375dca/native/argus/argus_detect.c \
	build/aienos-authority/bbad5e4/native/capability/out/libaienos_capability.a -lm
cc -std=gnu11 -Wall -Wextra -Werror -MMD -MP -D_GNU_SOURCE -O2 -Isrc -I/home/drakestapleton/workspace/overnight-1005/wt-CAND1-physics-chip/m16 -I/home/drakestapleton/workspace/overnight-1005/wt-CAND1-physics-chip/nvrm -I/home/drakestapleton/workspace/overnight-1005/wt-CAND1-physics-chip/third_party/nvidia-open-580.173.02/src/common/sdk/nvidia/inc -I/home/drakestapleton/workspace/overnight-1005/wt-CAND1-physics-chip/third_party/nvidia-open-580.173.02/kernel-open/common/inc -I/home/drakestapleton/workspace/overnight-1005/wt-CAND1-physics-chip/third_party/nvidia-open-580.173.02/kernel-open/nvidia-uvm -I/home/drakestapleton/workspace/overnight-1005/wt-CAND1-physics-chip/third_party/nvidia-open-580.173.02/src/nvidia/arch/nvalloc/unix/include -DOMEGA_PHYSICS_DIR=\"/home/drakestapleton/workspace/overnight-1005/wt-CAND1-physics-chip\" -pthread -o build/rx_r14_recovery_host src/runtime/rx_caproot.c src/runtime/rx_world.c src/runtime/rx_coherent.c src/runtime/rx_native_bind.c src/runtime/rx_aegis.c src/runtime/rx_aien.c src/runtime/rx_omega.c src/runtime/rx_generation.c src/runtime/rx_living.c src/sha256.c src/omega_evidence.c src/omega_canonical.c src/omega_validate.c src/omega_core.c src/omega_codec.c src/aarch64_encoder.c src/aarch64_decoder.c src/omega_realize.c src/omega_realize_synth.c src/omega_program.c src/omega_machine.c src/omega_exec.c src/omega_verify.c src/omega_matvec.c src/omega_matvec_quad.c src/runtime/aien_machine_id.c src/runtime/rx_jspace.c src/runtime/rx_cortex.c src/runtime/rx_cortex_record.c src/runtime/rx_graph.c src/runtime/rx_capq.c src/runtime/rx_skillroute.c src/runtime/rx_compose.c tests/runtime/rx_r14_recovery.c build/aienos-authority/bbad5e4/native/capability/out/libaienos_capability.a -lm
sh tools/r16_authpath.sh host build/rx_r13_living_host build/rx_r14_recovery_host \
	build/r16/authpath/host-20261005T061031Z src/runtime/rx_caproot.c src/runtime/rx_world.c src/runtime/rx_coherent.c src/runtime/rx_native_bind.c src/runtime/rx_aegis.c src/runtime/rx_aien.c src/runtime/rx_omega.c src/runtime/rx_generation.c src/runtime/rx_living.c src/sha256.c src/omega_evidence.c src/omega_canonical.c src/omega_validate.c src/omega_core.c src/omega_codec.c src/aarch64_encoder.c src/aarch64_decoder.c src/omega_realize.c src/omega_realize_synth.c src/omega_program.c src/omega_machine.c src/omega_exec.c src/omega_verify.c src/omega_matvec.c src/omega_matvec_quad.c src/runtime/aien_machine_id.c src/runtime/rx_jspace.c src/runtime/rx_cortex.c src/runtime/rx_cortex_record.c src/runtime/rx_graph.c src/runtime/rx_capq.c src/runtime/rx_skillroute.c src/runtime/rx_compose.c tests/runtime/rx_r13_living.c src/runtime/rx_argus.c build/argus-src/b375dca/native/argus/argus_event.c build/argus-src/b375dca/native/argus/argus_ring.c build/argus-src/b375dca/native/argus/argus_core.c build/argus-src/b375dca/native/argus/argus_detect.c build/aienos-authority/bbad5e4/native/capability/out/libaienos_capability.a
R16-G3 sources: 40 files, omega, the native AIENOS capability library and ARGUS pinned by argus.lock only
R16-G3 link map rx_r13_living_host: no legacy orchestrator symbol; C runtime libraries only; SEQ world hooks present (reference, refused on production worlds): 5
R16-G3 link map rx_r14_recovery_host: no legacy orchestrator symbol; C runtime libraries only; SEQ world hooks present (reference, refused on production worlds): 5
R16-G3 production program: link map clean, ARGUS linked (rx_argus, authority observer wrap, argus_core, argus_detect)
R16-G3 strings: no legacy program name embedded
R16-G3 exec trace r13: /bin/sh x3, build/rx_r13_living_host x1, /usr/bin/git x3, no legacy exec
R16-G3   R13 costs: incumbent 6947 ns, target 3820 ns, selected 2700302 ps, reference on new cores 4575674 ps, AIEN now expects 3003 ns, goal status 2
R16-G3   R13 costs: incumbent 7371 ns, target 4054 ns, selected 2698813 ps, reference on new cores 4573441 ps, AIEN now expects 2954 ns, goal status 2
R16-G3   R13 control E episode: generation 1 -> 2, recovered 2; served 11249 (144 after promotion), crumbs 24541, GPU claims 16, durable links 11
R16-G3   R13 ARGUS: observing; observe and record, received 73673 events, 415 authority observations, 0 findings, 0 ingest errors
R16-G3   R13 gate: R13_LIVING_SYSTEM=HOST_PASS_NON_SILICON
R16-G3 exec trace r14: /bin/sh x18, build/rx_r14_recovery_host x1, /usr/bin/git x3, /usr/bin/rm x15, no legacy exec
R16-G3   R14 A_corrupt_candidate    PASS
R16-G3   R14 B_forged_capability    PASS
R16-G3   R14 C_reaction_cycle       PASS
R16-G3   R14 D_gpu_saturation       PASS
R16-G3   R14 E_gpu_seat_kill        PASS
R16-G3   R14 F_checkpoint_crash     PASS
R16-G3   R14 gate: R14_LIVING_RECOVERY=HOST_PASS_NON_SILICON
R16 gate: R16_G3_AUTHPATH=HOST_PASS_NON_SILICON (host stand-in seat; the gate needs the silicon run)
R16-G3 evidence: build/r16/authpath/host-20261005T061031Z
