
running 0 tests

test result: ok. 0 passed; 0 failed; 0 ignored; 0 measured; 0 filtered out; finished in 0.00s


running 17 tests
.................
test result: ok. 17 passed; 0 failed; 0 ignored; 0 measured; 0 filtered out; finished in 0.00s


running 0 tests

test result: ok. 0 passed; 0 failed; 0 ignored; 0 measured; 0 filtered out; finished in 0.00s


running 1 test
.
test result: ok. 1 passed; 0 failed; 0 ignored; 0 measured; 0 filtered out; finished in 0.00s


running 0 tests

test result: ok. 0 passed; 0 failed; 0 ignored; 0 measured; 0 filtered out; finished in 0.00s


running 2 tests
..
test result: ok. 2 passed; 0 failed; 0 ignored; 0 measured; 0 filtered out; finished in 0.00s


running 0 tests

test result: ok. 0 passed; 0 failed; 0 ignored; 0 measured; 0 filtered out; finished in 0.00s


running 47 tests
i..............................................
test result: ok. 46 passed; 0 failed; 1 ignored; 0 measured; 0 filtered out; finished in 1.92s


running 1 test
.
test result: ok. 1 passed; 0 failed; 0 ignored; 0 measured; 0 filtered out; finished in 0.03s


running 12 tests
............
test result: ok. 12 passed; 0 failed; 0 ignored; 0 measured; 0 filtered out; finished in 0.00s


running 0 tests

test result: ok. 0 passed; 0 failed; 0 ignored; 0 measured; 0 filtered out; finished in 0.00s


running 18 tests
i.................
test result: ok. 17 passed; 0 failed; 1 ignored; 0 measured; 0 filtered out; finished in 0.07s


running 13 tests
.............
test result: ok. 13 passed; 0 failed; 0 ignored; 0 measured; 0 filtered out; finished in 0.06s


running 7 tests
i......
test result: ok. 6 passed; 0 failed; 1 ignored; 0 measured; 0 filtered out; finished in 0.03s


running 88 tests
....................................................................................... 87/88
.
test result: ok. 88 passed; 0 failed; 0 ignored; 0 measured; 0 filtered out; finished in 1.13s


running 1 test
.
test result: ok. 1 passed; 0 failed; 0 ignored; 0 measured; 0 filtered out; finished in 0.19s


running 1 test
.
test result: ok. 1 passed; 0 failed; 0 ignored; 0 measured; 0 filtered out; finished in 0.24s


running 5 tests
iiii.
test result: ok. 1 passed; 0 failed; 4 ignored; 0 measured; 0 filtered out; finished in 0.00s


running 2 tests
..
test result: ok. 2 passed; 0 failed; 0 ignored; 0 measured; 0 filtered out; finished in 0.19s


running 2 tests
..
test result: ok. 2 passed; 0 failed; 0 ignored; 0 measured; 0 filtered out; finished in 0.27s


running 1 test
.
test result: ok. 1 passed; 0 failed; 0 ignored; 0 measured; 0 filtered out; finished in 0.30s


running 8 tests
........
test result: ok. 8 passed; 0 failed; 0 ignored; 0 measured; 0 filtered out; finished in 0.00s


running 4 tests
i...
test result: ok. 3 passed; 0 failed; 1 ignored; 0 measured; 0 filtered out; finished in 0.00s


running 6 tests
..test test_all_5_stages_parity_suite has been running for over 60 seconds
test test_stage3_numerical_activation_parity has been running for over 60 seconds
test test_stage4_logit_and_greedy_parity has been running for over 60 seconds
test test_stage5_multi_step_generation_parity has been running for over 60 seconds
....
test result: ok. 6 passed; 0 failed; 0 ignored; 0 measured; 0 filtered out; finished in 395.47s


running 5 tests
.....
test result: ok. 5 passed; 0 failed; 0 ignored; 0 measured; 0 filtered out; finished in 0.04s


running 0 tests

test result: ok. 0 passed; 0 failed; 0 ignored; 0 measured; 0 filtered out; finished in 0.00s


running 5 tests
i....
test result: ok. 4 passed; 0 failed; 1 ignored; 0 measured; 0 filtered out; finished in 0.00s


running 1 test
.
test result: ok. 1 passed; 0 failed; 0 ignored; 0 measured; 0 filtered out; finished in 36.84s


running 5 tests
ii...
test result: ok. 3 passed; 0 failed; 2 ignored; 0 measured; 0 filtered out; finished in 0.00s


running 0 tests

test result: ok. 0 passed; 0 failed; 0 ignored; 0 measured; 0 filtered out; finished in 0.00s


running 2 tests
..
test result: ok. 2 passed; 0 failed; 0 ignored; 0 measured; 0 filtered out; finished in 0.00s


running 12 tests
............
test result: ok. 12 passed; 0 failed; 0 ignored; 0 measured; 0 filtered out; finished in 0.20s


running 5 tests
.....
test result: ok. 5 passed; 0 failed; 0 ignored; 0 measured; 0 filtered out; finished in 1.15s


running 6 tests
......
test result: ok. 6 passed; 0 failed; 0 ignored; 0 measured; 0 filtered out; finished in 0.00s


running 15 tests
...............
test result: ok. 15 passed; 0 failed; 0 ignored; 0 measured; 0 filtered out; finished in 0.01s


running 0 tests

test result: ok. 0 passed; 0 failed; 0 ignored; 0 measured; 0 filtered out; finished in 0.00s


running 6 tests
i.....
test result: ok. 5 passed; 0 failed; 1 ignored; 0 measured; 0 filtered out; finished in 0.00s


running 5 tests
.....
test result: ok. 5 passed; 0 failed; 0 ignored; 0 measured; 0 filtered out; finished in 0.00s


running 6 tests
......
test result: ok. 6 passed; 0 failed; 0 ignored; 0 measured; 0 filtered out; finished in 0.19s


running 100 tests
....................................................................................... 87/100
.............
test result: ok. 100 passed; 0 failed; 0 ignored; 0 measured; 0 filtered out; finished in 2.04s


running 0 tests

test result: ok. 0 passed; 0 failed; 0 ignored; 0 measured; 0 filtered out; finished in 0.00s


running 10 tests
..........
test result: ok. 10 passed; 0 failed; 0 ignored; 0 measured; 0 filtered out; finished in 0.01s


running 8 tests
........
test result: ok. 8 passed; 0 failed; 0 ignored; 0 measured; 0 filtered out; finished in 0.00s


running 1 test
i
test result: ok. 0 passed; 0 failed; 1 ignored; 0 measured; 0 filtered out; finished in 0.00s

test: prefill_e2e0_real_checkpoint_swarm_gate, ignore_message: PREFILL-E2E-0 real-checkpoint gate: run with --ignored and AIEN_E2E_CHECKPOINT + AIEN_E2E_RECEIPT set (forge on the Spark)


running 1 test
i
test result: ok. 0 passed; 0 failed; 1 ignored; 0 measured; 0 filtered out; finished in 0.00s

test: prefill_e2e1_real_checkpoint_n_branch_gate, ignore_message: PREFILL-E2E-1 real-checkpoint gate at N = 1/8/32/128/500: run with --ignored and AIEN_E2E_CHECKPOINT + AIEN_E2E1_RECEIPT set (forge on the Spark)


running 1 test
i
test result: ok. 0 passed; 0 failed; 1 ignored; 0 measured; 0 filtered out; finished in 0.00s

test: prefill_e2e2_real_checkpoint_append_gate, ignore_message: PREFILL-E2E-2 real-checkpoint gate (append 24 tokens to a shared prefilled context): run with --ignored and AIEN_E2E_CHECKPOINT + AIEN_E2E2_RECEIPT set (forge on the Spark)


running 1 test
.
test result: ok. 1 passed; 0 failed; 0 ignored; 0 measured; 0 filtered out; finished in 1.02s


running 4 tests
...test release_golden_path_records_whether_gb10_ran has been running for over 60 seconds
.
test result: ok. 4 passed; 0 failed; 0 ignored; 0 measured; 0 filtered out; finished in 132.51s


running 1 test
.
test result: ok. 1 passed; 0 failed; 0 ignored; 0 measured; 0 filtered out; finished in 0.05s


running 1 test
.
test result: ok. 1 passed; 0 failed; 0 ignored; 0 measured; 0 filtered out; finished in 0.02s


running 4 tests
....
test result: ok. 4 passed; 0 failed; 0 ignored; 0 measured; 0 filtered out; finished in 0.22s


running 2 tests
..
test result: ok. 2 passed; 0 failed; 0 ignored; 0 measured; 0 filtered out; finished in 0.20s


running 1 test
.
test result: ok. 1 passed; 0 failed; 0 ignored; 0 measured; 0 filtered out; finished in 0.00s


running 1 test
.
test result: ok. 1 passed; 0 failed; 0 ignored; 0 measured; 0 filtered out; finished in 0.00s


running 1 test
.
test result: ok. 1 passed; 0 failed; 0 ignored; 0 measured; 0 filtered out; finished in 0.00s


running 6 tests
......
test result: ok. 6 passed; 0 failed; 0 ignored; 0 measured; 0 filtered out; finished in 0.21s


running 2 tests
..
test result: ok. 2 passed; 0 failed; 0 ignored; 0 measured; 0 filtered out; finished in 0.21s


running 12 tests
............
test result: ok. 12 passed; 0 failed; 0 ignored; 0 measured; 0 filtered out; finished in 0.00s


running 0 tests

test result: ok. 0 passed; 0 failed; 0 ignored; 0 measured; 0 filtered out; finished in 0.00s


running 0 tests

test result: ok. 0 passed; 0 failed; 0 ignored; 0 measured; 0 filtered out; finished in 0.00s


running 5 tests
.....
test result: ok. 5 passed; 0 failed; 0 ignored; 0 measured; 0 filtered out; finished in 0.00s


running 1 test
.
test result: ok. 1 passed; 0 failed; 0 ignored; 0 measured; 0 filtered out; finished in 0.00s


running 5 tests
.....
test result: ok. 5 passed; 0 failed; 0 ignored; 0 measured; 0 filtered out; finished in 0.00s


running 0 tests

test result: ok. 0 passed; 0 failed; 0 ignored; 0 measured; 0 filtered out; finished in 0.00s


running 15 tests
...............
test result: ok. 15 passed; 0 failed; 0 ignored; 0 measured; 0 filtered out; finished in 0.00s


running 185 tests
....................................................................................... 87/185
....................................................................................... 174/185
...........
test result: ok. 185 passed; 0 failed; 0 ignored; 0 measured; 0 filtered out; finished in 1.63s


running 0 tests

test result: ok. 0 passed; 0 failed; 0 ignored; 0 measured; 0 filtered out; finished in 0.00s


running 5 tests
.....
test result: ok. 5 passed; 0 failed; 0 ignored; 0 measured; 0 filtered out; finished in 0.00s


running 4 tests
....
test result: ok. 4 passed; 0 failed; 0 ignored; 0 measured; 0 filtered out; finished in 0.00s


running 0 tests

test result: ok. 0 passed; 0 failed; 0 ignored; 0 measured; 0 filtered out; finished in 0.00s


running 0 tests

test result: ok. 0 passed; 0 failed; 0 ignored; 0 measured; 0 filtered out; finished in 0.00s


running 8 tests
........
test result: ok. 8 passed; 0 failed; 0 ignored; 0 measured; 0 filtered out; finished in 0.12s


running 38 tests
......................................
test result: ok. 38 passed; 0 failed; 0 ignored; 0 measured; 0 filtered out; finished in 0.35s


running 0 tests

test result: ok. 0 passed; 0 failed; 0 ignored; 0 measured; 0 filtered out; finished in 0.00s


running 0 tests

test result: ok. 0 passed; 0 failed; 0 ignored; 0 measured; 0 filtered out; finished in 0.00s


running 0 tests

test result: ok. 0 passed; 0 failed; 0 ignored; 0 measured; 0 filtered out; finished in 0.00s


running 0 tests

test result: ok. 0 passed; 0 failed; 0 ignored; 0 measured; 0 filtered out; finished in 0.00s


running 7 tests
.......
test result: ok. 7 passed; 0 failed; 0 ignored; 0 measured; 0 filtered out; finished in 0.71s


running 6 tests
......
test result: ok. 6 passed; 0 failed; 0 ignored; 0 measured; 0 filtered out; finished in 0.90s


running 4 tests
....
test result: ok. 4 passed; 0 failed; 0 ignored; 0 measured; 0 filtered out; finished in 0.65s


running 1 test
.
test result: ok. 1 passed; 0 failed; 0 ignored; 0 measured; 0 filtered out; finished in 0.00s


running 3 tests
...
test result: ok. 3 passed; 0 failed; 0 ignored; 0 measured; 0 filtered out; finished in 0.00s


running 0 tests

test result: ok. 0 passed; 0 failed; 0 ignored; 0 measured; 0 filtered out; finished in 0.00s


running 29 tests
.............................
test result: ok. 29 passed; 0 failed; 0 ignored; 0 measured; 0 filtered out; finished in 24.14s


running 0 tests

test result: ok. 0 passed; 0 failed; 0 ignored; 0 measured; 0 filtered out; finished in 0.00s


running 7 tests
.......
test result: ok. 7 passed; 0 failed; 0 ignored; 0 measured; 0 filtered out; finished in 22.65s


running 10 tests
..........
test result: ok. 10 passed; 0 failed; 0 ignored; 0 measured; 0 filtered out; finished in 23.80s


running 5 tests
.....
test result: ok. 5 passed; 0 failed; 0 ignored; 0 measured; 0 filtered out; finished in 24.15s


running 69 tests
....................................................... 55/69
test_t1_f61_git_current_branch_is_feature_branch --- FAILED
.....   Compiling serde_core v1.0.229
   Compiling serde v1.0.229
    Checking zeroize v1.9.0
    Checking libc v0.2.189
    Checking memchr v2.8.3
    Checking slab v0.4.12
   Compiling syn v3.0.6
   Compiling ring v0.17.14
   Compiling rustls v0.23.45
    Checking tracing-core v0.1.36
    Checking futures-channel v0.3.34
    Checking subtle v2.6.1
   Compiling blake3 v1.8.7
    Checking num-traits v0.2.19
   Compiling thiserror-impl v1.0.69
    Checking either v1.18.0
    Checking bitflags v2.13.2
   Compiling async-stream-impl v0.3.6
    Checking log v0.4.34
    Checking rustls-pki-types v1.15.1
    Checking rayon v1.12.0
    Checking aho-corasick v1.1.5
    Checking tracing v0.1.44
    Checking webpki-roots v1.0.9
    Checking errno v0.3.14
    Checking parking_lot_core v0.9.12
    Checking mio v1.2.3
    Checking socket2 v0.6.5
    Checking getrandom v0.2.17
    Checking getrandom v0.4.3
    Checking signal-hook-registry v1.4.8
    Checking async-stream v0.3.6
    Checking regex-automata v0.4.18
    Checking parking_lot v0.12.5
    Checking thiserror v1.0.69
    Checking serde_json v1.0.151
    Checking uuid v1.26.1
    Checking regex v1.13.1
   Compiling synstructure v0.14.0
   Compiling zerovec-derive v0.11.6
   Compiling displaydoc v0.2.7
   Compiling tokio-macros v2.7.2
   Compiling serde_derive v1.0.229
   Compiling futures-macro v0.3.34
   Compiling clap_derive v4.6.7
   Compiling zerofrom-derive v0.1.8
   Compiling yoke-derive v0.8.3
    Checking rustls-webpki v0.103.15
    Checking tokio v1.53.1
    Checking futures-util v0.3.34
    Checking zerofrom v0.1.8
    Checking yoke v0.8.3
    Checking zerovec v0.11.8
    Checking zerotrie v0.2.5
    Checking clap v4.6.7
    Checking tinystr v0.8.4
    Checking potential_utf v0.1.6
    Checking icu_collections v2.3.0
    Checking icu_locale_core v2.3.0
    Checking icu_provider v2.3.1
    Checking serde_urlencoded v0.7.1
    Checking bincode v1.3.3
    Checking chrono v0.4.45
    Checking icu_properties v2.3.0
    Checking icu_normalizer v2.3.0
    Checking crumb-spec v1.0.0 (https://github.com/aien-dev/crumb-spec?rev=24194d1b7917ef19244aae6bcaff510686b75fef#24194d1b)
    Checking idna_adapter v1.2.2
    Checking spark-crumbs v0.1.0 (https://github.com/aien-dev/spark-crumbs?rev=9355a92bc9adfe95a6ec5f8ac926f38a0b6e7db2#9355a92b)
    Checking idna v1.1.0
    Checking hyper v1.11.1
    Checking tower v0.5.3
    Checking tokio-rustls v0.26.5
    Checking tokio-util v0.7.19
    Checking url v2.5.8
    Checking tower-http v0.6.11
    Checking hyper-util v0.1.20
.    Checking hyper-rustls v0.27.9
    Checking reqwest v0.12.28
    Checking spark-adapters v0.1.0 (/home/drakestapleton/workspace/hive-worktrees/sc-fb1-cut6/crates/spark-adapters)
    Finished `dev` profile [unoptimized + debuginfo] target(s) in 4.35s
.......
failures:

---- test_t1_f61_git_current_branch_is_feature_branch stdout ----

thread 'test_t1_f61_git_current_branch_is_feature_branch' (3577830) panicked at crates/spark-adapters/tests/tier1_features.rs:990:5:
Branch must be a valid lifecycle branch (feat/*, fix/*, perf/*, refactor/*, release/*) or main/master, found: hive/fb1-cut6a-default-omega
note: run with `RUST_BACKTRACE=1` environment variable to display a backtrace


failures:
    test_t1_f61_git_current_branch_is_feature_branch

test result: FAILED. 68 passed; 1 failed; 0 ignored; 0 measured; 0 filtered out; finished in 24.15s

error: test failed, to rerun pass `-p spark-adapters --test tier1_features`

running 65 tests
............................... 31/65
test_t2_f36_axum_nonexistent_route_404 --- FAILED
.................................
failures:

---- test_t2_f36_axum_nonexistent_route_404 stdout ----

thread 'test_t2_f36_axum_nonexistent_route_404' (3579496) panicked at crates/spark-adapters/tests/tier2_boundary.rs:434:5:
assertion `left == right` failed
  left: "401"
 right: "404"
note: run with `RUST_BACKTRACE=1` environment variable to display a backtrace


failures:
    test_t2_f36_axum_nonexistent_route_404

test result: FAILED. 64 passed; 1 failed; 0 ignored; 0 measured; 0 filtered out; finished in 24.16s

error: test failed, to rerun pass `-p spark-adapters --test tier2_boundary`

running 5 tests
.....
test result: ok. 5 passed; 0 failed; 0 ignored; 0 measured; 0 filtered out; finished in 22.48s


running 5 tests
.....
test result: ok. 5 passed; 0 failed; 0 ignored; 0 measured; 0 filtered out; finished in 7.25s


running 18 tests
..................
test result: ok. 18 passed; 0 failed; 0 ignored; 0 measured; 0 filtered out; finished in 0.02s


running 0 tests

test result: ok. 0 passed; 0 failed; 0 ignored; 0 measured; 0 filtered out; finished in 0.00s


running 8 tests
........
test result: ok. 8 passed; 0 failed; 0 ignored; 0 measured; 0 filtered out; finished in 0.07s


running 31 tests
........................... 27/31
tests::test_cockpit_submillisecond_latency_assertions --- FAILED
...
failures:

---- tests::test_cockpit_submillisecond_latency_assertions stdout ----

thread 'tests::test_cockpit_submillisecond_latency_assertions' (3597125) panicked at crates/spark-cockpit-rs/src/main.rs:3718:9:
Hive cells latency within limit: 3.002018ms
note: run with `RUST_BACKTRACE=1` environment variable to display a backtrace


failures:
    tests::test_cockpit_submillisecond_latency_assertions

test result: FAILED. 30 passed; 1 failed; 0 ignored; 0 measured; 0 filtered out; finished in 6.56s

error: test failed, to rerun pass `-p spark-cockpit-rs --bin spark-cockpit-rs`

running 3 tests
...
test result: ok. 3 passed; 0 failed; 0 ignored; 0 measured; 0 filtered out; finished in 0.00s


running 0 tests

test result: ok. 0 passed; 0 failed; 0 ignored; 0 measured; 0 filtered out; finished in 0.00s


running 0 tests

test result: ok. 0 passed; 0 failed; 0 ignored; 0 measured; 0 filtered out; finished in 0.00s


running 0 tests

test result: ok. 0 passed; 0 failed; 0 ignored; 0 measured; 0 filtered out; finished in 0.00s


running 9 tests
.........
test result: ok. 9 passed; 0 failed; 0 ignored; 0 measured; 0 filtered out; finished in 0.13s


running 0 tests

test result: ok. 0 passed; 0 failed; 0 ignored; 0 measured; 0 filtered out; finished in 0.00s


running 5 tests
.....
test result: ok. 5 passed; 0 failed; 0 ignored; 0 measured; 0 filtered out; finished in 0.01s


running 0 tests

test result: ok. 0 passed; 0 failed; 0 ignored; 0 measured; 0 filtered out; finished in 0.00s


running 3 tests
...
test result: ok. 3 passed; 0 failed; 0 ignored; 0 measured; 0 filtered out; finished in 0.00s


running 0 tests

test result: ok. 0 passed; 0 failed; 0 ignored; 0 measured; 0 filtered out; finished in 0.00s


running 7 tests
.......
test result: ok. 7 passed; 0 failed; 0 ignored; 0 measured; 0 filtered out; finished in 0.03s


running 22 tests
......................
test result: ok. 22 passed; 0 failed; 0 ignored; 0 measured; 0 filtered out; finished in 0.01s


running 17 tests
.................
test result: ok. 17 passed; 0 failed; 0 ignored; 0 measured; 0 filtered out; finished in 0.03s


running 0 tests

test result: ok. 0 passed; 0 failed; 0 ignored; 0 measured; 0 filtered out; finished in 0.00s


running 11 tests
...........
test result: ok. 11 passed; 0 failed; 0 ignored; 0 measured; 0 filtered out; finished in 0.04s


running 33 tests
.................................
test result: ok. 33 passed; 0 failed; 0 ignored; 0 measured; 0 filtered out; finished in 0.03s


running 17 tests
.................
test result: ok. 17 passed; 0 failed; 0 ignored; 0 measured; 0 filtered out; finished in 0.10s


running 11 tests
...........
test result: ok. 11 passed; 0 failed; 0 ignored; 0 measured; 0 filtered out; finished in 0.00s


running 18 tests
..................
test result: ok. 18 passed; 0 failed; 0 ignored; 0 measured; 0 filtered out; finished in 0.17s


running 0 tests

test result: ok. 0 passed; 0 failed; 0 ignored; 0 measured; 0 filtered out; finished in 0.00s


running 1 test
.
test result: ok. 1 passed; 0 failed; 0 ignored; 0 measured; 0 filtered out; finished in 0.22s


running 2 tests
..
test result: ok. 2 passed; 0 failed; 0 ignored; 0 measured; 0 filtered out; finished in 0.21s


running 3 tests
...
test result: ok. 3 passed; 0 failed; 0 ignored; 0 measured; 0 filtered out; finished in 0.00s


running 0 tests

test result: ok. 0 passed; 0 failed; 0 ignored; 0 measured; 0 filtered out; finished in 0.00s


running 0 tests

test result: ok. 0 passed; 0 failed; 0 ignored; 0 measured; 0 filtered out; finished in 0.00s


running 0 tests

test result: ok. 0 passed; 0 failed; 0 ignored; 0 measured; 0 filtered out; finished in 0.00s


running 0 tests

test result: ok. 0 passed; 0 failed; 0 ignored; 0 measured; 0 filtered out; finished in 0.00s


running 0 tests

test result: ok. 0 passed; 0 failed; 0 ignored; 0 measured; 0 filtered out; finished in 0.00s


running 0 tests

test result: ok. 0 passed; 0 failed; 0 ignored; 0 measured; 0 filtered out; finished in 0.00s


running 0 tests

test result: ok. 0 passed; 0 failed; 0 ignored; 0 measured; 0 filtered out; finished in 0.00s


running 0 tests

test result: ok. 0 passed; 0 failed; 0 ignored; 0 measured; 0 filtered out; finished in 0.00s


running 0 tests

test result: ok. 0 passed; 0 failed; 0 ignored; 0 measured; 0 filtered out; finished in 0.00s


running 0 tests

test result: ok. 0 passed; 0 failed; 0 ignored; 0 measured; 0 filtered out; finished in 0.00s


running 0 tests

test result: ok. 0 passed; 0 failed; 0 ignored; 0 measured; 0 filtered out; finished in 0.00s


running 0 tests

test result: ok. 0 passed; 0 failed; 0 ignored; 0 measured; 0 filtered out; finished in 0.00s


running 0 tests

test result: ok. 0 passed; 0 failed; 0 ignored; 0 measured; 0 filtered out; finished in 0.00s


running 0 tests

test result: ok. 0 passed; 0 failed; 0 ignored; 0 measured; 0 filtered out; finished in 0.00s


running 0 tests

test result: ok. 0 passed; 0 failed; 0 ignored; 0 measured; 0 filtered out; finished in 0.00s


running 0 tests

test result: ok. 0 passed; 0 failed; 0 ignored; 0 measured; 0 filtered out; finished in 0.00s


running 0 tests

test result: ok. 0 passed; 0 failed; 0 ignored; 0 measured; 0 filtered out; finished in 0.00s


running 0 tests

test result: ok. 0 passed; 0 failed; 0 ignored; 0 measured; 0 filtered out; finished in 0.00s


running 0 tests

test result: ok. 0 passed; 0 failed; 0 ignored; 0 measured; 0 filtered out; finished in 0.00s


running 0 tests

test result: ok. 0 passed; 0 failed; 0 ignored; 0 measured; 0 filtered out; finished in 0.00s


running 0 tests

test result: ok. 0 passed; 0 failed; 0 ignored; 0 measured; 0 filtered out; finished in 0.00s


running 0 tests

test result: ok. 0 passed; 0 failed; 0 ignored; 0 measured; 0 filtered out; finished in 0.00s


running 0 tests

test result: ok. 0 passed; 0 failed; 0 ignored; 0 measured; 0 filtered out; finished in 0.00s


running 0 tests

test result: ok. 0 passed; 0 failed; 0 ignored; 0 measured; 0 filtered out; finished in 0.00s


running 0 tests

test result: ok. 0 passed; 0 failed; 0 ignored; 0 measured; 0 filtered out; finished in 0.00s


running 0 tests

test result: ok. 0 passed; 0 failed; 0 ignored; 0 measured; 0 filtered out; finished in 0.00s


running 0 tests

test result: ok. 0 passed; 0 failed; 0 ignored; 0 measured; 0 filtered out; finished in 0.00s


running 0 tests

test result: ok. 0 passed; 0 failed; 0 ignored; 0 measured; 0 filtered out; finished in 0.00s


running 0 tests

test result: ok. 0 passed; 0 failed; 0 ignored; 0 measured; 0 filtered out; finished in 0.00s


running 0 tests

test result: ok. 0 passed; 0 failed; 0 ignored; 0 measured; 0 filtered out; finished in 0.00s


running 0 tests

test result: ok. 0 passed; 0 failed; 0 ignored; 0 measured; 0 filtered out; finished in 0.00s


running 0 tests

test result: ok. 0 passed; 0 failed; 0 ignored; 0 measured; 0 filtered out; finished in 0.00s


running 0 tests

test result: ok. 0 passed; 0 failed; 0 ignored; 0 measured; 0 filtered out; finished in 0.00s


running 0 tests

test result: ok. 0 passed; 0 failed; 0 ignored; 0 measured; 0 filtered out; finished in 0.00s

error: 3 targets failed:
    `-p spark-adapters --test tier1_features`
    `-p spark-adapters --test tier2_boundary`
    `-p spark-cockpit-rs --bin spark-cockpit-rs`
