21:57:35 machine-state preflight: 20 s sustained on one X925 core
21:57:55 machine-state preflight ok: median seconds 13-20: 3.896 GHz (cut-off 3.75)
21:57:55 R15 silicon run 20260929T025735Z-3e9e53be3358-silicon started: 12 rounds, 5 Level-1 runs, 5 Level-2 runs
21:58:17 round 1 RES4 trial ok (22 s)
21:58:38 round 1 RES1 trial ok (21 s)
21:58:59 round 1 RES-1-NODIGEST trial ok (21 s)
21:59:21 round 1 SEQ trial ok (22 s)
21:59:43 round 2 RES1 trial ok (22 s)
22:00:05 round 2 SEQ trial ok (22 s)
22:00:26 round 2 RES4 trial ok (21 s)
22:00:47 round 2 RES-1-NODIGEST trial ok (21 s)
22:01:09 round 3 SEQ trial ok (22 s)
22:01:29 round 3 RES-1-NODIGEST trial ok (20 s)
22:01:51 round 3 RES1 trial ok (22 s)
22:02:12 round 3 RES4 trial ok (21 s)
22:02:33 round 4 RES-1-NODIGEST trial ok (21 s)
22:02:54 round 4 RES4 trial ok (21 s)
22:03:16 round 4 SEQ trial ok (22 s)
22:03:38 round 4 RES1 trial ok (22 s)
22:03:59 round 5 RES4 trial ok (21 s)
22:04:21 round 5 RES1 trial ok (22 s)
22:04:42 round 5 RES-1-NODIGEST trial ok (21 s)
22:05:04 round 5 SEQ trial ok (22 s)
22:05:26 round 6 RES1 trial ok (22 s)
22:05:50 round 6 SEQ trial ok (24 s)
22:06:11 round 6 RES4 trial ok (21 s)
22:06:32 round 6 RES-1-NODIGEST trial ok (21 s)
22:06:57 round 7 SEQ trial ok (25 s)
22:07:17 round 7 RES-1-NODIGEST trial ok (20 s)
22:07:39 round 7 RES1 trial ok (22 s)
22:08:01 round 7 RES4 trial ok (22 s)
22:08:22 round 8 RES-1-NODIGEST trial ok (21 s)
22:08:43 round 8 RES4 trial ok (21 s)
22:09:05 round 8 SEQ trial ok (22 s)
22:09:26 round 8 RES1 trial ok (21 s)
22:09:48 round 9 RES4 trial ok (22 s)
22:10:10 round 9 RES1 trial ok (22 s)
22:10:30 round 9 RES-1-NODIGEST trial ok (20 s)
22:10:52 round 9 SEQ trial ok (22 s)
22:11:15 round 10 RES1 trial ok (23 s)
22:11:38 round 10 SEQ trial ok (23 s)
22:11:59 round 10 RES4 trial ok (21 s)
22:12:20 round 10 RES-1-NODIGEST trial ok (21 s)
22:12:41 round 11 SEQ trial ok (21 s)
22:13:02 round 11 RES-1-NODIGEST trial ok (21 s)
22:13:25 round 11 RES1 trial ok (23 s)
22:13:46 round 11 RES4 trial ok (21 s)
22:14:07 round 12 RES-1-NODIGEST trial ok (21 s)
22:14:29 round 12 RES4 trial ok (22 s)
22:14:50 round 12 SEQ trial ok (21 s)
22:15:12 round 12 RES1 trial ok (22 s)
22:15:12 Level 1 A RES1 run 1 ok (0 s)
22:15:13 Level 1 A SEQ run 1 ok (1 s)
22:15:13 Level 1 C RES1 run 1 ok (0 s)
22:17:08 Level 1 C SEQ run 1 ok (115 s)
22:17:09 Level 1 D RES1 run 1 ok (1 s)
22:17:09 Level 1 D SEQ run 1 ok (0 s)
22:17:09 Level 1 E RES1 run 1 ok (0 s)
22:17:09 Level 1 E SEQ run 1 ok (0 s)
22:17:20 Level 1 G RES1 run 1 ok (11 s)
22:17:30 Level 1 G SEQ run 1 ok (10 s)
22:17:39 Level 1 W0 RES1 run 1 ok (9 s)
22:17:47 Level 1 W0 SEQ run 1 ok (8 s)
22:17:56 Level 1 W1 RES1 run 1 ok (9 s)
22:18:04 Level 1 W1 SEQ run 1 ok (8 s)
22:18:33 Level 1 B RES1 run 1 ok (29 s)
22:18:33 Level 1 A SEQ run 2 ok (0 s)
22:18:34 Level 1 A RES1 run 2 ok (1 s)
22:20:24 Level 1 C SEQ run 2 ok (110 s)
22:20:25 Level 1 C RES1 run 2 ok (1 s)
22:20:25 Level 1 D SEQ run 2 ok (0 s)
22:20:25 Level 1 D RES1 run 2 ok (0 s)
22:20:26 Level 1 E SEQ run 2 ok (1 s)
22:20:26 Level 1 E RES1 run 2 ok (0 s)
22:20:36 Level 1 G SEQ run 2 ok (10 s)
22:20:46 Level 1 G RES1 run 2 ok (10 s)
22:20:55 Level 1 W0 SEQ run 2 ok (9 s)
22:21:03 Level 1 W0 RES1 run 2 ok (8 s)
22:21:12 Level 1 W1 SEQ run 2 ok (9 s)
22:21:20 Level 1 W1 RES1 run 2 ok (8 s)
22:21:52 Level 1 B RES1 run 2 ok (32 s)
22:21:52 Level 1 A RES1 run 3 ok (0 s)
22:21:52 Level 1 A SEQ run 3 ok (0 s)
22:21:53 Level 1 C RES1 run 3 ok (1 s)
22:23:43 Level 1 C SEQ run 3 ok (110 s)
22:23:43 Level 1 D RES1 run 3 ok (0 s)
22:23:44 Level 1 D SEQ run 3 ok (1 s)
22:23:44 Level 1 E RES1 run 3 ok (0 s)
22:23:44 Level 1 E SEQ run 3 ok (0 s)
22:23:54 Level 1 G RES1 run 3 ok (10 s)
22:24:04 Level 1 G SEQ run 3 ok (10 s)
22:24:13 Level 1 W0 RES1 run 3 ok (9 s)
22:24:21 Level 1 W0 SEQ run 3 ok (8 s)
22:24:30 Level 1 W1 RES1 run 3 ok (9 s)
22:24:38 Level 1 W1 SEQ run 3 ok (8 s)
22:25:08 Level 1 B RES1 run 3 ok (30 s)
22:25:08 Level 1 A SEQ run 4 ok (0 s)
22:25:08 Level 1 A RES1 run 4 ok (0 s)
22:27:03 Level 1 C SEQ run 4 ok (115 s)
22:27:04 Level 1 C RES1 run 4 ok (1 s)
22:27:04 Level 1 D SEQ run 4 ok (0 s)
22:27:05 Level 1 D RES1 run 4 ok (1 s)
22:27:05 Level 1 E SEQ run 4 ok (0 s)
22:27:05 Level 1 E RES1 run 4 ok (0 s)
22:27:15 Level 1 G SEQ run 4 ok (10 s)
22:27:25 Level 1 G RES1 run 4 ok (10 s)
22:27:34 Level 1 W0 SEQ run 4 ok (9 s)
22:27:42 Level 1 W0 RES1 run 4 ok (8 s)
22:27:51 Level 1 W1 SEQ run 4 ok (9 s)
22:27:59 Level 1 W1 RES1 run 4 ok (8 s)
22:28:29 Level 1 B RES1 run 4 ok (30 s)
22:28:29 Level 1 A RES1 run 5 ok (0 s)
22:28:29 Level 1 A SEQ run 5 ok (0 s)
22:28:30 Level 1 C RES1 run 5 ok (1 s)
22:30:22 Level 1 C SEQ run 5 ok (112 s)
22:30:22 Level 1 D RES1 run 5 ok (0 s)
22:30:22 Level 1 D SEQ run 5 ok (0 s)
22:30:22 Level 1 E RES1 run 5 ok (0 s)
22:30:23 Level 1 E SEQ run 5 ok (1 s)
22:30:33 Level 1 G RES1 run 5 ok (10 s)
22:30:44 Level 1 G SEQ run 5 ok (11 s)
22:30:52 Level 1 W0 RES1 run 5 ok (8 s)
22:31:01 Level 1 W0 SEQ run 5 ok (9 s)
22:31:09 Level 1 W1 RES1 run 5 ok (8 s)
22:31:20 Level 1 W1 SEQ run 5 ok (11 s)
22:31:51 Level 1 B RES1 run 5 ok (31 s)
22:31:53 Level 2 RES1 run 1 ok (2 s)
22:31:54 Level 2 SEQ run 1 ok (1 s)
22:31:56 Level 2 SEQ run 2 ok (2 s)
22:31:57 Level 2 RES1 run 2 ok (1 s)
22:31:59 Level 2 RES1 run 3 ok (2 s)
22:32:00 Level 2 SEQ run 3 ok (1 s)
22:32:02 Level 2 SEQ run 4 ok (2 s)
22:32:06 Level 2 RES1 run 4 ok (4 s)
22:32:07 Level 2 RES1 run 5 ok (1 s)
22:32:09 Level 2 SEQ run 5 ok (2 s)
22:32:09 finished: 0 process(es) failed; 17 of 16 gates pass (see summary.json)
all gates: PASS
