PASS gqa_f32_tinyllama_32q4kv_ctx1 n=2048 rc=OK violations=0 worst_scaled_err=0 chip_ns=215825 call_ns=134596651 calls=1 unwritten=0 kv_staged=2048/2048 blocks=1/1 | mutants 0/0 
PASS gqa_f32_tinyllama_32q4kv_ctx17 n=2048 rc=OK violations=0 worst_scaled_err=0.00189431 chip_ns=103424 call_ns=221664 calls=1 unwritten=0 kv_staged=34816/34816 blocks=1/1 | mutants 0/0 
PASS gqa_f32_tinyllama_32q4kv_ctx256 n=2048 rc=OK violations=0 worst_scaled_err=0.00189409 chip_ns=206192 call_ns=357696 calls=1 unwritten=0 kv_staged=524288/524288 blocks=1/1 | mutants 0/0 
PASS gqa_f32_tinyllama_32q4kv_ctx2048 n=2048 rc=OK violations=0 worst_scaled_err=0.0028582 chip_ns=1129857 call_ns=1672210 calls=1 unwritten=0 kv_staged=4194304/4194304 blocks=1/1 | mutants 4/4 SLOT:CAUGHT(rc=OK,bad=2041) NO_RESCALE:CAUGHT(rc=OK,bad=1959) Q_ROW:CAUGHT(rc=OK,bad=2048) OUT_ROW:CAUGHT(rc=OK,bad=2048)
PASS gqa_f32_tinyllama_32q4kv_ctx65 n=2048 rc=OK violations=0 worst_scaled_err=0.00174821 chip_ns=103888 call_ns=206944 calls=1 unwritten=0 kv_staged=133120/133120 blocks=1/1 | mutants 0/0 
PASS gqa_f32_tinyllama_32q4kv_ctx128 n=2048 rc=OK violations=0 worst_scaled_err=0.00197914 chip_ns=103185 call_ns=107697 calls=1 unwritten=0 kv_staged=262144/262144 blocks=1/1 | mutants 0/0 
PASS gqa_f32_tinyllama_32q4kv_ctx129 n=2048 rc=OK violations=0 worst_scaled_err=0.00177573 chip_ns=102688 call_ns=106912 calls=1 unwritten=0 kv_staged=264192/264192 blocks=1/1 | mutants 0/0 
PASS gqa_f32_tinyllama_32q4kv_ctx300 n=2048 rc=OK violations=0 worst_scaled_err=0.00259576 chip_ns=306256 call_ns=314512 calls=1 unwritten=0 kv_staged=614400/614400 blocks=1/1 | mutants 0/0 
PASS gqa_f32_tinyllama_32q4kv_ctx1000 n=2048 rc=OK violations=0 worst_scaled_err=0.00247545 chip_ns=611521 call_ns=643921 calls=1 unwritten=0 kv_staged=2048000/2048000 blocks=1/1 | mutants 0/0 
PASS gqa_f32_llama32_1b_32q8kv_ctx1 n=2048 rc=OK violations=0 worst_scaled_err=0 chip_ns=102961 call_ns=193585 calls=1 unwritten=0 kv_staged=4096/4096 blocks=1/1 | mutants 0/0 
PASS gqa_f32_llama32_1b_32q8kv_ctx17 n=2048 rc=OK violations=0 worst_scaled_err=0.00174276 chip_ns=103040 call_ns=105760 calls=1 unwritten=0 kv_staged=69632/69632 blocks=1/1 | mutants 1/1 KV_HEAD:CAUGHT(rc=OK,bad=2048)
PASS gqa_f32_llama32_1b_32q8kv_ctx256 n=2048 rc=OK violations=0 worst_scaled_err=0.00161378 chip_ns=205424 call_ns=327344 calls=1 unwritten=0 kv_staged=1048576/1048576 blocks=1/1 | mutants 0/0 
PASS gqa_f32_llama32_1b_32q8kv_ctx2048 n=2048 rc=OK violations=0 worst_scaled_err=0.0029454 chip_ns=1105953 call_ns=2214995 calls=1 unwritten=0 kv_staged=8388608/8388608 blocks=1/1 | mutants 4/4 SLOT:CAUGHT(rc=OK,bad=2045) NO_RESCALE:CAUGHT(rc=OK,bad=1904) Q_ROW:CAUGHT(rc=OK,bad=2042) OUT_ROW:CAUGHT(rc=OK,bad=2042)
PASS gqa_f32_llama32_1b_32q8kv_ctx65 n=2048 rc=OK violations=0 worst_scaled_err=0.0014332 chip_ns=105088 call_ns=237488 calls=1 unwritten=0 kv_staged=266240/266240 blocks=1/1 | mutants 0/0 
PASS gqa_f32_llama32_1b_32q8kv_ctx128 n=2048 rc=OK violations=0 worst_scaled_err=0.00186415 chip_ns=103857 call_ns=111137 calls=1 unwritten=0 kv_staged=524288/524288 blocks=1/1 | mutants 0/0 
PASS gqa_f32_llama32_1b_32q8kv_ctx129 n=2048 rc=OK violations=0 worst_scaled_err=0.00185519 chip_ns=103248 call_ns=110576 calls=1 unwritten=0 kv_staged=528384/528384 blocks=1/1 | mutants 0/0 
PASS gqa_f32_llama32_1b_32q8kv_ctx300 n=2048 rc=OK violations=0 worst_scaled_err=0.00162705 chip_ns=264897 call_ns=283377 calls=1 unwritten=0 kv_staged=1228800/1228800 blocks=1/1 | mutants 0/0 
PASS gqa_f32_llama32_1b_32q8kv_ctx1000 n=2048 rc=OK violations=0 worst_scaled_err=0.00330327 chip_ns=692416 call_ns=781584 calls=1 unwritten=0 kv_staged=4096000/4096000 blocks=1/1 | mutants 0/0 
PASS gqa_f32_large_scores_32q4kv_ctx256 n=2048 rc=OK violations=0 worst_scaled_err=0.105395 chip_ns=220192 call_ns=428753 calls=1 unwritten=0 kv_staged=524288/524288 blocks=1/1 | mutants 1/1 NO_MAX:CAUGHT(rc=OK,bad=2048)
PASS gqa_f32_mha_16q16kv_ctx300 n=1024 rc=OK violations=0 worst_scaled_err=0.00197746 chip_ns=209296 call_ns=368672 calls=1 unwritten=0 kv_staged=2457600/2457600 blocks=1/1 | mutants 3/3 Q_ROW:CAUGHT(rc=OK,bad=1022) OUT_ROW:CAUGHT(rc=OK,bad=1024) KV_HEAD:CAUGHT(rc=OK,bad=1024)
PASS paged_bf16_tinyllama_32q4kv_bs16_ctx1 n=2048 rc=OK violations=0 worst_scaled_err=0 chip_ns=112448 call_ns=211456 calls=1 unwritten=0 kv_staged=16384/16384 blocks=1/1 | mutants 1/1 KV_HEAD:CAUGHT(rc=OK,bad=2048)
PASS paged_bf16_tinyllama_32q4kv_bs16_ctx17 n=2048 rc=OK violations=0 worst_scaled_err=0.002096 chip_ns=103680 call_ns=195009 calls=1 unwritten=0 kv_staged=32768/32768 blocks=2/2 | mutants 2/2 KV_HEAD:CAUGHT(rc=OK,bad=2046) SLOT:CAUGHT(rc=OK,bad=2048)
PASS paged_bf16_tinyllama_32q4kv_bs16_ctx256 n=2048 rc=OK violations=0 worst_scaled_err=0.00199949 chip_ns=205393 call_ns=355905 calls=1 unwritten=0 kv_staged=262144/262144 blocks=16/16 | mutants 0/0 
PASS paged_bf16_tinyllama_32q4kv_bs16_ctx2048 n=2048 rc=OK violations=0 worst_scaled_err=0.00336531 chip_ns=1089106 call_ns=1137186 calls=1 unwritten=0 kv_staged=2097152/2097152 blocks=128/128 | mutants 5/5 KV_HEAD:CAUGHT(rc=OK,bad=2045) SLOT:CAUGHT(rc=OK,bad=2042) NO_RESCALE:CAUGHT(rc=OK,bad=2023) Q_ROW:CAUGHT(rc=OK,bad=2042) OUT_ROW:CAUGHT(rc=OK,bad=2042)
PASS paged_bf16_tinyllama_32q4kv_bs16_ctx65 n=2048 rc=OK violations=0 worst_scaled_err=0.00182741 chip_ns=104865 call_ns=225169 calls=1 unwritten=0 kv_staged=81920/81920 blocks=5/5 | mutants 0/0 
PASS paged_bf16_tinyllama_32q4kv_bs16_ctx128 n=2048 rc=OK violations=0 worst_scaled_err=0.00191997 chip_ns=103216 call_ns=106832 calls=1 unwritten=0 kv_staged=131072/131072 blocks=8/8 | mutants 0/0 
PASS paged_bf16_tinyllama_32q4kv_bs16_ctx129 n=2048 rc=OK violations=0 worst_scaled_err=0.00192425 chip_ns=103072 call_ns=106560 calls=1 unwritten=0 kv_staged=147456/147456 blocks=9/9 | mutants 0/0 
PASS paged_bf16_tinyllama_32q4kv_bs16_ctx300 n=2048 rc=OK violations=0 worst_scaled_err=0.00243899 chip_ns=306592 call_ns=312272 calls=1 unwritten=0 kv_staged=311296/311296 blocks=19/19 | mutants 0/0 
PASS paged_bf16_tinyllama_32q4kv_bs16_ctx1000 n=2048 rc=OK violations=0 worst_scaled_err=0.00547531 chip_ns=306448 call_ns=310496 calls=1 unwritten=0 kv_staged=163840/1032192 blocks=10/63 | mutants 0/0 
PASS paged_bf16_llama32_1b_32q8kv_bs16_ctx1 n=2048 rc=OK violations=0 worst_scaled_err=0 chip_ns=76352 call_ns=188305 calls=1 unwritten=0 kv_staged=32768/32768 blocks=1/1 | mutants 1/1 KV_HEAD:CAUGHT(rc=OK,bad=2048)
PASS paged_bf16_llama32_1b_32q8kv_bs16_ctx17 n=2048 rc=OK violations=0 worst_scaled_err=0.00223287 chip_ns=104752 call_ns=212768 calls=1 unwritten=0 kv_staged=65536/65536 blocks=2/2 | mutants 2/2 KV_HEAD:CAUGHT(rc=OK,bad=2048) SLOT:CAUGHT(rc=OK,bad=2048)
PASS paged_bf16_llama32_1b_32q8kv_bs16_ctx256 n=2048 rc=OK violations=0 worst_scaled_err=0.00167964 chip_ns=207344 call_ns=329136 calls=1 unwritten=0 kv_staged=524288/524288 blocks=16/16 | mutants 0/0 
PASS paged_bf16_llama32_1b_32q8kv_bs16_ctx2048 n=2048 rc=OK violations=0 worst_scaled_err=0.00358689 chip_ns=1123938 call_ns=1217266 calls=1 unwritten=0 kv_staged=4194304/4194304 blocks=128/128 | mutants 5/5 KV_HEAD:CAUGHT(rc=OK,bad=2048) SLOT:CAUGHT(rc=OK,bad=2045) NO_RESCALE:CAUGHT(rc=OK,bad=1999) Q_ROW:CAUGHT(rc=OK,bad=2044) OUT_ROW:CAUGHT(rc=OK,bad=2044)
PASS paged_bf16_llama32_1b_32q8kv_bs16_ctx65 n=2048 rc=OK violations=0 worst_scaled_err=0.00228809 chip_ns=105008 call_ns=227360 calls=1 unwritten=0 kv_staged=163840/163840 blocks=5/5 | mutants 0/0 
PASS paged_bf16_llama32_1b_32q8kv_bs16_ctx128 n=2048 rc=OK violations=0 worst_scaled_err=0.00160376 chip_ns=205249 call_ns=210337 calls=1 unwritten=0 kv_staged=262144/262144 blocks=8/8 | mutants 0/0 
PASS paged_bf16_llama32_1b_32q8kv_bs16_ctx129 n=2048 rc=OK violations=0 worst_scaled_err=0.00173996 chip_ns=206753 call_ns=211953 calls=1 unwritten=0 kv_staged=294912/294912 blocks=9/9 | mutants 0/0 
PASS paged_bf16_llama32_1b_32q8kv_bs16_ctx300 n=2048 rc=OK violations=0 worst_scaled_err=0.00303696 chip_ns=307281 call_ns=316113 calls=1 unwritten=0 kv_staged=622592/622592 blocks=19/19 | mutants 0/0 
PASS paged_bf16_llama32_1b_32q8kv_bs16_ctx1000 n=2048 rc=OK violations=0 worst_scaled_err=0.00420311 chip_ns=308241 call_ns=314401 calls=1 unwritten=0 kv_staged=327680/2064384 blocks=10/63 | mutants 0/0 
PASS paged_bf16_batch_3seq_32q8kv_ctx40_0_100 n=6144 rc=OK violations=0 worst_scaled_err=0.00181424 chip_ns=209680 call_ns=484801 calls=2 unwritten=0 kv_staged=229376/229376 blocks=7/7 | mutants 4/4 KV_HEAD:CAUGHT(rc=OK,bad=4095) SLOT:CAUGHT(rc=OK,bad=4090) Q_ROW:CAUGHT(rc=OK,bad=4096) OUT_ROW:CAUGHT(rc=OK,bad=4096)
PASS paged_bf16_shared_prefix_4seq_8q2kv_10pre n=2048 rc=OK violations=0 worst_scaled_err=0.00188498 chip_ns=259921 call_ns=349105 calls=1 unwritten=0 kv_staged=155648/401408 blocks=19/49 | mutants 2/2 KV_HEAD:CAUGHT(rc=OK,bad=2048) SLOT:CAUGHT(rc=OK,bad=2046)
PASS paged_bf16_shared_prefix_4seq_32q8kv_10pre n=8192 rc=OK violations=0 worst_scaled_err=0.0024233 chip_ns=411009 call_ns=522897 calls=2 unwritten=0 kv_staged=950272/1605632 blocks=29/49 | mutants 2/2 KV_HEAD:CAUGHT(rc=OK,bad=8192) SLOT:CAUGHT(rc=OK,bad=8181)
mutant NO_MAX: caught 1 of 1
mutant KV_HEAD: caught 11 of 11
mutant SLOT: caught 9 of 9
mutant NO_RESCALE: caught 4 of 4
mutant Q_ROW: caught 6 of 6
mutant OUT_ROW: caught 6 of 6
device_opens=1
PASS: 122 checks, 0 failed
