PASS gqa_f32_tinyllama_32q4kv_ctx1 n=2048 rc=OK violations=0 worst_scaled_err=0 chip_ns=108385 call_ns=27477548 calls=1 unwritten=0 | mutants 0/0 
PASS gqa_f32_tinyllama_32q4kv_ctx17 n=2048 rc=OK violations=0 worst_scaled_err=0.00189431 chip_ns=103568 call_ns=215969 calls=1 unwritten=0 | mutants 0/0 
PASS gqa_f32_tinyllama_32q4kv_ctx256 n=2048 rc=OK violations=0 worst_scaled_err=0.00189409 chip_ns=190017 call_ns=342113 calls=1 unwritten=0 | mutants 0/0 
PASS gqa_f32_tinyllama_32q4kv_ctx2048 n=2048 rc=OK violations=0 worst_scaled_err=0.0028582 chip_ns=1121413 call_ns=1634488 calls=1 unwritten=0 | mutants 2/2 SLOT:CAUGHT(rc=OK,bad=2041) NO_RESCALE:CAUGHT(rc=OK,bad=1959)
PASS gqa_f32_tinyllama_32q4kv_ctx65 n=2048 rc=OK violations=0 worst_scaled_err=0.00174821 chip_ns=103056 call_ns=191136 calls=1 unwritten=0 | mutants 0/0 
PASS gqa_f32_tinyllama_32q4kv_ctx128 n=2048 rc=OK violations=0 worst_scaled_err=0.00197914 chip_ns=103264 call_ns=107824 calls=1 unwritten=0 | mutants 0/0 
PASS gqa_f32_tinyllama_32q4kv_ctx129 n=2048 rc=OK violations=0 worst_scaled_err=0.00177573 chip_ns=103984 call_ns=108336 calls=1 unwritten=0 | mutants 0/0 
PASS gqa_f32_tinyllama_32q4kv_ctx300 n=2048 rc=OK violations=0 worst_scaled_err=0.00259576 chip_ns=205009 call_ns=213649 calls=1 unwritten=0 | mutants 0/0 
PASS gqa_f32_tinyllama_32q4kv_ctx1000 n=2048 rc=OK violations=0 worst_scaled_err=0.00247545 chip_ns=575331 call_ns=607763 calls=1 unwritten=0 | mutants 0/0 
PASS gqa_f32_llama32_1b_32q8kv_ctx1 n=2048 rc=OK violations=0 worst_scaled_err=0 chip_ns=102977 call_ns=196929 calls=1 unwritten=0 | mutants 0/0 
PASS gqa_f32_llama32_1b_32q8kv_ctx17 n=2048 rc=OK violations=0 worst_scaled_err=0.00174276 chip_ns=102577 call_ns=105233 calls=1 unwritten=0 | mutants 1/1 KV_HEAD:CAUGHT(rc=OK,bad=2048)
PASS gqa_f32_llama32_1b_32q8kv_ctx256 n=2048 rc=OK violations=0 worst_scaled_err=0.00161378 chip_ns=207505 call_ns=301089 calls=1 unwritten=0 | mutants 0/0 
PASS gqa_f32_llama32_1b_32q8kv_ctx2048 n=2048 rc=OK violations=0 worst_scaled_err=0.0029454 chip_ns=1121350 call_ns=2119739 calls=1 unwritten=0 | mutants 2/2 SLOT:CAUGHT(rc=OK,bad=2045) NO_RESCALE:CAUGHT(rc=OK,bad=1904)
PASS gqa_f32_llama32_1b_32q8kv_ctx65 n=2048 rc=OK violations=0 worst_scaled_err=0.0014332 chip_ns=103409 call_ns=189361 calls=1 unwritten=0 | mutants 0/0 
PASS gqa_f32_llama32_1b_32q8kv_ctx128 n=2048 rc=OK violations=0 worst_scaled_err=0.00186415 chip_ns=102896 call_ns=110160 calls=1 unwritten=0 | mutants 0/0 
PASS gqa_f32_llama32_1b_32q8kv_ctx129 n=2048 rc=OK violations=0 worst_scaled_err=0.00185519 chip_ns=102705 call_ns=109809 calls=1 unwritten=0 | mutants 0/0 
PASS gqa_f32_llama32_1b_32q8kv_ctx300 n=2048 rc=OK violations=0 worst_scaled_err=0.00162705 chip_ns=204593 call_ns=220865 calls=1 unwritten=0 | mutants 0/0 
PASS gqa_f32_llama32_1b_32q8kv_ctx1000 n=2048 rc=OK violations=0 worst_scaled_err=0.00330327 chip_ns=613235 call_ns=700755 calls=1 unwritten=0 | mutants 0/0 
PASS gqa_f32_large_scores_32q4kv_ctx256 n=2048 rc=OK violations=0 worst_scaled_err=0.105395 chip_ns=204881 call_ns=311346 calls=1 unwritten=0 | mutants 1/1 NO_MAX:CAUGHT(rc=OK,bad=2048)
PASS paged_bf16_tinyllama_32q4kv_bs16_ctx1 n=2048 rc=OK violations=0 worst_scaled_err=0 chip_ns=103136 call_ns=180401 calls=1 unwritten=0 | mutants 1/1 KV_HEAD:CAUGHT(rc=OK,bad=2048)
PASS paged_bf16_tinyllama_32q4kv_bs16_ctx17 n=2048 rc=OK violations=0 worst_scaled_err=0.00163266 chip_ns=102752 call_ns=176961 calls=1 unwritten=0 | mutants 2/2 KV_HEAD:CAUGHT(rc=OK,bad=2046) SLOT:CAUGHT(rc=OK,bad=2048)
PASS paged_bf16_tinyllama_32q4kv_bs16_ctx256 n=2048 rc=OK violations=0 worst_scaled_err=0.00166846 chip_ns=205233 call_ns=286898 calls=1 unwritten=0 | mutants 0/0 
PASS paged_bf16_tinyllama_32q4kv_bs16_ctx2048 n=2048 rc=OK violations=0 worst_scaled_err=0.00251498 chip_ns=921461 call_ns=966117 calls=1 unwritten=0 | mutants 3/3 KV_HEAD:CAUGHT(rc=OK,bad=2046) SLOT:CAUGHT(rc=OK,bad=2040) NO_RESCALE:CAUGHT(rc=OK,bad=1967)
PASS paged_bf16_tinyllama_32q4kv_bs16_ctx65 n=2048 rc=OK violations=0 worst_scaled_err=0.00210118 chip_ns=104064 call_ns=185601 calls=1 unwritten=0 | mutants 0/0 
PASS paged_bf16_tinyllama_32q4kv_bs16_ctx128 n=2048 rc=OK violations=0 worst_scaled_err=0.00146533 chip_ns=103168 call_ns=106768 calls=1 unwritten=0 | mutants 0/0 
PASS paged_bf16_tinyllama_32q4kv_bs16_ctx129 n=2048 rc=OK violations=0 worst_scaled_err=0.00185572 chip_ns=102977 call_ns=106481 calls=1 unwritten=0 | mutants 0/0 
PASS paged_bf16_tinyllama_32q4kv_bs16_ctx300 n=2048 rc=OK violations=0 worst_scaled_err=0.00200274 chip_ns=204354 call_ns=209778 calls=1 unwritten=0 | mutants 0/0 
PASS paged_bf16_tinyllama_32q4kv_bs16_ctx1000 n=2048 rc=OK violations=0 worst_scaled_err=0.00401205 chip_ns=510403 call_ns=523299 calls=1 unwritten=0 | mutants 0/0 
PASS paged_bf16_llama32_1b_32q8kv_bs16_ctx1 n=2048 rc=OK violations=0 worst_scaled_err=0 chip_ns=104209 call_ns=187777 calls=1 unwritten=0 | mutants 1/1 KV_HEAD:CAUGHT(rc=OK,bad=2048)
PASS paged_bf16_llama32_1b_32q8kv_bs16_ctx17 n=2048 rc=OK violations=0 worst_scaled_err=0.00223903 chip_ns=102801 call_ns=177825 calls=1 unwritten=0 | mutants 2/2 KV_HEAD:CAUGHT(rc=OK,bad=2047) SLOT:CAUGHT(rc=OK,bad=2048)
PASS paged_bf16_llama32_1b_32q8kv_bs16_ctx256 n=2048 rc=OK violations=0 worst_scaled_err=0.00184182 chip_ns=204801 call_ns=288098 calls=1 unwritten=0 | mutants 0/0 
PASS paged_bf16_llama32_1b_32q8kv_bs16_ctx2048 n=2048 rc=OK violations=0 worst_scaled_err=0.00314517 chip_ns=1024165 call_ns=1116965 calls=1 unwritten=0 | mutants 3/3 KV_HEAD:CAUGHT(rc=OK,bad=2046) SLOT:CAUGHT(rc=OK,bad=2043) NO_RESCALE:CAUGHT(rc=OK,bad=2026)
PASS paged_bf16_llama32_1b_32q8kv_bs16_ctx65 n=2048 rc=OK violations=0 worst_scaled_err=0.00162085 chip_ns=103009 call_ns=187713 calls=1 unwritten=0 | mutants 0/0 
PASS paged_bf16_llama32_1b_32q8kv_bs16_ctx128 n=2048 rc=OK violations=0 worst_scaled_err=0.00223147 chip_ns=103200 call_ns=107968 calls=1 unwritten=0 | mutants 0/0 
PASS paged_bf16_llama32_1b_32q8kv_bs16_ctx129 n=2048 rc=OK violations=0 worst_scaled_err=0.00174217 chip_ns=103328 call_ns=108368 calls=1 unwritten=0 | mutants 0/0 
PASS paged_bf16_llama32_1b_32q8kv_bs16_ctx300 n=2048 rc=OK violations=0 worst_scaled_err=0.00218852 chip_ns=179921 call_ns=188961 calls=1 unwritten=0 | mutants 0/0 
PASS paged_bf16_llama32_1b_32q8kv_bs16_ctx1000 n=2048 rc=OK violations=0 worst_scaled_err=0.00512126 chip_ns=510067 call_ns=534403 calls=1 unwritten=0 | mutants 0/0 
PASS paged_bf16_batch_3seq_32q8kv_ctx40_0_100 n=6144 rc=OK violations=0 worst_scaled_err=0.00140401 chip_ns=209569 call_ns=438562 calls=2 unwritten=0 | mutants 2/2 KV_HEAD:CAUGHT(rc=OK,bad=4093) SLOT:CAUGHT(rc=OK,bad=4095)
mutant NO_MAX: caught 1 of 1
mutant KV_HEAD: caught 8 of 8
mutant SLOT: caught 7 of 7
mutant NO_RESCALE: caught 4 of 4
device_opens=1
PASS: 86 checks, 0 failed
