PASS gqa_f32_tinyllama_32q4kv_ctx1 n=2048 rc=OK violations=0 worst_scaled_err=0 chip_ns=108944 call_ns=27746653 calls=1 unwritten=0 | mutants 0/0 
PASS gqa_f32_tinyllama_32q4kv_ctx17 n=2048 rc=OK violations=0 worst_scaled_err=0.00189431 chip_ns=104593 call_ns=202865 calls=1 unwritten=0 | mutants 0/0 
PASS gqa_f32_tinyllama_32q4kv_ctx256 n=2048 rc=OK violations=0 worst_scaled_err=0.00189409 chip_ns=206433 call_ns=363330 calls=1 unwritten=0 | mutants 0/0 
PASS gqa_f32_tinyllama_32q4kv_ctx2048 n=2048 rc=OK violations=0 worst_scaled_err=0.0028582 chip_ns=1126613 call_ns=1618024 calls=1 unwritten=0 | mutants 2/2 SLOT:CAUGHT(rc=OK,bad=2041) NO_RESCALE:CAUGHT(rc=OK,bad=1959)
PASS gqa_f32_tinyllama_32q4kv_ctx65 n=2048 rc=OK violations=0 worst_scaled_err=0.00174821 chip_ns=110000 call_ns=291553 calls=1 unwritten=0 | mutants 0/0 
PASS gqa_f32_tinyllama_32q4kv_ctx128 n=2048 rc=OK violations=0 worst_scaled_err=0.00197914 chip_ns=106673 call_ns=116049 calls=1 unwritten=0 | mutants 0/0 
PASS gqa_f32_tinyllama_32q4kv_ctx129 n=2048 rc=OK violations=0 worst_scaled_err=0.00177573 chip_ns=107025 call_ns=116545 calls=1 unwritten=0 | mutants 0/0 
PASS gqa_f32_tinyllama_32q4kv_ctx300 n=2048 rc=OK violations=0 worst_scaled_err=0.00259576 chip_ns=213233 call_ns=232001 calls=1 unwritten=0 | mutants 0/0 
PASS gqa_f32_tinyllama_32q4kv_ctx1000 n=2048 rc=OK violations=0 worst_scaled_err=0.00247545 chip_ns=514866 call_ns=555395 calls=1 unwritten=0 | mutants 0/0 
PASS gqa_f32_llama32_1b_32q8kv_ctx1 n=2048 rc=OK violations=0 worst_scaled_err=0 chip_ns=103777 call_ns=251634 calls=1 unwritten=0 | mutants 0/0 
PASS gqa_f32_llama32_1b_32q8kv_ctx17 n=2048 rc=OK violations=0 worst_scaled_err=0.00174276 chip_ns=103280 call_ns=106048 calls=1 unwritten=0 | mutants 1/1 KV_HEAD:CAUGHT(rc=OK,bad=2048)
PASS gqa_f32_llama32_1b_32q8kv_ctx256 n=2048 rc=OK violations=0 worst_scaled_err=0.00161378 chip_ns=206449 call_ns=311538 calls=1 unwritten=0 | mutants 0/0 
PASS gqa_f32_llama32_1b_32q8kv_ctx2048 n=2048 rc=OK violations=0 worst_scaled_err=0.0029454 chip_ns=1224695 call_ns=2478861 calls=1 unwritten=0 | mutants 2/2 SLOT:CAUGHT(rc=OK,bad=2045) NO_RESCALE:CAUGHT(rc=OK,bad=1904)
PASS gqa_f32_llama32_1b_32q8kv_ctx65 n=2048 rc=OK violations=0 worst_scaled_err=0.0014332 chip_ns=103168 call_ns=192657 calls=1 unwritten=0 | mutants 0/0 
PASS gqa_f32_llama32_1b_32q8kv_ctx128 n=2048 rc=OK violations=0 worst_scaled_err=0.00186415 chip_ns=104145 call_ns=112721 calls=1 unwritten=0 | mutants 0/0 
PASS gqa_f32_llama32_1b_32q8kv_ctx129 n=2048 rc=OK violations=0 worst_scaled_err=0.00185519 chip_ns=103057 call_ns=111169 calls=1 unwritten=0 | mutants 0/0 
PASS gqa_f32_llama32_1b_32q8kv_ctx300 n=2048 rc=OK violations=0 worst_scaled_err=0.00162705 chip_ns=204833 call_ns=226529 calls=1 unwritten=0 | mutants 0/0 
PASS gqa_f32_llama32_1b_32q8kv_ctx1000 n=2048 rc=OK violations=0 worst_scaled_err=0.00330327 chip_ns=613667 call_ns=751155 calls=1 unwritten=0 | mutants 0/0 
PASS gqa_f32_large_scores_32q4kv_ctx256 n=2048 rc=OK violations=0 worst_scaled_err=0.105395 chip_ns=204785 call_ns=355170 calls=1 unwritten=0 | mutants 1/1 NO_MAX:CAUGHT(rc=OK,bad=2048)
PASS paged_bf16_tinyllama_32q4kv_bs16_ctx1 n=2048 rc=OK violations=0 worst_scaled_err=0 chip_ns=103009 call_ns=180449 calls=1 unwritten=0 | mutants 1/1 KV_HEAD:CAUGHT(rc=OK,bad=2048)
PASS paged_bf16_tinyllama_32q4kv_bs16_ctx17 n=2048 rc=OK violations=0 worst_scaled_err=0.00163266 chip_ns=102657 call_ns=179105 calls=1 unwritten=0 | mutants 2/2 KV_HEAD:CAUGHT(rc=OK,bad=2046) SLOT:CAUGHT(rc=OK,bad=2048)
PASS paged_bf16_tinyllama_32q4kv_bs16_ctx256 n=2048 rc=OK violations=0 worst_scaled_err=0.00166846 chip_ns=205377 call_ns=284753 calls=1 unwritten=0 | mutants 0/0 
PASS paged_bf16_tinyllama_32q4kv_bs16_ctx2048 n=2048 rc=OK violations=0 worst_scaled_err=0.00251498 chip_ns=922469 call_ns=979557 calls=1 unwritten=0 | mutants 3/3 KV_HEAD:CAUGHT(rc=OK,bad=2046) SLOT:CAUGHT(rc=OK,bad=2040) NO_RESCALE:CAUGHT(rc=OK,bad=1967)
PASS paged_bf16_tinyllama_32q4kv_bs16_ctx65 n=2048 rc=OK violations=0 worst_scaled_err=0.00210118 chip_ns=103553 call_ns=187665 calls=1 unwritten=0 | mutants 0/0 
PASS paged_bf16_tinyllama_32q4kv_bs16_ctx128 n=2048 rc=OK violations=0 worst_scaled_err=0.00146533 chip_ns=102737 call_ns=106481 calls=1 unwritten=0 | mutants 0/0 
PASS paged_bf16_tinyllama_32q4kv_bs16_ctx129 n=2048 rc=OK violations=0 worst_scaled_err=0.00185572 chip_ns=94400 call_ns=97744 calls=1 unwritten=0 | mutants 0/0 
PASS paged_bf16_tinyllama_32q4kv_bs16_ctx300 n=2048 rc=OK violations=0 worst_scaled_err=0.00200274 chip_ns=205137 call_ns=210785 calls=1 unwritten=0 | mutants 0/0 
PASS paged_bf16_tinyllama_32q4kv_bs16_ctx1000 n=2048 rc=OK violations=0 worst_scaled_err=0.00401205 chip_ns=505875 call_ns=521763 calls=1 unwritten=0 | mutants 0/0 
PASS paged_bf16_llama32_1b_32q8kv_bs16_ctx1 n=2048 rc=OK violations=0 worst_scaled_err=0 chip_ns=103169 call_ns=194193 calls=1 unwritten=0 | mutants 1/1 KV_HEAD:CAUGHT(rc=OK,bad=2048)
PASS paged_bf16_llama32_1b_32q8kv_bs16_ctx17 n=2048 rc=OK violations=0 worst_scaled_err=0.00223903 chip_ns=102977 call_ns=179553 calls=1 unwritten=0 | mutants 2/2 KV_HEAD:CAUGHT(rc=OK,bad=2047) SLOT:CAUGHT(rc=OK,bad=2048)
PASS paged_bf16_llama32_1b_32q8kv_bs16_ctx256 n=2048 rc=OK violations=0 worst_scaled_err=0.00184182 chip_ns=206369 call_ns=293073 calls=1 unwritten=0 | mutants 0/0 
PASS paged_bf16_llama32_1b_32q8kv_bs16_ctx2048 n=2048 rc=OK violations=0 worst_scaled_err=0.00314517 chip_ns=1026149 call_ns=1148741 calls=1 unwritten=0 | mutants 3/3 KV_HEAD:CAUGHT(rc=OK,bad=2046) SLOT:CAUGHT(rc=OK,bad=2043) NO_RESCALE:CAUGHT(rc=OK,bad=2026)
PASS paged_bf16_llama32_1b_32q8kv_bs16_ctx65 n=2048 rc=OK violations=0 worst_scaled_err=0.00162085 chip_ns=104417 call_ns=193873 calls=1 unwritten=0 | mutants 0/0 
PASS paged_bf16_llama32_1b_32q8kv_bs16_ctx128 n=2048 rc=OK violations=0 worst_scaled_err=0.00223147 chip_ns=103489 call_ns=108561 calls=1 unwritten=0 | mutants 0/0 
PASS paged_bf16_llama32_1b_32q8kv_bs16_ctx129 n=2048 rc=OK violations=0 worst_scaled_err=0.00174217 chip_ns=103489 call_ns=108545 calls=1 unwritten=0 | mutants 0/0 
PASS paged_bf16_llama32_1b_32q8kv_bs16_ctx300 n=2048 rc=OK violations=0 worst_scaled_err=0.00218852 chip_ns=205601 call_ns=216418 calls=1 unwritten=0 | mutants 0/0 
PASS paged_bf16_llama32_1b_32q8kv_bs16_ctx1000 n=2048 rc=OK violations=0 worst_scaled_err=0.00512126 chip_ns=511603 call_ns=543795 calls=1 unwritten=0 | mutants 0/0 
PASS paged_bf16_batch_3seq_32q8kv_ctx40_0_100 n=6144 rc=OK violations=0 worst_scaled_err=0.00140401 chip_ns=208433 call_ns=465554 calls=2 unwritten=0 | mutants 2/2 KV_HEAD:CAUGHT(rc=OK,bad=4093) SLOT:CAUGHT(rc=OK,bad=4095)
mutant NO_MAX: caught 1 of 1
mutant KV_HEAD: caught 8 of 8
mutant SLOT: caught 7 of 7
mutant NO_RESCALE: caught 4 of 4
device_opens=1
PASS: 86 checks, 0 failed
