
Dynamic section at offset 0x7fb20 contains 28 entries:
  Tag        Type                         Name/Value
 0x0000000000000001 (NEEDED)             Shared library: [libc.so.6]
 0x0000000000000001 (NEEDED)             Shared library: [ld-linux-aarch64.so.1]
 0x000000000000000c (INIT)               0x2ea0
 0x000000000000000d (FINI)               0x5e264
 0x0000000000000019 (INIT_ARRAY)         0x8efe8
 0x000000000000001b (INIT_ARRAYSZ)       16 (bytes)
 0x000000000000001a (FINI_ARRAY)         0x8eff8
 0x000000000000001c (FINI_ARRAYSZ)       8 (bytes)
 0x000000006ffffef5 (GNU_HASH)           0x2d0
 0x0000000000000005 (STRTAB)             0xb30
 0x0000000000000006 (SYMTAB)             0x2f0
 0x000000000000000a (STRSZ)              874 (bytes)
 0x000000000000000b (SYMENT)             24 (bytes)
 0x0000000000000015 (DEBUG)              0x0
 0x0000000000000003 (PLTGOT)             0x8fd20
 0x0000000000000002 (PLTRELSZ)           1920 (bytes)
 0x0000000000000014 (PLTREL)             RELA
 0x0000000000000017 (JMPREL)             0x2720
 0x0000000000000007 (RELA)               0xfb0
 0x0000000000000008 (RELASZ)             6000 (bytes)
 0x0000000000000009 (RELAENT)            24 (bytes)
 0x000000000000001e (FLAGS)              BIND_NOW
 0x000000006ffffffb (FLAGS_1)            Flags: NOW PIE
 0x000000006ffffffe (VERNEED)            0xf50
 0x000000006fffffff (VERNEEDNUM)         2
 0x000000006ffffff0 (VERSYM)             0xe9a
 0x000000006ffffff9 (RELACOUNT)          243
 0x0000000000000000 (NULL)               0x0
