WORLD_WAIT_FAIL site=omega_world_drain wait=marker kind=sequence result=TIMEOUT expected=100 observed=4 elapsed_ns=200000034 progress_count=1 polls=3695228
WORLD_WAIT_FAIL site=omega_world_drain wait=marker kind=sequence result=TIMEOUT expected=2 observed=1 elapsed_ns=1000005 progress_count=0 polls=18585
WORLD_WAIT_FAIL site=omega_world_drain wait=marker kind=sequence result=TIMEOUT expected=100 observed=1 elapsed_ns=200000018 progress_count=1 polls=3712701
================================================================================
    AIEN OMEGA M19R: WORLD LIFECYCLE GATES
================================================================================
  [PASS] WORLD_REVOKE_RELEASES_MEMORY
  [PASS] WORLD_REVOKE_WAITS_FOR_QUEUED_JOB
  [PASS] WORLD_ERROR_LATCH_COUNTS_ONCE
  [PASS] WORLD_WAIT_REACHED_OR_PASSED
  [PASS] WORLD_OUTPUT_IN_FLIGHT_ALIAS_REFUSED
  [PASS] WORLD_BOUNDS_OVERFLOW_REFUSED
  [PASS] WORLD_TIMEOUT_COMPLETION_RACE
  [PASS] WORLD_STALE_GENERATION_MARKER_REFUSED
  [PASS] WORLD_BATCHED_RESULT_IDENTITY
  [PASS] WORLD_STALE_HANDLE_AFTER_RESTART
  [PASS] WORLD_FAULTED_REFUSES_REGISTER
    negative control: output held poison 0xdeadbeef in 64/64 elements before dispatch
    WORLD_WAIT_BOUNDED wait_ms=0.117 output_ok=1 (rc=0 wrong=0/64)
  [PASS] WORLD_COMPLETION_WAIT_BOUNDED
  TOTAL: 12 | PASSED: 12 | FAILED: 0
