WORLD_WAIT_FAIL site=omega_world_drain wait=marker kind=sequence result=STALLED expected=100 observed=3 elapsed_ns=200000003 progress_count=0 polls=3888308
WORLD_WAIT_FAIL site=omega_world_drain wait=marker kind=sequence result=STALLED expected=4 observed=3 elapsed_ns=100000010 progress_count=0 polls=1943666
GATE_DIAG gate=WORLD_ERROR_LATCH_COUNTS_ONCE exit=drain_after_recover_nonzero rc=-8 world_faulted=1 total_dispatches=3 (want drain 0)
WORLD_WAIT_FAIL site=omega_world_dispatch_vector wait=marker kind=sequence result=STALLED expected=4 observed=3 elapsed_ns=5000000035 progress_count=0 polls=97781260
WORLD_WAIT_FAIL site=omega_world_dispatch_vector wait=marker kind=sequence result=STALLED expected=2 observed=1 elapsed_ns=5000000023 progress_count=0 polls=97774403
WORLD_WAIT_FAIL site=omega_world_drain wait=marker kind=sequence result=STALLED expected=2 observed=1 elapsed_ns=1000003 progress_count=0 polls=18891
WORLD_WAIT_FAIL site=omega_world_drain wait=marker kind=sequence result=TIMEOUT expected=100 observed=1 elapsed_ns=200000003 progress_count=1 polls=3850129
================================================================================
    AIEN OMEGA M19R: WORLD LIFECYCLE GATES
================================================================================
  [PASS] WORLD_REVOKE_RELEASES_MEMORY
  [PASS] WORLD_REVOKE_WAITS_FOR_QUEUED_JOB
  [FAIL] WORLD_ERROR_LATCH_COUNTS_ONCE
  [FAIL] WORLD_WAIT_REACHED_OR_PASSED
  [PASS] WORLD_OUTPUT_IN_FLIGHT_ALIAS_REFUSED
  [PASS] WORLD_BOUNDS_OVERFLOW_REFUSED
  [FAIL] WORLD_TIMEOUT_COMPLETION_RACE
  [PASS] WORLD_STALE_GENERATION_MARKER_REFUSED
  [PASS] WORLD_BATCHED_RESULT_IDENTITY
  [PASS] WORLD_STALE_HANDLE_AFTER_RESTART
  [PASS] WORLD_FAULTED_REFUSES_REGISTER
  TOTAL: 11 | PASSED: 8 | FAILED: 3
