aienos_lock_source: /home/drakestapleton/workspace/cand3-campaign/cand3/wt-omega-chip/build/aienos-authority/bbad5e4250e57f8cbd1be4cf1390109aa65ef92c matches bbad5e4250e57f8cbd1be4cf1390109aa65ef92c for native/capability
./build/rx_r13_living_host
R13 operator: state /tmp/r13-state-hmhymv, control /tmp/r13-state-hmhymv/control (operator subject 70, pid 326767)
R13 costs: incumbent 6961 ns, target 3828 ns, selected 2683906 ps, reference on new cores 4561162 ps, AIEN now expects 2864 ns, goal status 2
R13 positive: generation 1 -> 2, recovered 2; served 1984 (131 after promotion), crumbs 4388, GPU claims 16, durable links 11
R13 operator positive: stops 0 resumes 0 restored 0 open 0; under stop: commits 0 externals 0 cancelled 0; order ok
R13 control A: no AIEN -> no plan, no GPU experiment, no candidate, generation stays 1
R13 operator no-aien: stops 0 resumes 0 restored 0 open 0; under stop: commits 0 externals 0 cancelled 0; order ok
R13 control B: verified candidate 2 refused (RX_GEN_ERR_AUTHORITY); never in force, production stayed on the reference
R13 operator no-promotion: stops 0 resumes 0 restored 0 open 0; under stop: commits 0 externals 0 cancelled 0; order ok
R13 control C: revoked grant -> seat blocked on authority, no claim, no evidence; 770 requests served meanwhile
R13 operator revoked-experiment: stops 0 resumes 0 restored 0 open 0; under stop: commits 0 externals 0 cancelled 0; order ok
R13 control D: output generation changed mid-claim -> result refused, no evidence, no candidate
R13 operator stale-gpu: stops 0 resumes 0 restored 0 open 0; under stop: commits 0 externals 0 cancelled 0; order ok
R13 control E: crashing candidate refused by the verifier; the promoted generation holds a verified one
R13 costs: incumbent 6883 ns, target 3785 ns, selected 2696930 ps, reference on new cores 4569697 ps, AIEN now expects 2973 ns, goal status 2
R13 control E episode: generation 1 -> 2, recovered 2; served 17008 (132 after promotion), crumbs 36845, GPU claims 16, durable links 11
R13 operator failed-verification: stops 0 resumes 0 restored 0 open 0; under stop: commits 0 externals 0 cancelled 0; order ok
R13 ARGUS: observing; observe and record, received 103492 events, 421 authority observations, 0 findings, 0 ingest errors
R13 gate: R13_LIVING_SYSTEM=HOST_PASS_NON_SILICON
R13 receipt: build/qual-runs/20261006T121544Z-97ee27584cda/R13/rx_living_receipt.json
