aienos_lock_source: /home/drakestapleton/workspace/cand3-campaign/cand3/wt-omega-chip/build/aienos-authority/bbad5e4250e57f8cbd1be4cf1390109aa65ef92c matches bbad5e4250e57f8cbd1be4cf1390109aa65ef92c for native/capability
./build/rx_r13_living_silicon
R13 operator: state /tmp/r13-state-31KSp7, control /tmp/r13-state-31KSp7/control (operator subject 70, pid 327744)
seat build insns 363 gpr 50
seat heartbeat 1 instructions 363 gpr 50
seat lease: 32832 passes in 50 ms, budget 1313280 (2000 ms window)
R13 costs: incumbent 6888 ns, target 3788 ns, selected 2692860 ps, reference on new cores 4571558 ps, AIEN now expects 2897 ns, goal status 2
R13 positive: generation 1 -> 2, recovered 2; served 2048 (133 after promotion), crumbs 4523, GPU claims 16, durable links 11
R13 operator positive: stops 0 resumes 0 restored 0 open 0; under stop: commits 0 externals 0 cancelled 0; order ok
seat build insns 363 gpr 50
seat heartbeat 1 instructions 363 gpr 50
seat lease: 33213 passes in 50 ms, budget 1328520 (2000 ms window)
R13 control A: no AIEN -> no plan, no GPU experiment, no candidate, generation stays 1
R13 operator no-aien: stops 0 resumes 0 restored 0 open 0; under stop: commits 0 externals 0 cancelled 0; order ok
seat build insns 363 gpr 50
seat heartbeat 1 instructions 363 gpr 50
seat lease: 32790 passes in 50 ms, budget 1311600 (2000 ms window)
R13 control B: verified candidate 2 refused (RX_GEN_ERR_AUTHORITY); never in force, production stayed on the reference
R13 operator no-promotion: stops 0 resumes 0 restored 0 open 0; under stop: commits 0 externals 0 cancelled 0; order ok
seat build insns 363 gpr 50
seat heartbeat 1 instructions 363 gpr 50
seat lease: 31445 passes in 50 ms, budget 1257800 (2000 ms window)
R13 control C: revoked grant -> seat blocked on authority, no claim, no evidence; 771 requests served meanwhile
R13 operator revoked-experiment: stops 0 resumes 0 restored 0 open 0; under stop: commits 0 externals 0 cancelled 0; order ok
seat build insns 363 gpr 50
seat heartbeat 1 instructions 363 gpr 50
seat lease: 35066 passes in 50 ms, budget 1402640 (2000 ms window)
R13 control D: output generation changed mid-claim -> result refused, no evidence, no candidate
R13 operator stale-gpu: stops 0 resumes 0 restored 0 open 0; under stop: commits 0 externals 0 cancelled 0; order ok
seat build insns 363 gpr 50
seat heartbeat 1 instructions 363 gpr 50
seat lease: 34589 passes in 50 ms, budget 1383560 (2000 ms window)
R13 control E: crashing candidate refused by the verifier; the promoted generation holds a verified one
R13 costs: incumbent 6958 ns, target 3826 ns, selected 2688767 ps, reference on new cores 4557418 ps, AIEN now expects 2929 ns, goal status 2
R13 control E episode: generation 1 -> 2, recovered 2; served 18016 (139 after promotion), crumbs 38975, GPU claims 16, durable links 11
R13 operator failed-verification: stops 0 resumes 0 restored 0 open 0; under stop: commits 0 externals 0 cancelled 0; order ok
R13 ARGUS: observing; observe and record, received 109297 events, 421 authority observations, 0 findings, 0 ingest errors
R13 gate: R13_LIVING_SYSTEM=PASS
R13 receipt: build/qual-runs/20261006T121548Z-97ee27584cda/R13/rx_living_receipt.json
