aienos_lock_source: /home/drakestapleton/workspace/cand3-campaign/cand3/wt-omega-chip/build/aienos-authority/bbad5e4250e57f8cbd1be4cf1390109aa65ef92c matches bbad5e4250e57f8cbd1be4cf1390109aa65ef92c for native/capability
cc -std=gnu11 -Wall -Wextra -Werror -MMD -MP -D_GNU_SOURCE -O2 -Isrc -I/home/drakestapleton/workspace/cand3-campaign/cand3/wt-physics-chip/m16 -I/home/drakestapleton/workspace/cand3-campaign/cand3/wt-physics-chip/nvrm -I/home/drakestapleton/workspace/cand3-campaign/cand3/wt-physics-chip/third_party/nvidia-open-580.173.02/src/common/sdk/nvidia/inc -I/home/drakestapleton/workspace/cand3-campaign/cand3/wt-physics-chip/third_party/nvidia-open-580.173.02/kernel-open/common/inc -I/home/drakestapleton/workspace/cand3-campaign/cand3/wt-physics-chip/third_party/nvidia-open-580.173.02/kernel-open/nvidia-uvm -I/home/drakestapleton/workspace/cand3-campaign/cand3/wt-physics-chip/third_party/nvidia-open-580.173.02/src/nvidia/arch/nvalloc/unix/include -pthread -o build/rx_r15_g7_host src/runtime/rx_caproot.c src/runtime/rx_world.c src/runtime/rx_coherent.c src/runtime/rx_native_bind.c src/runtime/rx_aegis.c src/runtime/rx_aien.c src/runtime/rx_omega.c src/runtime/rx_generation.c src/runtime/rx_living.c src/sha256.c src/omega_evidence.c src/omega_canonical.c src/omega_validate.c src/omega_core.c src/omega_codec.c src/aarch64_encoder.c src/aarch64_decoder.c src/omega_realize.c src/omega_realize_synth.c src/omega_program.c src/omega_machine.c src/omega_exec.c src/omega_verify.c src/omega_matvec.c src/omega_matvec_quad.c src/runtime/aien_machine_id.c src/runtime/rx_jspace.c src/runtime/rx_cortex.c src/runtime/rx_cortex_record.c src/runtime/rx_graph.c src/runtime/rx_capq.c src/runtime/rx_skillroute.c src/runtime/rx_compose.c src/runtime/rx_seq_reference.c tests/runtime/rx_r15_rig.c tests/runtime/rx_r15_g7.c \
	build/aienos-cap/bbad5e4250e57f8cbd1be4cf1390109aa65ef92c/libaienos_capability.a -lm
./build/rx_r15_g7_host
[*] RES-1: promotion while production runs
  RES-1: episode 1 reached goal MET (generation 1 -> 2)
    barrier 86.4 ms (flip at 60.5 ms); production commits during it 1643 (1160 before the flip); hook saw 1610 -> 1614 served in 0.20 ms
[*] RES-4: promotion while production runs
  RES-4: episode 1 reached goal MET (generation 1 -> 2)
    barrier 97.2 ms (flip at 69.6 ms); production commits during it 734 (571 before the flip); hook saw 997 -> 1000 served in 0.31 ms
[*] SEQ: the sequential reference is unchanged
  SEQ: episode 1 reached goal MET (generation 1 -> 2)
    barrier 98.2 ms; production commits during it 0
[*] RES-1: stop before the flip
    recovered generation 1 (lineage 1), rc 0, coherent 1
[*] RES-1: stop during the flip
    recovered generation 1 (lineage 1), rc 0, coherent 1
[*] RES-1: stop after the flip
    recovered generation 2 (lineage 2), rc 0, coherent 1
R15 G7 worker split: 57 checks, 0 failures
