RESULT chip spec=0 U8@1+0 -> B8@1+1 count=1000 rc=0 mismatches=0 unwritten=0 verdict=PASS
RESULT chip spec=1 U8@2+1 -> B8@2-1 count=1000 rc=0 mismatches=0 unwritten=0 verdict=PASS
RESULT chip spec=2 U8@3-1 -> B8@3+2 count=1000 rc=0 mismatches=0 unwritten=0 verdict=PASS
RESULT chip spec=3 U8@5+2 -> B8@5-3 count=1000 rc=0 mismatches=0 unwritten=0 verdict=PASS
RESULT chip spec=4 U8@1-3 -> B8@1+5 count=1000 rc=0 mismatches=0 unwritten=0 verdict=PASS
RESULT chip spec=5 U8@2+5 -> B8@2+0 count=1000 rc=0 mismatches=0 unwritten=0 verdict=PASS
RESULT chip spec=6 U8@1+1 -> B16@4+2 count=1000 rc=0 mismatches=0 unwritten=0 verdict=PASS
RESULT chip spec=7 U8@2-1 -> B16@6-2 count=1000 rc=0 mismatches=0 unwritten=0 verdict=PASS
RESULT chip spec=8 U8@3+2 -> B16@10+4 count=1000 rc=0 mismatches=0 unwritten=0 verdict=PASS
RESULT chip spec=9 U8@5-3 -> B16@2-6 count=1000 rc=0 mismatches=0 unwritten=0 verdict=PASS
RESULT chip spec=10 U8@1+5 -> B16@4+10 count=1000 rc=0 mismatches=0 unwritten=0 verdict=PASS
RESULT chip spec=11 U8@2+0 -> B16@6+0 count=1000 rc=0 mismatches=0 unwritten=0 verdict=PASS
RESULT chip spec=12 U8@1-1 -> B32@12+4 count=1000 rc=0 mismatches=0 unwritten=0 verdict=PASS
RESULT chip spec=13 U8@2+2 -> B32@20-4 count=1000 rc=0 mismatches=0 unwritten=0 verdict=PASS
RESULT chip spec=14 U8@3-3 -> B32@4+8 count=1000 rc=0 mismatches=0 unwritten=0 verdict=PASS
RESULT chip spec=15 U8@5+5 -> B32@8-12 count=1000 rc=0 mismatches=0 unwritten=0 verdict=PASS
RESULT chip spec=16 U8@1+0 -> B32@12+20 count=1000 rc=0 mismatches=0 unwritten=0 verdict=PASS
RESULT chip spec=17 U8@2+1 -> B32@20+0 count=1000 rc=0 mismatches=0 unwritten=0 verdict=PASS
RESULT chip spec=18 S8@2+0 -> B8@1-1 count=1000 rc=0 mismatches=0 unwritten=0 verdict=PASS
RESULT chip spec=19 S8@3+1 -> B8@2+2 count=1000 rc=0 mismatches=0 unwritten=0 verdict=PASS
RESULT chip spec=20 S8@5-1 -> B8@3-3 count=1000 rc=0 mismatches=0 unwritten=0 verdict=PASS
RESULT chip spec=21 S8@1+2 -> B8@5+5 count=1000 rc=0 mismatches=0 unwritten=0 verdict=PASS
RESULT chip spec=22 S8@2-3 -> B8@1+0 count=1000 rc=0 mismatches=0 unwritten=0 verdict=PASS
RESULT chip spec=23 S8@3+5 -> B8@2+1 count=1000 rc=0 mismatches=0 unwritten=0 verdict=PASS
RESULT chip spec=24 S8@2+1 -> B16@4-2 count=1000 rc=0 mismatches=0 unwritten=0 verdict=PASS
RESULT chip spec=25 S8@3-1 -> B16@6+4 count=1000 rc=0 mismatches=0 unwritten=0 verdict=PASS
RESULT chip spec=26 S8@5+2 -> B16@10-6 count=1000 rc=0 mismatches=0 unwritten=0 verdict=PASS
RESULT chip spec=27 S8@1-3 -> B16@2+10 count=1000 rc=0 mismatches=0 unwritten=0 verdict=PASS
RESULT chip spec=28 S8@2+5 -> B16@4+0 count=1000 rc=0 mismatches=0 unwritten=0 verdict=PASS
RESULT chip spec=29 S8@3+0 -> B16@6+2 count=1000 rc=0 mismatches=0 unwritten=0 verdict=PASS
RESULT chip spec=30 S8@2-1 -> B32@12-4 count=1000 rc=0 mismatches=0 unwritten=0 verdict=PASS
RESULT chip spec=31 S8@3+2 -> B32@20+8 count=1000 rc=0 mismatches=0 unwritten=0 verdict=PASS
RESULT chip spec=32 S8@5-3 -> B32@4-12 count=1000 rc=0 mismatches=0 unwritten=0 verdict=PASS
RESULT chip spec=33 S8@1+5 -> B32@8+20 count=1000 rc=0 mismatches=0 unwritten=0 verdict=PASS
RESULT chip spec=34 S8@2+0 -> B32@12+0 count=1000 rc=0 mismatches=0 unwritten=0 verdict=PASS
RESULT chip spec=35 S8@3+1 -> B32@20+4 count=1000 rc=0 mismatches=0 unwritten=0 verdict=PASS
RESULT chip spec=36 U16@6+0 -> B8@1+2 count=1000 rc=0 mismatches=0 unwritten=0 verdict=PASS
RESULT chip spec=37 U16@10+2 -> B8@2-3 count=1000 rc=0 mismatches=0 unwritten=0 verdict=PASS
RESULT chip spec=38 U16@2-2 -> B8@3+5 count=1000 rc=0 mismatches=0 unwritten=0 verdict=PASS
RESULT chip spec=39 U16@4+4 -> B8@5+0 count=1000 rc=0 mismatches=0 unwritten=0 verdict=PASS
RESULT chip spec=40 U16@6-6 -> B8@1+1 count=1000 rc=0 mismatches=0 unwritten=0 verdict=PASS
RESULT chip spec=41 U16@10+10 -> B8@2-1 count=1000 rc=0 mismatches=0 unwritten=0 verdict=PASS
RESULT chip spec=42 U16@6+2 -> B16@4+4 count=1000 rc=0 mismatches=0 unwritten=0 verdict=PASS
RESULT chip spec=43 U16@10-2 -> B16@6-6 count=1000 rc=0 mismatches=0 unwritten=0 verdict=PASS
RESULT chip spec=44 U16@2+4 -> B16@10+10 count=1000 rc=0 mismatches=0 unwritten=0 verdict=PASS
RESULT chip spec=45 U16@4-6 -> B16@2+0 count=1000 rc=0 mismatches=0 unwritten=0 verdict=PASS
RESULT chip spec=46 U16@6+10 -> B16@4+2 count=1000 rc=0 mismatches=0 unwritten=0 verdict=PASS
RESULT chip spec=47 U16@10+0 -> B16@6-2 count=1000 rc=0 mismatches=0 unwritten=0 verdict=PASS
RESULT chip spec=48 U16@6-2 -> B32@12+8 count=1000 rc=0 mismatches=0 unwritten=0 verdict=PASS
RESULT chip spec=49 U16@10+4 -> B32@20-12 count=1000 rc=0 mismatches=0 unwritten=0 verdict=PASS
RESULT chip spec=50 U16@2-6 -> B32@4+20 count=1000 rc=0 mismatches=0 unwritten=0 verdict=PASS
RESULT chip spec=51 U16@4+10 -> B32@8+0 count=1000 rc=0 mismatches=0 unwritten=0 verdict=PASS
RESULT chip spec=52 U16@6+0 -> B32@12+4 count=1000 rc=0 mismatches=0 unwritten=0 verdict=PASS
RESULT chip spec=53 U16@10+2 -> B32@20-4 count=1000 rc=0 mismatches=0 unwritten=0 verdict=PASS
RESULT chip spec=54 S16@10+0 -> B8@1-3 count=1000 rc=0 mismatches=0 unwritten=0 verdict=PASS
RESULT chip spec=55 S16@2+2 -> B8@2+5 count=1000 rc=0 mismatches=0 unwritten=0 verdict=PASS
RESULT chip spec=56 S16@4-2 -> B8@3+0 count=1000 rc=0 mismatches=0 unwritten=0 verdict=PASS
RESULT chip spec=57 S16@6+4 -> B8@5+1 count=1000 rc=0 mismatches=0 unwritten=0 verdict=PASS
RESULT chip spec=58 S16@10-6 -> B8@1-1 count=1000 rc=0 mismatches=0 unwritten=0 verdict=PASS
RESULT chip spec=59 S16@2+10 -> B8@2+2 count=1000 rc=0 mismatches=0 unwritten=0 verdict=PASS
RESULT chip spec=60 S16@10+2 -> B16@4-6 count=1000 rc=0 mismatches=0 unwritten=0 verdict=PASS
RESULT chip spec=61 S16@2-2 -> B16@6+10 count=1000 rc=0 mismatches=0 unwritten=0 verdict=PASS
RESULT chip spec=62 S16@4+4 -> B16@10+0 count=1000 rc=0 mismatches=0 unwritten=0 verdict=PASS
RESULT chip spec=63 S16@6-6 -> B16@2+2 count=1000 rc=0 mismatches=0 unwritten=0 verdict=PASS
RESULT chip spec=64 S16@10+10 -> B16@4-2 count=1000 rc=0 mismatches=0 unwritten=0 verdict=PASS
RESULT chip spec=65 S16@2+0 -> B16@6+4 count=1000 rc=0 mismatches=0 unwritten=0 verdict=PASS
RESULT chip spec=66 S16@10-2 -> B32@12-12 count=1000 rc=0 mismatches=0 unwritten=0 verdict=PASS
RESULT chip spec=67 S16@2+4 -> B32@20+20 count=1000 rc=0 mismatches=0 unwritten=0 verdict=PASS
RESULT chip spec=68 S16@4-6 -> B32@4+0 count=1000 rc=0 mismatches=0 unwritten=0 verdict=PASS
RESULT chip spec=69 S16@6+10 -> B32@8+4 count=1000 rc=0 mismatches=0 unwritten=0 verdict=PASS
RESULT chip spec=70 S16@10+0 -> B32@12-4 count=1000 rc=0 mismatches=0 unwritten=0 verdict=PASS
RESULT chip spec=71 S16@2+2 -> B32@20+8 count=1000 rc=0 mismatches=0 unwritten=0 verdict=PASS
RESULT chip spec=72 B32@4+0 -> B8@1+5 count=1000 rc=0 mismatches=0 unwritten=0 verdict=PASS
RESULT chip spec=73 B32@8+4 -> B8@2+0 count=1000 rc=0 mismatches=0 unwritten=0 verdict=PASS
RESULT chip spec=74 B32@12-4 -> B8@3+1 count=1000 rc=0 mismatches=0 unwritten=0 verdict=PASS
RESULT chip spec=75 B32@20+8 -> B8@5-1 count=1000 rc=0 mismatches=0 unwritten=0 verdict=PASS
RESULT chip spec=76 B32@4-12 -> B8@1+2 count=1000 rc=0 mismatches=0 unwritten=0 verdict=PASS
RESULT chip spec=77 B32@8+20 -> B8@2-3 count=1000 rc=0 mismatches=0 unwritten=0 verdict=PASS
RESULT chip spec=78 B32@4+4 -> B16@4+10 count=1000 rc=0 mismatches=0 unwritten=0 verdict=PASS
RESULT chip spec=79 B32@8-4 -> B16@6+0 count=1000 rc=0 mismatches=0 unwritten=0 verdict=PASS
RESULT chip spec=80 B32@12+8 -> B16@10+2 count=1000 rc=0 mismatches=0 unwritten=0 verdict=PASS
RESULT chip spec=81 B32@20-12 -> B16@2-2 count=1000 rc=0 mismatches=0 unwritten=0 verdict=PASS
RESULT chip spec=82 B32@4+20 -> B16@4+4 count=1000 rc=0 mismatches=0 unwritten=0 verdict=PASS
RESULT chip spec=83 B32@8+0 -> B16@6-6 count=1000 rc=0 mismatches=0 unwritten=0 verdict=PASS
RESULT chip spec=84 B32@4-4 -> B32@12+20 count=1000 rc=0 mismatches=0 unwritten=0 verdict=PASS
RESULT chip spec=85 B32@8+8 -> B32@20+0 count=1000 rc=0 mismatches=0 unwritten=0 verdict=PASS
RESULT chip spec=86 B32@12-12 -> B32@4+4 count=1000 rc=0 mismatches=0 unwritten=0 verdict=PASS
RESULT chip spec=87 B32@20+20 -> B32@8-4 count=1000 rc=0 mismatches=0 unwritten=0 verdict=PASS
RESULT chip spec=88 B32@4+0 -> B32@12+8 count=1000 rc=0 mismatches=0 unwritten=0 verdict=PASS
RESULT chip spec=89 B32@8+4 -> B32@20-12 count=1000 rc=0 mismatches=0 unwritten=0 verdict=PASS
RESULT chip spec=90 B64@16+0 -> B8@1+0 count=1000 rc=0 mismatches=0 unwritten=0 verdict=PASS
RESULT chip spec=91 B64@24+8 -> B8@2+1 count=1000 rc=0 mismatches=0 unwritten=0 verdict=PASS
RESULT chip spec=92 B64@40-8 -> B8@3-1 count=1000 rc=0 mismatches=0 unwritten=0 verdict=PASS
RESULT chip spec=93 B64@8+16 -> B8@5+2 count=1000 rc=0 mismatches=0 unwritten=0 verdict=PASS
RESULT chip spec=94 B64@16-24 -> B8@1-3 count=1000 rc=0 mismatches=0 unwritten=0 verdict=PASS
RESULT chip spec=95 B64@24+40 -> B8@2+5 count=1000 rc=0 mismatches=0 unwritten=0 verdict=PASS
RESULT chip spec=96 B64@16+8 -> B16@4+0 count=1000 rc=0 mismatches=0 unwritten=0 verdict=PASS
RESULT chip spec=97 B64@24-8 -> B16@6+2 count=1000 rc=0 mismatches=0 unwritten=0 verdict=PASS
RESULT chip spec=98 B64@40+16 -> B16@10-2 count=1000 rc=0 mismatches=0 unwritten=0 verdict=PASS
RESULT chip spec=99 B64@8-24 -> B16@2+4 count=1000 rc=0 mismatches=0 unwritten=0 verdict=PASS
RESULT chip spec=100 B64@16+40 -> B16@4-6 count=1000 rc=0 mismatches=0 unwritten=0 verdict=PASS
RESULT chip spec=101 B64@24+0 -> B16@6+10 count=1000 rc=0 mismatches=0 unwritten=0 verdict=PASS
RESULT chip spec=102 B64@16-8 -> B32@12+0 count=1000 rc=0 mismatches=0 unwritten=0 verdict=PASS
RESULT chip spec=103 B64@24+16 -> B32@20+4 count=1000 rc=0 mismatches=0 unwritten=0 verdict=PASS
RESULT chip spec=104 B64@40-24 -> B32@4-4 count=1000 rc=0 mismatches=0 unwritten=0 verdict=PASS
RESULT chip spec=105 B64@8+40 -> B32@8+8 count=1000 rc=0 mismatches=0 unwritten=0 verdict=PASS
RESULT chip spec=106 B64@16+0 -> B32@12-12 count=1000 rc=0 mismatches=0 unwritten=0 verdict=PASS
RESULT chip spec=107 B64@24+8 -> B32@20+20 count=1000 rc=0 mismatches=0 unwritten=0 verdict=PASS
RESULT chip spec=108 B64@16+16 -> B64@40+0 count=1000 rc=0 mismatches=0 unwritten=0 verdict=PASS
RESULT chip spec=109 B64@24-24 -> B64@8+8 count=1000 rc=0 mismatches=0 unwritten=0 verdict=PASS
RESULT chip spec=110 B64@40+40 -> B64@16-8 count=1000 rc=0 mismatches=0 unwritten=0 verdict=PASS
RESULT chip spec=111 B64@8+0 -> B64@24+16 count=1000 rc=0 mismatches=0 unwritten=0 verdict=PASS
RESULT chip spec=112 B64@16+8 -> B64@40-24 count=1000 rc=0 mismatches=0 unwritten=0 verdict=PASS
RESULT chip spec=113 B64@24-8 -> B64@8+40 count=1000 rc=0 mismatches=0 unwritten=0 verdict=PASS
RESULT chip spec=114 B128@48+0 -> B8@1+1 count=1000 rc=0 mismatches=0 unwritten=0 verdict=PASS
RESULT chip spec=115 B128@80+16 -> B8@2-1 count=1000 rc=0 mismatches=0 unwritten=0 verdict=PASS
RESULT chip spec=116 B128@16-16 -> B8@3+2 count=1000 rc=0 mismatches=0 unwritten=0 verdict=PASS
RESULT chip spec=117 B128@32+32 -> B8@5-3 count=1000 rc=0 mismatches=0 unwritten=0 verdict=PASS
RESULT chip spec=118 B128@48-48 -> B8@1+5 count=1000 rc=0 mismatches=0 unwritten=0 verdict=PASS
RESULT chip spec=119 B128@80+80 -> B8@2+0 count=1000 rc=0 mismatches=0 unwritten=0 verdict=PASS
RESULT chip spec=120 B128@48+16 -> B16@4+2 count=1000 rc=0 mismatches=0 unwritten=0 verdict=PASS
RESULT chip spec=121 B128@80-16 -> B16@6-2 count=1000 rc=0 mismatches=0 unwritten=0 verdict=PASS
RESULT chip spec=122 B128@16+32 -> B16@10+4 count=1000 rc=0 mismatches=0 unwritten=0 verdict=PASS
RESULT chip spec=123 B128@32-48 -> B16@2-6 count=1000 rc=0 mismatches=0 unwritten=0 verdict=PASS
RESULT chip spec=124 B128@48+80 -> B16@4+10 count=1000 rc=0 mismatches=0 unwritten=0 verdict=PASS
RESULT chip spec=125 B128@80+0 -> B16@6+0 count=1000 rc=0 mismatches=0 unwritten=0 verdict=PASS
RESULT chip spec=126 B128@48-16 -> B32@12+4 count=1000 rc=0 mismatches=0 unwritten=0 verdict=PASS
RESULT chip spec=127 B128@80+32 -> B32@20-4 count=1000 rc=0 mismatches=0 unwritten=0 verdict=PASS
RESULT chip spec=128 B128@16-48 -> B32@4+8 count=1000 rc=0 mismatches=0 unwritten=0 verdict=PASS
RESULT chip spec=129 B128@32+80 -> B32@8-12 count=1000 rc=0 mismatches=0 unwritten=0 verdict=PASS
RESULT chip spec=130 B128@48+0 -> B32@12+20 count=1000 rc=0 mismatches=0 unwritten=0 verdict=PASS
RESULT chip spec=131 B128@80+16 -> B32@20+0 count=1000 rc=0 mismatches=0 unwritten=0 verdict=PASS
RESULT chip spec=132 B128@48+32 -> B64@40+8 count=1000 rc=0 mismatches=0 unwritten=0 verdict=PASS
RESULT chip spec=133 B128@80-48 -> B64@8-8 count=1000 rc=0 mismatches=0 unwritten=0 verdict=PASS
RESULT chip spec=134 B128@16+80 -> B64@16+16 count=1000 rc=0 mismatches=0 unwritten=0 verdict=PASS
RESULT chip spec=135 B128@32+0 -> B64@24-24 count=1000 rc=0 mismatches=0 unwritten=0 verdict=PASS
RESULT chip spec=136 B128@48+16 -> B64@40+40 count=1000 rc=0 mismatches=0 unwritten=0 verdict=PASS
RESULT chip spec=137 B128@80-16 -> B64@8+0 count=1000 rc=0 mismatches=0 unwritten=0 verdict=PASS
RESULT chip spec=138 B128@48-48 -> B128@16+16 count=1000 rc=0 mismatches=0 unwritten=0 verdict=PASS
RESULT chip spec=139 B128@80+80 -> B128@32-16 count=1000 rc=0 mismatches=0 unwritten=0 verdict=PASS
RESULT chip spec=140 B128@16+0 -> B128@48+32 count=1000 rc=0 mismatches=0 unwritten=0 verdict=PASS
RESULT chip spec=141 B128@32+16 -> B128@80-48 count=1000 rc=0 mismatches=0 unwritten=0 verdict=PASS
RESULT chip spec=142 B128@48-16 -> B128@16+80 count=1000 rc=0 mismatches=0 unwritten=0 verdict=PASS
RESULT chip spec=143 B128@80+32 -> B128@32+0 count=1000 rc=0 mismatches=0 unwritten=0 verdict=PASS
RESULT chip spec=144 B32@4+0 -> B32@4+0 count=1000 rc=0 mismatches=0 unwritten=0 verdict=PASS
RESULT chip spec=145 B128@4096+16 -> B128@64-16 count=1000 rc=0 mismatches=0 unwritten=0 verdict=PASS
RESULT chip spec=146 S8@1+0 -> B32@4+0 count=1000 rc=0 mismatches=0 unwritten=0 verdict=PASS
RESULT chip spec=147 S16@2-2 -> B32@4+4 count=1000 rc=0 mismatches=0 unwritten=0 verdict=PASS
VERDICT PASS
