omega_ldst_gb10_run: refused: access outside the buffers
[PASS] LDST_TABLE_SPECS_VALID (148 specs)
[PASS] LDST_KERNELS_BUILD_AND_PASS_STRUCTURAL_CHECK
[PASS] LDST_HOST_MODEL_EQUALS_BYTE_ORACLE
[PASS] LDST_TABLE_COVERS_EVERY_VALID_LOAD_STORE_PAIR
[PASS] LDST_OFFSET_24BIT_EXTREMES_ENCODE
[PASS] NEG_STORE_WIDER_THAN_LOAD_REFUSED
[PASS] NEG_NARROW_LOAD_WIDE_STORE_REFUSED
[PASS] NEG_STRIDE_BELOW_WIDTH_REFUSED
[PASS] NEG_STRIDE_NOT_MULTIPLE_REFUSED
[PASS] NEG_INPUT_OFFSET_MISALIGNED_REFUSED
[PASS] NEG_OUTPUT_OFFSET_MISALIGNED_REFUSED
[PASS] NEG_OFFSET_OUTSIDE_24BIT_REFUSED
[PASS] NEG_NEGATIVE_OFFSET_OUTSIDE_24BIT_REFUSED
[PASS] NEG_ZERO_STRIDE_REFUSED
[PASS] NEG_STRIDE_2_POW_24_REFUSED
[PASS] NEG_UNKNOWN_LOAD_KIND_REFUSED
[PASS] NEG_UNKNOWN_STORE_KIND_REFUSED
[PASS] NEG_ZERO_COUNT_REFUSED
[PASS] NEG_LDG_OFFSET_BIT_FLIPPED_CAUGHT
[PASS] NEG_LDG_SIZE_FIELD_CHANGED_CAUGHT
[PASS] NEG_LDG_DEST_REGISTER_CHANGED_CAUGHT
[PASS] NEG_STG_SIZE_FIELD_CHANGED_CAUGHT
[PASS] NEG_STG_OFFSET_BIT_FLIPPED_CAUGHT
[PASS] NEG_INPUT_STRIDE_WORD_CHANGED_CAUGHT
[PASS] NEG_OUTPUT_STRIDE_WORD_CHANGED_CAUGHT
[PASS] NEG_IADD3_CONTROL_WORD_CHANGED_CAUGHT
[PASS] NEG_PROLOGUE_WORD_CHANGED_CAUGHT
[PASS] NEG_EPILOGUE_WORD_CHANGED_CAUGHT
[PASS] NEG_SHORT_KERNEL_CAUGHT
[PASS] LDST_HOST_RUN_INSIDE_BUFFER_OK
[PASS] NEG_HOST_RUN_PAST_END_REFUSED
[PASS] NEG_HOST_RUN_BEFORE_START_REFUSED
[PASS] NEG_GB10_RUN_PAST_END_REFUSED_BEFORE_DEVICE
Gate LDST host: PASSED=33 FAILED=0
VERDICT PASS_HOST
