PASS  make refuses the continuity test mode with CK_HARDWARE_STAGING
PASS  make refuses the continuity test mode with CK_QEMU_UNSAFE_DMA
PASS  make refuses the continuity test mode with the Store crash hook
PASS  make refuses a continuity mutant without the TEST mode
PASS  make refuses an unknown continuity mutant
PASS  default image carries no continuity test strings
PASS  TEST continuity image announces itself
Could not open option rom 'vgabios-ramfb.bin': No such file or directory
Could not open option rom 'vgabios-ramfb.bin': No such file or directory
=== 1. Degraded store ===
Could not open option rom 'vgabios-ramfb.bin': No such file or directory
PASS  88 inspection enters the Recovery Core (Degraded(Malformed)), same agent, writes nothing
Could not open option rom 'vgabios-ramfb.bin': No such file or directory
PASS  88.1 repair with zero response refused (Unauthorised), image unchanged
Could not open option rom 'vgabios-ramfb.bin': No such file or directory
PASS  88.2 repair with wrong_key response refused (Unauthorised), image unchanged
Could not open option rom 'vgabios-ramfb.bin': No such file or directory
PASS  88.3 repair with wrong_challenge response refused (Unauthorised), image unchanged
Could not open option rom 'vgabios-ramfb.bin': No such file or directory
PASS  88.4 repair with flipped_last_byte response refused (Unauthorised), image unchanged
Could not open option rom 'vgabios-ramfb.bin': No such file or directory
PASS  89 authorised repair done, image changed
Could not open option rom 'vgabios-ramfb.bin': No such file or directory
PASS  89a after repair a cold boot resumes writable, same agent and memory
Could not open option rom 'vgabios-ramfb.bin': No such file or directory
PASS  89b replaying the repair authorisation on the healthy store: NotApplicable, image unchanged
=== 2. Unprovisioned store ===
Could not open option rom 'vgabios-ramfb.bin': No such file or directory
Could not open option rom 'vgabios-ramfb.bin': No such file or directory
PASS  90 unprovisioned store enters the Recovery Core
Could not open option rom 'vgabios-ramfb.bin': No such file or directory
PASS  90a provisioning with the wrong key refused, image unchanged
Could not open option rom 'vgabios-ramfb.bin': No such file or directory
Could not open option rom 'vgabios-ramfb.bin': No such file or directory
PASS  90b authorised provisioning done; a cold resume returns that agent
=== 3. Corrupted agent root (identity lost) ===
Could not open option rom 'vgabios-ramfb.bin': No such file or directory
PASS  91 corrupted root: Recovery Core entered, no challenge, image unchanged
Could not open option rom 'vgabios-ramfb.bin': No such file or directory
PASS  91.m10 mode 10 with a forged response refused, nothing done, image unchanged
Could not open option rom 'vgabios-ramfb.bin': No such file or directory
PASS  91.m11 mode 11 with a forged response refused, nothing done, image unchanged
Could not open option rom 'vgabios-ramfb.bin': No such file or directory
PASS  91c normal boot after identity loss: no RESUMED/PROVISIONED (CONTINUITY: STOP (store Refused(-105))), image unchanged
rows 15/15; M1 failures: 0
AIENOS_CK_M4_RECOVERY: PASS
