Could not open option rom 'vgabios-ramfb.bin': No such file or directory
qemu positive: status shutdown, exit 0 after 6 s
Could not open option rom 'vgabios-ramfb.bin': No such file or directory
qemu negative: status shutdown, exit 0 after 6 s
commit bbad5e4250e5, both boots in 13 s
-- default image (GOP console)
PASS  boot stub found a GOP linear framebuffer
PASS  kernel put its console on the framebuffer (one 'screen: gop' line)
PASS  kernel alive
PASS  no panic or fault
PASS  guest reset reached (QEMU paused at shutdown)
PASS  screendump matches the rendered console: fb_check: PASS 800x600 format=bgrx scale=1 grid=100x60 scrolls=1 pixels=480000 mismatched=0 undecodable=0
-- negative control (TEST-only CHANDOF2 record)
PASS  negative image announced itself (TEST-ONLY)
PASS  kernel refused the CHANDOF2 record: panic: handoff: unsupported version 2 (kernel reads CHANDOF3 only)
PASS  no screen console after the refusal
PASS  kernel stopped before kernel: alive
PASS  refusal ended in a reset (QEMU paused at shutdown)
PASS  screen check FAILS on the refused boot as required (fb_check: FAIL 0 "screen: gop" lines in the serial log (want exactly 1))
gop: ok from=conout handles=2 mode=1/3 800x600 pitch=800 format=1 base=0xbc7a0000 size=0x300000
screen: gop 800x600 pitch=800 format=bgrx base=0xbc7a0000 bytes=0x1d4c00 scale=1 grid=100x60 font=8x8 mode=half-scroll
screen_row 023|mm_usage: stack_bytes=262144 stack_used=2640 heap_bytes=67108864 heap_free=67108848 heap_min_free=67|
screen_row 024|103696|
screen_row 026|report_version: 1|
screen_row 027|aienos_commit: bbad5e4250e57f8cbd1be4cf1390109aa65ef92c|
screen_row 028|report_kind: final|
screen_row 029|last_stage: final|
screen_row 030|artifacts: candidates=0 admitted=0 rejected=0|
screen_row 031|note: QEMU qualifies nothing physical|
AIENOS_CK_SCREEN: PASS
