   Compiling futures-task v0.3.34
   Compiling syn v2.0.119
   Compiling errno v0.3.14
   Compiling aien-omega-gpu v0.1.0 (/home/drakestapleton/workspace/hive-worktrees/sc-fb1-cut6/crates/aien-omega-gpu)
   Compiling anyhow v1.0.104
   Compiling iana-time-zone v0.1.65
   Compiling num-traits v0.2.19
   Compiling getrandom v0.4.3
   Compiling signal-hook-registry v1.4.8
   Compiling futures-util v0.3.34
   Compiling uuid v1.26.1
   Compiling tokio v1.53.1
   Compiling chrono v0.4.45
   Compiling darling_core v0.20.11
   Compiling tracing-attributes v0.1.31
   Compiling openssl-macros v0.1.1
   Compiling monostate-impl v0.1.18
   Compiling openssl v0.10.81
   Compiling monostate v0.1.18
   Compiling tracing v0.1.44
   Compiling darling_macro v0.20.11
   Compiling spark-max-cabi v0.1.0 (/home/drakestapleton/workspace/hive-worktrees/sc-fb1-cut6/crates/spark-max-cabi)
   Compiling spark-max-rs v0.1.0 (/home/drakestapleton/workspace/hive-worktrees/sc-fb1-cut6/crates/spark-max-rs)
   Compiling tokio-util v0.7.19
   Compiling tower v0.5.3
   Compiling aien-inference-service v0.1.0 (/home/drakestapleton/workspace/hive-worktrees/sc-fb1-cut6/crates/aien-inference-service)
   Compiling darling v0.20.11
   Compiling derive_builder_core v0.20.2
   Compiling tower-http v0.6.11
   Compiling h2 v0.4.19
   Compiling derive_builder_macro v0.20.2
   Compiling derive_builder v0.20.2
   Compiling tokenizers v0.21.4
   Compiling native-tls v0.2.18
   Compiling tokio-native-tls v0.3.1
   Compiling hyper v1.11.1
   Compiling hyper-util v0.1.20
   Compiling hyper-tls v0.6.0
   Compiling reqwest v0.12.28
   Compiling aien-inference-abi v0.1.0 (/home/drakestapleton/workspace/hive-worktrees/sc-fb1-cut6/crates/aien-inference-abi)
   Compiling aien-scheduler v0.1.0 (/home/drakestapleton/workspace/hive-worktrees/sc-fb1-cut6/crates/aien-scheduler)
   Compiling aien-inference-runtime v0.1.0 (/home/drakestapleton/workspace/hive-worktrees/sc-fb1-cut6/crates/aien-inference-runtime)
    Finished `release` profile [optimized] target(s) in 31.63s
     Running tests/strict_real_model.rs (target/release/deps/strict_real_model-ce3ae7a80f01a44b)

running 1 test
test omega_vs_reference_real_model ... OMEGA_GATE ref backend: ReferenceCpuBackend
OMEGA_GATE ref tokens=32 secs=12.263 tok/s=2.610 text="amountofprocessingpower.Itisdesignedforuseindatacentersandotherhigh-performancecomputingenvironments.TheDGXSparkisequippedwith"
OMEGA_GATE omega backend: OmegaGb10Backend (native Omega engine, no CUDA, NVIDIA GB10 sm_121)
OMEGA_GATE omega warm-up (weight upload + 1 token) secs=6.212
OMEGA_GATE flip step=2 ref_tok=9068 omega_tok=3370 ref_margin=0.0005 max_abs_dlogit=0.0314
OMEGA_GATE teacher_forced steps=32 worst_max_abs_dlogit=0.0594 bound=0.15 judge=Ok(1)
OMEGA_GATE omega tokens=32 secs=5.468 tok/s=5.852 text="amountofmemoryandprocessingpower.Itisdesignedforuseindataanalysisandmachinelearningapplications.TheDGXSparkisapowerfulmachinethatcanhandle"
OMEGA_GATE OP_REPORT native=[rmsnorm,apply_rope,matmul_vec,matmul_batch,swiglu,gqa_attention,paged_attention,paged_attention_batch,compute_logits] reference=[] native_fallbacks=[] reference_runs=[]
OMEGA_GATE tokens_match=false
OMEGA_GATE verdict: PASS (receipt /home/drakestapleton/workspace/evidence-out/FB1-CUT6A/strict-receipt-cmp.json)
ok

test result: ok. 1 passed; 0 failed; 0 ignored; 0 measured; 4 filtered out; finished in 68.54s

gate exit 0
