cc -std=gnu11 -Wall -Wextra -Werror -MMD -MP -D_GNU_SOURCE -O2 -Isrc -I/home/drakestapleton/workspace/hive-worktrees/physics-pin-e95e3ed/m16 -I/home/drakestapleton/workspace/hive-worktrees/physics-pin-e95e3ed/nvrm -I/home/drakestapleton/workspace/hive-worktrees/physics-pin-e95e3ed/third_party/nvidia-open-580.173.02/src/common/sdk/nvidia/inc -I/home/drakestapleton/workspace/hive-worktrees/physics-pin-e95e3ed/third_party/nvidia-open-580.173.02/kernel-open/common/inc -I/home/drakestapleton/workspace/hive-worktrees/physics-pin-e95e3ed/third_party/nvidia-open-580.173.02/kernel-open/nvidia-uvm -I/home/drakestapleton/workspace/hive-worktrees/physics-pin-e95e3ed/third_party/nvidia-open-580.173.02/src/nvidia/arch/nvalloc/unix/include -DOMEGA_PHYSICS_DIR=\"/home/drakestapleton/workspace/hive-worktrees/physics-pin-e95e3ed\" -c src/sha256.c -o build/sha256.o
cc -std=gnu11 -Wall -Wextra -Werror -MMD -MP -D_GNU_SOURCE -O2 -Isrc -I/home/drakestapleton/workspace/hive-worktrees/physics-pin-e95e3ed/m16 -I/home/drakestapleton/workspace/hive-worktrees/physics-pin-e95e3ed/nvrm -I/home/drakestapleton/workspace/hive-worktrees/physics-pin-e95e3ed/third_party/nvidia-open-580.173.02/src/common/sdk/nvidia/inc -I/home/drakestapleton/workspace/hive-worktrees/physics-pin-e95e3ed/third_party/nvidia-open-580.173.02/kernel-open/common/inc -I/home/drakestapleton/workspace/hive-worktrees/physics-pin-e95e3ed/third_party/nvidia-open-580.173.02/kernel-open/nvidia-uvm -I/home/drakestapleton/workspace/hive-worktrees/physics-pin-e95e3ed/third_party/nvidia-open-580.173.02/src/nvidia/arch/nvalloc/unix/include -DOMEGA_PHYSICS_DIR=\"/home/drakestapleton/workspace/hive-worktrees/physics-pin-e95e3ed\" -c src/omega_canonical.c -o build/omega_canonical.o
cc -std=gnu11 -Wall -Wextra -Werror -MMD -MP -D_GNU_SOURCE -O2 -Isrc -I/home/drakestapleton/workspace/hive-worktrees/physics-pin-e95e3ed/m16 -I/home/drakestapleton/workspace/hive-worktrees/physics-pin-e95e3ed/nvrm -I/home/drakestapleton/workspace/hive-worktrees/physics-pin-e95e3ed/third_party/nvidia-open-580.173.02/src/common/sdk/nvidia/inc -I/home/drakestapleton/workspace/hive-worktrees/physics-pin-e95e3ed/third_party/nvidia-open-580.173.02/kernel-open/common/inc -I/home/drakestapleton/workspace/hive-worktrees/physics-pin-e95e3ed/third_party/nvidia-open-580.173.02/kernel-open/nvidia-uvm -I/home/drakestapleton/workspace/hive-worktrees/physics-pin-e95e3ed/third_party/nvidia-open-580.173.02/src/nvidia/arch/nvalloc/unix/include -DOMEGA_PHYSICS_DIR=\"/home/drakestapleton/workspace/hive-worktrees/physics-pin-e95e3ed\" -c src/omega_validate.c -o build/omega_validate.o
cc -std=gnu11 -Wall -Wextra -Werror -MMD -MP -D_GNU_SOURCE -O2 -Isrc -I/home/drakestapleton/workspace/hive-worktrees/physics-pin-e95e3ed/m16 -I/home/drakestapleton/workspace/hive-worktrees/physics-pin-e95e3ed/nvrm -I/home/drakestapleton/workspace/hive-worktrees/physics-pin-e95e3ed/third_party/nvidia-open-580.173.02/src/common/sdk/nvidia/inc -I/home/drakestapleton/workspace/hive-worktrees/physics-pin-e95e3ed/third_party/nvidia-open-580.173.02/kernel-open/common/inc -I/home/drakestapleton/workspace/hive-worktrees/physics-pin-e95e3ed/third_party/nvidia-open-580.173.02/kernel-open/nvidia-uvm -I/home/drakestapleton/workspace/hive-worktrees/physics-pin-e95e3ed/third_party/nvidia-open-580.173.02/src/nvidia/arch/nvalloc/unix/include -DOMEGA_PHYSICS_DIR=\"/home/drakestapleton/workspace/hive-worktrees/physics-pin-e95e3ed\" -c src/omega_core.c -o build/omega_core.o
cc -std=gnu11 -Wall -Wextra -Werror -MMD -MP -D_GNU_SOURCE -O2 -Isrc -I/home/drakestapleton/workspace/hive-worktrees/physics-pin-e95e3ed/m16 -I/home/drakestapleton/workspace/hive-worktrees/physics-pin-e95e3ed/nvrm -I/home/drakestapleton/workspace/hive-worktrees/physics-pin-e95e3ed/third_party/nvidia-open-580.173.02/src/common/sdk/nvidia/inc -I/home/drakestapleton/workspace/hive-worktrees/physics-pin-e95e3ed/third_party/nvidia-open-580.173.02/kernel-open/common/inc -I/home/drakestapleton/workspace/hive-worktrees/physics-pin-e95e3ed/third_party/nvidia-open-580.173.02/kernel-open/nvidia-uvm -I/home/drakestapleton/workspace/hive-worktrees/physics-pin-e95e3ed/third_party/nvidia-open-580.173.02/src/nvidia/arch/nvalloc/unix/include -DOMEGA_PHYSICS_DIR=\"/home/drakestapleton/workspace/hive-worktrees/physics-pin-e95e3ed\" -c src/omega_codec.c -o build/omega_codec.o
cc -std=gnu11 -Wall -Wextra -Werror -MMD -MP -D_GNU_SOURCE -O2 -Isrc -I/home/drakestapleton/workspace/hive-worktrees/physics-pin-e95e3ed/m16 -I/home/drakestapleton/workspace/hive-worktrees/physics-pin-e95e3ed/nvrm -I/home/drakestapleton/workspace/hive-worktrees/physics-pin-e95e3ed/third_party/nvidia-open-580.173.02/src/common/sdk/nvidia/inc -I/home/drakestapleton/workspace/hive-worktrees/physics-pin-e95e3ed/third_party/nvidia-open-580.173.02/kernel-open/common/inc -I/home/drakestapleton/workspace/hive-worktrees/physics-pin-e95e3ed/third_party/nvidia-open-580.173.02/kernel-open/nvidia-uvm -I/home/drakestapleton/workspace/hive-worktrees/physics-pin-e95e3ed/third_party/nvidia-open-580.173.02/src/nvidia/arch/nvalloc/unix/include -DOMEGA_PHYSICS_DIR=\"/home/drakestapleton/workspace/hive-worktrees/physics-pin-e95e3ed\" -c src/aarch64_encoder.c -o build/aarch64_encoder.o
cc -std=gnu11 -Wall -Wextra -Werror -MMD -MP -D_GNU_SOURCE -O2 -Isrc -I/home/drakestapleton/workspace/hive-worktrees/physics-pin-e95e3ed/m16 -I/home/drakestapleton/workspace/hive-worktrees/physics-pin-e95e3ed/nvrm -I/home/drakestapleton/workspace/hive-worktrees/physics-pin-e95e3ed/third_party/nvidia-open-580.173.02/src/common/sdk/nvidia/inc -I/home/drakestapleton/workspace/hive-worktrees/physics-pin-e95e3ed/third_party/nvidia-open-580.173.02/kernel-open/common/inc -I/home/drakestapleton/workspace/hive-worktrees/physics-pin-e95e3ed/third_party/nvidia-open-580.173.02/kernel-open/nvidia-uvm -I/home/drakestapleton/workspace/hive-worktrees/physics-pin-e95e3ed/third_party/nvidia-open-580.173.02/src/nvidia/arch/nvalloc/unix/include -DOMEGA_PHYSICS_DIR=\"/home/drakestapleton/workspace/hive-worktrees/physics-pin-e95e3ed\" -c src/aarch64_decoder.c -o build/aarch64_decoder.o
cc -std=gnu11 -Wall -Wextra -Werror -MMD -MP -D_GNU_SOURCE -O2 -Isrc -I/home/drakestapleton/workspace/hive-worktrees/physics-pin-e95e3ed/m16 -I/home/drakestapleton/workspace/hive-worktrees/physics-pin-e95e3ed/nvrm -I/home/drakestapleton/workspace/hive-worktrees/physics-pin-e95e3ed/third_party/nvidia-open-580.173.02/src/common/sdk/nvidia/inc -I/home/drakestapleton/workspace/hive-worktrees/physics-pin-e95e3ed/third_party/nvidia-open-580.173.02/kernel-open/common/inc -I/home/drakestapleton/workspace/hive-worktrees/physics-pin-e95e3ed/third_party/nvidia-open-580.173.02/kernel-open/nvidia-uvm -I/home/drakestapleton/workspace/hive-worktrees/physics-pin-e95e3ed/third_party/nvidia-open-580.173.02/src/nvidia/arch/nvalloc/unix/include -DOMEGA_PHYSICS_DIR=\"/home/drakestapleton/workspace/hive-worktrees/physics-pin-e95e3ed\" -c src/omega_realize.c -o build/omega_realize.o
cc -std=gnu11 -Wall -Wextra -Werror -MMD -MP -D_GNU_SOURCE -O2 -Isrc -I/home/drakestapleton/workspace/hive-worktrees/physics-pin-e95e3ed/m16 -I/home/drakestapleton/workspace/hive-worktrees/physics-pin-e95e3ed/nvrm -I/home/drakestapleton/workspace/hive-worktrees/physics-pin-e95e3ed/third_party/nvidia-open-580.173.02/src/common/sdk/nvidia/inc -I/home/drakestapleton/workspace/hive-worktrees/physics-pin-e95e3ed/third_party/nvidia-open-580.173.02/kernel-open/common/inc -I/home/drakestapleton/workspace/hive-worktrees/physics-pin-e95e3ed/third_party/nvidia-open-580.173.02/kernel-open/nvidia-uvm -I/home/drakestapleton/workspace/hive-worktrees/physics-pin-e95e3ed/third_party/nvidia-open-580.173.02/src/nvidia/arch/nvalloc/unix/include -DOMEGA_PHYSICS_DIR=\"/home/drakestapleton/workspace/hive-worktrees/physics-pin-e95e3ed\" -c src/omega_realize_synth.c -o build/omega_realize_synth.o
cc -std=gnu11 -Wall -Wextra -Werror -MMD -MP -D_GNU_SOURCE -O2 -Isrc -I/home/drakestapleton/workspace/hive-worktrees/physics-pin-e95e3ed/m16 -I/home/drakestapleton/workspace/hive-worktrees/physics-pin-e95e3ed/nvrm -I/home/drakestapleton/workspace/hive-worktrees/physics-pin-e95e3ed/third_party/nvidia-open-580.173.02/src/common/sdk/nvidia/inc -I/home/drakestapleton/workspace/hive-worktrees/physics-pin-e95e3ed/third_party/nvidia-open-580.173.02/kernel-open/common/inc -I/home/drakestapleton/workspace/hive-worktrees/physics-pin-e95e3ed/third_party/nvidia-open-580.173.02/kernel-open/nvidia-uvm -I/home/drakestapleton/workspace/hive-worktrees/physics-pin-e95e3ed/third_party/nvidia-open-580.173.02/src/nvidia/arch/nvalloc/unix/include -DOMEGA_PHYSICS_DIR=\"/home/drakestapleton/workspace/hive-worktrees/physics-pin-e95e3ed\" -c src/omega_machine.c -o build/omega_machine.o
cc -std=gnu11 -Wall -Wextra -Werror -MMD -MP -D_GNU_SOURCE -O2 -Isrc -I/home/drakestapleton/workspace/hive-worktrees/physics-pin-e95e3ed/m16 -I/home/drakestapleton/workspace/hive-worktrees/physics-pin-e95e3ed/nvrm -I/home/drakestapleton/workspace/hive-worktrees/physics-pin-e95e3ed/third_party/nvidia-open-580.173.02/src/common/sdk/nvidia/inc -I/home/drakestapleton/workspace/hive-worktrees/physics-pin-e95e3ed/third_party/nvidia-open-580.173.02/kernel-open/common/inc -I/home/drakestapleton/workspace/hive-worktrees/physics-pin-e95e3ed/third_party/nvidia-open-580.173.02/kernel-open/nvidia-uvm -I/home/drakestapleton/workspace/hive-worktrees/physics-pin-e95e3ed/third_party/nvidia-open-580.173.02/src/nvidia/arch/nvalloc/unix/include -DOMEGA_PHYSICS_DIR=\"/home/drakestapleton/workspace/hive-worktrees/physics-pin-e95e3ed\" -c src/omega_exec.c -o build/omega_exec.o
cc -std=gnu11 -Wall -Wextra -Werror -MMD -MP -D_GNU_SOURCE -O2 -Isrc -I/home/drakestapleton/workspace/hive-worktrees/physics-pin-e95e3ed/m16 -I/home/drakestapleton/workspace/hive-worktrees/physics-pin-e95e3ed/nvrm -I/home/drakestapleton/workspace/hive-worktrees/physics-pin-e95e3ed/third_party/nvidia-open-580.173.02/src/common/sdk/nvidia/inc -I/home/drakestapleton/workspace/hive-worktrees/physics-pin-e95e3ed/third_party/nvidia-open-580.173.02/kernel-open/common/inc -I/home/drakestapleton/workspace/hive-worktrees/physics-pin-e95e3ed/third_party/nvidia-open-580.173.02/kernel-open/nvidia-uvm -I/home/drakestapleton/workspace/hive-worktrees/physics-pin-e95e3ed/third_party/nvidia-open-580.173.02/src/nvidia/arch/nvalloc/unix/include -DOMEGA_PHYSICS_DIR=\"/home/drakestapleton/workspace/hive-worktrees/physics-pin-e95e3ed\" -c src/omega_verify.c -o build/omega_verify.o
cc -std=gnu11 -Wall -Wextra -Werror -MMD -MP -D_GNU_SOURCE -O2 -Isrc -I/home/drakestapleton/workspace/hive-worktrees/physics-pin-e95e3ed/m16 -I/home/drakestapleton/workspace/hive-worktrees/physics-pin-e95e3ed/nvrm -I/home/drakestapleton/workspace/hive-worktrees/physics-pin-e95e3ed/third_party/nvidia-open-580.173.02/src/common/sdk/nvidia/inc -I/home/drakestapleton/workspace/hive-worktrees/physics-pin-e95e3ed/third_party/nvidia-open-580.173.02/kernel-open/common/inc -I/home/drakestapleton/workspace/hive-worktrees/physics-pin-e95e3ed/third_party/nvidia-open-580.173.02/kernel-open/nvidia-uvm -I/home/drakestapleton/workspace/hive-worktrees/physics-pin-e95e3ed/third_party/nvidia-open-580.173.02/src/nvidia/arch/nvalloc/unix/include -DOMEGA_PHYSICS_DIR=\"/home/drakestapleton/workspace/hive-worktrees/physics-pin-e95e3ed\" -c src/omega_program.c -o build/omega_program.o
cc -std=gnu11 -Wall -Wextra -Werror -MMD -MP -D_GNU_SOURCE -O2 -Isrc -I/home/drakestapleton/workspace/hive-worktrees/physics-pin-e95e3ed/m16 -I/home/drakestapleton/workspace/hive-worktrees/physics-pin-e95e3ed/nvrm -I/home/drakestapleton/workspace/hive-worktrees/physics-pin-e95e3ed/third_party/nvidia-open-580.173.02/src/common/sdk/nvidia/inc -I/home/drakestapleton/workspace/hive-worktrees/physics-pin-e95e3ed/third_party/nvidia-open-580.173.02/kernel-open/common/inc -I/home/drakestapleton/workspace/hive-worktrees/physics-pin-e95e3ed/third_party/nvidia-open-580.173.02/kernel-open/nvidia-uvm -I/home/drakestapleton/workspace/hive-worktrees/physics-pin-e95e3ed/third_party/nvidia-open-580.173.02/src/nvidia/arch/nvalloc/unix/include -DOMEGA_PHYSICS_DIR=\"/home/drakestapleton/workspace/hive-worktrees/physics-pin-e95e3ed\" -c src/omega_synthesis.c -o build/omega_synthesis.o
cc -std=gnu11 -Wall -Wextra -Werror -MMD -MP -D_GNU_SOURCE -O2 -Isrc -I/home/drakestapleton/workspace/hive-worktrees/physics-pin-e95e3ed/m16 -I/home/drakestapleton/workspace/hive-worktrees/physics-pin-e95e3ed/nvrm -I/home/drakestapleton/workspace/hive-worktrees/physics-pin-e95e3ed/third_party/nvidia-open-580.173.02/src/common/sdk/nvidia/inc -I/home/drakestapleton/workspace/hive-worktrees/physics-pin-e95e3ed/third_party/nvidia-open-580.173.02/kernel-open/common/inc -I/home/drakestapleton/workspace/hive-worktrees/physics-pin-e95e3ed/third_party/nvidia-open-580.173.02/kernel-open/nvidia-uvm -I/home/drakestapleton/workspace/hive-worktrees/physics-pin-e95e3ed/third_party/nvidia-open-580.173.02/src/nvidia/arch/nvalloc/unix/include -DOMEGA_PHYSICS_DIR=\"/home/drakestapleton/workspace/hive-worktrees/physics-pin-e95e3ed\" -c src/omega_library.c -o build/omega_library.o
cc -std=gnu11 -Wall -Wextra -Werror -MMD -MP -D_GNU_SOURCE -O2 -Isrc -I/home/drakestapleton/workspace/hive-worktrees/physics-pin-e95e3ed/m16 -I/home/drakestapleton/workspace/hive-worktrees/physics-pin-e95e3ed/nvrm -I/home/drakestapleton/workspace/hive-worktrees/physics-pin-e95e3ed/third_party/nvidia-open-580.173.02/src/common/sdk/nvidia/inc -I/home/drakestapleton/workspace/hive-worktrees/physics-pin-e95e3ed/third_party/nvidia-open-580.173.02/kernel-open/common/inc -I/home/drakestapleton/workspace/hive-worktrees/physics-pin-e95e3ed/third_party/nvidia-open-580.173.02/kernel-open/nvidia-uvm -I/home/drakestapleton/workspace/hive-worktrees/physics-pin-e95e3ed/third_party/nvidia-open-580.173.02/src/nvidia/arch/nvalloc/unix/include -DOMEGA_PHYSICS_DIR=\"/home/drakestapleton/workspace/hive-worktrees/physics-pin-e95e3ed\" -c src/omega_vector.c -o build/omega_vector.o
cc -std=gnu11 -Wall -Wextra -Werror -MMD -MP -D_GNU_SOURCE -O2 -Isrc -I/home/drakestapleton/workspace/hive-worktrees/physics-pin-e95e3ed/m16 -I/home/drakestapleton/workspace/hive-worktrees/physics-pin-e95e3ed/nvrm -I/home/drakestapleton/workspace/hive-worktrees/physics-pin-e95e3ed/third_party/nvidia-open-580.173.02/src/common/sdk/nvidia/inc -I/home/drakestapleton/workspace/hive-worktrees/physics-pin-e95e3ed/third_party/nvidia-open-580.173.02/kernel-open/common/inc -I/home/drakestapleton/workspace/hive-worktrees/physics-pin-e95e3ed/third_party/nvidia-open-580.173.02/kernel-open/nvidia-uvm -I/home/drakestapleton/workspace/hive-worktrees/physics-pin-e95e3ed/third_party/nvidia-open-580.173.02/src/nvidia/arch/nvalloc/unix/include -DOMEGA_PHYSICS_DIR=\"/home/drakestapleton/workspace/hive-worktrees/physics-pin-e95e3ed\" -c src/omega_blackwell_qmd.c -o build/omega_blackwell_qmd.o
cc -std=gnu11 -Wall -Wextra -Werror -MMD -MP -D_GNU_SOURCE -O2 -Isrc -I/home/drakestapleton/workspace/hive-worktrees/physics-pin-e95e3ed/m16 -I/home/drakestapleton/workspace/hive-worktrees/physics-pin-e95e3ed/nvrm -I/home/drakestapleton/workspace/hive-worktrees/physics-pin-e95e3ed/third_party/nvidia-open-580.173.02/src/common/sdk/nvidia/inc -I/home/drakestapleton/workspace/hive-worktrees/physics-pin-e95e3ed/third_party/nvidia-open-580.173.02/kernel-open/common/inc -I/home/drakestapleton/workspace/hive-worktrees/physics-pin-e95e3ed/third_party/nvidia-open-580.173.02/kernel-open/nvidia-uvm -I/home/drakestapleton/workspace/hive-worktrees/physics-pin-e95e3ed/third_party/nvidia-open-580.173.02/src/nvidia/arch/nvalloc/unix/include -DOMEGA_PHYSICS_DIR=\"/home/drakestapleton/workspace/hive-worktrees/physics-pin-e95e3ed\" -c src/omega_blackwell_encoder.c -o build/omega_blackwell_encoder.o
cc -std=gnu11 -Wall -Wextra -Werror -MMD -MP -D_GNU_SOURCE -O2 -Isrc -I/home/drakestapleton/workspace/hive-worktrees/physics-pin-e95e3ed/m16 -I/home/drakestapleton/workspace/hive-worktrees/physics-pin-e95e3ed/nvrm -I/home/drakestapleton/workspace/hive-worktrees/physics-pin-e95e3ed/third_party/nvidia-open-580.173.02/src/common/sdk/nvidia/inc -I/home/drakestapleton/workspace/hive-worktrees/physics-pin-e95e3ed/third_party/nvidia-open-580.173.02/kernel-open/common/inc -I/home/drakestapleton/workspace/hive-worktrees/physics-pin-e95e3ed/third_party/nvidia-open-580.173.02/kernel-open/nvidia-uvm -I/home/drakestapleton/workspace/hive-worktrees/physics-pin-e95e3ed/third_party/nvidia-open-580.173.02/src/nvidia/arch/nvalloc/unix/include -DOMEGA_PHYSICS_DIR=\"/home/drakestapleton/workspace/hive-worktrees/physics-pin-e95e3ed\" -c src/omega_blackwell_realize.c -o build/omega_blackwell_realize.o
mkdir -p build/tests-realize/
cc -std=gnu11 -Wall -Wextra -Werror -MMD -MP -D_GNU_SOURCE -O2 -Isrc -Isrc/visor -Isrc/language -ffp-contract=off -DOMEGA_NUMERIC_CPU_ONLY -o build/tests-realize/test_program_fp32 tests/realize/test_program_fp32.c src/omega_program_fp32.c src/omega_numeric.c src/omega_numeric_provenance.c src/omega_numeric_divsqrt_gb10.c src/omega_blackwell_codegen.c src/omega_blackwell_matmul.c build/sha256.o build/omega_canonical.o build/omega_validate.o build/omega_core.o build/omega_codec.o build/aarch64_encoder.o build/aarch64_decoder.o build/omega_realize.o build/omega_realize_synth.o build/omega_machine.o build/omega_exec.o build/omega_verify.o build/omega_program.o build/omega_synthesis.o build/omega_library.o build/omega_vector.o build/omega_blackwell_qmd.o build/omega_blackwell_encoder.o build/omega_blackwell_realize.o
./build/tests-realize/test_program_fp32
GATE OMEGA_PROGRAM_FP32_PASS PASS 33/33
mkdir -p build/tests-realize/
cc -std=gnu11 -Wall -Wextra -Werror -MMD -MP -D_GNU_SOURCE -O2 -Isrc -Isrc/visor -Isrc/language -o build/tests-realize/test_program_realize tests/realize/test_program_realize.c build/sha256.o build/omega_canonical.o build/omega_validate.o build/omega_core.o build/omega_codec.o build/aarch64_encoder.o build/aarch64_decoder.o build/omega_realize.o build/omega_realize_synth.o build/omega_machine.o build/omega_exec.o build/omega_verify.o build/omega_program.o build/omega_synthesis.o build/omega_library.o build/omega_vector.o build/omega_blackwell_qmd.o build/omega_blackwell_encoder.o build/omega_blackwell_realize.o
./build/tests-realize/test_program_realize
FAIL_CLOSED no body                            program has no semantic body: meaning unknown, nothing to compile
FAIL_CLOSED DIV step                           step 0: DIV fails closed: not in the V0 body op set, no UDIV emitter, and evaluator (x/0 = error) and UDIV (x/0 = 0) disagree
FAIL_CLOSED NOT step                           step 0: opcode 0x0b (unknown) not in V0 body op set ADD SUB MUL AND OR
FAIL_CLOSED signed i64                         type tags in=0x04 out=0x04: V0 realization compiles unsigned integers only (signed/bitvector result representation is not specified)
FAIL_CLOSED bitvector                          type tags in=0x05 out=0x05: V0 realization compiles unsigned integers only (signed/bitvector result representation is not specified)
FAIL_CLOSED width u12                          width 12 unsupported: V0 AArch64 realization supports u8 u16 u32 u64
FAIL_CLOSED u64 -> u32                         input width 64 != output width 32: V0 never converts
FAIL_CLOSED u8 constant 256                    step 0: constant 0x100 does not fit declared width u8
FAIL_CLOSED stale program id                   program_id is not the v2 id of this body and contract (stale or forged)
FAIL_CLOSED 65 steps                           body has more than 64 steps
FAIL_CLOSED zero program id                    program_id is not the v2 id of this body and contract (stale or forged)
INFO pool=600 programs, 0 duplicate-program pairs skipped
SANITY legacy_fixed_3x2_synth PROGRAM_DRIVEN FAIL (expected): identical code for 17/17 other programs, verification rejects 17/18
GATE OMEGA_PROGRAM_REALIZE_PASS PASS 1720/1720
GATE OMEGA_REALIZATION_PROGRAM_DRIVEN_PASS PASS 360195/360195
GATE OMEGA_REALIZATION_DIFFERENTIAL_PASS PASS 140404/140404
GATE OMEGA_REALIZATION_TRIPLE_BIND_PASS PASS 1061/1061
PASS 503380/503380
cc -std=gnu11 -Wall -Wextra -Werror -MMD -MP -D_GNU_SOURCE -O2 -Isrc -I/home/drakestapleton/workspace/hive-worktrees/physics-pin-e95e3ed/m16 -I/home/drakestapleton/workspace/hive-worktrees/physics-pin-e95e3ed/nvrm -I/home/drakestapleton/workspace/hive-worktrees/physics-pin-e95e3ed/third_party/nvidia-open-580.173.02/src/common/sdk/nvidia/inc -I/home/drakestapleton/workspace/hive-worktrees/physics-pin-e95e3ed/third_party/nvidia-open-580.173.02/kernel-open/common/inc -I/home/drakestapleton/workspace/hive-worktrees/physics-pin-e95e3ed/third_party/nvidia-open-580.173.02/kernel-open/nvidia-uvm -I/home/drakestapleton/workspace/hive-worktrees/physics-pin-e95e3ed/third_party/nvidia-open-580.173.02/src/nvidia/arch/nvalloc/unix/include -DOMEGA_PHYSICS_DIR=\"/home/drakestapleton/workspace/hive-worktrees/physics-pin-e95e3ed\" -c src/omega_discovery.c -o build/omega_discovery.o
mkdir -p build/visor
cc -std=gnu11 -Wall -Wextra -Werror -MMD -MP -D_GNU_SOURCE -O2 -Isrc -Isrc/visor -Isrc/language -c src/visor/visor.c -o build/visor/visor.o
cc -std=gnu11 -Wall -Wextra -Werror -MMD -MP -D_GNU_SOURCE -O2 -Isrc -Isrc/visor -Isrc/language -c src/visor/visor_console.c -o build/visor/visor_console.o
cc -std=gnu11 -Wall -Wextra -Werror -MMD -MP -D_GNU_SOURCE -O2 -Isrc -Isrc/visor -Isrc/language -c src/visor/visor_effect_request.c -o build/visor/visor_effect_request.o
cc -std=gnu11 -Wall -Wextra -Werror -MMD -MP -D_GNU_SOURCE -O2 -Isrc -Isrc/visor -Isrc/language -c src/visor/visor_evidence.c -o build/visor/visor_evidence.o
cc -std=gnu11 -Wall -Wextra -Werror -MMD -MP -D_GNU_SOURCE -O2 -Isrc -Isrc/visor -Isrc/language -c src/visor/visor_machine.c -o build/visor/visor_machine.o
cc -std=gnu11 -Wall -Wextra -Werror -MMD -MP -D_GNU_SOURCE -O2 -Isrc -Isrc/visor -Isrc/language -c src/visor/visor_parse_command.c -o build/visor/visor_parse_command.o
cc -std=gnu11 -Wall -Wextra -Werror -MMD -MP -D_GNU_SOURCE -O2 -Isrc -Isrc/visor -Isrc/language -c src/visor/visor_realization.c -o build/visor/visor_realization.o
cc -std=gnu11 -Wall -Wextra -Werror -MMD -MP -D_GNU_SOURCE -O2 -Isrc -Isrc/visor -Isrc/language -c src/visor/visor_semantic.c -o build/visor/visor_semantic.o
cc -std=gnu11 -Wall -Wextra -Werror -MMD -MP -D_GNU_SOURCE -O2 -Isrc -Isrc/visor -Isrc/language -c src/visor/visor_verify.c -o build/visor/visor_verify.o
cc -std=gnu11 -Wall -Wextra -Werror -MMD -MP -D_GNU_SOURCE -O2 -Isrc -Isrc/visor -Isrc/language -c src/visor/visor_world.c -o build/visor/visor_world.o
mkdir -p build/language
cc -std=gnu11 -Wall -Wextra -Werror -MMD -MP -D_GNU_SOURCE -O2 -Isrc -Isrc/visor -Isrc/language -c src/language/omega_lex.c -o build/language/omega_lex.o
cc -std=gnu11 -Wall -Wextra -Werror -MMD -MP -D_GNU_SOURCE -O2 -Isrc -Isrc/visor -Isrc/language -c src/language/omega_lower.c -o build/language/omega_lower.o
cc -std=gnu11 -Wall -Wextra -Werror -MMD -MP -D_GNU_SOURCE -O2 -Isrc -Isrc/visor -Isrc/language -c src/language/omega_parse.c -o build/language/omega_parse.o
cc -std=gnu11 -Wall -Wextra -Werror -MMD -MP -D_GNU_SOURCE -O2 -Isrc -I/home/drakestapleton/workspace/hive-worktrees/physics-pin-e95e3ed/m16 -I/home/drakestapleton/workspace/hive-worktrees/physics-pin-e95e3ed/nvrm -I/home/drakestapleton/workspace/hive-worktrees/physics-pin-e95e3ed/third_party/nvidia-open-580.173.02/src/common/sdk/nvidia/inc -I/home/drakestapleton/workspace/hive-worktrees/physics-pin-e95e3ed/third_party/nvidia-open-580.173.02/kernel-open/common/inc -I/home/drakestapleton/workspace/hive-worktrees/physics-pin-e95e3ed/third_party/nvidia-open-580.173.02/kernel-open/nvidia-uvm -I/home/drakestapleton/workspace/hive-worktrees/physics-pin-e95e3ed/third_party/nvidia-open-580.173.02/src/nvidia/arch/nvalloc/unix/include -DOMEGA_PHYSICS_DIR=\"/home/drakestapleton/workspace/hive-worktrees/physics-pin-e95e3ed\" -c src/omega_program_ir.c -o build/omega_program_ir.o
cc -std=gnu11 -Wall -Wextra -Werror -MMD -MP -D_GNU_SOURCE -O2 -Isrc -I/home/drakestapleton/workspace/hive-worktrees/physics-pin-e95e3ed/m16 -I/home/drakestapleton/workspace/hive-worktrees/physics-pin-e95e3ed/nvrm -I/home/drakestapleton/workspace/hive-worktrees/physics-pin-e95e3ed/third_party/nvidia-open-580.173.02/src/common/sdk/nvidia/inc -I/home/drakestapleton/workspace/hive-worktrees/physics-pin-e95e3ed/third_party/nvidia-open-580.173.02/kernel-open/common/inc -I/home/drakestapleton/workspace/hive-worktrees/physics-pin-e95e3ed/third_party/nvidia-open-580.173.02/kernel-open/nvidia-uvm -I/home/drakestapleton/workspace/hive-worktrees/physics-pin-e95e3ed/third_party/nvidia-open-580.173.02/src/nvidia/arch/nvalloc/unix/include -DOMEGA_PHYSICS_DIR=\"/home/drakestapleton/workspace/hive-worktrees/physics-pin-e95e3ed\" -c src/omega_vc_bridge.c -o build/omega_vc_bridge.o
cc -std=gnu11 -Wall -Wextra -Werror -MMD -MP -D_GNU_SOURCE -O2 -Isrc -I/home/drakestapleton/workspace/hive-worktrees/physics-pin-e95e3ed/m16 -I/home/drakestapleton/workspace/hive-worktrees/physics-pin-e95e3ed/nvrm -I/home/drakestapleton/workspace/hive-worktrees/physics-pin-e95e3ed/third_party/nvidia-open-580.173.02/src/common/sdk/nvidia/inc -I/home/drakestapleton/workspace/hive-worktrees/physics-pin-e95e3ed/third_party/nvidia-open-580.173.02/kernel-open/common/inc -I/home/drakestapleton/workspace/hive-worktrees/physics-pin-e95e3ed/third_party/nvidia-open-580.173.02/kernel-open/nvidia-uvm -I/home/drakestapleton/workspace/hive-worktrees/physics-pin-e95e3ed/third_party/nvidia-open-580.173.02/src/nvidia/arch/nvalloc/unix/include -DOMEGA_PHYSICS_DIR=\"/home/drakestapleton/workspace/hive-worktrees/physics-pin-e95e3ed\" -c src/omega_resolve.c -o build/omega_resolve.o
cc -std=gnu11 -Wall -Wextra -Werror -MMD -MP -D_GNU_SOURCE -O2 -Isrc -I/home/drakestapleton/workspace/hive-worktrees/physics-pin-e95e3ed/m16 -I/home/drakestapleton/workspace/hive-worktrees/physics-pin-e95e3ed/nvrm -I/home/drakestapleton/workspace/hive-worktrees/physics-pin-e95e3ed/third_party/nvidia-open-580.173.02/src/common/sdk/nvidia/inc -I/home/drakestapleton/workspace/hive-worktrees/physics-pin-e95e3ed/third_party/nvidia-open-580.173.02/kernel-open/common/inc -I/home/drakestapleton/workspace/hive-worktrees/physics-pin-e95e3ed/third_party/nvidia-open-580.173.02/kernel-open/nvidia-uvm -I/home/drakestapleton/workspace/hive-worktrees/physics-pin-e95e3ed/third_party/nvidia-open-580.173.02/src/nvidia/arch/nvalloc/unix/include -DOMEGA_PHYSICS_DIR=\"/home/drakestapleton/workspace/hive-worktrees/physics-pin-e95e3ed\" -c src/omega_receipt.c -o build/omega_receipt.o
cc -std=gnu11 -Wall -Wextra -Werror -MMD -MP -D_GNU_SOURCE -O2 -Isrc -I/home/drakestapleton/workspace/hive-worktrees/physics-pin-e95e3ed/m16 -I/home/drakestapleton/workspace/hive-worktrees/physics-pin-e95e3ed/nvrm -I/home/drakestapleton/workspace/hive-worktrees/physics-pin-e95e3ed/third_party/nvidia-open-580.173.02/src/common/sdk/nvidia/inc -I/home/drakestapleton/workspace/hive-worktrees/physics-pin-e95e3ed/third_party/nvidia-open-580.173.02/kernel-open/common/inc -I/home/drakestapleton/workspace/hive-worktrees/physics-pin-e95e3ed/third_party/nvidia-open-580.173.02/kernel-open/nvidia-uvm -I/home/drakestapleton/workspace/hive-worktrees/physics-pin-e95e3ed/third_party/nvidia-open-580.173.02/src/nvidia/arch/nvalloc/unix/include -DOMEGA_PHYSICS_DIR=\"/home/drakestapleton/workspace/hive-worktrees/physics-pin-e95e3ed\" -c src/omega_blake3.c -o build/omega_blake3.o
cc -std=gnu11 -Wall -Wextra -Werror -MMD -MP -D_GNU_SOURCE -O2 -Isrc -I/home/drakestapleton/workspace/hive-worktrees/physics-pin-e95e3ed/m16 -I/home/drakestapleton/workspace/hive-worktrees/physics-pin-e95e3ed/nvrm -I/home/drakestapleton/workspace/hive-worktrees/physics-pin-e95e3ed/third_party/nvidia-open-580.173.02/src/common/sdk/nvidia/inc -I/home/drakestapleton/workspace/hive-worktrees/physics-pin-e95e3ed/third_party/nvidia-open-580.173.02/kernel-open/common/inc -I/home/drakestapleton/workspace/hive-worktrees/physics-pin-e95e3ed/third_party/nvidia-open-580.173.02/kernel-open/nvidia-uvm -I/home/drakestapleton/workspace/hive-worktrees/physics-pin-e95e3ed/third_party/nvidia-open-580.173.02/src/nvidia/arch/nvalloc/unix/include -DOMEGA_PHYSICS_DIR=\"/home/drakestapleton/workspace/hive-worktrees/physics-pin-e95e3ed\" -c src/omega_vcstore.c -o build/omega_vcstore.o
mkdir -p build/tests-program/
cc -std=gnu11 -Wall -Wextra -Werror -MMD -MP -D_GNU_SOURCE -O2 -Isrc -Isrc/visor -Isrc/language -o build/tests-program/test_program_id tests/program/test_program_id.c build/sha256.o build/omega_canonical.o build/omega_validate.o build/omega_core.o build/omega_codec.o build/aarch64_encoder.o build/aarch64_decoder.o build/omega_realize.o build/omega_realize_synth.o build/omega_machine.o build/omega_exec.o build/omega_verify.o build/omega_program.o build/omega_synthesis.o build/omega_library.o build/omega_vector.o build/omega_blackwell_qmd.o build/omega_blackwell_encoder.o build/omega_blackwell_realize.o build/omega_discovery.o build/visor/visor.o build/visor/visor_console.o build/visor/visor_effect_request.o build/visor/visor_evidence.o build/visor/visor_machine.o build/visor/visor_parse_command.o build/visor/visor_realization.o build/visor/visor_semantic.o build/visor/visor_verify.o build/visor/visor_world.o build/language/omega_lex.o build/language/omega_lower.o build/language/omega_parse.o build/omega_program_ir.o build/omega_vc_bridge.o build/omega_resolve.o build/omega_receipt.o build/omega_blake3.o build/omega_vcstore.o
./build/tests-program/test_program_id
associativity: 400 chains, 1600 random bracketings, 400 a;b vs b;a pairs
differential: 3000 programs, 4498500 pairs, 2383 structurally equal
mutations: 16000 single mutations over 2000 programs
GATE OMEGA_PROGRAM_ID_BODY_BOUND_PASS PASS 18/18
GATE OMEGA_PROGRAM_ID_REPRESENTATION_INVARIANT_PASS PASS 2425/2425
GATE OMEGA_PROGRAM_ID_MUTATION_SEPARATION_PASS PASS 4514501/4514501
GATE OMEGA_PROGRAM_ID_LIBRARY_REGRESSION_PASS PASS 25/25
GATE OMEGA_PROGRAM_ID_VISOR_REGRESSION_PASS PASS 10/10
PASS 4516979/4516979
mkdir -p build/tests-visor
cc -std=gnu11 -Wall -Wextra -Werror -MMD -MP -D_GNU_SOURCE -O2 -Isrc -Isrc/visor -Isrc/language -Itests/visor -o build/tests-visor/test_visor_semantic tests/visor/test_visor_semantic.c build/sha256.o build/omega_canonical.o build/omega_validate.o build/omega_core.o build/omega_codec.o build/aarch64_encoder.o build/aarch64_decoder.o build/omega_realize.o build/omega_realize_synth.o build/omega_machine.o build/omega_exec.o build/omega_verify.o build/omega_program.o build/omega_synthesis.o build/omega_library.o build/omega_vector.o build/omega_blackwell_qmd.o build/omega_blackwell_encoder.o build/omega_blackwell_realize.o build/visor/visor.o build/visor/visor_console.o build/visor/visor_effect_request.o build/visor/visor_evidence.o build/visor/visor_machine.o build/visor/visor_parse_command.o build/visor/visor_realization.o build/visor/visor_semantic.o build/visor/visor_verify.o build/visor/visor_world.o build/language/omega_lex.o build/language/omega_lower.o build/language/omega_parse.o
./build/tests-visor/test_visor_semantic
PASS 95/95
mkdir -p build/tests-language
cc -std=gnu11 -Wall -Wextra -Werror -MMD -MP -D_GNU_SOURCE -O2 -Isrc -Isrc/visor -Isrc/language -Itests/language -o build/tests-language/test_language_v0 tests/language/test_language_v0.c build/sha256.o build/omega_canonical.o build/omega_validate.o build/omega_core.o build/omega_codec.o build/aarch64_encoder.o build/aarch64_decoder.o build/omega_realize.o build/omega_realize_synth.o build/omega_machine.o build/omega_exec.o build/omega_verify.o build/omega_program.o build/omega_synthesis.o build/omega_library.o build/omega_vector.o build/omega_blackwell_qmd.o build/omega_blackwell_encoder.o build/omega_blackwell_realize.o build/visor/visor.o build/visor/visor_console.o build/visor/visor_effect_request.o build/visor/visor_evidence.o build/visor/visor_machine.o build/visor/visor_parse_command.o build/visor/visor_realization.o build/visor/visor_semantic.o build/visor/visor_verify.o build/visor/visor_world.o build/language/omega_lex.o build/language/omega_lower.o build/language/omega_parse.o
./build/tests-language/test_language_v0
PASS 407/407
cc -std=gnu11 -Wall -Wextra -Werror -MMD -MP -D_GNU_SOURCE -O2 -Isrc -Isrc/visor -Isrc/language -Itests/visor -o build/tests-visor/test_visor_verify tests/visor/test_visor_verify.c build/sha256.o build/omega_canonical.o build/omega_validate.o build/omega_core.o build/omega_codec.o build/aarch64_encoder.o build/aarch64_decoder.o build/omega_realize.o build/omega_realize_synth.o build/omega_machine.o build/omega_exec.o build/omega_verify.o build/omega_program.o build/omega_synthesis.o build/omega_library.o build/omega_vector.o build/omega_blackwell_qmd.o build/omega_blackwell_encoder.o build/omega_blackwell_realize.o build/visor/visor.o build/visor/visor_console.o build/visor/visor_effect_request.o build/visor/visor_evidence.o build/visor/visor_machine.o build/visor/visor_parse_command.o build/visor/visor_realization.o build/visor/visor_semantic.o build/visor/visor_verify.o build/visor/visor_world.o build/language/omega_lex.o build/language/omega_lower.o build/language/omega_parse.o
./build/tests-visor/test_visor_verify
PASS 47/47
cc -std=gnu11 -Wall -Wextra -Werror -MMD -MP -D_GNU_SOURCE -O2 -Isrc -Isrc/visor -Isrc/language -Itests/visor -o build/tests-visor/test_visor_evidence tests/visor/test_visor_evidence.c build/sha256.o build/omega_canonical.o build/omega_validate.o build/omega_core.o build/omega_codec.o build/aarch64_encoder.o build/aarch64_decoder.o build/omega_realize.o build/omega_realize_synth.o build/omega_machine.o build/omega_exec.o build/omega_verify.o build/omega_program.o build/omega_synthesis.o build/omega_library.o build/omega_vector.o build/omega_blackwell_qmd.o build/omega_blackwell_encoder.o build/omega_blackwell_realize.o build/visor/visor.o build/visor/visor_console.o build/visor/visor_effect_request.o build/visor/visor_evidence.o build/visor/visor_machine.o build/visor/visor_parse_command.o build/visor/visor_realization.o build/visor/visor_semantic.o build/visor/visor_verify.o build/visor/visor_world.o build/language/omega_lex.o build/language/omega_lower.o build/language/omega_parse.o
./build/tests-visor/test_visor_evidence
PASS 39/39
cc -std=gnu11 -Wall -Wextra -Werror -MMD -MP -D_GNU_SOURCE -O2 -Isrc -Isrc/visor -Isrc/language -Itests/visor -o build/tests-visor/test_visor_machine tests/visor/test_visor_machine.c build/sha256.o build/omega_canonical.o build/omega_validate.o build/omega_core.o build/omega_codec.o build/aarch64_encoder.o build/aarch64_decoder.o build/omega_realize.o build/omega_realize_synth.o build/omega_machine.o build/omega_exec.o build/omega_verify.o build/omega_program.o build/omega_synthesis.o build/omega_library.o build/omega_vector.o build/omega_blackwell_qmd.o build/omega_blackwell_encoder.o build/omega_blackwell_realize.o  build/visor/visor.o build/visor/visor_console.o build/visor/visor_effect_request.o build/visor/visor_evidence.o build/visor/visor_machine.o build/visor/visor_parse_command.o build/visor/visor_realization.o build/visor/visor_semantic.o build/visor/visor_verify.o build/visor/visor_world.o build/language/omega_lex.o build/language/omega_lower.o build/language/omega_parse.o
./build/tests-visor/test_visor_machine
machine NVIDIA_DGX_SPARK_GRACE_V2
  id          sha256:b2ad77d3401cfc5d0ffedb0a71c51410416b588966ef22fa074f3b0338abb81b
  profile     0x01
  observed    no (assumed canonical profile)
  provenance  assumed: omega_machine_build_dgx_spark(); host uname=aarch64 dmi=NVIDIA_DGX_Spark cpu_parts=0xd85,0xd87; profile labels Neoverse-V2 4-wide; host cores do NOT match (no 0xd4f); no physics descriptor ingested; seal is builder constant
  pipeline    issue=4 in_flight=256 out-of-order
    unit ALU              count=4 latency=1 throughput=4
    unit BRANCH           count=2 latency=1 throughput=2
    unit MULTIPLIER       count=2 latency=3 throughput=2
    unit DIVIDER          count=1 latency=12 throughput=1
    unit LOAD_STORE       count=2 latency=3 throughput=2
    unit VECTOR           count=4 latency=2 throughput=4
  registers   gpr=31x64 vec=32x128
    cache L1I size=65536 line=64 assoc=4 latency=3
    cache L1D size=65536 line=64 assoc=8 latency=4
    cache L2  size=1048576 line=64 assoc=8 latency=10
    cache L3  size=119537664 line=64 assoc=16 latency=35
  dram        base=0x80000000 size=137438953472
  physics     flag=set seal=builder-constant placeholder (not a receipt)
  topology    valid
  target aarch64-v8a            linked=yes runnable=yes id=sha256:b2ad77d3401cfc5d0ffedb0a71c51410416b588966ef22fa074f3b0338abb81b
    note: pure AArch64 realizations run natively on this host via omega_exec_native_f3
  target blackwell-gb10-sm121   linked=yes runnable=no id=sha256:99e9e7b2a04a784130f398b57e15497f7367f606b60e62bfae065fe9a1795e7b
    note: declared target (omega_blackwell_get_machine_id); run refused: requires GPU submit authority; not linked in Visor V1
PASS 36/36
cc -std=gnu11 -Wall -Wextra -Werror -MMD -MP -D_GNU_SOURCE -O2 -Isrc -Isrc/visor -Isrc/language -Itests/visor -o build/tests-visor/test_visor_realization tests/visor/test_visor_realization.c build/sha256.o build/omega_canonical.o build/omega_validate.o build/omega_core.o build/omega_codec.o build/aarch64_encoder.o build/aarch64_decoder.o build/omega_realize.o build/omega_realize_synth.o build/omega_machine.o build/omega_exec.o build/omega_verify.o build/omega_program.o build/omega_synthesis.o build/omega_library.o build/omega_vector.o build/omega_blackwell_qmd.o build/omega_blackwell_encoder.o build/omega_blackwell_realize.o  build/visor/visor.o build/visor/visor_console.o build/visor/visor_effect_request.o build/visor/visor_evidence.o build/visor/visor_machine.o build/visor/visor_parse_command.o build/visor/visor_realization.o build/visor/visor_semantic.o build/visor/visor_verify.o build/visor/visor_world.o build/language/omega_lex.o build/language/omega_lower.o build/language/omega_parse.o
./build/tests-visor/test_visor_realization
realization
  id           sha256:ffe7656dc91cf25a4aacfc005ffb643fa79f3fd8ce55d11420fd4982e9d0ff76
  subject      sha256:c794437c57e3aec88e7385c024e427fd9be18aa4cf91fd46778b9e5fd4a31fc7
  realized     sha256:6ff7d47206c867ccadb5c2ea8839b59d49ca9e62c6f95070ad7cd3d8f09c73b1
  machine      sha256:b2ad77d3401cfc5d0ffedb0a71c51410416b588966ef22fa074f3b0338abb81b (NVIDIA_DGX_SPARK_GRACE_V2)
  bound        none
  target       aarch64-v8a profile=0x01
  code         8 bytes, 2 instructions
    8b010000  add x0, x0, x1
    d65f03c0  ret
  compatible   yes
  runnable     yes
  why          profile 0x01 vs machine 0x01 match; realizer bound no machine; run allowed
cost (four separate classes; never merged)
  predicted cycles=2 insns=2 bytes=8  [static: code_len/4 = 2 instructions x 1 cycle; no machine model]
  estimated cycles=2 insns=2 bytes=8  [omega_machine_estimate_latency(NVIDIA_DGX_SPARK_GRACE_V2) (assumed profile, not measured)]
  measured  ABSENT  [absent: Visor V1 ingests no execution receipts]
  qualified ABSENT  [absent: no qualified gate result for this realization in V1]
PASS 65/65
mkdir -p build/lane2
cc -std=gnu11 -Wall -Wextra -Werror -MMD -MP -D_GNU_SOURCE -O2 -Isrc -Isrc/visor -Isrc/language -DVISOR_CONSOLE_LANE_ONLY -Itests/visor -o build/lane2/test_visor_console tests/visor/test_visor_console.c build/sha256.o build/omega_canonical.o build/omega_validate.o build/omega_core.o build/omega_codec.o build/aarch64_encoder.o build/aarch64_decoder.o build/omega_realize.o build/omega_realize_synth.o build/omega_machine.o build/omega_exec.o build/omega_verify.o build/omega_program.o build/omega_synthesis.o build/omega_library.o build/omega_vector.o build/omega_blackwell_qmd.o build/omega_blackwell_encoder.o build/omega_blackwell_realize.o build/visor/visor.o build/visor/visor_console.o build/visor/visor_parse_command.o
cc -std=gnu11 -Wall -Wextra -Werror -MMD -MP -D_GNU_SOURCE -O2 -Isrc -Isrc/visor -Isrc/language -Itests/visor -o build/tests-visor/test_visor_console tests/visor/test_visor_console.c build/sha256.o build/omega_canonical.o build/omega_validate.o build/omega_core.o build/omega_codec.o build/aarch64_encoder.o build/aarch64_decoder.o build/omega_realize.o build/omega_realize_synth.o build/omega_machine.o build/omega_exec.o build/omega_verify.o build/omega_program.o build/omega_synthesis.o build/omega_library.o build/omega_vector.o build/omega_blackwell_qmd.o build/omega_blackwell_encoder.o build/omega_blackwell_realize.o build/visor/visor.o build/visor/visor_console.o build/visor/visor_effect_request.o build/visor/visor_evidence.o build/visor/visor_machine.o build/visor/visor_parse_command.o build/visor/visor_realization.o build/visor/visor_semantic.o build/visor/visor_verify.o build/visor/visor_world.o build/language/omega_lex.o build/language/omega_lower.o build/language/omega_parse.o
build/lane2/test_visor_console
PASS 134/134
build/tests-visor/test_visor_console
PASS 172/172
sh tests/visor/check_authority_link.sh build
skip: build/omega_main.o (not built)
skip: build/omega (not built)
checked 13 file(s) against 59 forbidden symbols
OMEGA_VISOR_AUTHORITY_ISOLATION_PASS
