PASS gqa_f32_tinyllama_32q4kv_ctx1 n=2048 rc=OK violations=0 worst_scaled_err=0 chip_ns=111425 call_ns=28621046 calls=1 unwritten=0 kv_staged=2048/2048 blocks=1/1 | mutants 0/0 
PASS gqa_f32_tinyllama_32q4kv_ctx17 n=2048 rc=OK violations=0 worst_scaled_err=0.00189431 chip_ns=103537 call_ns=224306 calls=1 unwritten=0 kv_staged=34816/34816 blocks=1/1 | mutants 0/0 
PASS gqa_f32_tinyllama_32q4kv_ctx256 n=2048 rc=OK violations=0 worst_scaled_err=0.00189409 chip_ns=268754 call_ns=423092 calls=1 unwritten=0 kv_staged=524288/524288 blocks=1/1 | mutants 0/0 
PASS gqa_f32_tinyllama_32q4kv_ctx2048 n=2048 rc=OK violations=0 worst_scaled_err=0.0028582 chip_ns=1120154 call_ns=1742335 calls=1 unwritten=0 kv_staged=4194304/4194304 blocks=1/1 | mutants 4/4 SLOT:CAUGHT(rc=OK,bad=2041) NO_RESCALE:CAUGHT(rc=OK,bad=1959) Q_ROW:CAUGHT(rc=OK,bad=2048) OUT_ROW:CAUGHT(rc=OK,bad=2048)
PASS gqa_f32_tinyllama_32q4kv_ctx65 n=2048 rc=OK violations=0 worst_scaled_err=0.00174821 chip_ns=103057 call_ns=193570 calls=1 unwritten=0 kv_staged=133120/133120 blocks=1/1 | mutants 0/0 
PASS gqa_f32_tinyllama_32q4kv_ctx128 n=2048 rc=OK violations=0 worst_scaled_err=0.00197914 chip_ns=102753 call_ns=107233 calls=1 unwritten=0 kv_staged=262144/262144 blocks=1/1 | mutants 0/0 
PASS gqa_f32_tinyllama_32q4kv_ctx129 n=2048 rc=OK violations=0 worst_scaled_err=0.00177573 chip_ns=102865 call_ns=107329 calls=1 unwritten=0 kv_staged=264192/264192 blocks=1/1 | mutants 0/0 
PASS gqa_f32_tinyllama_32q4kv_ctx300 n=2048 rc=OK violations=0 worst_scaled_err=0.00259576 chip_ns=205122 call_ns=214418 calls=1 unwritten=0 kv_staged=614400/614400 blocks=1/1 | mutants 0/0 
PASS gqa_f32_tinyllama_32q4kv_ctx1000 n=2048 rc=OK violations=0 worst_scaled_err=0.00247545 chip_ns=590053 call_ns=631749 calls=1 unwritten=0 kv_staged=2048000/2048000 blocks=1/1 | mutants 0/0 
PASS gqa_f32_llama32_1b_32q8kv_ctx1 n=2048 rc=OK violations=0 worst_scaled_err=0 chip_ns=104017 call_ns=215458 calls=1 unwritten=0 kv_staged=4096/4096 blocks=1/1 | mutants 0/0 
PASS gqa_f32_llama32_1b_32q8kv_ctx17 n=2048 rc=OK violations=0 worst_scaled_err=0.00174276 chip_ns=102657 call_ns=105473 calls=1 unwritten=0 kv_staged=69632/69632 blocks=1/1 | mutants 1/1 KV_HEAD:CAUGHT(rc=OK,bad=2048)
PASS gqa_f32_llama32_1b_32q8kv_ctx256 n=2048 rc=OK violations=0 worst_scaled_err=0.00161378 chip_ns=208018 call_ns=309298 calls=1 unwritten=0 kv_staged=1048576/1048576 blocks=1/1 | mutants 0/0 
PASS gqa_f32_llama32_1b_32q8kv_ctx2048 n=2048 rc=OK violations=0 worst_scaled_err=0.0029454 chip_ns=1118074 call_ns=2342084 calls=1 unwritten=0 kv_staged=8388608/8388608 blocks=1/1 | mutants 4/4 SLOT:CAUGHT(rc=OK,bad=2045) NO_RESCALE:CAUGHT(rc=OK,bad=1904) Q_ROW:CAUGHT(rc=OK,bad=2042) OUT_ROW:CAUGHT(rc=OK,bad=2042)
PASS gqa_f32_llama32_1b_32q8kv_ctx65 n=2048 rc=OK violations=0 worst_scaled_err=0.0014332 chip_ns=105249 call_ns=193650 calls=1 unwritten=0 kv_staged=266240/266240 blocks=1/1 | mutants 0/0 
PASS gqa_f32_llama32_1b_32q8kv_ctx128 n=2048 rc=OK violations=0 worst_scaled_err=0.00186415 chip_ns=103249 call_ns=111201 calls=1 unwritten=0 kv_staged=524288/524288 blocks=1/1 | mutants 0/0 
PASS gqa_f32_llama32_1b_32q8kv_ctx129 n=2048 rc=OK violations=0 worst_scaled_err=0.00185519 chip_ns=103393 call_ns=111281 calls=1 unwritten=0 kv_staged=528384/528384 blocks=1/1 | mutants 0/0 
PASS gqa_f32_llama32_1b_32q8kv_ctx300 n=2048 rc=OK violations=0 worst_scaled_err=0.00162705 chip_ns=206242 call_ns=225298 calls=1 unwritten=0 kv_staged=1228800/1228800 blocks=1/1 | mutants 0/0 
PASS gqa_f32_llama32_1b_32q8kv_ctx1000 n=2048 rc=OK violations=0 worst_scaled_err=0.00330327 chip_ns=612149 call_ns=722534 calls=1 unwritten=0 kv_staged=4096000/4096000 blocks=1/1 | mutants 0/0 
PASS gqa_f32_large_scores_32q4kv_ctx256 n=2048 rc=OK violations=0 worst_scaled_err=0.105395 chip_ns=205138 call_ns=333523 calls=1 unwritten=0 kv_staged=524288/524288 blocks=1/1 | mutants 1/1 NO_MAX:CAUGHT(rc=OK,bad=2048)
PASS gqa_f32_mha_16q16kv_ctx300 n=1024 rc=OK violations=0 worst_scaled_err=0.00197746 chip_ns=207058 call_ns=358803 calls=1 unwritten=0 kv_staged=2457600/2457600 blocks=1/1 | mutants 3/3 Q_ROW:CAUGHT(rc=OK,bad=1022) OUT_ROW:CAUGHT(rc=OK,bad=1024) KV_HEAD:CAUGHT(rc=OK,bad=1024)
PASS paged_bf16_tinyllama_32q4kv_bs16_ctx1 n=2048 rc=OK violations=0 worst_scaled_err=0 chip_ns=104353 call_ns=186690 calls=1 unwritten=0 kv_staged=16384/16384 blocks=1/1 | mutants 1/1 KV_HEAD:CAUGHT(rc=OK,bad=2048)
PASS paged_bf16_tinyllama_32q4kv_bs16_ctx17 n=2048 rc=OK violations=0 worst_scaled_err=0.002096 chip_ns=103249 call_ns=179617 calls=1 unwritten=0 kv_staged=32768/32768 blocks=2/2 | mutants 2/2 KV_HEAD:CAUGHT(rc=OK,bad=2046) SLOT:CAUGHT(rc=OK,bad=2048)
PASS paged_bf16_tinyllama_32q4kv_bs16_ctx256 n=2048 rc=OK violations=0 worst_scaled_err=0.00199949 chip_ns=205346 call_ns=286306 calls=1 unwritten=0 kv_staged=262144/262144 blocks=16/16 | mutants 0/0 
PASS paged_bf16_tinyllama_32q4kv_bs16_ctx2048 n=2048 rc=OK violations=0 worst_scaled_err=0.00336531 chip_ns=1023833 call_ns=1081706 calls=1 unwritten=0 kv_staged=2097152/2097152 blocks=128/128 | mutants 5/5 KV_HEAD:CAUGHT(rc=OK,bad=2045) SLOT:CAUGHT(rc=OK,bad=2042) NO_RESCALE:CAUGHT(rc=OK,bad=2023) Q_ROW:CAUGHT(rc=OK,bad=2042) OUT_ROW:CAUGHT(rc=OK,bad=2042)
PASS paged_bf16_tinyllama_32q4kv_bs16_ctx65 n=2048 rc=OK violations=0 worst_scaled_err=0.00182741 chip_ns=103489 call_ns=187489 calls=1 unwritten=0 kv_staged=81920/81920 blocks=5/5 | mutants 0/0 
PASS paged_bf16_tinyllama_32q4kv_bs16_ctx128 n=2048 rc=OK violations=0 worst_scaled_err=0.00191997 chip_ns=173761 call_ns=177361 calls=1 unwritten=0 kv_staged=131072/131072 blocks=8/8 | mutants 0/0 
PASS paged_bf16_tinyllama_32q4kv_bs16_ctx129 n=2048 rc=OK violations=0 worst_scaled_err=0.00192425 chip_ns=102945 call_ns=106625 calls=1 unwritten=0 kv_staged=147456/147456 blocks=9/9 | mutants 0/0 
PASS paged_bf16_tinyllama_32q4kv_bs16_ctx300 n=2048 rc=OK violations=0 worst_scaled_err=0.00243899 chip_ns=204289 call_ns=210097 calls=1 unwritten=0 kv_staged=311296/311296 blocks=19/19 | mutants 0/0 
PASS paged_bf16_tinyllama_32q4kv_bs16_ctx1000 n=2048 rc=OK violations=0 worst_scaled_err=0.00547531 chip_ns=204690 call_ns=208818 calls=1 unwritten=0 kv_staged=163840/1032192 blocks=10/63 | mutants 0/0 
PASS paged_bf16_llama32_1b_32q8kv_bs16_ctx1 n=2048 rc=OK violations=0 worst_scaled_err=0 chip_ns=102880 call_ns=187697 calls=1 unwritten=0 kv_staged=32768/32768 blocks=1/1 | mutants 1/1 KV_HEAD:CAUGHT(rc=OK,bad=2048)
PASS paged_bf16_llama32_1b_32q8kv_bs16_ctx17 n=2048 rc=OK violations=0 worst_scaled_err=0.00223287 chip_ns=103217 call_ns=180145 calls=1 unwritten=0 kv_staged=65536/65536 blocks=2/2 | mutants 2/2 KV_HEAD:CAUGHT(rc=OK,bad=2048) SLOT:CAUGHT(rc=OK,bad=2048)
PASS paged_bf16_llama32_1b_32q8kv_bs16_ctx256 n=2048 rc=OK violations=0 worst_scaled_err=0.00167964 chip_ns=205218 call_ns=292675 calls=1 unwritten=0 kv_staged=524288/524288 blocks=16/16 | mutants 0/0 
PASS paged_bf16_llama32_1b_32q8kv_bs16_ctx2048 n=2048 rc=OK violations=0 worst_scaled_err=0.00358689 chip_ns=1025577 call_ns=1147898 calls=1 unwritten=0 kv_staged=4194304/4194304 blocks=128/128 | mutants 5/5 KV_HEAD:CAUGHT(rc=OK,bad=2048) SLOT:CAUGHT(rc=OK,bad=2045) NO_RESCALE:CAUGHT(rc=OK,bad=1999) Q_ROW:CAUGHT(rc=OK,bad=2044) OUT_ROW:CAUGHT(rc=OK,bad=2044)
PASS paged_bf16_llama32_1b_32q8kv_bs16_ctx65 n=2048 rc=OK violations=0 worst_scaled_err=0.00228809 chip_ns=105216 call_ns=195297 calls=1 unwritten=0 kv_staged=163840/163840 blocks=5/5 | mutants 0/0 
PASS paged_bf16_llama32_1b_32q8kv_bs16_ctx128 n=2048 rc=OK violations=0 worst_scaled_err=0.00160376 chip_ns=103009 call_ns=107873 calls=1 unwritten=0 kv_staged=262144/262144 blocks=8/8 | mutants 0/0 
PASS paged_bf16_llama32_1b_32q8kv_bs16_ctx129 n=2048 rc=OK violations=0 worst_scaled_err=0.00173996 chip_ns=102961 call_ns=108753 calls=1 unwritten=0 kv_staged=294912/294912 blocks=9/9 | mutants 0/0 
PASS paged_bf16_llama32_1b_32q8kv_bs16_ctx300 n=2048 rc=OK violations=0 worst_scaled_err=0.00303696 chip_ns=206705 call_ns=217409 calls=1 unwritten=0 kv_staged=622592/622592 blocks=19/19 | mutants 0/0 
PASS paged_bf16_llama32_1b_32q8kv_bs16_ctx1000 n=2048 rc=OK violations=0 worst_scaled_err=0.00420311 chip_ns=206434 call_ns=213026 calls=1 unwritten=0 kv_staged=327680/2064384 blocks=10/63 | mutants 0/0 
PASS paged_bf16_batch_3seq_32q8kv_ctx40_0_100 n=6144 rc=OK violations=0 worst_scaled_err=0.00181424 chip_ns=207602 call_ns=460084 calls=2 unwritten=0 kv_staged=229376/229376 blocks=7/7 | mutants 4/4 KV_HEAD:CAUGHT(rc=OK,bad=4095) SLOT:CAUGHT(rc=OK,bad=4090) Q_ROW:CAUGHT(rc=OK,bad=4096) OUT_ROW:CAUGHT(rc=OK,bad=4096)
PASS paged_bf16_shared_prefix_4seq_8q2kv_10pre n=2048 rc=OK violations=0 worst_scaled_err=0.00188498 chip_ns=205218 call_ns=287395 calls=1 unwritten=0 kv_staged=155648/401408 blocks=19/49 | mutants 2/2 KV_HEAD:CAUGHT(rc=OK,bad=2048) SLOT:CAUGHT(rc=OK,bad=2046)
PASS paged_bf16_shared_prefix_4seq_32q8kv_10pre n=8192 rc=OK violations=0 worst_scaled_err=0.0024233 chip_ns=412676 call_ns=519172 calls=2 unwritten=0 kv_staged=950272/1605632 blocks=29/49 | mutants 2/2 KV_HEAD:CAUGHT(rc=OK,bad=8192) SLOT:CAUGHT(rc=OK,bad=8181)
mutant NO_MAX: caught 1 of 1
mutant KV_HEAD: caught 11 of 11
mutant SLOT: caught 9 of 9
mutant NO_RESCALE: caught 4 of 4
mutant Q_ROW: caught 6 of 6
mutant OUT_ROW: caught 6 of 6
device_opens=1
PASS: 122 checks, 0 failed
