=== Milestone 16 Corrective Requalification Suite ===
Timestamp: 2026-10-04T02:24:08Z
Host: spark-b87b (aarch64)
Kernel: 7.0.0-1019-nvidia

[*] Step 1: Compiling M16 binaries...
M16_RAW_RM_CLIENT_PASS

[*] Step 2: Auditing linked shared libraries (ldd)...
M16_NO_LIBCUDA_LINK_PASS

[*] Step 3: Auditing undefined ELF symbols (nm -u)...
M16_NO_CUDA_SYMBOL_PASS

[*] Step 4: Executing controlled causality runs...
  Running trial 1/5...
  Running trial 2/5...
  Running trial 3/5...
  Running trial 4/5...
  Running trial 5/5...
M16_GPFIFO_ENCODING_PASS
M16_NEGATIVE_CAUSALITY_PASS
M16_DOORBELL_EXECUTION_PASS
M16_DEVICE_COMPLETION_PASS

[*] Step 5: Executing concurrent multi-channel test...
M16_DYNAMIC_RESOURCE_DISCOVERY_PASS
M16_CONCURRENT_CONTEXT_PASS

[*] Step 6: Capturing live /proc/maps snapshot...
M16_NO_LIBCUDA_RUNTIME_PASS
M16_EVIDENCE_DURABILITY_PASS
M16_RECEIPT_PASS

[*] Step 10: Generating SHA-256 evidence manifest...

========================================================
ALL GATES PASS: M16 CORRECTIVE REQUALIFICATION COMPLETE
========================================================
