## negative_control (fd limit 3: /dev/nvidiactl cannot be opened)
./build/gpu_session_probe: error while loading shared libraries: libc.so.6: cannot open shared object file: Error 24
negative_control exit=127 (must be non-zero with a named stage)
## baseline N=30
PROBE label=baseline#1 pid=2078829 rc=OK stage="-" first_call_ms=27.4 chip_us=111.0 calls_ok=1/1 opens=1
PROBE label=baseline#2 pid=2078833 rc=OK stage="-" first_call_ms=27.3 chip_us=111.1 calls_ok=1/1 opens=1
PROBE label=baseline#3 pid=2078837 rc=OK stage="-" first_call_ms=28.1 chip_us=112.6 calls_ok=1/1 opens=1
PROBE label=baseline#4 pid=2078846 rc=OK stage="-" first_call_ms=26.7 chip_us=111.9 calls_ok=1/1 opens=1
PROBE label=baseline#5 pid=2078859 rc=OK stage="-" first_call_ms=27.2 chip_us=109.6 calls_ok=1/1 opens=1
PROBE label=baseline#6 pid=2078863 rc=OK stage="-" first_call_ms=28.0 chip_us=111.4 calls_ok=1/1 opens=1
PROBE label=baseline#7 pid=2078879 rc=OK stage="-" first_call_ms=28.4 chip_us=109.1 calls_ok=1/1 opens=1
PROBE label=baseline#8 pid=2078896 rc=OK stage="-" first_call_ms=28.0 chip_us=112.9 calls_ok=1/1 opens=1
PROBE label=baseline#9 pid=2078904 rc=OK stage="-" first_call_ms=28.1 chip_us=111.1 calls_ok=1/1 opens=1
PROBE label=baseline#10 pid=2078908 rc=OK stage="-" first_call_ms=27.7 chip_us=108.8 calls_ok=1/1 opens=1
PROBE label=baseline#11 pid=2078912 rc=OK stage="-" first_call_ms=27.3 chip_us=107.7 calls_ok=1/1 opens=1
PROBE label=baseline#12 pid=2078940 rc=OK stage="-" first_call_ms=30.0 chip_us=118.8 calls_ok=1/1 opens=1
PROBE label=baseline#13 pid=2078994 rc=OK stage="-" first_call_ms=29.4 chip_us=117.8 calls_ok=1/1 opens=1
PROBE label=baseline#14 pid=2079011 rc=OK stage="-" first_call_ms=29.7 chip_us=111.9 calls_ok=1/1 opens=1
PROBE label=baseline#15 pid=2079022 rc=OK stage="-" first_call_ms=28.3 chip_us=111.1 calls_ok=1/1 opens=1
PROBE label=baseline#16 pid=2079035 rc=OK stage="-" first_call_ms=29.9 chip_us=118.0 calls_ok=1/1 opens=1
PROBE label=baseline#17 pid=2079041 rc=OK stage="-" first_call_ms=29.0 chip_us=111.6 calls_ok=1/1 opens=1
PROBE label=baseline#18 pid=2079052 rc=OK stage="-" first_call_ms=28.1 chip_us=186.4 calls_ok=1/1 opens=1
PROBE label=baseline#19 pid=2079056 rc=OK stage="-" first_call_ms=27.7 chip_us=109.6 calls_ok=1/1 opens=1
PROBE label=baseline#20 pid=2079071 rc=OK stage="-" first_call_ms=27.3 chip_us=110.5 calls_ok=1/1 opens=1
PROBE label=baseline#21 pid=2079077 rc=OK stage="-" first_call_ms=28.7 chip_us=113.3 calls_ok=1/1 opens=1
PROBE label=baseline#22 pid=2079081 rc=OK stage="-" first_call_ms=26.7 chip_us=109.4 calls_ok=1/1 opens=1
PROBE label=baseline#23 pid=2079085 rc=OK stage="-" first_call_ms=28.0 chip_us=110.8 calls_ok=1/1 opens=1
PROBE label=baseline#24 pid=2079089 rc=OK stage="-" first_call_ms=27.2 chip_us=111.3 calls_ok=1/1 opens=1
PROBE label=baseline#25 pid=2079098 rc=OK stage="-" first_call_ms=28.3 chip_us=112.5 calls_ok=1/1 opens=1
PROBE label=baseline#26 pid=2079102 rc=OK stage="-" first_call_ms=28.1 chip_us=117.7 calls_ok=1/1 opens=1
PROBE label=baseline#27 pid=2079106 rc=OK stage="-" first_call_ms=28.1 chip_us=110.8 calls_ok=1/1 opens=1
PROBE label=baseline#28 pid=2079112 rc=OK stage="-" first_call_ms=28.3 chip_us=116.7 calls_ok=1/1 opens=1
PROBE label=baseline#29 pid=2079134 rc=OK stage="-" first_call_ms=27.7 chip_us=110.6 calls_ok=1/1 opens=1
PROBE label=baseline#30 pid=2079141 rc=OK stage="-" first_call_ms=30.3 chip_us=195.1 calls_ok=1/1 opens=1
baseline: failures 0 / 30
## back_to_back N=30
PROBE label=back_to_back#1 pid=2079219 rc=OK stage="-" first_call_ms=29.9 chip_us=206.5 calls_ok=1/1 opens=1
PROBE label=back_to_back#2 pid=2079222 rc=OK stage="-" first_call_ms=27.3 chip_us=113.9 calls_ok=1/1 opens=1
PROBE label=back_to_back#3 pid=2079225 rc=OK stage="-" first_call_ms=26.5 chip_us=112.7 calls_ok=1/1 opens=1
PROBE label=back_to_back#4 pid=2079241 rc=OK stage="-" first_call_ms=27.1 chip_us=108.8 calls_ok=1/1 opens=1
PROBE label=back_to_back#5 pid=2079244 rc=OK stage="-" first_call_ms=27.1 chip_us=109.8 calls_ok=1/1 opens=1
PROBE label=back_to_back#6 pid=2079247 rc=OK stage="-" first_call_ms=26.6 chip_us=112.7 calls_ok=1/1 opens=1
PROBE label=back_to_back#7 pid=2079250 rc=OK stage="-" first_call_ms=25.9 chip_us=110.7 calls_ok=1/1 opens=1
PROBE label=back_to_back#8 pid=2079253 rc=OK stage="-" first_call_ms=26.4 chip_us=113.7 calls_ok=1/1 opens=1
PROBE label=back_to_back#9 pid=2079256 rc=OK stage="-" first_call_ms=25.7 chip_us=111.7 calls_ok=1/1 opens=1
PROBE label=back_to_back#10 pid=2079259 rc=OK stage="-" first_call_ms=25.9 chip_us=108.2 calls_ok=1/1 opens=1
PROBE label=back_to_back#11 pid=2079262 rc=OK stage="-" first_call_ms=26.2 chip_us=110.8 calls_ok=1/1 opens=1
PROBE label=back_to_back#12 pid=2079265 rc=OK stage="-" first_call_ms=28.5 chip_us=109.7 calls_ok=1/1 opens=1
PROBE label=back_to_back#13 pid=2079268 rc=OK stage="-" first_call_ms=25.7 chip_us=110.7 calls_ok=1/1 opens=1
PROBE label=back_to_back#14 pid=2079274 rc=OK stage="-" first_call_ms=29.3 chip_us=111.6 calls_ok=1/1 opens=1
PROBE label=back_to_back#15 pid=2079281 rc=OK stage="-" first_call_ms=29.0 chip_us=109.8 calls_ok=1/1 opens=1
PROBE label=back_to_back#16 pid=2079284 rc=OK stage="-" first_call_ms=26.8 chip_us=115.5 calls_ok=1/1 opens=1
PROBE label=back_to_back#17 pid=2079287 rc=OK stage="-" first_call_ms=28.8 chip_us=109.5 calls_ok=1/1 opens=1
PROBE label=back_to_back#18 pid=2079290 rc=OK stage="-" first_call_ms=29.3 chip_us=199.6 calls_ok=1/1 opens=1
PROBE label=back_to_back#19 pid=2079293 rc=OK stage="-" first_call_ms=26.6 chip_us=113.3 calls_ok=1/1 opens=1
PROBE label=back_to_back#20 pid=2079296 rc=OK stage="-" first_call_ms=26.8 chip_us=113.5 calls_ok=1/1 opens=1
PROBE label=back_to_back#21 pid=2079299 rc=OK stage="-" first_call_ms=26.7 chip_us=113.9 calls_ok=1/1 opens=1
PROBE label=back_to_back#22 pid=2079302 rc=OK stage="-" first_call_ms=26.4 chip_us=111.6 calls_ok=1/1 opens=1
PROBE label=back_to_back#23 pid=2079305 rc=OK stage="-" first_call_ms=28.5 chip_us=110.9 calls_ok=1/1 opens=1
PROBE label=back_to_back#24 pid=2079308 rc=OK stage="-" first_call_ms=26.6 chip_us=111.9 calls_ok=1/1 opens=1
PROBE label=back_to_back#25 pid=2079311 rc=OK stage="-" first_call_ms=26.3 chip_us=112.8 calls_ok=1/1 opens=1
PROBE label=back_to_back#26 pid=2079314 rc=OK stage="-" first_call_ms=26.1 chip_us=109.7 calls_ok=1/1 opens=1
PROBE label=back_to_back#27 pid=2079317 rc=OK stage="-" first_call_ms=26.0 chip_us=112.2 calls_ok=1/1 opens=1
PROBE label=back_to_back#28 pid=2079320 rc=OK stage="-" first_call_ms=26.2 chip_us=109.4 calls_ok=1/1 opens=1
PROBE label=back_to_back#29 pid=2079323 rc=OK stage="-" first_call_ms=26.2 chip_us=112.8 calls_ok=1/1 opens=1
PROBE label=back_to_back#30 pid=2079326 rc=OK stage="-" first_call_ms=25.4 chip_us=108.9 calls_ok=1/1 opens=1
back_to_back: failures 0 / 30
## overlap N=30
PROBE label=overlap#1 pid=2079336 rc=OK stage="-" first_call_ms=29.8 chip_us=230.0 calls_ok=1/1 opens=1
PROBE label=holder pid=2079334 rc=OK stage="-" first_call_ms=26.0 chip_us=110.1 calls_ok=1/1 opens=1
PROBE label=overlap#2 pid=2079354 rc=OK stage="-" first_call_ms=29.5 chip_us=213.4 calls_ok=1/1 opens=1
PROBE label=holder pid=2079347 rc=OK stage="-" first_call_ms=27.7 chip_us=100.9 calls_ok=1/1 opens=1
PROBE label=overlap#3 pid=2079359 rc=OK stage="-" first_call_ms=28.9 chip_us=211.4 calls_ok=1/1 opens=1
PROBE label=holder pid=2079357 rc=OK stage="-" first_call_ms=26.9 chip_us=108.2 calls_ok=1/1 opens=1
PROBE label=overlap#4 pid=2079427 rc=OK stage="-" first_call_ms=26.9 chip_us=213.3 calls_ok=1/1 opens=1
PROBE label=holder pid=2079425 rc=OK stage="-" first_call_ms=26.6 chip_us=108.7 calls_ok=1/1 opens=1
PROBE label=overlap#5 pid=2079445 rc=OK stage="-" first_call_ms=30.7 chip_us=256.1 calls_ok=1/1 opens=1
PROBE label=holder pid=2079443 rc=OK stage="-" first_call_ms=26.3 chip_us=108.1 calls_ok=1/1 opens=1
PROBE label=overlap#6 pid=2079450 rc=OK stage="-" first_call_ms=28.3 chip_us=211.9 calls_ok=1/1 opens=1
PROBE label=holder pid=2079448 rc=OK stage="-" first_call_ms=26.8 chip_us=108.6 calls_ok=1/1 opens=1
PROBE label=overlap#7 pid=2079455 rc=OK stage="-" first_call_ms=27.8 chip_us=210.8 calls_ok=1/1 opens=1
PROBE label=holder pid=2079453 rc=OK stage="-" first_call_ms=26.5 chip_us=107.4 calls_ok=1/1 opens=1
PROBE label=overlap#8 pid=2079467 rc=OK stage="-" first_call_ms=29.9 chip_us=212.3 calls_ok=1/1 opens=1
PROBE label=holder pid=2079465 rc=OK stage="-" first_call_ms=26.5 chip_us=108.2 calls_ok=1/1 opens=1
PROBE label=overlap#9 pid=2079472 rc=OK stage="-" first_call_ms=28.0 chip_us=211.5 calls_ok=1/1 opens=1
PROBE label=holder pid=2079470 rc=OK stage="-" first_call_ms=26.5 chip_us=106.5 calls_ok=1/1 opens=1
PROBE label=overlap#10 pid=2079525 rc=OK stage="-" first_call_ms=27.8 chip_us=198.2 calls_ok=1/1 opens=1
PROBE label=holder pid=2079523 rc=OK stage="-" first_call_ms=26.7 chip_us=107.8 calls_ok=1/1 opens=1
PROBE label=overlap#11 pid=2079563 rc=OK stage="-" first_call_ms=27.9 chip_us=212.8 calls_ok=1/1 opens=1
PROBE label=holder pid=2079560 rc=OK stage="-" first_call_ms=27.5 chip_us=112.2 calls_ok=1/1 opens=1
PROBE label=overlap#12 pid=2079568 rc=OK stage="-" first_call_ms=29.8 chip_us=223.7 calls_ok=1/1 opens=1
PROBE label=holder pid=2079566 rc=OK stage="-" first_call_ms=26.6 chip_us=108.1 calls_ok=1/1 opens=1
PROBE label=overlap#13 pid=2079575 rc=OK stage="-" first_call_ms=29.5 chip_us=213.3 calls_ok=1/1 opens=1
PROBE label=holder pid=2079573 rc=OK stage="-" first_call_ms=27.2 chip_us=111.9 calls_ok=1/1 opens=1
PROBE label=overlap#14 pid=2079587 rc=OK stage="-" first_call_ms=27.9 chip_us=213.3 calls_ok=1/1 opens=1
PROBE label=holder pid=2079585 rc=OK stage="-" first_call_ms=27.0 chip_us=112.3 calls_ok=1/1 opens=1
PROBE label=overlap#15 pid=2079592 rc=OK stage="-" first_call_ms=29.3 chip_us=213.8 calls_ok=1/1 opens=1
PROBE label=holder pid=2079590 rc=OK stage="-" first_call_ms=28.9 chip_us=108.7 calls_ok=1/1 opens=1
PROBE label=overlap#16 pid=2079610 rc=OK stage="-" first_call_ms=27.8 chip_us=214.7 calls_ok=1/1 opens=1
PROBE label=holder pid=2079608 rc=OK stage="-" first_call_ms=27.8 chip_us=114.5 calls_ok=1/1 opens=1
PROBE label=overlap#17 pid=2079630 rc=OK stage="-" first_call_ms=28.4 chip_us=213.0 calls_ok=1/1 opens=1
PROBE label=holder pid=2079628 rc=OK stage="-" first_call_ms=29.5 chip_us=118.6 calls_ok=1/1 opens=1
PROBE label=overlap#18 pid=2079645 rc=OK stage="-" first_call_ms=28.4 chip_us=213.0 calls_ok=1/1 opens=1
PROBE label=holder pid=2079643 rc=OK stage="-" first_call_ms=28.4 chip_us=109.7 calls_ok=1/1 opens=1
PROBE label=overlap#19 pid=2079650 rc=OK stage="-" first_call_ms=27.6 chip_us=213.6 calls_ok=1/1 opens=1
PROBE label=holder pid=2079648 rc=OK stage="-" first_call_ms=27.0 chip_us=112.5 calls_ok=1/1 opens=1
PROBE label=overlap#20 pid=2079733 rc=OK stage="-" first_call_ms=29.9 chip_us=213.0 calls_ok=1/1 opens=1
PROBE label=holder pid=2079731 rc=OK stage="-" first_call_ms=27.3 chip_us=109.7 calls_ok=1/1 opens=1
PROBE label=overlap#21 pid=2079753 rc=OK stage="-" first_call_ms=27.6 chip_us=212.0 calls_ok=1/1 opens=1
PROBE label=holder pid=2079751 rc=OK stage="-" first_call_ms=26.6 chip_us=113.9 calls_ok=1/1 opens=1
PROBE label=overlap#22 pid=2079760 rc=OK stage="-" first_call_ms=28.3 chip_us=217.9 calls_ok=1/1 opens=1
PROBE label=holder pid=2079756 rc=OK stage="-" first_call_ms=27.1 chip_us=111.4 calls_ok=1/1 opens=1
PROBE label=overlap#23 pid=2079767 rc=OK stage="-" first_call_ms=29.9 chip_us=212.8 calls_ok=1/1 opens=1
PROBE label=holder pid=2079765 rc=OK stage="-" first_call_ms=26.7 chip_us=108.4 calls_ok=1/1 opens=1
PROBE label=overlap#24 pid=2079772 rc=OK stage="-" first_call_ms=29.5 chip_us=212.3 calls_ok=1/1 opens=1
PROBE label=holder pid=2079770 rc=OK stage="-" first_call_ms=27.2 chip_us=110.3 calls_ok=1/1 opens=1
PROBE label=overlap#25 pid=2079784 rc=OK stage="-" first_call_ms=28.3 chip_us=211.3 calls_ok=1/1 opens=1
PROBE label=holder pid=2079782 rc=OK stage="-" first_call_ms=27.5 chip_us=108.6 calls_ok=1/1 opens=1
PROBE label=overlap#26 pid=2079800 rc=OK stage="-" first_call_ms=29.7 chip_us=212.6 calls_ok=1/1 opens=1
PROBE label=holder pid=2079796 rc=OK stage="-" first_call_ms=29.3 chip_us=112.9 calls_ok=1/1 opens=1
PROBE label=overlap#27 pid=2079828 rc=OK stage="-" first_call_ms=29.5 chip_us=211.8 calls_ok=1/1 opens=1
PROBE label=holder pid=2079826 rc=OK stage="-" first_call_ms=27.8 chip_us=109.4 calls_ok=1/1 opens=1
PROBE label=overlap#28 pid=2079835 rc=OK stage="-" first_call_ms=29.4 chip_us=212.0 calls_ok=1/1 opens=1
PROBE label=holder pid=2079833 rc=OK stage="-" first_call_ms=27.6 chip_us=110.7 calls_ok=1/1 opens=1
PROBE label=overlap#29 pid=2079847 rc=OK stage="-" first_call_ms=29.9 chip_us=213.6 calls_ok=1/1 opens=1
PROBE label=holder pid=2079845 rc=OK stage="-" first_call_ms=27.1 chip_us=108.6 calls_ok=1/1 opens=1
PROBE label=overlap#30 pid=2079854 rc=OK stage="-" first_call_ms=29.8 chip_us=211.2 calls_ok=1/1 opens=1
PROBE label=holder pid=2079852 rc=OK stage="-" first_call_ms=27.3 chip_us=110.3 calls_ok=1/1 opens=1
overlap: failures 0 / 30
